3: eth1: <BROADCAST,MULTICAST,UP,LOWER_UP> mtu 1500 qdisc mq state UP group default qlen 1000
    link/ether 02:4e:2b:9e:22:5f brd ff:ff:ff:ff:ff:ff
    inet 10.136.1.2/24 scope global eth1
       valid_lft forever preferred_lft forever
    inet6 fe80::ffb1:9d4:3744:3d5d/64 scope link noprefixroute 
       valid_lft forever preferred_lft forever
default via 10.30.6.1 dev eth0 proto dhcp src 10.30.6.102 metric 100 
10.30.6.0/23 dev eth0 proto kernel scope link src 10.30.6.102 metric 100 
10.128.0.0/10 via 10.136.1.1 dev eth1 
10.136.1.0/24 dev eth1 proto kernel scope link src 10.136.1.2 
169.254.169.254 via 10.30.6.11 dev eth0 proto dhcp src 10.30.6.102 metric 100 
chmod: cannot access './fabric_node_tools/*.sh': No such file or directory
Rocky Linux 8 - AppStream                       135 kB/s |  11 MB     01:26    
Rocky Linux 8 - BaseOS                          146 kB/s | 9.0 MB     01:02    
Rocky Linux 8 - Extras                           33 kB/s |  12 kB     00:00    
Dependencies resolved.
================================================================================
 Package               Architecture    Version            Repository       Size
================================================================================
Installing:
 epel-release          noarch          8-17.el8           extras           24 k

Transaction Summary
================================================================================
Install  1 Package

Total download size: 24 k
Installed size: 34 k
Downloading Packages:
[MIRROR] epel-release-8-17.el8.noarch.rpm: Curl error (28): Timeout was reached for http://mirrors.rit.edu/rocky/8.6/extras/x86_64/os/Packages/e/epel-release-8-17.el8.noarch.rpm [Operation too slow. Less than 1000 bytes/sec transferred the last 30 seconds]
epel-release-8-17.el8.noarch.rpm                795  B/s |  24 kB     00:31    
--------------------------------------------------------------------------------
Total                                           791  B/s |  24 kB     00:31     
Rocky Linux 8 - Extras                          1.6 MB/s | 1.6 kB     00:00    
Importing GPG key 0x6D745A60:
 Userid     : "Release Engineering <infrastructure@rockylinux.org>"
 Fingerprint: 7051 C470 A929 F454 CEBE 37B7 15AF 5DAC 6D74 5A60
 From       : /etc/pki/rpm-gpg/RPM-GPG-KEY-rockyofficial
Key imported successfully
Running transaction check
Transaction check succeeded.
Running transaction test
Transaction test succeeded.
Running transaction
  Preparing        :                                                        1/1 
  Installing       : epel-release-8-17.el8.noarch                           1/1 
  Running scriptlet: epel-release-8-17.el8.noarch                           1/1 
Many EPEL packages require the CodeReady Builder (CRB) repository.
It is recommended that you run /usr/bin/crb enable to enable the CRB repository.

  Verifying        : epel-release-8-17.el8.noarch                           1/1 

Installed:
  epel-release-8-17.el8.noarch                                                  

Complete!
Enabling CRB repo
CRB repo is enabled and named: powertools
Rocky Linux 8 - PowerTools                      419 kB/s | 2.9 MB     00:07    
Extra Packages for Enterprise Linux 8 - x86_64  211 kB/s |  13 MB     01:03    
Extra Packages for Enterprise Linux Modular 8 -  77 kB/s | 733 kB     00:09    
Last metadata expiration check: 0:00:01 ago on Mon 14 Nov 2022 03:54:56 PM UTC.
Dependencies resolved.
================================================================================
 Package         Arch   Version                                 Repo       Size
================================================================================
Installing:
 httpd           x86_64 2.4.37-47.module+el8.6.0+985+b8ff6398.2 appstream 1.4 M
 iftop           x86_64 1.0-0.21.pre4.el8                       epel       59 k
 iperf3          x86_64 3.5-6.el8                               appstream  99 k
 iproute-tc      x86_64 5.15.0-4.el8_6.1                        baseos    463 k
 net-tools       x86_64 2.0-0.52.20160912git.el8                baseos    321 k
 pciutils        x86_64 3.7.0-1.el8                             baseos    104 k
 tcpdump         x86_64 14:4.9.3-3.el8                          appstream 452 k
 vim-enhanced    x86_64 2:8.0.1763-19.el8_6.4                   appstream 1.4 M
Upgrading:
 iproute         x86_64 5.15.0-4.el8_6.1                        baseos    797 k
Installing dependencies:
 apr             x86_64 1.6.3-12.el8                            appstream 128 k
 apr-util        x86_64 1.6.1-6.el8.1                           appstream 104 k
 gpm-libs        x86_64 1.20.7-17.el8                           appstream  38 k
 httpd-filesystem
                 noarch 2.4.37-47.module+el8.6.0+985+b8ff6398.2 appstream  40 k
 httpd-tools     x86_64 2.4.37-47.module+el8.6.0+985+b8ff6398.2 appstream 107 k
 iptables-libs   x86_64 1.8.4-22.el8                            baseos    106 k
 libibverbs      x86_64 37.2-1.el8                              baseos    384 k
 libpcap         x86_64 14:1.9.1-5.el8                          baseos    168 k
 lksctp-tools    x86_64 1.0.18-3.el8                            baseos     98 k
 mailcap         noarch 2.1.48-3.el8                            baseos     38 k
 mod_http2       x86_64 1.15.7-5.module+el8.6.0+823+f143cee1    appstream 153 k
 rocky-logos-httpd
                 noarch 86.2-1.el8                              baseos     24 k
 vim-common      x86_64 2:8.0.1763-19.el8_6.4                   appstream 6.3 M
 vim-filesystem  noarch 2:8.0.1763-19.el8_6.4                   appstream  49 k
Installing weak dependencies:
 apr-util-bdb    x86_64 1.6.1-6.el8.1                           appstream  23 k
 apr-util-openssl
                 x86_64 1.6.1-6.el8.1                           appstream  26 k
Enabling module streams:
 httpd                  2.4                                                    

Transaction Summary
================================================================================
Install  24 Packages
Upgrade   1 Package

Total download size: 13 M
Downloading Packages:
(1/25): apr-util-1.6.1-6.el8.1.x86_64.rpm       172 kB/s | 104 kB     00:00    
(2/25): apr-util-openssl-1.6.1-6.el8.1.x86_64.r 301 kB/s |  26 kB     00:00    
(3/25): apr-util-bdb-1.6.1-6.el8.1.x86_64.rpm    32 kB/s |  23 kB     00:00    
(4/25): apr-1.6.3-12.el8.x86_64.rpm             170 kB/s | 128 kB     00:00    
(5/25): gpm-libs-1.20.7-17.el8.x86_64.rpm       391 kB/s |  38 kB     00:00    
(6/25): httpd-filesystem-2.4.37-47.module+el8.6 355 kB/s |  40 kB     00:00    
(7/25): httpd-tools-2.4.37-47.module+el8.6.0+98 609 kB/s | 107 kB     00:00    
(8/25): iperf3-3.5-6.el8.x86_64.rpm             554 kB/s |  99 kB     00:00    
(9/25): mod_http2-1.15.7-5.module+el8.6.0+823+f 663 kB/s | 153 kB     00:00    
(10/25): tcpdump-4.9.3-3.el8.x86_64.rpm         1.0 MB/s | 452 kB     00:00    
(11/25): httpd-2.4.37-47.module+el8.6.0+985+b8f 1.8 MB/s | 1.4 MB     00:00    
(12/25): vim-filesystem-8.0.1763-19.el8_6.4.noa 741 kB/s |  49 kB     00:00    
(13/25): vim-enhanced-8.0.1763-19.el8_6.4.x86_6 5.6 MB/s | 1.4 MB     00:00    
(14/25): vim-common-8.0.1763-19.el8_6.4.x86_64. 9.3 MB/s | 6.3 MB     00:00    
[MIRROR] iproute-tc-5.15.0-4.el8_6.1.x86_64.rpm: Curl error (7): Couldn't connect to server for http://mirror.siena.edu/rocky/8.6/BaseOS/x86_64/os/Packages/i/iproute-tc-5.15.0-4.el8_6.1.x86_64.rpm [Failed to connect to mirror.siena.edu port 80: No route to host]
[MIRROR] iptables-libs-1.8.4-22.el8.x86_64.rpm: Curl error (7): Couldn't connect to server for http://mirror.siena.edu/rocky/8.6/BaseOS/x86_64/os/Packages/i/iptables-libs-1.8.4-22.el8.x86_64.rpm [Failed to connect to mirror.siena.edu port 80: No route to host]
[MIRROR] libibverbs-37.2-1.el8.x86_64.rpm: Curl error (7): Couldn't connect to server for http://mirror.siena.edu/rocky/8.6/BaseOS/x86_64/os/Packages/l/libibverbs-37.2-1.el8.x86_64.rpm [Failed to connect to mirror.siena.edu port 80: No route to host]
(15/25): iptables-libs-1.8.4-22.el8.x86_64.rpm   29 kB/s | 106 kB     00:03    
(16/25): libibverbs-37.2-1.el8.x86_64.rpm       108 kB/s | 384 kB     00:03    
(17/25): libpcap-1.9.1-5.el8.x86_64.rpm         1.6 MB/s | 168 kB     00:00    
(18/25): iproute-tc-5.15.0-4.el8_6.1.x86_64.rpm 118 kB/s | 463 kB     00:03    
(19/25): lksctp-tools-1.0.18-3.el8.x86_64.rpm   1.0 MB/s |  98 kB     00:00    
(20/25): mailcap-2.1.48-3.el8.noarch.rpm        792 kB/s |  38 kB     00:00    
(21/25): net-tools-2.0-0.52.20160912git.el8.x86 5.7 MB/s | 321 kB     00:00    
(22/25): pciutils-3.7.0-1.el8.x86_64.rpm        2.0 MB/s | 104 kB     00:00    
(23/25): rocky-logos-httpd-86.2-1.el8.noarch.rp 472 kB/s |  24 kB     00:00    
(24/25): iproute-5.15.0-4.el8_6.1.x86_64.rpm    7.2 MB/s | 797 kB     00:00    
[MIRROR] iftop-1.0-0.21.pre4.el8.x86_64.rpm: Curl error (7): Couldn't connect to server for http://mirror.math.princeton.edu/pub/epel/8/Everything/x86_64/Packages/i/iftop-1.0-0.21.pre4.el8.x86_64.rpm [Failed to connect to mirror.math.princeton.edu port 80: No route to host]
[MIRROR] iftop-1.0-0.21.pre4.el8.x86_64.rpm: Curl error (7): Couldn't connect to server for http://repo.ialab.dsu.edu/epel/8/Everything/x86_64/Packages/i/iftop-1.0-0.21.pre4.el8.x86_64.rpm [Failed to connect to repo.ialab.dsu.edu port 80: No route to host]
[MIRROR] iftop-1.0-0.21.pre4.el8.x86_64.rpm: Curl error (7): Couldn't connect to server for https://repo.ialab.dsu.edu/epel/8/Everything/x86_64/Packages/i/iftop-1.0-0.21.pre4.el8.x86_64.rpm [Failed to connect to repo.ialab.dsu.edu port 443: No route to host]
(25/25): iftop-1.0-0.21.pre4.el8.x86_64.rpm     6.6 kB/s |  59 kB     00:08    
--------------------------------------------------------------------------------
Total                                           885 kB/s |  13 MB     00:14     
Extra Packages for Enterprise Linux 8 - x86_64  1.6 MB/s | 1.6 kB     00:00    
Importing GPG key 0x2F86D6A1:
 Userid     : "Fedora EPEL (8) <epel@fedoraproject.org>"
 Fingerprint: 94E2 79EB 8D8F 25B2 1810 ADF1 21EA 45AB 2F86 D6A1
 From       : /etc/pki/rpm-gpg/RPM-GPG-KEY-EPEL-8
Key imported successfully
Running transaction check
Transaction check succeeded.
Running transaction test
Transaction test succeeded.
Running transaction
  Preparing        :                                                        1/1 
  Installing       : apr-1.6.3-12.el8.x86_64                               1/26 
  Running scriptlet: apr-1.6.3-12.el8.x86_64                               1/26 
  Installing       : apr-util-bdb-1.6.1-6.el8.1.x86_64                     2/26 
  Installing       : apr-util-openssl-1.6.1-6.el8.1.x86_64                 3/26 
  Installing       : apr-util-1.6.1-6.el8.1.x86_64                         4/26 
  Running scriptlet: apr-util-1.6.1-6.el8.1.x86_64                         4/26 
  Installing       : httpd-tools-2.4.37-47.module+el8.6.0+985+b8ff6398.    5/26 
  Upgrading        : iproute-5.15.0-4.el8_6.1.x86_64                       6/26 
  Installing       : rocky-logos-httpd-86.2-1.el8.noarch                   7/26 
  Installing       : mailcap-2.1.48-3.el8.noarch                           8/26 
  Installing       : lksctp-tools-1.0.18-3.el8.x86_64                      9/26 
  Running scriptlet: lksctp-tools-1.0.18-3.el8.x86_64                      9/26 
  Installing       : libibverbs-37.2-1.el8.x86_64                         10/26 
  Running scriptlet: libibverbs-37.2-1.el8.x86_64                         10/26 
  Installing       : libpcap-14:1.9.1-5.el8.x86_64                        11/26 
  Installing       : iptables-libs-1.8.4-22.el8.x86_64                    12/26 
  Installing       : vim-filesystem-2:8.0.1763-19.el8_6.4.noarch          13/26 
  Installing       : vim-common-2:8.0.1763-19.el8_6.4.x86_64              14/26 
  Running scriptlet: httpd-filesystem-2.4.37-47.module+el8.6.0+985+b8ff   15/26 
  Installing       : httpd-filesystem-2.4.37-47.module+el8.6.0+985+b8ff   15/26 
  Installing       : mod_http2-1.15.7-5.module+el8.6.0+823+f143cee1.x86   16/26 
  Installing       : httpd-2.4.37-47.module+el8.6.0+985+b8ff6398.2.x86_   17/26 
  Running scriptlet: httpd-2.4.37-47.module+el8.6.0+985+b8ff6398.2.x86_   17/26 
  Installing       : gpm-libs-1.20.7-17.el8.x86_64                        18/26 
  Running scriptlet: gpm-libs-1.20.7-17.el8.x86_64                        18/26 
  Installing       : vim-enhanced-2:8.0.1763-19.el8_6.4.x86_64            19/26 
  Installing       : iproute-tc-5.15.0-4.el8_6.1.x86_64                   20/26 
  Running scriptlet: tcpdump-14:4.9.3-3.el8.x86_64                        21/26 
  Installing       : tcpdump-14:4.9.3-3.el8.x86_64                        21/26 
  Installing       : iftop-1.0-0.21.pre4.el8.x86_64                       22/26 
  Installing       : iperf3-3.5-6.el8.x86_64                              23/26 
  Running scriptlet: iperf3-3.5-6.el8.x86_64                              23/26 
  Installing       : pciutils-3.7.0-1.el8.x86_64                          24/26 
  Installing       : net-tools-2.0-0.52.20160912git.el8.x86_64            25/26 
  Running scriptlet: net-tools-2.0-0.52.20160912git.el8.x86_64            25/26 
  Cleanup          : iproute-5.15.0-4.el8.x86_64                          26/26 
  Running scriptlet: httpd-2.4.37-47.module+el8.6.0+985+b8ff6398.2.x86_   26/26 
  Running scriptlet: iproute-5.15.0-4.el8.x86_64                          26/26 
  Running scriptlet: vim-common-2:8.0.1763-19.el8_6.4.x86_64              26/26 
  Verifying        : apr-1.6.3-12.el8.x86_64                               1/26 
  Verifying        : apr-util-1.6.1-6.el8.1.x86_64                         2/26 
  Verifying        : apr-util-bdb-1.6.1-6.el8.1.x86_64                     3/26 
  Verifying        : apr-util-openssl-1.6.1-6.el8.1.x86_64                 4/26 
  Verifying        : gpm-libs-1.20.7-17.el8.x86_64                         5/26 
  Verifying        : httpd-2.4.37-47.module+el8.6.0+985+b8ff6398.2.x86_    6/26 
  Verifying        : httpd-filesystem-2.4.37-47.module+el8.6.0+985+b8ff    7/26 
  Verifying        : httpd-tools-2.4.37-47.module+el8.6.0+985+b8ff6398.    8/26 
  Verifying        : iperf3-3.5-6.el8.x86_64                               9/26 
  Verifying        : mod_http2-1.15.7-5.module+el8.6.0+823+f143cee1.x86   10/26 
  Verifying        : tcpdump-14:4.9.3-3.el8.x86_64                        11/26 
  Verifying        : vim-common-2:8.0.1763-19.el8_6.4.x86_64              12/26 
  Verifying        : vim-enhanced-2:8.0.1763-19.el8_6.4.x86_64            13/26 
  Verifying        : vim-filesystem-2:8.0.1763-19.el8_6.4.noarch          14/26 
  Verifying        : iproute-tc-5.15.0-4.el8_6.1.x86_64                   15/26 
  Verifying        : iptables-libs-1.8.4-22.el8.x86_64                    16/26 
  Verifying        : libibverbs-37.2-1.el8.x86_64                         17/26 
  Verifying        : libpcap-14:1.9.1-5.el8.x86_64                        18/26 
  Verifying        : lksctp-tools-1.0.18-3.el8.x86_64                     19/26 
  Verifying        : mailcap-2.1.48-3.el8.noarch                          20/26 
  Verifying        : net-tools-2.0-0.52.20160912git.el8.x86_64            21/26 
  Verifying        : pciutils-3.7.0-1.el8.x86_64                          22/26 
  Verifying        : rocky-logos-httpd-86.2-1.el8.noarch                  23/26 
  Verifying        : iftop-1.0-0.21.pre4.el8.x86_64                       24/26 
  Verifying        : iproute-5.15.0-4.el8_6.1.x86_64                      25/26 
  Verifying        : iproute-5.15.0-4.el8.x86_64                          26/26 

Upgraded:
  iproute-5.15.0-4.el8_6.1.x86_64                                               
Installed:
  apr-1.6.3-12.el8.x86_64                                                       
  apr-util-1.6.1-6.el8.1.x86_64                                                 
  apr-util-bdb-1.6.1-6.el8.1.x86_64                                             
  apr-util-openssl-1.6.1-6.el8.1.x86_64                                         
  gpm-libs-1.20.7-17.el8.x86_64                                                 
  httpd-2.4.37-47.module+el8.6.0+985+b8ff6398.2.x86_64                          
  httpd-filesystem-2.4.37-47.module+el8.6.0+985+b8ff6398.2.noarch               
  httpd-tools-2.4.37-47.module+el8.6.0+985+b8ff6398.2.x86_64                    
  iftop-1.0-0.21.pre4.el8.x86_64                                                
  iperf3-3.5-6.el8.x86_64                                                       
  iproute-tc-5.15.0-4.el8_6.1.x86_64                                            
  iptables-libs-1.8.4-22.el8.x86_64                                             
  libibverbs-37.2-1.el8.x86_64                                                  
  libpcap-14:1.9.1-5.el8.x86_64                                                 
  lksctp-tools-1.0.18-3.el8.x86_64                                              
  mailcap-2.1.48-3.el8.noarch                                                   
  mod_http2-1.15.7-5.module+el8.6.0+823+f143cee1.x86_64                         
  net-tools-2.0-0.52.20160912git.el8.x86_64                                     
  pciutils-3.7.0-1.el8.x86_64                                                   
  rocky-logos-httpd-86.2-1.el8.noarch                                           
  tcpdump-14:4.9.3-3.el8.x86_64                                                 
  vim-common-2:8.0.1763-19.el8_6.4.x86_64                                       
  vim-enhanced-2:8.0.1763-19.el8_6.4.x86_64                                     
  vim-filesystem-2:8.0.1763-19.el8_6.4.noarch                                   

Complete!
sudo: ./fabric_node_tools/host_tune_redhat.sh: command not found
mke2fs 1.45.6 (20-Mar-2020)
Creating filesystem with 262144000 4k blocks and 65536000 inodes
Filesystem UUID: 6179c1ff-9f5c-4c06-b5d2-e7b27b7aa7c7
Superblock backups stored on blocks: 
	32768, 98304, 163840, 229376, 294912, 819200, 884736, 1605632, 2654208, 
	4096000, 7962624, 11239424, 20480000, 23887872, 71663616, 78675968, 
	102400000, 214990848

Allocating group tables:    0/8000         done                            
Writing inode tables:    0/8000         done                            
Creating journal (262144 blocks): done
Writing superblocks and filesystem accounting information:    0/8000         done

Last metadata expiration check: 0:13:51 ago on Mon 14 Nov 2022 03:54:56 PM UTC.
Package epel-release-8-17.el8.noarch is already installed.
Dependencies resolved.
================================================================================
 Package               Architecture    Version              Repository     Size
================================================================================
Upgrading:
 epel-release          noarch          8-18.el8             epel           24 k

Transaction Summary
================================================================================
Upgrade  1 Package

Total download size: 24 k
Downloading Packages:
epel-release-8-18.el8.noarch.rpm                 63 kB/s |  24 kB     00:00    
--------------------------------------------------------------------------------
Total                                            47 kB/s |  24 kB     00:00     
Running transaction check
Transaction check succeeded.
Running transaction test
Transaction test succeeded.
Running transaction
  Preparing        :                                                        1/1 
  Running scriptlet: epel-release-8-18.el8.noarch                           1/1 
  Upgrading        : epel-release-8-18.el8.noarch                           1/2 
  Running scriptlet: epel-release-8-18.el8.noarch                           1/2 
  Cleanup          : epel-release-8-17.el8.noarch                           2/2 
  Running scriptlet: epel-release-8-17.el8.noarch                           2/2 
  Verifying        : epel-release-8-18.el8.noarch                           1/2 
  Verifying        : epel-release-8-17.el8.noarch                           2/2 

Upgraded:
  epel-release-8-18.el8.noarch                                                  

Complete!
Enabling CRB repo
CRB repo is enabled and named: powertools
Waiting for process with pid 16024 to finish.
Rocky Linux 8 - PowerTools                       18 kB/s | 4.8 kB     00:00    
Package httpd-2.4.37-47.module+el8.6.0+985+b8ff6398.2.x86_64 is already installed.
Package iproute-tc-5.15.0-4.el8_6.1.x86_64 is already installed.
Package net-tools-2.0-0.52.20160912git.el8.x86_64 is already installed.
Package pciutils-3.7.0-1.el8.x86_64 is already installed.
Package tcpdump-14:4.9.3-3.el8.x86_64 is already installed.
Package iftop-1.0-0.21.pre4.el8.x86_64 is already installed.
Package iperf3-3.5-6.el8.x86_64 is already installed.
Package vim-enhanced-2:8.0.1763-19.el8_6.4.x86_64 is already installed.
Dependencies resolved.
Nothing to do.
Complete!
dev
* Applying /usr/lib/sysctl.d/10-default-yama-scope.conf ...
kernel.yama.ptrace_scope = 0
* Applying /usr/lib/sysctl.d/50-coredump.conf ...
kernel.core_pattern = |/usr/lib/systemd/systemd-coredump %P %u %g %s %t %c %h %e
kernel.core_pipe_limit = 16
* Applying /usr/lib/sysctl.d/50-default.conf ...
kernel.sysrq = 16
kernel.core_uses_pid = 1
kernel.kptr_restrict = 1
net.ipv4.conf.all.rp_filter = 1
net.ipv4.conf.all.accept_source_route = 0
net.ipv4.conf.all.promote_secondaries = 1
net.core.default_qdisc = fq_codel
fs.protected_hardlinks = 1
fs.protected_symlinks = 1
* Applying /usr/lib/sysctl.d/50-libkcapi-optmem_max.conf ...
net.core.optmem_max = 81920
* Applying /usr/lib/sysctl.d/50-pid-max.conf ...
kernel.pid_max = 4194304
* Applying /etc/sysctl.d/99-sysctl.conf ...
net.core.rmem_max = 536870912
net.core.wmem_max = 536870912
net.ipv4.tcp_rmem = 4096 87380 536870912
net.ipv4.tcp_wmem = 4096 65536 536870912
net.ipv4.tcp_congestion_control = bbr
net.ipv4.tcp_mtu_probing = 1
net.core.default_qdisc = fq
* Applying /etc/sysctl.conf ...
net.core.rmem_max = 536870912
net.core.wmem_max = 536870912
net.ipv4.tcp_rmem = 4096 87380 536870912
net.ipv4.tcp_wmem = 4096 65536 536870912
net.ipv4.tcp_congestion_control = bbr
net.ipv4.tcp_mtu_probing = 1
net.core.default_qdisc = fq
mkdir: cannot create directory ‘/mnt/fabric_storage’: File exists
mke2fs 1.45.6 (20-Mar-2020)
/dev/vdb is mounted; will not make a filesystem here!
mount: /mnt/fabric_storage: /dev/vdb already mounted on /mnt/fabric_storage.
  % Total    % Received % Xferd  Average Speed   Time    Time     Time  Current
                                 Dload  Upload   Total   Spent    Left  Speed
  0     0    0     0    0     0      0      0 --:--:-- --:--:-- --:--:--     0  2 1024M    2 25.7M    0     0  31.7M      0  0:00:32 --:--:--  0:00:32 31.7M  9 1024M    9 97.9M    0     0  53.4M      0  0:00:19  0:00:01  0:00:18 53.4M 16 1024M   16  169M    0     0  60.4M      0  0:00:16  0:00:02  0:00:14 60.4M 23 1024M   23  239M    0     0  62.5M      0  0:00:16  0:00:03  0:00:13 62.5M 30 1024M   30  313M    0     0  64.6M      0  0:00:15  0:00:04  0:00:11 64.6M 37 1024M   37  384M    0     0  66.0M      0  0:00:15  0:00:05  0:00:10 71.5M 44 1024M   44  455M    0     0  66.6M      0  0:00:15  0:00:06  0:00:09 71.4M 51 1024M   51  525M    0     0  67.2M      0  0:00:15  0:00:07  0:00:08 71.0M 58 1024M   58  596M    0     0  67.5M      0  0:00:15  0:00:08  0:00:07 71.4M 65 1024M   65  666M    0     0  67.9M      0  0:00:15  0:00:09  0:00:06 71.2M 72 1024M   72  738M    0     0  68.2M      0  0:00:15  0:00:10  0:00:05 70.8M 79 1024M   79  809M    0     0  68.3M      0  0:00:14  0:00:11  0:00:03 70.5M 85 1024M   85  878M    0     0  68.5M      0  0:00:14  0:00:12  0:00:02 70.6M 92 1024M   92  952M    0     0  68.8M      0  0:00:14  0:00:13  0:00:01 71.0M 99 1024M   99 1020M    0     0  68.9M      0  0:00:14  0:00:14 --:--:-- 70.6M100 1024M  100 1024M    0     0  68.9M      0  0:00:14  0:00:14 --:--:-- 70.7M
  % Total    % Received % Xferd  Average Speed   Time    Time     Time  Current
                                 Dload  Upload   Total   Spent    Left  Speed
  0     0    0     0    0     0      0      0 --:--:-- --:--:-- --:--:--     0  0 10.0G    0 35.8M    0     0  37.2M      0  0:04:34 --:--:--  0:04:34 37.2M  1 10.0G    1  105M    0     0  54.5M      0  0:03:07  0:00:01  0:03:06 54.5M  1 10.0G    1  179M    0     0  60.7M      0  0:02:48  0:00:02  0:02:46 60.7M  2 10.0G    2  249M    0     0  63.5M      0  0:02:41  0:00:03  0:02:38 63.5M  3 10.0G    3  319M    0     0  64.6M      0  0:02:38  0:00:04  0:02:34 64.6M  3 10.0G    3  391M    0     0  65.6M      0  0:02:36  0:00:05  0:02:31 71.0M  4 10.0G    4  456M    0     0  65.8M      0  0:02:35  0:00:06  0:02:29 70.1M  5 10.0G    5  528M    0     0  66.3M      0  0:02:34  0:00:07  0:02:27 69.6M  5 10.0G    5  598M    0     0  67.0M      0  0:02:32  0:00:08  0:02:24 69.7M  6 10.0G    6  672M    0     0  67.5M      0  0:02:31  0:00:09  0:02:22 70.4M  7 10.0G    7  742M    0     0  67.9M      0  0:02:30  0:00:10  0:02:20 70.7M  7 10.0G    7  814M    0     0  68.1M      0  0:02:30  0:00:11  0:02:19 71.4M  8 10.0G    8  888M    0     0  68.4M      0  0:02:29  0:00:12  0:02:17 71.7M  9 10.0G    9  959M    0     0  68.7M      0  0:02:28  0:00:13  0:02:15 71.8M 10 10.0G   10 1030M    0     0  68.8M      0  0:02:28  0:00:14  0:02:14 71.4M 10 10.0G   10 1102M    0     0  69.1M      0  0:02:28  0:00:15  0:02:13 71.7M 11 10.0G   11 1172M    0     0  69.1M      0  0:02:28  0:00:16  0:02:12 71.4M 12 10.0G   12 1241M    0     0  69.2M      0  0:02:27  0:00:17  0:02:10 71.1M 12 10.0G   12 1311M    0     0  69.1M      0  0:02:28  0:00:18  0:02:10 70.3M 13 10.0G   13 1379M    0     0  69.2M      0  0:02:27  0:00:19  0:02:08 70.3M 14 10.0G   14 1449M    0     0  69.1M      0  0:02:28  0:00:20  0:02:08 69.3M 14 10.0G   14 1521M    0     0  69.2M      0  0:02:27  0:00:21  0:02:06 69.5M 15 10.0G   15 1589M    0     0  69.2M      0  0:02:27  0:00:22  0:02:05 69.4M 16 10.0G   16 1661M    0     0  69.3M      0  0:02:27  0:00:23  0:02:04 69.8M 16 10.0G   16 1731M    0     0  69.4M      0  0:02:27  0:00:24  0:02:03 70.1M 17 10.0G   17 1802M    0     0  69.4M      0  0:02:27  0:00:25  0:02:02 70.3M 18 10.0G   18 1870M    0     0  69.4M      0  0:02:27  0:00:26  0:02:01 70.3M 18 10.0G   18 1942M    0     0  69.4M      0  0:02:27  0:00:27  0:02:00 70.5M 19 10.0G   19 2015M    0     0  69.5M      0  0:02:27  0:00:28  0:01:59 70.7M 20 10.0G   20 2085M    0     0  69.6M      0  0:02:27  0:00:29  0:01:58 70.8M 21 10.0G   21 2160M    0     0  69.7M      0  0:02:26  0:00:30  0:01:56 71.5M 21 10.0G   21 2228M    0     0  69.7M      0  0:02:26  0:00:31  0:01:55 71.5M 22 10.0G   22 2299M    0     0  69.7M      0  0:02:26  0:00:32  0:01:54 71.3M 23 10.0G   23 2370M    0     0  69.8M      0  0:02:26  0:00:33  0:01:53 71.5M 23 10.0G   23 2443M    0     0  69.8M      0  0:02:26  0:00:34  0:01:52 71.1M 24 10.0G   24 2509M    0     0  69.8M      0  0:02:26  0:00:35  0:01:51 70.1M 25 10.0G   25 2582M    0     0  69.8M      0  0:02:26  0:00:36  0:01:50 70.3M 25 10.0G   25 2651M    0     0  69.8M      0  0:02:26  0:00:37  0:01:49 70.7M 26 10.0G   26 2725M    0     0  69.9M      0  0:02:26  0:00:38  0:01:48 70.6M 27 10.0G   27 2797M    0     0  70.0M      0  0:02:26  0:00:39  0:01:47 71.3M 28 10.0G   28 2871M    0     0  70.1M      0  0:02:26  0:00:40  0:01:46 72.2M 28 10.0G   28 2940M    0     0  70.1M      0  0:02:26  0:00:41  0:01:45 72.3M 29 10.0G   29 3015M    0     0  70.1M      0  0:02:25  0:00:42  0:01:43 72.4M 30 10.0G   30 3086M    0     0  70.2M      0  0:02:25  0:00:43  0:01:42 72.6M 30 10.0G   30 3159M    0     0  70.2M      0  0:02:25  0:00:44  0:01:41 72.2M 31 10.0G   31 3233M    0     0  70.3M      0  0:02:25  0:00:45  0:01:40 72.1M 32 10.0G   32 3305M    0     0  70.4M      0  0:02:25  0:00:46  0:01:39 72.6M 33 10.0G   33 3380M    0     0  70.4M      0  0:02:25  0:00:47  0:01:38 72.9M 33 10.0G   33 3449M    0     0  70.4M      0  0:02:25  0:00:48  0:01:37 72.4M 34 10.0G   34 3526M    0     0  70.5M      0  0:02:25  0:00:49  0:01:36 73.0M 35 10.0G   35 3598M    0     0  70.6M      0  0:02:24  0:00:50  0:01:34 73.5M 35 10.0G   35 3673M    0     0  70.6M      0  0:02:24  0:00:51  0:01:33 73.3M 36 10.0G   36 3744M    0     0  70.7M      0  0:02:24  0:00:52  0:01:32 73.3M 37 10.0G   37 3820M    0     0  70.7M      0  0:02:24  0:00:53  0:01:31 73.8M 38 10.0G   38 3894M    0     0  70.8M      0  0:02:24  0:00:54  0:01:30 74.0M 38 10.0G   38 3971M    0     0  70.9M      0  0:02:24  0:00:55  0:01:29 74.3M 39 10.0G   39 4044M    0     0  71.0M      0  0:02:24  0:00:56  0:01:28 74.7M 40 10.0G   40 4119M    0     0  71.0M      0  0:02:24  0:00:57  0:01:27 74.7M 40 10.0G   40 4192M    0     0  71.1M      0  0:02:23  0:00:58  0:01:25 74.8M 41 10.0G   41 4265M    0     0  71.1M      0  0:02:23  0:00:59  0:01:24 74.0M 42 10.0G   42 4339M    0     0  71.2M      0  0:02:23  0:01:00  0:01:23 74.0M 43 10.0G   43 4415M    0     0  71.2M      0  0:02:23  0:01:01  0:01:22 73.8M 43 10.0G   43 4491M    0     0  71.3M      0  0:02:23  0:01:02  0:01:21 74.6M 44 10.0G   44 4562M    0     0  71.3M      0  0:02:23  0:01:03  0:01:20 73.8M 45 10.0G   45 4638M    0     0  71.3M      0  0:02:23  0:01:04  0:01:19 74.1M 45 10.0G   45 4710M    0     0  71.4M      0  0:02:23  0:01:05  0:01:18 73.8M 46 10.0G   46 4785M    0     0  71.4M      0  0:02:23  0:01:06  0:01:17 73.7M 47 10.0G   47 4857M    0     0  71.5M      0  0:02:23  0:01:07  0:01:16 73.1M 48 10.0G   48 4932M    0     0  71.5M      0  0:02:23  0:01:08  0:01:15 73.8M 48 10.0G   48 5004M    0     0  71.5M      0  0:02:23  0:01:09  0:01:14 73.9M 49 10.0G   49 5081M    0     0  71.6M      0  0:02:22  0:01:10  0:01:12 74.1M 50 10.0G   50 5156M    0     0  71.6M      0  0:02:22  0:01:11  0:01:11 74.7M 51 10.0G   51 5230M    0     0  71.6M      0  0:02:22  0:01:12  0:01:10 74.3M 51 10.0G   51 5307M    0     0  71.7M      0  0:02:22  0:01:13  0:01:09 74.7M 52 10.0G   52 5377M    0     0  71.7M      0  0:02:22  0:01:14  0:01:08 74.3M 53 10.0G   53 5449M    0     0  71.7M      0  0:02:22  0:01:15  0:01:07 73.4M 53 10.0G   53 5519M    0     0  71.7M      0  0:02:22  0:01:16  0:01:06 72.4M 54 10.0G   54 5595M    0     0  71.7M      0  0:02:22  0:01:17  0:01:05 72.9M 55 10.0G   55 5665M    0     0  71.7M      0  0:02:22  0:01:18  0:01:04 72.0M 56 10.0G   56 5741M    0     0  71.8M      0  0:02:22  0:01:19  0:01:03 72.6M 56 10.0G   56 5815M    0     0  71.8M      0  0:02:22  0:01:20  0:01:02 73.7M 57 10.0G   57 5890M    0     0  71.8M      0  0:02:22  0:01:21  0:01:01 74.1M 58 10.0G   58 5968M    0     0  71.9M      0  0:02:22  0:01:22  0:01:00 74.3M 58 10.0G   58 6040M    0     0  71.9M      0  0:02:22  0:01:23  0:00:59 74.9M 59 10.0G   59 6117M    0     0  71.9M      0  0:02:22  0:01:24  0:00:58 74.8M 60 10.0G   60 6186M    0     0  71.9M      0  0:02:22  0:01:25  0:00:57 74.0M 61 10.0G   61 6259M    0     0  71.9M      0  0:02:22  0:01:26  0:00:56 73.5M 61 10.0G   61 6331M    0     0  72.0M      0  0:02:22  0:01:27  0:00:55 73.1M 62 10.0G   62 6408M    0     0  72.0M      0  0:02:22  0:01:28  0:00:54 73.4M 63 10.0G   63 6481M    0     0  72.0M      0  0:02:22  0:01:29  0:00:53 73.4M 64 10.0G   64 6556M    0     0  72.0M      0  0:02:22  0:01:30  0:00:52 73.7M 64 10.0G   64 6632M    0     0  72.1M      0  0:02:21  0:01:31  0:00:50 74.9M 65 10.0G   65 6705M    0     0  72.1M      0  0:02:21  0:01:32  0:00:49 74.6M 66 10.0G   66 6781M    0     0  72.1M      0  0:02:21  0:01:33  0:00:48 74.4M 66 10.0G   66 6855M    0     0  72.2M      0  0:02:21  0:01:34  0:00:47 74.6M 67 10.0G   67 6928M    0     0  72.1M      0  0:02:21  0:01:35  0:00:46 74.1M 68 10.0G   68 7001M    0     0  72.2M      0  0:02:21  0:01:36  0:00:45 73.8M 69 10.0G   69 7078M    0     0  72.2M      0  0:02:21  0:01:37  0:00:44 74.4M 69 10.0G   69 7151M    0     0  72.2M      0  0:02:21  0:01:38  0:00:43 74.5M 70 10.0G   70 7226M    0     0  72.2M      0  0:02:21  0:01:39  0:00:42 73.9M 71 10.0G   71 7299M    0     0  72.3M      0  0:02:21  0:01:40  0:00:41 74.7M 72 10.0G   72 7374M    0     0  72.3M      0  0:02:21  0:01:41  0:00:40 74.3M 72 10.0G   72 7446M    0     0  72.3M      0  0:02:21  0:01:42  0:00:39 74.0M 73 10.0G   73 7522M    0     0  72.3M      0  0:02:21  0:01:43  0:00:38 73.9M 74 10.0G   74 7597M    0     0  72.4M      0  0:02:21  0:01:44  0:00:37 74.7M 74 10.0G   74 7673M    0     0  72.4M      0  0:02:21  0:01:45  0:00:36 74.5M 75 10.0G   75 7748M    0     0  72.4M      0  0:02:21  0:01:46  0:00:35 75.0M 76 10.0G   76 7818M    0     0  72.4M      0  0:02:21  0:01:47  0:00:34 74.0M 77 10.0G   77 7896M    0     0  72.4M      0  0:02:21  0:01:48  0:00:33 74.4M 77 10.0G   77 7969M    0     0  72.4M      0  0:02:21  0:01:49  0:00:32 74.0M 78 10.0G   78 8045M    0     0  72.5M      0  0:02:21  0:01:50  0:00:31 74.2M 79 10.0G   79 8116M    0     0  72.5M      0  0:02:21  0:01:51  0:00:30 73.4M 79 10.0G   79 8190M    0     0  72.5M      0  0:02:21  0:01:52  0:00:29 74.1M 80 10.0G   80 8261M    0     0  72.5M      0  0:02:21  0:01:53  0:00:28 73.5M 81 10.0G   81 8337M    0     0  72.5M      0  0:02:21  0:01:54  0:00:27 73.3M 82 10.0G   82 8411M    0     0  72.5M      0  0:02:21  0:01:55  0:00:26 73.6M 82 10.0G   82 8486M    0     0  72.5M      0  0:02:21  0:01:56  0:00:25 73.7M 83 10.0G   83 8557M    0     0  72.5M      0  0:02:21  0:01:57  0:00:24 73.9M 84 10.0G   84 8632M    0     0  72.5M      0  0:02:21  0:01:58  0:00:23 74.0M 85 10.0G   85 8706M    0     0  72.5M      0  0:02:21  0:01:59  0:00:22 73.8M 85 10.0G   85 8780M    0     0  72.5M      0  0:02:21  0:02:00  0:00:21 73.6M 86 10.0G   86 8856M    0     0  72.6M      0  0:02:21  0:02:01  0:00:20 74.0M 87 10.0G   87 8929M    0     0  72.6M      0  0:02:20  0:02:02  0:00:18 74.3M 87 10.0G   87 9006M    0     0  72.6M      0  0:02:20  0:02:03  0:00:17 74.5M 88 10.0G   88 9080M    0     0  72.6M      0  0:02:20  0:02:04  0:00:16 75.1M 89 10.0G   89 9156M    0     0  72.6M      0  0:02:20  0:02:05  0:00:15 75.0M 90 10.0G   90 9228M    0     0  72.7M      0  0:02:20  0:02:06  0:00:14 74.8M 90 10.0G   90 9304M    0     0  72.7M      0  0:02:20  0:02:07  0:00:13 74.7M 91 10.0G   91 9377M    0     0  72.7M      0  0:02:20  0:02:08  0:00:12 74.7M 92 10.0G   92 9452M    0     0  72.7M      0  0:02:20  0:02:09  0:00:11 74.2M 93 10.0G   93 9526M    0     0  72.7M      0  0:02:20  0:02:10  0:00:10 74.4M 93 10.0G   93 9600M    0     0  72.7M      0  0:02:20  0:02:11  0:00:09 74.0M 94 10.0G   94 9677M    0     0  72.7M      0  0:02:20  0:02:12  0:00:08 74.2M 95 10.0G   95 9749M    0     0  72.7M      0  0:02:20  0:02:13  0:00:07 74.0M 95 10.0G   95 9827M    0     0  72.8M      0  0:02:20  0:02:14  0:00:06 74.7M 96 10.0G   96 9899M    0     0  72.8M      0  0:02:20  0:02:15  0:00:05 74.3M 97 10.0G   97 9976M    0     0  72.8M      0  0:02:20  0:02:16  0:00:04 74.9M 98 10.0G   98  9.8G    0     0  72.8M      0  0:02:20  0:02:17  0:00:03 75.1M 98 10.0G   98  9.8G    0     0  72.8M      0  0:02:20  0:02:18  0:00:02 75.2M 99 10.0G   99  9.9G    0     0  72.8M      0  0:02:20  0:02:19  0:00:01 74.6M100 10.0G  100 10.0G    0     0  72.8M      0  0:02:20  0:02:20 --:--:-- 74.7M
  % Total    % Received % Xferd  Average Speed   Time    Time     Time  Current
                                 Dload  Upload   Total   Spent    Left  Speed
  0     0    0     0    0     0      0      0 --:--:-- --:--:-- --:--:--     0  0 20.0G    0 28.6M    0     0  33.3M      0  0:10:14 --:--:--  0:10:14 33.2M  0 20.0G    0  101M    0     0  55.3M      0  0:06:10  0:00:01  0:06:09 55.2M  0 20.0G    0  179M    0     0  62.6M      0  0:05:26  0:00:02  0:05:24 62.6M  1 20.0G    1  249M    0     0  65.0M      0  0:05:14  0:00:03  0:05:11 65.0M  1 20.0G    1  326M    0     0  67.1M      0  0:05:05  0:00:04  0:05:01 67.0M  1 20.0G    1  395M    0     0  67.8M      0  0:05:01  0:00:05  0:04:56 73.7M  2 20.0G    2  473M    0     0  69.0M      0  0:04:56  0:00:06  0:04:50 74.0M  2 20.0G    2  543M    0     0  69.4M      0  0:04:55  0:00:07  0:04:48 73.3M  3 20.0G    3  618M    0     0  69.8M      0  0:04:53  0:00:08  0:04:45 73.5M  3 20.0G    3  689M    0     0  69.7M      0  0:04:53  0:00:09  0:04:44 72.4M  3 20.0G    3  758M    0     0  69.9M      0  0:04:52  0:00:10  0:04:42 72.4M  4 20.0G    4  834M    0     0  70.2M      0  0:04:51  0:00:11  0:04:40 71.9M  4 20.0G    4  903M    0     0  70.3M      0  0:04:51  0:00:12  0:04:39 71.8M  4 20.0G    4  978M    0     0  70.5M      0  0:04:50  0:00:13  0:04:37 71.9M  5 20.0G    5 1047M    0     0  70.5M      0  0:04:50  0:00:14  0:04:36 72.1M  5 20.0G    5 1122M    0     0  70.7M      0  0:04:49  0:00:15  0:04:34 72.4M  5 20.0G    5 1191M    0     0  70.7M      0  0:04:49  0:00:16  0:04:33 71.8M  6 20.0G    6 1268M    0     0  71.0M      0  0:04:48  0:00:17  0:04:31 72.7M  6 20.0G    6 1342M    0     0  71.2M      0  0:04:47  0:00:18  0:04:29 73.1M  6 20.0G    6 1416M    0     0  71.3M      0  0:04:47  0:00:19  0:04:28 73.4M  7 20.0G    7 1488M    0     0  71.4M      0  0:04:46  0:00:20  0:04:26 73.5M  7 20.0G    7 1563M    0     0  71.5M      0  0:04:46  0:00:21  0:04:25 74.1M  7 20.0G    7 1635M    0     0  71.6M      0  0:04:45  0:00:22  0:04:23 73.7M  8 20.0G    8 1711M    0     0  71.7M      0  0:04:45  0:00:23  0:04:22 73.5M  8 20.0G    8 1782M    0     0  71.7M      0  0:04:45  0:00:24  0:04:21 73.6M  9 20.0G    9 1857M    0     0  71.8M      0  0:04:44  0:00:25  0:04:19 73.6M  9 20.0G    9 1929M    0     0  71.9M      0  0:04:44  0:00:26  0:04:18 73.7M  9 20.0G    9 2003M    0     0  71.9M      0  0:04:44  0:00:27  0:04:17 73.3M 10 20.0G   10 2074M    0     0  71.9M      0  0:04:44  0:00:28  0:04:16 72.8M 10 20.0G   10 2135M    0     0  71.5M      0  0:04:46  0:00:29  0:04:17 70.3M 10 20.0G   10 2197M    0     0  71.1M      0  0:04:47  0:00:30  0:04:17 67.6M 11 20.0G   11 2264M    0     0  71.1M      0  0:04:47  0:00:31  0:04:16 66.9M 11 20.0G   11 2335M    0     0  71.1M      0  0:04:47  0:00:32  0:04:15 66.5M 11 20.0G   11 2405M    0     0  71.0M      0  0:04:48  0:00:33  0:04:15 65.8M 12 20.0G   12 2475M    0     0  71.0M      0  0:04:48  0:00:34  0:04:14 68.1M 12 20.0G   12 2540M    0     0  70.9M      0  0:04:48  0:00:35  0:04:13 69.2M 12 20.0G   12 2601M    0     0  70.5M      0  0:04:50  0:00:36  0:04:14 66.9M 12 20.0G   12 2658M    0     0  70.2M      0  0:04:51  0:00:37  0:04:14 64.3M 13 20.0G   13 2728M    0     0  70.2M      0  0:04:51  0:00:38  0:04:13 64.9M 13 20.0G   13 2780M    0     0  69.8M      0  0:04:53  0:00:39  0:04:14 61.1M 13 20.0G   13 2841M    0     0  69.5M      0  0:04:54  0:00:40  0:04:14 59.8M 14 20.0G   14 2906M    0     0  69.4M      0  0:04:54  0:00:41  0:04:13 61.2M 14 20.0G   14 2965M    0     0  69.2M      0  0:04:55  0:00:42  0:04:13 61.5M 14 20.0G   14 3031M    0     0  69.1M      0  0:04:56  0:00:43  0:04:13 60.6M 15 20.0G   15 3100M    0     0  69.1M      0  0:04:56  0:00:44  0:04:12 63.8M 15 20.0G   15 3166M    0     0  69.0M      0  0:04:56  0:00:45  0:04:11 65.0M 15 20.0G   15 3230M    0     0  68.9M      0  0:04:56  0:00:46  0:04:10 64.9M 16 20.0G   16 3294M    0     0  68.8M      0  0:04:57  0:00:47  0:04:10 65.9M 16 20.0G   16 3354M    0     0  68.6M      0  0:04:58  0:00:48  0:04:10 64.4M 16 20.0G   16 3414M    0     0  68.5M      0  0:04:58  0:00:49  0:04:09 62.9M 16 20.0G   16 3477M    0     0  68.4M      0  0:04:59  0:00:50  0:04:09 62.4M 17 20.0G   17 3541M    0     0  68.2M      0  0:04:59  0:00:51  0:04:08 61.7M 17 20.0G   17 3599M    0     0  68.1M      0  0:05:00  0:00:52  0:04:08 60.8M 17 20.0G   17 3655M    0     0  67.9M      0  0:05:01  0:00:53  0:04:08 60.2M 18 20.0G   18 3715M    0     0  67.7M      0  0:05:02  0:00:54  0:04:08 60.2M 18 20.0G   18 3775M    0     0  67.6M      0  0:05:02  0:00:55  0:04:07 59.5M 18 20.0G   18 3852M    0     0  67.7M      0  0:05:02  0:00:56  0:04:06 62.3M 19 20.0G   19 3925M    0     0  67.8M      0  0:05:01  0:00:57  0:04:04 65.1M 19 20.0G   19 4002M    0     0  68.0M      0  0:05:01  0:00:58  0:04:03 69.3M 19 20.0G   19 4078M    0     0  68.1M      0  0:05:00  0:00:59  0:04:01 72.1M 20 20.0G   20 4152M    0     0  68.2M      0  0:05:00  0:01:00  0:04:00 75.3M 20 20.0G   20 4229M    0     0  68.3M      0  0:04:59  0:01:01  0:03:58 75.2M 21 20.0G   21 4303M    0     0  68.4M      0  0:04:59  0:01:02  0:03:57 75.5M 21 20.0G   21 4380M    0     0  68.5M      0  0:04:58  0:01:03  0:03:55 75.2M 21 20.0G   21 4453M    0     0  68.6M      0  0:04:58  0:01:04  0:03:54 74.9M 22 20.0G   22 4528M    0     0  68.7M      0  0:04:57  0:01:05  0:03:52 75.2M 22 20.0G   22 4605M    0     0  68.8M      0  0:04:57  0:01:06  0:03:51 75.1M 22 20.0G   22 4680M    0     0  68.9M      0  0:04:56  0:01:07  0:03:49 75.3M 23 20.0G   23 4756M    0     0  69.1M      0  0:04:56  0:01:08  0:03:48 75.7M 23 20.0G   23 4828M    0     0  69.1M      0  0:04:56  0:01:09  0:03:47 75.2M 23 20.0G   23 4904M    0     0  69.2M      0  0:04:55  0:01:10  0:03:45 75.1M 24 20.0G   24 4977M    0     0  69.2M      0  0:04:55  0:01:11  0:03:44 74.9M 24 20.0G   24 5052M    0     0  69.3M      0  0:04:55  0:01:12  0:03:43 74.6M 25 20.0G   25 5128M    0     0  69.4M      0  0:04:54  0:01:13  0:03:41 74.3M 25 20.0G   25 5200M    0     0  69.4M      0  0:04:54  0:01:14  0:03:40 74.3M 25 20.0G   25 5277M    0     0  69.5M      0  0:04:54  0:01:15  0:03:39 74.0M 26 20.0G   26 5351M    0     0  69.6M      0  0:04:54  0:01:16  0:03:38 74.7M 26 20.0G   26 5428M    0     0  69.7M      0  0:04:53  0:01:17  0:03:36 74.9M 26 20.0G   26 5502M    0     0  69.8M      0  0:04:53  0:01:18  0:03:35 74.8M 27 20.0G   27 5578M    0     0  69.8M      0  0:04:53  0:01:19  0:03:34 75.7M 27 20.0G   27 5655M    0     0  69.9M      0  0:04:52  0:01:20  0:03:32 76.0M 27 20.0G   27 5730M    0     0  70.0M      0  0:04:52  0:01:21  0:03:31 75.7M 28 20.0G   28 5806M    0     0  70.0M      0  0:04:52  0:01:22  0:03:30 75.6M 28 20.0G   28 5882M    0     0  70.1M      0  0:04:51  0:01:23  0:03:28 75.8M 29 20.0G   29 5959M    0     0  70.2M      0  0:04:51  0:01:24  0:03:27 75.8M 29 20.0G   29 6036M    0     0  70.3M      0  0:04:51  0:01:25  0:03:26 76.0M 29 20.0G   29 6109M    0     0  70.3M      0  0:04:51  0:01:26  0:03:25 75.7M 30 20.0G   30 6182M    0     0  70.3M      0  0:04:50  0:01:27  0:03:23 75.2M 30 20.0G   30 6261M    0     0  70.4M      0  0:04:50  0:01:28  0:03:22 75.3M 30 20.0G   30 6332M    0     0  70.4M      0  0:04:50  0:01:29  0:03:21 74.8M 31 20.0G   31 6409M    0     0  70.5M      0  0:04:50  0:01:30  0:03:20 74.8M 31 20.0G   31 6485M    0     0  70.6M      0  0:04:50  0:01:31  0:03:19 75.1M 32 20.0G   32 6561M    0     0  70.6M      0  0:04:49  0:01:32  0:03:17 75.8M 32 20.0G   32 6635M    0     0  70.6M      0  0:04:49  0:01:33  0:03:16 75.0M 32 20.0G   32 6707M    0     0  70.7M      0  0:04:49  0:01:34  0:03:15 75.1M 33 20.0G   33 6781M    0     0  70.7M      0  0:04:49  0:01:35  0:03:14 74.1M 33 20.0G   33 6854M    0     0  70.7M      0  0:04:49  0:01:36  0:03:13 74.0M 33 20.0G   33 6930M    0     0  70.8M      0  0:04:49  0:01:37  0:03:12 73.6M 34 20.0G   34 7004M    0     0  70.8M      0  0:04:48  0:01:38  0:03:10 74.0M 34 20.0G   34 7079M    0     0  70.9M      0  0:04:48  0:01:39  0:03:09 74.1M 34 20.0G   34 7143M    0     0  70.8M      0  0:04:49  0:01:40  0:03:09 72.6M 35 20.0G   35 7219M    0     0  70.8M      0  0:04:48  0:01:41  0:03:07 72.6M 35 20.0G   35 7292M    0     0  70.9M      0  0:04:48  0:01:42  0:03:06 72.5M 35 20.0G   35 7369M    0     0  70.9M      0  0:04:48  0:01:43  0:03:05 72.6M 36 20.0G   36 7443M    0     0  70.9M      0  0:04:48  0:01:44  0:03:04 72.5M 36 20.0G   36 7517M    0     0  70.9M      0  0:04:48  0:01:45  0:03:03 74.1M 37 20.0G   37 7591M    0     0  71.0M      0  0:04:48  0:01:46  0:03:02 74.4M 37 20.0G   37 7665M    0     0  71.0M      0  0:04:48  0:01:47  0:03:01 74.1M 37 20.0G   37 7739M    0     0  71.1M      0  0:04:48  0:01:48  0:03:00 74.2M 38 20.0G   38 7815M    0     0  71.1M      0  0:04:47  0:01:49  0:02:58 74.7M 38 20.0G   38 7891M    0     0  71.1M      0  0:04:47  0:01:50  0:02:57 75.2M 38 20.0G   38 7966M    0     0  71.2M      0  0:04:47  0:01:51  0:02:56 75.0M 39 20.0G   39 8040M    0     0  71.2M      0  0:04:47  0:01:52  0:02:55 75.4M 39 20.0G   39 8115M    0     0  71.2M      0  0:04:47  0:01:53  0:02:54 75.0M 39 20.0G   39 8189M    0     0  71.3M      0  0:04:47  0:01:54  0:02:53 74.8M 40 20.0G   40 8266M    0     0  71.3M      0  0:04:47  0:01:55  0:02:52 74.9M 40 20.0G   40 8339M    0     0  71.3M      0  0:04:46  0:01:56  0:02:50 74.7M 41 20.0G   41 8415M    0     0  71.4M      0  0:04:46  0:01:57  0:02:49 74.6M 41 20.0G   41 8489M    0     0  71.4M      0  0:04:46  0:01:58  0:02:48 75.0M 41 20.0G   41 8561M    0     0  71.4M      0  0:04:46  0:01:59  0:02:47 74.3M 42 20.0G   42 8612M    0     0  71.2M      0  0:04:47  0:02:00  0:02:47 69.3M 42 20.0G   42 8671M    0     0  71.1M      0  0:04:47  0:02:01  0:02:46 66.4M 42 20.0G   42 8739M    0     0  71.1M      0  0:04:47  0:02:02  0:02:45 64.8M 43 20.0G   43 8807M    0     0  71.1M      0  0:04:47  0:02:03  0:02:44 63.6M 43 20.0G   43 8868M    0     0  71.0M      0  0:04:48  0:02:04  0:02:44 61.2M 43 20.0G   43 8940M    0     0  71.0M      0  0:04:48  0:02:05  0:02:43 65.4M 43 20.0G   43 9004M    0     0  70.9M      0  0:04:48  0:02:06  0:02:42 66.0M 44 20.0G   44 9068M    0     0  70.9M      0  0:04:48  0:02:07  0:02:41 66.0M 44 20.0G   44 9137M    0     0  70.9M      0  0:04:48  0:02:08  0:02:40 65.9M 44 20.0G   44 9206M    0     0  70.9M      0  0:04:48  0:02:09  0:02:39 67.9M 45 20.0G   45 9282M    0     0  70.9M      0  0:04:48  0:02:10  0:02:38 68.3M 45 20.0G   45 9354M    0     0  70.9M      0  0:04:48  0:02:11  0:02:37 70.7M 46 20.0G   46 9431M    0     0  70.9M      0  0:04:48  0:02:12  0:02:36 72.1M 46 20.0G   46 9505M    0     0  71.0M      0  0:04:48  0:02:13  0:02:35 73.6M 46 20.0G   46 9578M    0     0  71.0M      0  0:04:48  0:02:14  0:02:34 74.0M 47 20.0G   47 9650M    0     0  71.0M      0  0:04:48  0:02:15  0:02:33 74.0M 47 20.0G   47 9727M    0     0  71.0M      0  0:04:48  0:02:16  0:02:32 74.0M 47 20.0G   47 9801M    0     0  71.1M      0  0:04:48  0:02:17  0:02:31 74.1M 48 20.0G   48 9875M    0     0  71.1M      0  0:04:47  0:02:18  0:02:29 74.1M 48 20.0G   48 9953M    0     0  71.1M      0  0:04:47  0:02:19  0:02:28 74.7M 48 20.0G   48  9.7G    0     0  71.1M      0  0:04:47  0:02:20  0:02:27 74.8M 49 20.0G   49  9.8G    0     0  71.2M      0  0:04:47  0:02:21  0:02:26 75.3M 49 20.0G   49  9.9G    0     0  71.2M      0  0:04:47  0:02:22  0:02:25 75.0M 50 20.0G   50 10.0G    0     0  71.2M      0  0:04:47  0:02:23  0:02:24 75.2M 50 20.0G   50 10.0G    0     0  71.3M      0  0:04:47  0:02:24  0:02:23 75.2M 50 20.0G   50 10.1G    0     0  71.3M      0  0:04:47  0:02:25  0:02:22 75.3M 51 20.0G   51 10.2G    0     0  71.3M      0  0:04:47  0:02:26  0:02:21 74.4M 51 20.0G   51 10.3G    0     0  71.3M      0  0:04:46  0:02:27  0:02:19 74.8M 51 20.0G   51 10.3G    0     0  71.3M      0  0:04:46  0:02:28  0:02:18 74.7M 52 20.0G   52 10.4G    0     0  71.4M      0  0:04:46  0:02:29  0:02:17 74.5M 52 20.0G   52 10.5G    0     0  71.4M      0  0:04:46  0:02:30  0:02:16 74.6M 52 20.0G   52 10.5G    0     0  71.4M      0  0:04:46  0:02:31  0:02:15 75.3M 53 20.0G   53 10.6G    0     0  71.4M      0  0:04:46  0:02:32  0:02:14 75.0M 53 20.0G   53 10.7G    0     0  71.5M      0  0:04:46  0:02:33  0:02:13 75.2M 54 20.0G   54 10.8G    0     0  71.5M      0  0:04:46  0:02:34  0:02:12 76.2M 54 20.0G   54 10.8G    0     0  71.5M      0  0:04:46  0:02:35  0:02:11 75.7M 54 20.0G   54 10.9G    0     0  71.6M      0  0:04:46  0:02:36  0:02:10 75.7M 55 20.0G   55 11.0G    0     0  71.6M      0  0:04:45  0:02:37  0:02:08 75.5M 55 20.0G   55 11.1G    0     0  71.6M      0  0:04:45  0:02:38  0:02:07 75.3M 55 20.0G   55 11.1G    0     0  71.6M      0  0:04:45  0:02:39  0:02:06 74.7M 56 20.0G   56 11.2G    0     0  71.6M      0  0:04:45  0:02:40  0:02:05 74.9M 56 20.0G   56 11.3G    0     0  71.7M      0  0:04:45  0:02:41  0:02:04 74.8M 57 20.0G   57 11.4G    0     0  71.7M      0  0:04:45  0:02:42  0:02:03 75.9M 57 20.0G   57 11.4G    0     0  71.7M      0  0:04:45  0:02:43  0:02:02 75.4M 57 20.0G   57 11.5G    0     0  71.7M      0  0:04:45  0:02:44  0:02:01 75.3M 58 20.0G   58 11.6G    0     0  71.7M      0  0:04:45  0:02:45  0:02:00 75.5M 58 20.0G   58 11.7G    0     0  71.8M      0  0:04:45  0:02:46  0:01:59 75.6M 58 20.0G   58 11.7G    0     0  71.8M      0  0:04:45  0:02:47  0:01:58 74.4M 59 20.0G   59 11.8G    0     0  71.8M      0  0:04:45  0:02:48  0:01:57 75.0M 59 20.0G   59 11.9G    0     0  71.8M      0  0:04:44  0:02:49  0:01:55 75.0M 59 20.0G   59 11.9G    0     0  71.8M      0  0:04:44  0:02:50  0:01:54 75.2M 60 20.0G   60 12.0G    0     0  71.9M      0  0:04:44  0:02:51  0:01:53 75.2M 60 20.0G   60 12.1G    0     0  71.9M      0  0:04:44  0:02:52  0:01:52 75.8M 61 20.0G   61 12.2G    0     0  71.9M      0  0:04:44  0:02:53  0:01:51 76.0M 61 20.0G   61 12.2G    0     0  71.9M      0  0:04:44  0:02:54  0:01:50 75.7M 61 20.0G   61 12.3G    0     0  71.9M      0  0:04:44  0:02:55  0:01:49 75.4M 62 20.0G   62 12.4G    0     0  72.0M      0  0:04:44  0:02:56  0:01:48 74.9M 62 20.0G   62 12.5G    0     0  72.0M      0  0:04:44  0:02:57  0:01:47 74.8M 62 20.0G   62 12.5G    0     0  72.0M      0  0:04:44  0:02:58  0:01:46 74.4M 63 20.0G   63 12.6G    0     0  72.0M      0  0:04:44  0:02:59  0:01:45 74.7M 63 20.0G   63 12.7G    0     0  72.0M      0  0:04:44  0:03:00  0:01:44 73.8M 63 20.0G   63 12.7G    0     0  72.0M      0  0:04:44  0:03:01  0:01:43 73.9M 64 20.0G   64 12.8G    0     0  72.0M      0  0:04:44  0:03:02  0:01:42 74.3M 64 20.0G   64 12.9G    0     0  72.1M      0  0:04:44  0:03:03  0:01:41 74.2M 65 20.0G   65 13.0G    0     0  72.1M      0  0:04:43  0:03:04  0:01:39 74.2M 65 20.0G   65 13.0G    0     0  72.1M      0  0:04:43  0:03:05  0:01:38 74.7M 65 20.0G   65 13.1G    0     0  72.1M      0  0:04:43  0:03:06  0:01:37 74.8M 66 20.0G   66 13.2G    0     0  72.1M      0  0:04:43  0:03:07  0:01:36 74.1M 66 20.0G   66 13.3G    0     0  72.1M      0  0:04:43  0:03:08  0:01:35 74.7M 66 20.0G   66 13.3G    0     0  72.1M      0  0:04:43  0:03:09  0:01:34 74.2M 67 20.0G   67 13.4G    0     0  72.1M      0  0:04:43  0:03:10  0:01:33 74.6M 67 20.0G   67 13.5G    0     0  72.2M      0  0:04:43  0:03:11  0:01:32 74.8M 68 20.0G   68 13.6G    0     0  72.2M      0  0:04:43  0:03:12  0:01:31 75.4M 68 20.0G   68 13.6G    0     0  72.2M      0  0:04:43  0:03:13  0:01:30 75.0M 68 20.0G   68 13.7G    0     0  72.2M      0  0:04:43  0:03:14  0:01:29 75.1M 69 20.0G   69 13.8G    0     0  72.2M      0  0:04:43  0:03:15  0:01:28 75.2M 69 20.0G   69 13.8G    0     0  72.2M      0  0:04:43  0:03:16  0:01:27 75.2M 69 20.0G   69 13.9G    0     0  72.2M      0  0:04:43  0:03:17  0:01:26 74.7M 70 20.0G   70 14.0G    0     0  72.3M      0  0:04:43  0:03:18  0:01:25 75.0M 70 20.0G   70 14.1G    0     0  72.3M      0  0:04:43  0:03:19  0:01:24 75.3M 70 20.0G   70 14.1G    0     0  72.3M      0  0:04:43  0:03:20  0:01:23 75.5M 71 20.0G   71 14.2G    0     0  72.3M      0  0:04:43  0:03:21  0:01:22 74.9M 71 20.0G   71 14.3G    0     0  72.3M      0  0:04:42  0:03:22  0:01:20 75.7M 72 20.0G   72 14.4G    0     0  72.3M      0  0:04:42  0:03:23  0:01:19 74.9M 72 20.0G   72 14.4G    0     0  72.3M      0  0:04:42  0:03:24  0:01:18 75.0M 72 20.0G   72 14.5G    0     0  72.4M      0  0:04:42  0:03:25  0:01:17 74.5M 73 20.0G   73 14.6G    0     0  72.4M      0  0:04:42  0:03:26  0:01:16 75.0M 73 20.0G   73 14.7G    0     0  72.4M      0  0:04:42  0:03:27  0:01:15 74.4M 73 20.0G   73 14.7G    0     0  72.4M      0  0:04:42  0:03:28  0:01:14 74.9M 74 20.0G   74 14.8G    0     0  72.4M      0  0:04:42  0:03:29  0:01:13 75.1M 74 20.0G   74 14.9G    0     0  72.4M      0  0:04:42  0:03:30  0:01:12 75.1M 74 20.0G   74 14.9G    0     0  72.4M      0  0:04:42  0:03:31  0:01:11 75.4M 75 20.0G   75 15.0G    0     0  72.5M      0  0:04:42  0:03:32  0:01:10 75.6M 75 20.0G   75 15.1G    0     0  72.5M      0  0:04:42  0:03:33  0:01:09 75.6M 76 20.0G   76 15.2G    0     0  72.5M      0  0:04:42  0:03:34  0:01:08 75.5M 76 20.0G   76 15.2G    0     0  72.5M      0  0:04:42  0:03:35  0:01:07 75.5M 76 20.0G   76 15.3G    0     0  72.5M      0  0:04:42  0:03:36  0:01:06 74.7M 77 20.0G   77 15.4G    0     0  72.5M      0  0:04:42  0:03:37  0:01:05 74.6M 77 20.0G   77 15.5G    0     0  72.5M      0  0:04:42  0:03:38  0:01:04 73.9M 77 20.0G   77 15.5G    0     0  72.5M      0  0:04:42  0:03:39  0:01:03 73.1M 78 20.0G   78 15.6G    0     0  72.5M      0  0:04:42  0:03:40  0:01:02 73.1M 78 20.0G   78 15.7G    0     0  72.5M      0  0:04:42  0:03:41  0:01:01 74.3M 78 20.0G   78 15.7G    0     0  72.5M      0  0:04:42  0:03:42  0:01:00 73.8M 79 20.0G   79 15.8G    0     0  72.5M      0  0:04:42  0:03:43  0:00:59 74.5M 79 20.0G   79 15.9G    0     0  72.6M      0  0:04:42  0:03:44  0:00:58 75.2M 80 20.0G   80 16.0G    0     0  72.6M      0  0:04:42  0:03:45  0:00:57 75.1M 80 20.0G   80 16.0G    0     0  72.6M      0  0:04:41  0:03:46  0:00:55 74.6M 80 20.0G   80 16.1G    0     0  72.6M      0  0:04:41  0:03:47  0:00:54 75.5M 81 20.0G   81 16.2G    0     0  72.6M      0  0:04:41  0:03:48  0:00:53 75.5M 81 20.0G   81 16.3G    0     0  72.6M      0  0:04:41  0:03:49  0:00:52 75.8M 81 20.0G   81 16.3G    0     0  72.6M      0  0:04:41  0:03:50  0:00:51 76.0M 82 20.0G   82 16.4G    0     0  72.7M      0  0:04:41  0:03:51  0:00:50 76.0M 82 20.0G   82 16.5G    0     0  72.7M      0  0:04:41  0:03:52  0:00:49 75.6M 83 20.0G   83 16.6G    0     0  72.7M      0  0:04:41  0:03:53  0:00:48 75.6M 83 20.0G   83 16.6G    0     0  72.7M      0  0:04:41  0:03:54  0:00:47 74.8M 83 20.0G   83 16.7G    0     0  72.7M      0  0:04:41  0:03:55  0:00:46 74.7M 84 20.0G   84 16.8G    0     0  72.7M      0  0:04:41  0:03:56  0:00:45 74.6M 84 20.0G   84 16.8G    0     0  72.7M      0  0:04:41  0:03:57  0:00:44 74.5M 84 20.0G   84 16.9G    0     0  72.7M      0  0:04:41  0:03:58  0:00:43 74.9M 85 20.0G   85 17.0G    0     0  72.7M      0  0:04:41  0:03:59  0:00:42 75.0M 85 20.0G   85 17.1G    0     0  72.7M      0  0:04:41  0:04:00  0:00:41 75.0M 85 20.0G   85 17.1G    0     0  72.7M      0  0:04:41  0:04:01  0:00:40 75.2M 86 20.0G   86 17.2G    0     0  72.8M      0  0:04:41  0:04:02  0:00:39 75.3M 86 20.0G   86 17.3G    0     0  72.7M      0  0:04:41  0:04:03  0:00:38 74.0M 87 20.0G   87 17.4G    0     0  72.8M      0  0:04:41  0:04:04  0:00:37 74.4M 87 20.0G   87 17.4G    0     0  72.8M      0  0:04:41  0:04:05  0:00:36 74.6M 87 20.0G   87 17.5G    0     0  72.8M      0  0:04:41  0:04:06  0:00:35 74.2M 88 20.0G   88 17.6G    0     0  72.8M      0  0:04:41  0:04:07  0:00:34 73.9M 88 20.0G   88 17.6G    0     0  72.8M      0  0:04:41  0:04:08  0:00:33 74.8M 88 20.0G   88 17.7G    0     0  72.8M      0  0:04:41  0:04:09  0:00:32 74.5M 89 20.0G   89 17.8G    0     0  72.8M      0  0:04:41  0:04:10  0:00:31 74.5M 89 20.0G   89 17.9G    0     0  72.8M      0  0:04:41  0:04:11  0:00:30 74.7M 89 20.0G   89 17.9G    0     0  72.8M      0  0:04:41  0:04:12  0:00:29 74.7M 90 20.0G   90 18.0G    0     0  72.8M      0  0:04:41  0:04:13  0:00:28 74.3M 90 20.0G   90 18.1G    0     0  72.8M      0  0:04:41  0:04:14  0:00:27 74.2M 91 20.0G   91 18.2G    0     0  72.8M      0  0:04:41  0:04:15  0:00:26 74.4M 91 20.0G   91 18.2G    0     0  72.8M      0  0:04:41  0:04:16  0:00:25 73.8M 91 20.0G   91 18.3G    0     0  72.8M      0  0:04:40  0:04:17  0:00:23 73.9M 92 20.0G   92 18.4G    0     0  72.8M      0  0:04:40  0:04:18  0:00:22 73.8M 92 20.0G   92 18.4G    0     0  72.8M      0  0:04:40  0:04:19  0:00:21 73.6M 92 20.0G   92 18.5G    0     0  72.8M      0  0:04:41  0:04:20  0:00:21 72.9M 93 20.0G   93 18.6G    0     0  72.8M      0  0:04:40  0:04:21  0:00:19 73.6M 93 20.0G   93 18.7G    0     0  72.8M      0  0:04:40  0:04:22  0:00:18 73.6M 93 20.0G   93 18.7G    0     0  72.9M      0  0:04:40  0:04:23  0:00:17 74.0M 94 20.0G   94 18.8G    0     0  72.9M      0  0:04:40  0:04:24  0:00:16 74.5M 94 20.0G   94 18.9G    0     0  72.9M      0  0:04:40  0:04:25  0:00:15 74.4M 95 20.0G   95 19.0G    0     0  72.9M      0  0:04:40  0:04:26  0:00:14 74.5M 95 20.0G   95 19.0G    0     0  72.9M      0  0:04:40  0:04:27  0:00:13 74.7M 95 20.0G   95 19.1G    0     0  72.9M      0  0:04:40  0:04:28  0:00:12 74.8M 96 20.0G   96 19.2G    0     0  72.9M      0  0:04:40  0:04:29  0:00:11 74.9M 96 20.0G   96 19.2G    0     0  72.9M      0  0:04:40  0:04:30  0:00:10 74.6M 96 20.0G   96 19.3G    0     0  72.9M      0  0:04:40  0:04:31  0:00:09 74.4M 97 20.0G   97 19.4G    0     0  72.9M      0  0:04:40  0:04:32  0:00:08 74.0M 97 20.0G   97 19.5G    0     0  72.9M      0  0:04:40  0:04:33  0:00:07 73.3M 97 20.0G   97 19.5G    0     0  72.9M      0  0:04:40  0:04:34  0:00:06 73.3M 98 20.0G   98 19.6G    0     0  72.9M      0  0:04:40  0:04:35  0:00:05 73.7M 98 20.0G   98 19.7G    0     0  72.9M      0  0:04:40  0:04:36  0:00:04 73.7M 98 20.0G   98 19.7G    0     0  72.9M      0  0:04:40  0:04:37  0:00:03 73.9M 99 20.0G   99 19.8G    0     0  72.9M      0  0:04:40  0:04:38  0:00:02 74.4M 99 20.0G   99 19.9G    0     0  72.9M      0  0:04:40  0:04:39  0:00:01 74.1M100 20.0G  100 20.0G    0     0  72.9M      0  0:04:40  0:04:40 --:--:-- 74.0M
  % Total    % Received % Xferd  Average Speed   Time    Time     Time  Current
                                 Dload  Upload   Total   Spent    Left  Speed
