3: eth1: <BROADCAST,MULTICAST,UP,LOWER_UP> mtu 1500 qdisc mq state UP group default qlen 1000
    link/ether 0e:bf:22:f1:70:c9 brd ff:ff:ff:ff:ff:ff
    inet 10.135.129.2/24 scope global eth1
       valid_lft forever preferred_lft forever
default via 10.20.4.1 dev eth0 proto dhcp src 10.20.5.230 metric 100 
10.20.4.0/23 dev eth0 proto kernel scope link src 10.20.5.230 metric 100 
10.128.0.0/10 via 10.135.129.1 dev eth1 
10.135.129.0/24 dev eth1 proto kernel scope link src 10.135.129.2 
169.254.169.254 via 10.20.4.1 dev eth0 proto dhcp src 10.20.5.230 metric 100 
chmod: cannot access './fabric_node_tools/*.sh': No such file or directory
Rocky Linux 8 - AppStream                       7.3 MB/s |  11 MB     00:01    
Rocky Linux 8 - BaseOS                           11 MB/s | 9.0 MB     00:00    
Rocky Linux 8 - Extras                          190  B/s |  12 kB     01:02    
Last metadata expiration check: 0:00:01 ago on Mon 14 Nov 2022 03:51:27 PM UTC.
Dependencies resolved.
================================================================================
 Package               Architecture    Version            Repository       Size
================================================================================
Installing:
 epel-release          noarch          8-17.el8           extras           24 k

Transaction Summary
================================================================================
Install  1 Package

Total download size: 24 k
Installed size: 34 k
Downloading Packages:
epel-release-8-17.el8.noarch.rpm                106 kB/s |  24 kB     00:00    
--------------------------------------------------------------------------------
Total                                            63 kB/s |  24 kB     00:00     
Rocky Linux 8 - Extras                          328 kB/s | 1.6 kB     00:00    
Importing GPG key 0x6D745A60:
 Userid     : "Release Engineering <infrastructure@rockylinux.org>"
 Fingerprint: 7051 C470 A929 F454 CEBE 37B7 15AF 5DAC 6D74 5A60
 From       : /etc/pki/rpm-gpg/RPM-GPG-KEY-rockyofficial
Key imported successfully
Running transaction check
Transaction check succeeded.
Running transaction test
Transaction test succeeded.
Running transaction
  Preparing        :                                                        1/1 
  Installing       : epel-release-8-17.el8.noarch                           1/1 
  Running scriptlet: epel-release-8-17.el8.noarch                           1/1 
Many EPEL packages require the CodeReady Builder (CRB) repository.
It is recommended that you run /usr/bin/crb enable to enable the CRB repository.

  Verifying        : epel-release-8-17.el8.noarch                           1/1 

Installed:
  epel-release-8-17.el8.noarch                                                  

Complete!
Enabling CRB repo
CRB repo is enabled and named: powertools
Rocky Linux 8 - PowerTools                      2.3 MB/s | 2.9 MB     00:01    
Extra Packages for Enterprise Linux 8 - x86_64  9.5 MB/s |  13 MB     00:01    
Extra Packages for Enterprise Linux Modular 8 - 1.2 MB/s | 733 kB     00:00    
Dependencies resolved.
================================================================================
 Package         Arch   Version                                 Repo       Size
================================================================================
Installing:
 httpd           x86_64 2.4.37-47.module+el8.6.0+985+b8ff6398.2 appstream 1.4 M
 iftop           x86_64 1.0-0.21.pre4.el8                       epel       59 k
 iperf3          x86_64 3.5-6.el8                               appstream  99 k
 iproute-tc      x86_64 5.15.0-4.el8_6.1                        baseos    463 k
 net-tools       x86_64 2.0-0.52.20160912git.el8                baseos    321 k
 pciutils        x86_64 3.7.0-1.el8                             baseos    104 k
 tcpdump         x86_64 14:4.9.3-3.el8                          appstream 452 k
 vim-enhanced    x86_64 2:8.0.1763-19.el8_6.4                   appstream 1.4 M
Upgrading:
 iproute         x86_64 5.15.0-4.el8_6.1                        baseos    797 k
Installing dependencies:
 apr             x86_64 1.6.3-12.el8                            appstream 128 k
 apr-util        x86_64 1.6.1-6.el8.1                           appstream 104 k
 gpm-libs        x86_64 1.20.7-17.el8                           appstream  38 k
 httpd-filesystem
                 noarch 2.4.37-47.module+el8.6.0+985+b8ff6398.2 appstream  40 k
 httpd-tools     x86_64 2.4.37-47.module+el8.6.0+985+b8ff6398.2 appstream 107 k
 iptables-libs   x86_64 1.8.4-22.el8                            baseos    106 k
 libibverbs      x86_64 37.2-1.el8                              baseos    384 k
 libpcap         x86_64 14:1.9.1-5.el8                          baseos    168 k
 lksctp-tools    x86_64 1.0.18-3.el8                            baseos     98 k
 mailcap         noarch 2.1.48-3.el8                            baseos     38 k
 mod_http2       x86_64 1.15.7-5.module+el8.6.0+823+f143cee1    appstream 153 k
 rocky-logos-httpd
                 noarch 86.2-1.el8                              baseos     24 k
 vim-common      x86_64 2:8.0.1763-19.el8_6.4                   appstream 6.3 M
 vim-filesystem  noarch 2:8.0.1763-19.el8_6.4                   appstream  49 k
Installing weak dependencies:
 apr-util-bdb    x86_64 1.6.1-6.el8.1                           appstream  23 k
 apr-util-openssl
                 x86_64 1.6.1-6.el8.1                           appstream  26 k
Enabling module streams:
 httpd                  2.4                                                    

Transaction Summary
================================================================================
Install  24 Packages
Upgrade   1 Package

Total download size: 13 M
Downloading Packages:
(1/25): apr-util-bdb-1.6.1-6.el8.1.x86_64.rpm   108 kB/s |  23 kB     00:00    
(2/25): apr-util-openssl-1.6.1-6.el8.1.x86_64.r 391 kB/s |  26 kB     00:00    
(3/25): apr-util-1.6.1-6.el8.1.x86_64.rpm       302 kB/s | 104 kB     00:00    
(4/25): apr-1.6.3-12.el8.x86_64.rpm             368 kB/s | 128 kB     00:00    
(5/25): gpm-libs-1.20.7-17.el8.x86_64.rpm       570 kB/s |  38 kB     00:00    
(6/25): httpd-filesystem-2.4.37-47.module+el8.6 597 kB/s |  40 kB     00:00    
(7/25): httpd-tools-2.4.37-47.module+el8.6.0+98 792 kB/s | 107 kB     00:00    
(8/25): iperf3-3.5-6.el8.x86_64.rpm             1.3 MB/s |  99 kB     00:00    
(9/25): mod_http2-1.15.7-5.module+el8.6.0+823+f 2.2 MB/s | 153 kB     00:00    
(10/25): tcpdump-4.9.3-3.el8.x86_64.rpm         2.3 MB/s | 452 kB     00:00    
(11/25): httpd-2.4.37-47.module+el8.6.0+985+b8f 3.1 MB/s | 1.4 MB     00:00    
(12/25): vim-filesystem-8.0.1763-19.el8_6.4.noa 730 kB/s |  49 kB     00:00    
(13/25): vim-enhanced-8.0.1763-19.el8_6.4.x86_6 3.6 MB/s | 1.4 MB     00:00    
(14/25): iproute-tc-5.15.0-4.el8_6.1.x86_64.rpm 1.4 MB/s | 463 kB     00:00    
(15/25): libibverbs-37.2-1.el8.x86_64.rpm       6.4 MB/s | 384 kB     00:00    
(16/25): iptables-libs-1.8.4-22.el8.x86_64.rpm  514 kB/s | 106 kB     00:00    
(17/25): libpcap-1.9.1-5.el8.x86_64.rpm         3.2 MB/s | 168 kB     00:00    
(18/25): lksctp-tools-1.0.18-3.el8.x86_64.rpm   1.6 MB/s |  98 kB     00:00    
(19/25): mailcap-2.1.48-3.el8.noarch.rpm        885 kB/s |  38 kB     00:00    
(20/25): pciutils-3.7.0-1.el8.x86_64.rpm        2.3 MB/s | 104 kB     00:00    
(21/25): net-tools-2.0-0.52.20160912git.el8.x86 3.3 MB/s | 321 kB     00:00    
(22/25): rocky-logos-httpd-86.2-1.el8.noarch.rp 562 kB/s |  24 kB     00:00    
(23/25): iproute-5.15.0-4.el8_6.1.x86_64.rpm    9.2 MB/s | 797 kB     00:00    
(24/25): iftop-1.0-0.21.pre4.el8.x86_64.rpm     200 kB/s |  59 kB     00:00    
(25/25): vim-common-8.0.1763-19.el8_6.4.x86_64. 4.8 MB/s | 6.3 MB     00:01    
--------------------------------------------------------------------------------
Total                                           5.5 MB/s |  13 MB     00:02     
Extra Packages for Enterprise Linux 8 - x86_64  1.6 MB/s | 1.6 kB     00:00    
Importing GPG key 0x2F86D6A1:
 Userid     : "Fedora EPEL (8) <epel@fedoraproject.org>"
 Fingerprint: 94E2 79EB 8D8F 25B2 1810 ADF1 21EA 45AB 2F86 D6A1
 From       : /etc/pki/rpm-gpg/RPM-GPG-KEY-EPEL-8
Key imported successfully
Running transaction check
Transaction check succeeded.
Running transaction test
Transaction test succeeded.
Running transaction
  Preparing        :                                                        1/1 
  Installing       : apr-1.6.3-12.el8.x86_64                               1/26 
  Running scriptlet: apr-1.6.3-12.el8.x86_64                               1/26 
  Installing       : apr-util-bdb-1.6.1-6.el8.1.x86_64                     2/26 
  Installing       : apr-util-openssl-1.6.1-6.el8.1.x86_64                 3/26 
  Installing       : apr-util-1.6.1-6.el8.1.x86_64                         4/26 
  Running scriptlet: apr-util-1.6.1-6.el8.1.x86_64                         4/26 
  Installing       : httpd-tools-2.4.37-47.module+el8.6.0+985+b8ff6398.    5/26 
  Upgrading        : iproute-5.15.0-4.el8_6.1.x86_64                       6/26 
  Installing       : rocky-logos-httpd-86.2-1.el8.noarch                   7/26 
  Installing       : mailcap-2.1.48-3.el8.noarch                           8/26 
  Installing       : lksctp-tools-1.0.18-3.el8.x86_64                      9/26 
  Running scriptlet: lksctp-tools-1.0.18-3.el8.x86_64                      9/26 
  Installing       : libibverbs-37.2-1.el8.x86_64                         10/26 
  Running scriptlet: libibverbs-37.2-1.el8.x86_64                         10/26 
  Installing       : libpcap-14:1.9.1-5.el8.x86_64                        11/26 
  Installing       : iptables-libs-1.8.4-22.el8.x86_64                    12/26 
  Installing       : vim-filesystem-2:8.0.1763-19.el8_6.4.noarch          13/26 
  Installing       : vim-common-2:8.0.1763-19.el8_6.4.x86_64              14/26 
  Running scriptlet: httpd-filesystem-2.4.37-47.module+el8.6.0+985+b8ff   15/26 
  Installing       : httpd-filesystem-2.4.37-47.module+el8.6.0+985+b8ff   15/26 
  Installing       : mod_http2-1.15.7-5.module+el8.6.0+823+f143cee1.x86   16/26 
  Installing       : httpd-2.4.37-47.module+el8.6.0+985+b8ff6398.2.x86_   17/26 
  Running scriptlet: httpd-2.4.37-47.module+el8.6.0+985+b8ff6398.2.x86_   17/26 
  Installing       : gpm-libs-1.20.7-17.el8.x86_64                        18/26 
  Running scriptlet: gpm-libs-1.20.7-17.el8.x86_64                        18/26 
  Installing       : vim-enhanced-2:8.0.1763-19.el8_6.4.x86_64            19/26 
  Installing       : iproute-tc-5.15.0-4.el8_6.1.x86_64                   20/26 
  Running scriptlet: tcpdump-14:4.9.3-3.el8.x86_64                        21/26 
  Installing       : tcpdump-14:4.9.3-3.el8.x86_64                        21/26 
  Installing       : iftop-1.0-0.21.pre4.el8.x86_64                       22/26 
  Installing       : iperf3-3.5-6.el8.x86_64                              23/26 
  Running scriptlet: iperf3-3.5-6.el8.x86_64                              23/26 
  Installing       : pciutils-3.7.0-1.el8.x86_64                          24/26 
  Installing       : net-tools-2.0-0.52.20160912git.el8.x86_64            25/26 
  Running scriptlet: net-tools-2.0-0.52.20160912git.el8.x86_64            25/26 
  Cleanup          : iproute-5.15.0-4.el8.x86_64                          26/26 
  Running scriptlet: httpd-2.4.37-47.module+el8.6.0+985+b8ff6398.2.x86_   26/26 
  Running scriptlet: iproute-5.15.0-4.el8.x86_64                          26/26 
  Running scriptlet: vim-common-2:8.0.1763-19.el8_6.4.x86_64              26/26 
  Verifying        : apr-1.6.3-12.el8.x86_64                               1/26 
  Verifying        : apr-util-1.6.1-6.el8.1.x86_64                         2/26 
  Verifying        : apr-util-bdb-1.6.1-6.el8.1.x86_64                     3/26 
  Verifying        : apr-util-openssl-1.6.1-6.el8.1.x86_64                 4/26 
  Verifying        : gpm-libs-1.20.7-17.el8.x86_64                         5/26 
  Verifying        : httpd-2.4.37-47.module+el8.6.0+985+b8ff6398.2.x86_    6/26 
  Verifying        : httpd-filesystem-2.4.37-47.module+el8.6.0+985+b8ff    7/26 
  Verifying        : httpd-tools-2.4.37-47.module+el8.6.0+985+b8ff6398.    8/26 
  Verifying        : iperf3-3.5-6.el8.x86_64                               9/26 
  Verifying        : mod_http2-1.15.7-5.module+el8.6.0+823+f143cee1.x86   10/26 
  Verifying        : tcpdump-14:4.9.3-3.el8.x86_64                        11/26 
  Verifying        : vim-common-2:8.0.1763-19.el8_6.4.x86_64              12/26 
  Verifying        : vim-enhanced-2:8.0.1763-19.el8_6.4.x86_64            13/26 
  Verifying        : vim-filesystem-2:8.0.1763-19.el8_6.4.noarch          14/26 
  Verifying        : iproute-tc-5.15.0-4.el8_6.1.x86_64                   15/26 
  Verifying        : iptables-libs-1.8.4-22.el8.x86_64                    16/26 
  Verifying        : libibverbs-37.2-1.el8.x86_64                         17/26 
  Verifying        : libpcap-14:1.9.1-5.el8.x86_64                        18/26 
  Verifying        : lksctp-tools-1.0.18-3.el8.x86_64                     19/26 
  Verifying        : mailcap-2.1.48-3.el8.noarch                          20/26 
  Verifying        : net-tools-2.0-0.52.20160912git.el8.x86_64            21/26 
  Verifying        : pciutils-3.7.0-1.el8.x86_64                          22/26 
  Verifying        : rocky-logos-httpd-86.2-1.el8.noarch                  23/26 
  Verifying        : iftop-1.0-0.21.pre4.el8.x86_64                       24/26 
  Verifying        : iproute-5.15.0-4.el8_6.1.x86_64                      25/26 
  Verifying        : iproute-5.15.0-4.el8.x86_64                          26/26 

Upgraded:
  iproute-5.15.0-4.el8_6.1.x86_64                                               
Installed:
  apr-1.6.3-12.el8.x86_64                                                       
  apr-util-1.6.1-6.el8.1.x86_64                                                 
  apr-util-bdb-1.6.1-6.el8.1.x86_64                                             
  apr-util-openssl-1.6.1-6.el8.1.x86_64                                         
  gpm-libs-1.20.7-17.el8.x86_64                                                 
  httpd-2.4.37-47.module+el8.6.0+985+b8ff6398.2.x86_64                          
  httpd-filesystem-2.4.37-47.module+el8.6.0+985+b8ff6398.2.noarch               
  httpd-tools-2.4.37-47.module+el8.6.0+985+b8ff6398.2.x86_64                    
  iftop-1.0-0.21.pre4.el8.x86_64                                                
  iperf3-3.5-6.el8.x86_64                                                       
  iproute-tc-5.15.0-4.el8_6.1.x86_64                                            
  iptables-libs-1.8.4-22.el8.x86_64                                             
  libibverbs-37.2-1.el8.x86_64                                                  
  libpcap-14:1.9.1-5.el8.x86_64                                                 
  lksctp-tools-1.0.18-3.el8.x86_64                                              
  mailcap-2.1.48-3.el8.noarch                                                   
  mod_http2-1.15.7-5.module+el8.6.0+823+f143cee1.x86_64                         
  net-tools-2.0-0.52.20160912git.el8.x86_64                                     
  pciutils-3.7.0-1.el8.x86_64                                                   
  rocky-logos-httpd-86.2-1.el8.noarch                                           
  tcpdump-14:4.9.3-3.el8.x86_64                                                 
  vim-common-2:8.0.1763-19.el8_6.4.x86_64                                       
  vim-enhanced-2:8.0.1763-19.el8_6.4.x86_64                                     
  vim-filesystem-2:8.0.1763-19.el8_6.4.noarch                                   

Complete!
sudo: ./fabric_node_tools/host_tune_redhat.sh: command not found
mke2fs 1.45.6 (20-Mar-2020)
Creating filesystem with 262144000 4k blocks and 65536000 inodes
Filesystem UUID: bbd790ae-b858-4d2b-8d39-7ae444de084a
Superblock backups stored on blocks: 
	32768, 98304, 163840, 229376, 294912, 819200, 884736, 1605632, 2654208, 
	4096000, 7962624, 11239424, 20480000, 23887872, 71663616, 78675968, 
	102400000, 214990848

Allocating group tables:    0/8000         done                            
Writing inode tables:    0/8000         done                            
Creating journal (262144 blocks): done
Writing superblocks and filesystem accounting information:    0/8000         done

Last metadata expiration check: 0:09:15 ago on Mon 14 Nov 2022 03:59:18 PM UTC.
Package epel-release-8-17.el8.noarch is already installed.
Dependencies resolved.
================================================================================
 Package               Architecture    Version              Repository     Size
================================================================================
Upgrading:
 epel-release          noarch          8-18.el8             epel           24 k

Transaction Summary
================================================================================
Upgrade  1 Package

Total download size: 24 k
Downloading Packages:
[MIRROR] epel-release-8-18.el8.noarch.rpm: Curl error (28): Timeout was reached for http://mirror.es.its.nyu.edu/epel/8/Everything/x86_64/Packages/e/epel-release-8-18.el8.noarch.rpm [Connection timed out after 30000 milliseconds]
epel-release-8-18.el8.noarch.rpm                826  B/s |  24 kB     00:30    
--------------------------------------------------------------------------------
Total                                           822  B/s |  24 kB     00:30     
Running transaction check
Transaction check succeeded.
Running transaction test
Transaction test succeeded.
Running transaction
  Preparing        :                                                        1/1 
  Running scriptlet: epel-release-8-18.el8.noarch                           1/1 
  Upgrading        : epel-release-8-18.el8.noarch                           1/2 
  Running scriptlet: epel-release-8-18.el8.noarch                           1/2 
  Cleanup          : epel-release-8-17.el8.noarch                           2/2 
  Running scriptlet: epel-release-8-17.el8.noarch                           2/2 
  Verifying        : epel-release-8-18.el8.noarch                           1/2 
  Verifying        : epel-release-8-17.el8.noarch                           2/2 

Upgraded:
  epel-release-8-18.el8.noarch                                                  

Complete!
Enabling CRB repo
CRB repo is enabled and named: powertools
Rocky Linux 8 - PowerTools                      156  B/s | 4.8 kB     00:31    
Package httpd-2.4.37-47.module+el8.6.0+985+b8ff6398.2.x86_64 is already installed.
Package iproute-tc-5.15.0-4.el8_6.1.x86_64 is already installed.
Package net-tools-2.0-0.52.20160912git.el8.x86_64 is already installed.
Package pciutils-3.7.0-1.el8.x86_64 is already installed.
Package tcpdump-14:4.9.3-3.el8.x86_64 is already installed.
Package iftop-1.0-0.21.pre4.el8.x86_64 is already installed.
Package iperf3-3.5-6.el8.x86_64 is already installed.
Package vim-enhanced-2:8.0.1763-19.el8_6.4.x86_64 is already installed.
Dependencies resolved.
Nothing to do.
Complete!
dev
* Applying /usr/lib/sysctl.d/10-default-yama-scope.conf ...
kernel.yama.ptrace_scope = 0
* Applying /usr/lib/sysctl.d/50-coredump.conf ...
kernel.core_pattern = |/usr/lib/systemd/systemd-coredump %P %u %g %s %t %c %h %e
kernel.core_pipe_limit = 16
* Applying /usr/lib/sysctl.d/50-default.conf ...
kernel.sysrq = 16
kernel.core_uses_pid = 1
kernel.kptr_restrict = 1
net.ipv4.conf.all.rp_filter = 1
net.ipv4.conf.all.accept_source_route = 0
net.ipv4.conf.all.promote_secondaries = 1
net.core.default_qdisc = fq_codel
fs.protected_hardlinks = 1
fs.protected_symlinks = 1
* Applying /usr/lib/sysctl.d/50-libkcapi-optmem_max.conf ...
net.core.optmem_max = 81920
* Applying /usr/lib/sysctl.d/50-pid-max.conf ...
kernel.pid_max = 4194304
* Applying /etc/sysctl.d/99-sysctl.conf ...
net.core.rmem_max = 536870912
net.core.wmem_max = 536870912
net.ipv4.tcp_rmem = 4096 87380 536870912
net.ipv4.tcp_wmem = 4096 65536 536870912
net.ipv4.tcp_congestion_control = bbr
net.ipv4.tcp_mtu_probing = 1
net.core.default_qdisc = fq
* Applying /etc/sysctl.conf ...
net.core.rmem_max = 536870912
net.core.wmem_max = 536870912
net.ipv4.tcp_rmem = 4096 87380 536870912
net.ipv4.tcp_wmem = 4096 65536 536870912
net.ipv4.tcp_congestion_control = bbr
net.ipv4.tcp_mtu_probing = 1
net.core.default_qdisc = fq
mkdir: cannot create directory ‘/mnt/fabric_storage’: File exists
mke2fs 1.45.6 (20-Mar-2020)
/dev/vdb is mounted; will not make a filesystem here!
mount: /mnt/fabric_storage: /dev/vdb already mounted on /mnt/fabric_storage.
  % Total    % Received % Xferd  Average Speed   Time    Time     Time  Current
                                 Dload  Upload   Total   Spent    Left  Speed
  0     0    0     0    0     0      0      0 --:--:-- --:--:-- --:--:--     0  2 1024M    2 21.9M    0     0  23.9M      0  0:00:42 --:--:--  0:00:42 23.9M  7 1024M    7 77.1M    0     0  40.6M      0  0:00:25  0:00:01  0:00:24 40.6M 13 1024M   13  140M    0     0  47.8M      0  0:00:21  0:00:02  0:00:19 47.8M 19 1024M   19  199M    0     0  50.8M      0  0:00:20  0:00:03  0:00:17 50.8M 25 1024M   25  257M    0     0  52.3M      0  0:00:19  0:00:04  0:00:15 52.3M 30 1024M   30  313M    0     0  53.2M      0  0:00:19  0:00:05  0:00:14 58.6M 36 1024M   36  373M    0     0  53.8M      0  0:00:19  0:00:06  0:00:13 58.8M 42 1024M   42  431M    0     0  54.4M      0  0:00:18  0:00:07  0:00:11 58.3M 47 1024M   47  490M    0     0  55.0M      0  0:00:18  0:00:08  0:00:10 58.3M 53 1024M   53  549M    0     0  55.5M      0  0:00:18  0:00:09  0:00:09 58.6M 59 1024M   59  610M    0     0  55.8M      0  0:00:18  0:00:10  0:00:08 58.8M 64 1024M   64  664M    0     0  55.7M      0  0:00:18  0:00:11  0:00:07 58.3M 69 1024M   69  715M    0     0  55.4M      0  0:00:18  0:00:12  0:00:06 57.0M 75 1024M   75  771M    0     0  55.2M      0  0:00:18  0:00:13  0:00:05 55.7M 80 1024M   80  823M    0     0  55.1M      0  0:00:18  0:00:14  0:00:04 54.3M 85 1024M   85  876M    0     0  55.0M      0  0:00:18  0:00:15  0:00:03 53.4M 91 1024M   91  931M    0     0  55.1M      0  0:00:18  0:00:16  0:00:02 53.6M 96 1024M   96  989M    0     0  55.1M      0  0:00:18  0:00:17  0:00:01 54.2M100 1024M  100 1024M    0     0  55.3M      0  0:00:18  0:00:18 --:--:-- 55.3M
  % Total    % Received % Xferd  Average Speed   Time    Time     Time  Current
                                 Dload  Upload   Total   Spent    Left  Speed
  0     0    0     0    0     0      0      0 --:--:-- --:--:-- --:--:--     0  0 10.0G    0  223k    0     0   613k      0  4:44:59 --:--:--  4:44:59  611k  0 10.0G    0 45.3M    0     0  32.2M      0  0:05:17  0:00:01  0:05:16 32.2M  0 10.0G    0 98.2M    0     0  41.1M      0  0:04:09  0:00:02  0:04:07 41.1M  1 10.0G    1  150M    0     0  44.7M      0  0:03:48  0:00:03  0:03:45 44.7M  2 10.0G    2  212M    0     0  48.2M      0  0:03:32  0:00:04  0:03:28 48.2M  2 10.0G    2  271M    0     0  50.1M      0  0:03:24  0:00:05  0:03:19 53.7M  3 10.0G    3  328M    0     0  51.4M      0  0:03:19  0:00:06  0:03:13 56.7M  3 10.0G    3  385M    0     0  52.3M      0  0:03:15  0:00:07  0:03:08 57.6M  4 10.0G    4  446M    0     0  53.1M      0  0:03:12  0:00:08  0:03:04 58.7M  4 10.0G    4  503M    0     0  53.6M      0  0:03:10  0:00:09  0:03:01 58.4M  5 10.0G    5  557M    0     0  53.7M      0  0:03:10  0:00:10  0:03:00 57.6M  5 10.0G    5  612M    0     0  53.8M      0  0:03:10  0:00:11  0:02:59 57.0M  6 10.0G    6  666M    0     0  53.7M      0  0:03:10  0:00:12  0:02:58 55.8M  7 10.0G    7  719M    0     0  53.7M      0  0:03:10  0:00:13  0:02:57 54.8M  7 10.0G    7  774M    0     0  53.9M      0  0:03:09  0:00:14  0:02:55 54.4M  8 10.0G    8  830M    0     0  53.9M      0  0:03:09  0:00:15  0:02:54 54.2M  8 10.0G    8  881M    0     0  53.8M      0  0:03:10  0:00:16  0:02:54 53.6M  9 10.0G    9  933M    0     0  53.7M      0  0:03:10  0:00:17  0:02:53 53.7M  9 10.0G    9  991M    0     0  53.9M      0  0:03:09  0:00:18  0:02:51 54.6M 10 10.0G   10 1046M    0     0  53.9M      0  0:03:09  0:00:19  0:02:50 54.0M 10 10.0G   10 1101M    0     0  54.0M      0  0:03:09  0:00:20  0:02:49 54.3M 11 10.0G   11 1155M    0     0  54.0M      0  0:03:09  0:00:21  0:02:48 55.0M 11 10.0G   11 1212M    0     0  54.1M      0  0:03:09  0:00:22  0:02:47 55.3M 12 10.0G   12 1264M    0     0  54.0M      0  0:03:09  0:00:23  0:02:46 54.2M 12 10.0G   12 1316M    0     0  53.9M      0  0:03:09  0:00:24  0:02:45 54.1M 13 10.0G   13 1370M    0     0  54.0M      0  0:03:09  0:00:25  0:02:44 54.1M 13 10.0G   13 1427M    0     0  54.0M      0  0:03:09  0:00:26  0:02:43 53.9M 14 10.0G   14 1481M    0     0  54.0M      0  0:03:09  0:00:27  0:02:42 54.0M 14 10.0G   14 1533M    0     0  54.0M      0  0:03:09  0:00:28  0:02:41 54.0M 15 10.0G   15 1591M    0     0  54.2M      0  0:03:08  0:00:29  0:02:39 55.2M 16 10.0G   16 1646M    0     0  54.1M      0  0:03:09  0:00:30  0:02:39 54.7M 16 10.0G   16 1700M    0     0  54.1M      0  0:03:09  0:00:31  0:02:38 54.7M 17 10.0G   17 1755M    0     0  54.2M      0  0:03:08  0:00:32  0:02:36 54.9M 17 10.0G   17 1816M    0     0  54.3M      0  0:03:08  0:00:33  0:02:35 56.0M 18 10.0G   18 1877M    0     0  54.5M      0  0:03:07  0:00:34  0:02:33 56.7M 18 10.0G   18 1934M    0     0  54.6M      0  0:03:07  0:00:35  0:02:32 57.8M 19 10.0G   19 1992M    0     0  54.8M      0  0:03:06  0:00:36  0:02:30 58.7M 20 10.0G   20 2055M    0     0  54.9M      0  0:03:06  0:00:37  0:02:29 59.5M 20 10.0G   20 2115M    0     0  55.0M      0  0:03:05  0:00:38  0:02:27 59.8M 21 10.0G   21 2173M    0     0  55.1M      0  0:03:05  0:00:39  0:02:26 59.4M 21 10.0G   21 2233M    0     0  55.3M      0  0:03:05  0:00:40  0:02:25 60.0M 22 10.0G   22 2297M    0     0  55.4M      0  0:03:04  0:00:41  0:02:23 60.4M 23 10.0G   23 2357M    0     0  55.6M      0  0:03:04  0:00:42  0:02:22 60.4M 23 10.0G   23 2416M    0     0  55.7M      0  0:03:03  0:00:43  0:02:20 60.4M 24 10.0G   24 2476M    0     0  55.8M      0  0:03:03  0:00:44  0:02:19 60.9M 24 10.0G   24 2539M    0     0  55.9M      0  0:03:03  0:00:45  0:02:18 60.7M 25 10.0G   25 2598M    0     0  56.0M      0  0:03:02  0:00:46  0:02:16 60.4M 25 10.0G   25 2657M    0     0  56.1M      0  0:03:02  0:00:47  0:02:15 60.3M 26 10.0G   26 2720M    0     0  56.1M      0  0:03:02  0:00:48  0:02:14 60.4M 27 10.0G   27 2780M    0     0  56.2M      0  0:03:01  0:00:49  0:02:12 60.3M 27 10.0G   27 2842M    0     0  56.4M      0  0:03:01  0:00:50  0:02:11 60.7M 28 10.0G   28 2902M    0     0  56.4M      0  0:03:01  0:00:51  0:02:10 60.9M 28 10.0G   28 2966M    0     0  56.6M      0  0:03:00  0:00:52  0:02:08 61.2M 29 10.0G   29 3026M    0     0  56.6M      0  0:03:00  0:00:53  0:02:07 61.2M 30 10.0G   30 3086M    0     0  56.7M      0  0:03:00  0:00:54  0:02:06 61.3M 30 10.0G   30 3147M    0     0  56.8M      0  0:03:00  0:00:55  0:02:05 61.2M 31 10.0G   31 3211M    0     0  56.9M      0  0:02:59  0:00:56  0:02:03 61.2M 31 10.0G   31 3272M    0     0  57.0M      0  0:02:59  0:00:57  0:02:02 61.4M 32 10.0G   32 3332M    0     0  57.0M      0  0:02:59  0:00:58  0:02:01 61.3M 33 10.0G   33 3392M    0     0  57.1M      0  0:02:59  0:00:59  0:02:00 61.4M 33 10.0G   33 3456M    0     0  57.2M      0  0:02:58  0:01:00  0:01:58 61.4M 34 10.0G   34 3516M    0     0  57.2M      0  0:02:58  0:01:01  0:01:57 61.3M 34 10.0G   34 3574M    0     0  57.3M      0  0:02:58  0:01:02  0:01:56 60.6M 35 10.0G   35 3634M    0     0  57.3M      0  0:02:58  0:01:03  0:01:55 60.7M 36 10.0G   36 3696M    0     0  57.3M      0  0:02:58  0:01:04  0:01:54 60.2M 36 10.0G   36 3757M    0     0  57.4M      0  0:02:58  0:01:05  0:01:53 60.2M 37 10.0G   37 3817M    0     0  57.5M      0  0:02:58  0:01:06  0:01:52 60.3M 37 10.0G   37 3876M    0     0  57.5M      0  0:02:57  0:01:07  0:01:50 60.5M 38 10.0G   38 3940M    0     0  57.6M      0  0:02:57  0:01:08  0:01:49 60.6M 39 10.0G   39 4000M    0     0  57.6M      0  0:02:57  0:01:09  0:01:48 60.9M 39 10.0G   39 4061M    0     0  57.7M      0  0:02:57  0:01:10  0:01:47 60.9M 40 10.0G   40 4122M    0     0  57.7M      0  0:02:57  0:01:11  0:01:46 61.1M 40 10.0G   40 4186M    0     0  57.8M      0  0:02:57  0:01:12  0:01:45 61.3M 41 10.0G   41 4246M    0     0  57.8M      0  0:02:56  0:01:13  0:01:43 61.3M 42 10.0G   42 4306M    0     0  57.9M      0  0:02:56  0:01:14  0:01:42 61.3M 42 10.0G   42 4367M    0     0  57.9M      0  0:02:56  0:01:15  0:01:41 61.4M 43 10.0G   43 4431M    0     0  57.9M      0  0:02:56  0:01:16  0:01:40 61.1M 43 10.0G   43 4491M    0     0  58.0M      0  0:02:56  0:01:17  0:01:39 61.2M 44 10.0G   44 4552M    0     0  58.0M      0  0:02:56  0:01:18  0:01:38 61.4M 45 10.0G   45 4613M    0     0  58.1M      0  0:02:56  0:01:19  0:01:37 61.4M 45 10.0G   45 4677M    0     0  58.1M      0  0:02:56  0:01:20  0:01:36 61.5M 46 10.0G   46 4739M    0     0  58.2M      0  0:02:55  0:01:21  0:01:34 61.7M 46 10.0G   46 4800M    0     0  58.2M      0  0:02:55  0:01:22  0:01:33 62.0M 47 10.0G   47 4861M    0     0  58.3M      0  0:02:55  0:01:23  0:01:32 62.0M 48 10.0G   48 4927M    0     0  58.3M      0  0:02:55  0:01:24  0:01:31 62.2M 48 10.0G   48 4988M    0     0  58.4M      0  0:02:55  0:01:25  0:01:30 62.2M 49 10.0G   49 5048M    0     0  58.4M      0  0:02:55  0:01:26  0:01:29 62.0M 49 10.0G   49 5110M    0     0  58.4M      0  0:02:55  0:01:27  0:01:28 62.0M 50 10.0G   50 5175M    0     0  58.5M      0  0:02:54  0:01:28  0:01:26 62.1M 51 10.0G   51 5236M    0     0  58.5M      0  0:02:54  0:01:29  0:01:25 62.0M 51 10.0G   51 5298M    0     0  58.6M      0  0:02:54  0:01:30  0:01:24 62.1M 52 10.0G   52 5358M    0     0  58.6M      0  0:02:54  0:01:31  0:01:23 62.1M 52 10.0G   52 5422M    0     0  58.6M      0  0:02:54  0:01:32  0:01:22 61.8M 53 10.0G   53 5484M    0     0  58.7M      0  0:02:54  0:01:33  0:01:21 61.9M 54 10.0G   54 5545M    0     0  58.7M      0  0:02:54  0:01:34  0:01:20 61.8M 54 10.0G   54 5606M    0     0  58.7M      0  0:02:54  0:01:35  0:01:19 61.8M 55 10.0G   55 5669M    0     0  58.8M      0  0:02:54  0:01:36  0:01:18 61.6M 55 10.0G   55 5731M    0     0  58.8M      0  0:02:54  0:01:37  0:01:17 61.9M 56 10.0G   56 5790M    0     0  58.8M      0  0:02:53  0:01:38  0:01:15 61.5M 57 10.0G   57 5853M    0     0  58.9M      0  0:02:53  0:01:39  0:01:14 61.7M 57 10.0G   57 5917M    0     0  58.9M      0  0:02:53  0:01:40  0:01:13 61.5M 58 10.0G   58 5979M    0     0  58.9M      0  0:02:53  0:01:41  0:01:12 62.0M 58 10.0G   58 6040M    0     0  58.9M      0  0:02:53  0:01:42  0:01:11 61.9M 59 10.0G   59 6101M    0     0  59.0M      0  0:02:53  0:01:43  0:01:10 62.3M 60 10.0G   60 6165M    0     0  59.0M      0  0:02:53  0:01:44  0:01:09 61.9M 60 10.0G   60 6226M    0     0  59.0M      0  0:02:53  0:01:45  0:01:08 61.9M 61 10.0G   61 6286M    0     0  59.0M      0  0:02:53  0:01:46  0:01:07 61.6M 61 10.0G   61 6345M    0     0  59.1M      0  0:02:53  0:01:47  0:01:06 61.2M 62 10.0G   62 6409M    0     0  59.1M      0  0:02:53  0:01:48  0:01:05 61.0M 63 10.0G   63 6470M    0     0  59.1M      0  0:02:53  0:01:49  0:01:04 61.0M 63 10.0G   63 6529M    0     0  59.1M      0  0:02:53  0:01:50  0:01:03 60.8M 64 10.0G   64 6590M    0     0  59.1M      0  0:02:53  0:01:51  0:01:02 60.8M 64 10.0G   64 6654M    0     0  59.1M      0  0:02:52  0:01:52  0:01:00 61.1M 65 10.0G   65 6714M    0     0  59.2M      0  0:02:52  0:01:53  0:00:59 61.1M 66 10.0G   66 6774M    0     0  59.2M      0  0:02:52  0:01:54  0:00:58 60.9M 66 10.0G   66 6834M    0     0  59.2M      0  0:02:52  0:01:55  0:00:57 61.0M 67 10.0G   67 6897M    0     0  59.2M      0  0:02:52  0:01:56  0:00:56 61.5M 67 10.0G   67 6957M    0     0  59.2M      0  0:02:52  0:01:57  0:00:55 60.6M 68 10.0G   68 7017M    0     0  59.2M      0  0:02:52  0:01:58  0:00:54 60.6M 69 10.0G   69 7076M    0     0  59.2M      0  0:02:52  0:01:59  0:00:53 60.6M 69 10.0G   69 7141M    0     0  59.3M      0  0:02:52  0:02:00  0:00:52 61.4M 70 10.0G   70 7202M    0     0  59.3M      0  0:02:52  0:02:01  0:00:51 60.6M 70 10.0G   70 7258M    0     0  59.3M      0  0:02:52  0:02:02  0:00:50 60.4M 71 10.0G   71 7316M    0     0  59.3M      0  0:02:52  0:02:03  0:00:49 60.1M 72 10.0G   72 7379M    0     0  59.3M      0  0:02:52  0:02:04  0:00:48 60.0M 72 10.0G   72 7439M    0     0  59.3M      0  0:02:52  0:02:05  0:00:47 59.1M 73 10.0G   73 7498M    0     0  59.3M      0  0:02:52  0:02:06  0:00:46 59.2M 73 10.0G   73 7558M    0     0  59.3M      0  0:02:52  0:02:07  0:00:45 60.1M 74 10.0G   74 7622M    0     0  59.3M      0  0:02:52  0:02:08  0:00:44 60.5M 75 10.0G   75 7683M    0     0  59.3M      0  0:02:52  0:02:09  0:00:43 60.8M 75 10.0G   75 7743M    0     0  59.3M      0  0:02:52  0:02:10  0:00:42 60.9M 76 10.0G   76 7804M    0     0  59.4M      0  0:02:52  0:02:11  0:00:41 61.4M 76 10.0G   76 7866M    0     0  59.4M      0  0:02:52  0:02:12  0:00:40 61.1M 77 10.0G   77 7927M    0     0  59.4M      0  0:02:52  0:02:13  0:00:39 61.1M 78 10.0G   78 7988M    0     0  59.4M      0  0:02:52  0:02:14  0:00:38 61.1M 78 10.0G   78 8047M    0     0  59.4M      0  0:02:52  0:02:15  0:00:37 61.0M 79 10.0G   79 8109M    0     0  59.4M      0  0:02:52  0:02:16  0:00:36 61.0M 79 10.0G   79 8170M    0     0  59.4M      0  0:02:52  0:02:17  0:00:35 60.8M 80 10.0G   80 8229M    0     0  59.4M      0  0:02:52  0:02:18  0:00:34 60.4M 80 10.0G   80 8289M    0     0  59.4M      0  0:02:52  0:02:19  0:00:33 60.4M 81 10.0G   81 8352M    0     0  59.5M      0  0:02:52  0:02:20  0:00:32 61.0M 82 10.0G   82 8414M    0     0  59.5M      0  0:02:52  0:02:21  0:00:31 60.5M 82 10.0G   82 8474M    0     0  59.4M      0  0:02:52  0:02:22  0:00:30 60.4M 83 10.0G   83 8534M    0     0  59.5M      0  0:02:52  0:02:23  0:00:29 61.1M 83 10.0G   83 8596M    0     0  59.5M      0  0:02:51  0:02:24  0:00:27 61.4M 84 10.0G   84 8656M    0     0  59.5M      0  0:02:52  0:02:25  0:00:27 60.2M 85 10.0G   85 8715M    0     0  59.5M      0  0:02:51  0:02:26  0:00:25 60.4M 85 10.0G   85 8775M    0     0  59.5M      0  0:02:51  0:02:27  0:00:24 60.9M 86 10.0G   86 8838M    0     0  59.5M      0  0:02:51  0:02:28  0:00:23 61.0M 86 10.0G   86 8900M    0     0  59.5M      0  0:02:51  0:02:29  0:00:22 60.3M 87 10.0G   87 8956M    0     0  59.5M      0  0:02:51  0:02:30  0:00:21 60.3M 88 10.0G   88 9016M    0     0  59.5M      0  0:02:51  0:02:31  0:00:20 60.2M 88 10.0G   88 9078M    0     0  59.5M      0  0:02:51  0:02:32  0:00:19 60.8M 89 10.0G   89 9140M    0     0  59.5M      0  0:02:51  0:02:33  0:00:18 59.9M 89 10.0G   89 9199M    0     0  59.5M      0  0:02:51  0:02:34  0:00:17 60.0M 90 10.0G   90 9259M    0     0  59.5M      0  0:02:51  0:02:35  0:00:16 60.6M 91 10.0G   91 9320M    0     0  59.5M      0  0:02:51  0:02:36  0:00:15 60.2M 91 10.0G   91 9380M    0     0  59.5M      0  0:02:51  0:02:37  0:00:14 59.8M 92 10.0G   92 9439M    0     0  59.5M      0  0:02:51  0:02:38  0:00:13 59.9M 92 10.0G   92 9499M    0     0  59.6M      0  0:02:51  0:02:39  0:00:12 60.1M 93 10.0G   93 9562M    0     0  59.6M      0  0:02:51  0:02:40  0:00:11 60.7M 94 10.0G   94 9626M    0     0  59.6M      0  0:02:51  0:02:41  0:00:10 61.4M 94 10.0G   94 9689M    0     0  59.6M      0  0:02:51  0:02:42  0:00:09 61.8M 95 10.0G   95 9750M    0     0  59.6M      0  0:02:51  0:02:43  0:00:08 62.2M 95 10.0G   95 9811M    0     0  59.6M      0  0:02:51  0:02:44  0:00:07 62.4M 96 10.0G   96 9875M    0     0  59.7M      0  0:02:51  0:02:45  0:00:06 62.0M 97 10.0G   97 9937M    0     0  59.7M      0  0:02:51  0:02:46  0:00:05 62.1M 97 10.0G   97 9998M    0     0  59.7M      0  0:02:51  0:02:47  0:00:04 62.0M 98 10.0G   98  9.8G    0     0  59.7M      0  0:02:51  0:02:48  0:00:03 61.8M 98 10.0G   98  9.8G    0     0  59.7M      0  0:02:51  0:02:49  0:00:02 61.2M 99 10.0G   99  9.9G    0     0  59.7M      0  0:02:51  0:02:50  0:00:01 60.8M 99 10.0G   99  9.9G    0     0  59.7M      0  0:02:51  0:02:51 --:--:-- 60.5M100 10.0G  100 10.0G    0     0  59.7M      0  0:02:51  0:02:51 --:--:-- 60.2M
  % Total    % Received % Xferd  Average Speed   Time    Time     Time  Current
                                 Dload  Upload   Total   Spent    Left  Speed
  0     0    0     0    0     0      0      0 --:--:-- --:--:-- --:--:--     0  0 20.0G    0 24399    0     0   130k      0 44:29:48 --:--:-- 44:29:48  130k  0 20.0G    0 40.4M    0     0  33.1M      0  0:10:18  0:00:01  0:10:17 33.0M  0 20.0G    0 99.0M    0     0  44.9M      0  0:07:35  0:00:02  0:07:33 44.9M  0 20.0G    0  159M    0     0  50.1M      0  0:06:48  0:00:03  0:06:45 50.1M  1 20.0G    1  219M    0     0  52.6M      0  0:06:28  0:00:04  0:06:24 52.6M  1 20.0G    1  284M    0     0  54.5M      0  0:06:15  0:00:05  0:06:10 56.5M  1 20.0G    1  344M    0     0  55.4M      0  0:06:09  0:00:06  0:06:03 60.9M  1 20.0G    1  404M    0     0  56.2M      0  0:06:04  0:00:07  0:05:57 61.2M  2 20.0G    2  465M    0     0  56.9M      0  0:05:59  0:00:08  0:05:51 61.3M  2 20.0G    2  529M    0     0  57.4M      0  0:05:56  0:00:09  0:05:47 61.4M  2 20.0G    2  588M    0     0  57.6M      0  0:05:55  0:00:10  0:05:45 60.9M  3 20.0G    3  644M    0     0  57.6M      0  0:05:55  0:00:11  0:05:44 60.4M  3 20.0G    3  707M    0     0  57.8M      0  0:05:53  0:00:12  0:05:41 60.2M  3 20.0G    3  765M    0     0  57.9M      0  0:05:53  0:00:13  0:05:40 59.5M  4 20.0G    4  822M    0     0  57.9M      0  0:05:53  0:00:14  0:05:39 58.8M  4 20.0G    4  880M    0     0  57.9M      0  0:05:53  0:00:15  0:05:38 58.6M  4 20.0G    4  941M    0     0  58.0M      0  0:05:52  0:00:16  0:05:36 58.9M  4 20.0G    4 1001M    0     0  58.2M      0  0:05:51  0:00:17  0:05:34 58.9M  5 20.0G    5 1060M    0     0  58.3M      0  0:05:51  0:00:18  0:05:33 59.2M  5 20.0G    5 1121M    0     0  58.4M      0  0:05:50  0:00:19  0:05:31 59.9M  5 20.0G    5 1181M    0     0  58.4M      0  0:05:50  0:00:20  0:05:30 59.8M  6 20.0G    6 1241M    0     0  58.5M      0  0:05:49  0:00:21  0:05:28 60.1M  6 20.0G    6 1300M    0     0  58.6M      0  0:05:49  0:00:22  0:05:27 60.0M  6 20.0G    6 1362M    0     0  58.6M      0  0:05:49  0:00:23  0:05:26 59.9M  6 20.0G    6 1423M    0     0  58.7M      0  0:05:48  0:00:24  0:05:24 59.9M  7 20.0G    7 1482M    0     0  58.8M      0  0:05:47  0:00:25  0:05:22 60.4M  7 20.0G    7 1542M    0     0  58.9M      0  0:05:47  0:00:26  0:05:21 60.5M  7 20.0G    7 1605M    0     0  58.9M      0  0:05:47  0:00:27  0:05:20 60.5M  8 20.0G    8 1665M    0     0  59.0M      0  0:05:46  0:00:28  0:05:18 60.7M  8 20.0G    8 1725M    0     0  59.1M      0  0:05:46  0:00:29  0:05:17 60.6M  8 20.0G    8 1786M    0     0  59.2M      0  0:05:45  0:00:30  0:05:15 61.0M  9 20.0G    9 1848M    0     0  59.2M      0  0:05:45  0:00:31  0:05:14 60.7M  9 20.0G    9 1910M    0     0  59.3M      0  0:05:45  0:00:32  0:05:13 61.0M  9 20.0G    9 1971M    0     0  59.4M      0  0:05:44  0:00:33  0:05:11 61.5M  9 20.0G    9 2033M    0     0  59.5M      0  0:05:44  0:00:34  0:05:10 61.7M 10 20.0G   10 2098M    0     0  59.5M      0  0:05:43  0:00:35  0:05:08 61.8M 10 20.0G   10 2160M    0     0  59.6M      0  0:05:43  0:00:36  0:05:07 62.5M 10 20.0G   10 2221M    0     0  59.7M      0  0:05:42  0:00:37  0:05:05 62.4M 11 20.0G   11 2282M    0     0  59.7M      0  0:05:42  0:00:38  0:05:04 62.2M 11 20.0G   11 2348M    0     0  59.8M      0  0:05:42  0:00:39  0:05:03 62.3M 11 20.0G   11 2411M    0     0  59.9M      0  0:05:41  0:00:40  0:05:01 62.4M 12 20.0G   12 2473M    0     0  60.0M      0  0:05:41  0:00:41  0:05:00 62.5M 12 20.0G   12 2533M    0     0  60.0M      0  0:05:41  0:00:42  0:04:59 62.3M 12 20.0G   12 2594M    0     0  60.0M      0  0:05:41  0:00:43  0:04:58 61.9M 12 20.0G   12 2653M    0     0  60.0M      0  0:05:41  0:00:44  0:04:57 61.0M 13 20.0G   13 2712M    0     0  60.0M      0  0:05:41  0:00:45  0:04:56 60.5M 13 20.0G   13 2770M    0     0  59.9M      0  0:05:41  0:00:46  0:04:55 59.6M 13 20.0G   13 2833M    0     0  59.9M      0  0:05:41  0:00:47  0:04:54 59.4M 14 20.0G   14 2892M    0     0  60.0M      0  0:05:41  0:00:48  0:04:53 59.7M 14 20.0G   14 2951M    0     0  59.9M      0  0:05:41  0:00:49  0:04:52 59.9M 14 20.0G   14 3013M    0     0  60.0M      0  0:05:41  0:00:50  0:04:51 60.3M 15 20.0G   15 3075M    0     0  60.0M      0  0:05:41  0:00:51  0:04:50 60.4M 15 20.0G   15 3136M    0     0  60.0M      0  0:05:40  0:00:52  0:04:48 60.9M 15 20.0G   15 3198M    0     0  60.1M      0  0:05:40  0:00:53  0:04:47 61.3M 15 20.0G   15 3259M    0     0  60.1M      0  0:05:40  0:00:54  0:04:46 61.7M 16 20.0G   16 3324M    0     0  60.1M      0  0:05:40  0:00:55  0:04:45 61.6M 16 20.0G   16 3383M    0     0  60.1M      0  0:05:40  0:00:56  0:04:44 61.7M 16 20.0G   16 3445M    0     0  60.2M      0  0:05:39  0:00:57  0:04:42 61.9M 17 20.0G   17 3507M    0     0  60.2M      0  0:05:39  0:00:58  0:04:41 61.9M 17 20.0G   17 3572M    0     0  60.3M      0  0:05:39  0:00:59  0:04:40 62.0M 17 20.0G   17 3633M    0     0  60.3M      0  0:05:39  0:01:00  0:04:39 61.9M 18 20.0G   18 3691M    0     0  60.3M      0  0:05:39  0:01:01  0:04:38 61.8M 18 20.0G   18 3750M    0     0  60.3M      0  0:05:39  0:01:02  0:04:37 61.1M 18 20.0G   18 3816M    0     0  60.3M      0  0:05:39  0:01:03  0:04:36 61.1M 18 20.0G   18 3877M    0     0  60.3M      0  0:05:39  0:01:04  0:04:35 61.2M 19 20.0G   19 3936M    0     0  60.3M      0  0:05:39  0:01:05  0:04:34 60.9M 19 20.0G   19 3997M    0     0  60.3M      0  0:05:39  0:01:06  0:04:33 61.3M 19 20.0G   19 4062M    0     0  60.4M      0  0:05:38  0:01:07  0:04:31 61.8M 20 20.0G   20 4124M    0     0  60.4M      0  0:05:38  0:01:08  0:04:30 61.8M 20 20.0G   20 4183M    0     0  60.4M      0  0:05:38  0:01:09  0:04:29 61.4M 20 20.0G   20 4244M    0     0  60.4M      0  0:05:38  0:01:10  0:04:28 61.6M 21 20.0G   21 4308M    0     0  60.4M      0  0:05:38  0:01:11  0:04:27 61.7M 21 20.0G   21 4369M    0     0  60.5M      0  0:05:38  0:01:12  0:04:26 61.4M 21 20.0G   21 4428M    0     0  60.5M      0  0:05:38  0:01:13  0:04:25 61.0M 21 20.0G   21 4490M    0     0  60.5M      0  0:05:38  0:01:14  0:04:24 61.3M 22 20.0G   22 4549M    0     0  60.5M      0  0:05:38  0:01:15  0:04:23 61.1M 22 20.0G   22 4614M    0     0  60.5M      0  0:05:38  0:01:16  0:04:22 61.2M 22 20.0G   22 4674M    0     0  60.5M      0  0:05:38  0:01:17  0:04:21 61.0M 23 20.0G   23 4736M    0     0  60.5M      0  0:05:38  0:01:18  0:04:20 61.5M 23 20.0G   23 4798M    0     0  60.6M      0  0:05:37  0:01:19  0:04:18 61.8M 23 20.0G   23 4864M    0     0  60.6M      0  0:05:37  0:01:20  0:04:17 62.4M 24 20.0G   24 4926M    0     0  60.6M      0  0:05:37  0:01:21  0:04:16 62.5M 24 20.0G   24 4984M    0     0  60.6M      0  0:05:37  0:01:22  0:04:15 62.1M 24 20.0G   24 5046M    0     0  60.6M      0  0:05:37  0:01:23  0:04:14 62.1M 24 20.0G   24 5108M    0     0  60.6M      0  0:05:37  0:01:24  0:04:13 61.4M 25 20.0G   25 5169M    0     0  60.6M      0  0:05:37  0:01:25  0:04:12 61.1M 25 20.0G   25 5231M    0     0  60.6M      0  0:05:37  0:01:26  0:04:11 61.1M 25 20.0G   25 5293M    0     0  60.7M      0  0:05:37  0:01:27  0:04:10 62.1M 26 20.0G   26 5358M    0     0  60.7M      0  0:05:37  0:01:28  0:04:09 61.8M 26 20.0G   26 5419M    0     0  60.7M      0  0:05:37  0:01:29  0:04:08 62.3M 26 20.0G   26 5481M    0     0  60.7M      0  0:05:36  0:01:30  0:04:06 62.6M 27 20.0G   27 5542M    0     0  60.7M      0  0:05:36  0:01:31  0:04:05 62.3M 27 20.0G   27 5602M    0     0  60.7M      0  0:05:37  0:01:32  0:04:05 61.3M 27 20.0G   27 5663M    0     0  60.7M      0  0:05:37  0:01:33  0:04:04 61.3M 27 20.0G   27 5720M    0     0  60.7M      0  0:05:37  0:01:34  0:04:03 60.4M 28 20.0G   28 5779M    0     0  60.7M      0  0:05:37  0:01:35  0:04:02 59.8M 28 20.0G   28 5841M    0     0  60.7M      0  0:05:37  0:01:36  0:04:01 59.4M 28 20.0G   28 5901M    0     0  60.7M      0  0:05:37  0:01:37  0:04:00 59.9M 29 20.0G   29 5964M    0     0  60.7M      0  0:05:37  0:01:38  0:03:59 60.2M 29 20.0G   29 6026M    0     0  60.7M      0  0:05:37  0:01:39  0:03:58 61.2M 29 20.0G   29 6092M    0     0  60.7M      0  0:05:36  0:01:40  0:03:56 61.9M 30 20.0G   30 6154M    0     0  60.8M      0  0:05:36  0:01:41  0:03:55 62.7M 30 20.0G   30 6216M    0     0  60.8M      0  0:05:36  0:01:42  0:03:54 63.1M 30 20.0G   30 6277M    0     0  60.8M      0  0:05:36  0:01:43  0:03:53 62.7M 30 20.0G   30 6337M    0     0  60.8M      0  0:05:36  0:01:44  0:03:52 61.5M 31 20.0G   31 6396M    0     0  60.7M      0  0:05:36  0:01:45  0:03:51 60.9M 31 20.0G   31 6452M    0     0  60.7M      0  0:05:37  0:01:46  0:03:51 59.6M 31 20.0G   31 6511M    0     0  60.7M      0  0:05:37  0:01:47  0:03:50 59.2M 32 20.0G   32 6571M    0     0  60.7M      0  0:05:37  0:01:48  0:03:49 58.3M 32 20.0G   32 6630M    0     0  60.7M      0  0:05:37  0:01:49  0:03:48 58.8M 32 20.0G   32 6689M    0     0  60.7M      0  0:05:37  0:01:50  0:03:47 58.8M 32 20.0G   32 6751M    0     0  60.7M      0  0:05:37  0:01:51  0:03:46 60.1M 33 20.0G   33 6815M    0     0  60.7M      0  0:05:37  0:01:52  0:03:45 60.1M 33 20.0G   33 6876M    0     0  60.7M      0  0:05:37  0:01:53  0:03:44 61.0M 33 20.0G   33 6934M    0     0  60.7M      0  0:05:37  0:01:54  0:03:43 61.1M 34 20.0G   34 6995M    0     0  60.7M      0  0:05:37  0:01:55  0:03:42 61.3M 34 20.0G   34 7059M    0     0  60.7M      0  0:05:37  0:01:56  0:03:41 61.1M 34 20.0G   34 7119M    0     0  60.7M      0  0:05:37  0:01:57  0:03:40 61.0M 35 20.0G   35 7179M    0     0  60.7M      0  0:05:37  0:01:58  0:03:39 60.9M 35 20.0G   35 7239M    0     0  60.7M      0  0:05:37  0:01:59  0:03:38 60.9M 35 20.0G   35 7302M    0     0  60.7M      0  0:05:37  0:02:00  0:03:37 60.7M 35 20.0G   35 7363M    0     0  60.7M      0  0:05:37  0:02:01  0:03:36 60.8M 36 20.0G   36 7424M    0     0  60.7M      0  0:05:37  0:02:02  0:03:35 61.1M 36 20.0G   36 7482M    0     0  60.7M      0  0:05:37  0:02:03  0:03:34 60.6M 36 20.0G   36 7545M    0     0  60.7M      0  0:05:37  0:02:04  0:03:33 60.7M 37 20.0G   37 7606M    0     0  60.7M      0  0:05:37  0:02:05  0:03:32 61.0M 37 20.0G   37 7666M    0     0  60.7M      0  0:05:37  0:02:06  0:03:31 60.8M 37 20.0G   37 7727M    0     0  60.7M      0  0:05:37  0:02:07  0:03:30 60.8M 38 20.0G   38 7790M    0     0  60.7M      0  0:05:37  0:02:08  0:03:29 61.0M 38 20.0G   38 7850M    0     0  60.7M      0  0:05:37  0:02:09  0:03:28 61.2M 38 20.0G   38 7910M    0     0  60.7M      0  0:05:37  0:02:10  0:03:27 61.0M 38 20.0G   38 7972M    0     0  60.7M      0  0:05:36  0:02:11  0:03:25 61.3M 39 20.0G   39 8038M    0     0  60.7M      0  0:05:36  0:02:12  0:03:24 61.4M 39 20.0G   39 8098M    0     0  60.7M      0  0:05:36  0:02:13  0:03:23 61.8M 39 20.0G   39 8159M    0     0  60.8M      0  0:05:36  0:02:14  0:03:22 61.8M 40 20.0G   40 8218M    0     0  60.7M      0  0:05:36  0:02:15  0:03:21 61.5M 40 20.0G   40 8281M    0     0  60.7M      0  0:05:36  0:02:16  0:03:20 61.2M 40 20.0G   40 8342M    0     0  60.7M      0  0:05:36  0:02:17  0:03:19 60.9M 41 20.0G   41 8404M    0     0  60.8M      0  0:05:36  0:02:18  0:03:18 61.2M 41 20.0G   41 8465M    0     0  60.8M      0  0:05:36  0:02:19  0:03:17 61.3M 41 20.0G   41 8530M    0     0  60.8M      0  0:05:36  0:02:20  0:03:16 62.5M 41 20.0G   41 8591M    0     0  60.8M      0  0:05:36  0:02:21  0:03:15 62.1M 42 20.0G   42 8652M    0     0  60.8M      0  0:05:36  0:02:22  0:03:14 62.2M 42 20.0G   42 8710M    0     0  60.8M      0  0:05:36  0:02:23  0:03:13 61.5M 42 20.0G   42 8775M    0     0  60.8M      0  0:05:36  0:02:24  0:03:12 62.0M 43 20.0G   43 8835M    0     0  60.8M      0  0:05:36  0:02:25  0:03:11 60.5M 43 20.0G   43 8895M    0     0  60.8M      0  0:05:36  0:02:26  0:03:10 60.8M 43 20.0G   43 8954M    0     0  60.8M      0  0:05:36  0:02:27  0:03:09 60.5M 44 20.0G   44 9018M    0     0  60.8M      0  0:05:36  0:02:28  0:03:08 61.0M 44 20.0G   44 9079M    0     0  60.8M      0  0:05:36  0:02:29  0:03:07 60.4M 44 20.0G   44 9139M    0     0  60.8M      0  0:05:36  0:02:30  0:03:06 60.9M 44 20.0G   44 9198M    0     0  60.8M      0  0:05:36  0:02:31  0:03:05 60.9M 45 20.0G   45 9261M    0     0  60.8M      0  0:05:36  0:02:32  0:03:04 61.5M 45 20.0G   45 9324M    0     0  60.8M      0  0:05:36  0:02:33  0:03:03 61.3M 45 20.0G   45 9385M    0     0  60.8M      0  0:05:36  0:02:34  0:03:02 61.2M 46 20.0G   46 9443M    0     0  60.8M      0  0:05:36  0:02:35  0:03:01 61.1M 46 20.0G   46 9503M    0     0  60.8M      0  0:05:36  0:02:36  0:03:00 61.1M 46 20.0G   46 9568M    0     0  60.8M      0  0:05:36  0:02:37  0:02:59 60.7M 47 20.0G   47 9628M    0     0  60.8M      0  0:05:36  0:02:38  0:02:58 60.8M 47 20.0G   47 9688M    0     0  60.8M      0  0:05:36  0:02:39  0:02:57 60.7M 47 20.0G   47 9748M    0     0  60.8M      0  0:05:36  0:02:40  0:02:56 60.9M 47 20.0G   47 9809M    0     0  60.8M      0  0:05:36  0:02:41  0:02:55 60.6M 48 20.0G   48 9870M    0     0  60.8M      0  0:05:36  0:02:42  0:02:54 60.6M 48 20.0G   48 9929M    0     0  60.8M      0  0:05:36  0:02:43  0:02:53 60.4M 48 20.0G   48 9991M    0     0  60.8M      0  0:05:36  0:02:44  0:02:52 60.7M 49 20.0G   49  9.8G    0     0  60.8M      0  0:05:36  0:02:45  0:02:51 60.9M 49 20.0G   49  9.8G    0     0  60.8M      0  0:05:36  0:02:46  0:02:50 60.3M 49 20.0G   49  9.9G    0     0  60.8M      0  0:05:36  0:02:47  0:02:49 60.6M 49 20.0G   49  9.9G    0     0  60.8M      0  0:05:36  0:02:48  0:02:48 61.1M 50 20.0G   50 10.0G    0     0  60.8M      0  0:05:36  0:02:49  0:02:47 60.5M 50 20.0G   50 10.1G    0     0  60.8M      0  0:05:36  0:02:50  0:02:46 60.6M 50 20.0G   50 10.1G    0     0  60.8M      0  0:05:36  0:02:51  0:02:45 61.8M 51 20.0G   51 10.2G    0     0  60.8M      0  0:05:36  0:02:52  0:02:44 61.5M 51 20.0G   51 10.2G    0     0  60.8M      0  0:05:36  0:02:53  0:02:43 61.4M 51 20.0G   51 10.3G    0     0  60.8M      0  0:05:36  0:02:54  0:02:42 62.2M 52 20.0G   52 10.4G    0     0  60.8M      0  0:05:36  0:02:55  0:02:41 62.2M 52 20.0G   52 10.4G    0     0  60.8M      0  0:05:36  0:02:56  0:02:40 61.8M 52 20.0G   52 10.5G    0     0  60.9M      0  0:05:36  0:02:57  0:02:39 62.2M 52 20.0G   52 10.5G    0     0  60.9M      0  0:05:36  0:02:58  0:02:38 61.7M 53 20.0G   53 10.6G    0     0  60.9M      0  0:05:36  0:02:59  0:02:37 61.8M 53 20.0G   53 10.7G    0     0  60.9M      0  0:05:36  0:03:00  0:02:36 61.7M 53 20.0G   53 10.7G    0     0  60.9M      0  0:05:36  0:03:01  0:02:35 61.6M 54 20.0G   54 10.8G    0     0  60.9M      0  0:05:36  0:03:02  0:02:34 61.1M 54 20.0G   54 10.8G    0     0  60.8M      0  0:05:36  0:03:03  0:02:33 60.7M 54 20.0G   54 10.9G    0     0  60.9M      0  0:05:36  0:03:04  0:02:32 60.3M 55 20.0G   55 11.0G    0     0  60.9M      0  0:05:36  0:03:05  0:02:31 60.4M 55 20.0G   55 11.0G    0     0  60.9M      0  0:05:36  0:03:06  0:02:30 60.8M 55 20.0G   55 11.1G    0     0  60.8M      0  0:05:36  0:03:07  0:02:29 60.0M 55 20.0G   55 11.1G    0     0  60.8M      0  0:05:36  0:03:08  0:02:28 60.9M 56 20.0G   56 11.2G    0     0  60.9M      0  0:05:36  0:03:09  0:02:27 61.2M 56 20.0G   56 11.3G    0     0  60.9M      0  0:05:36  0:03:10  0:02:26 61.2M 56 20.0G   56 11.3G    0     0  60.9M      0  0:05:36  0:03:11  0:02:25 61.4M 57 20.0G   57 11.4G    0     0  60.9M      0  0:05:36  0:03:12  0:02:24 62.6M 57 20.0G   57 11.4G    0     0  60.9M      0  0:05:36  0:03:13  0:02:23 62.6M 57 20.0G   57 11.5G    0     0  60.9M      0  0:05:35  0:03:14  0:02:21 62.8M 58 20.0G   58 11.6G    0     0  60.9M      0  0:05:35  0:03:15  0:02:20 62.8M 58 20.0G   58 11.6G    0     0  60.9M      0  0:05:35  0:03:16  0:02:19 62.6M 58 20.0G   58 11.7G    0     0  60.9M      0  0:05:35  0:03:17  0:02:18 62.7M 59 20.0G   59 11.8G    0     0  60.9M      0  0:05:35  0:03:18  0:02:17 62.6M 59 20.0G   59 11.8G    0     0  61.0M      0  0:05:35  0:03:19  0:02:16 62.6M 59 20.0G   59 11.9G    0     0  61.0M      0  0:05:35  0:03:20  0:02:15 62.2M 59 20.0G   59 11.9G    0     0  61.0M      0  0:05:35  0:03:21  0:02:14 62.1M 60 20.0G   60 12.0G    0     0  61.0M      0  0:05:35  0:03:22  0:02:13 62.0M 60 20.0G   60 12.1G    0     0  61.0M      0  0:05:35  0:03:23  0:02:12 62.1M 60 20.0G   60 12.1G    0     0  61.0M      0  0:05:35  0:03:24  0:02:11 61.5M 61 20.0G   61 12.2G    0     0  61.0M      0  0:05:35  0:03:25  0:02:10 61.7M 61 20.0G   61 12.2G    0     0  61.0M      0  0:05:35  0:03:26  0:02:09 61.9M 61 20.0G   61 12.3G    0     0  61.0M      0  0:05:35  0:03:27  0:02:08 61.8M 62 20.0G   62 12.4G    0     0  61.0M      0  0:05:35  0:03:28  0:02:07 61.2M 62 20.0G   62 12.4G    0     0  61.0M      0  0:05:35  0:03:29  0:02:06 60.8M 62 20.0G   62 12.5G    0     0  61.0M      0  0:05:35  0:03:30  0:02:05 60.8M 62 20.0G   62 12.5G    0     0  61.0M      0  0:05:35  0:03:31  0:02:04 60.6M 63 20.0G   63 12.6G    0     0  61.0M      0  0:05:35  0:03:32  0:02:03 60.7M 63 20.0G   63 12.7G    0     0  61.0M      0  0:05:35  0:03:33  0:02:02 60.7M 63 20.0G   63 12.7G    0     0  61.0M      0  0:05:35  0:03:34  0:02:01 61.2M 64 20.0G   64 12.8G    0     0  61.0M      0  0:05:35  0:03:35  0:02:00 61.1M 64 20.0G   64 12.8G    0     0  61.0M      0  0:05:35  0:03:36  0:01:59 60.9M 64 20.0G   64 12.9G    0     0  61.0M      0  0:05:35  0:03:37  0:01:58 60.9M 65 20.0G   65 13.0G    0     0  61.0M      0  0:05:35  0:03:38  0:01:57 61.4M 65 20.0G   65 13.0G    0     0  61.0M      0  0:05:35  0:03:39  0:01:56 61.8M 65 20.0G   65 13.1G    0     0  61.0M      0  0:05:35  0:03:40  0:01:55 61.4M 65 20.0G   65 13.1G    0     0  61.0M      0  0:05:35  0:03:41  0:01:54 61.6M 66 20.0G   66 13.2G    0     0  61.0M      0  0:05:35  0:03:42  0:01:53 61.3M 66 20.0G   66 13.3G    0     0  61.0M      0  0:05:35  0:03:43  0:01:52 61.3M 66 20.0G   66 13.3G    0     0  61.0M      0  0:05:35  0:03:44  0:01:51 61.3M 67 20.0G   67 13.4G    0     0  61.0M      0  0:05:35  0:03:45  0:01:50 61.6M 67 20.0G   67 13.4G    0     0  61.0M      0  0:05:35  0:03:46  0:01:49 62.0M 67 20.0G   67 13.5G    0     0  61.0M      0  0:05:35  0:03:47  0:01:48 62.7M 68 20.0G   68 13.6G    0     0  61.0M      0  0:05:35  0:03:48  0:01:47 62.7M 68 20.0G   68 13.6G    0     0  61.0M      0  0:05:35  0:03:49  0:01:46 62.2M 68 20.0G   68 13.7G    0     0  61.0M      0  0:05:35  0:03:50  0:01:45 62.0M 68 20.0G   68 13.7G    0     0  61.0M      0  0:05:35  0:03:51  0:01:44 61.9M 69 20.0G   69 13.8G    0     0  61.0M      0  0:05:35  0:03:52  0:01:43 61.9M 69 20.0G   69 13.9G    0     0  61.0M      0  0:05:35  0:03:53  0:01:42 61.6M 69 20.0G   69 13.9G    0     0  61.0M      0  0:05:35  0:03:54  0:01:41 62.0M 70 20.0G   70 14.0G    0     0  61.0M      0  0:05:35  0:03:55  0:01:40 62.5M 70 20.0G   70 14.0G    0     0  61.1M      0  0:05:35  0:03:56  0:01:39 62.5M 70 20.0G   70 14.1G    0     0  61.1M      0  0:05:35  0:03:57  0:01:38 62.5M 71 20.0G   71 14.2G    0     0  61.1M      0  0:05:35  0:03:58  0:01:37 62.6M 71 20.0G   71 14.2G    0     0  61.1M      0  0:05:35  0:03:59  0:01:36 62.7M 71 20.0G   71 14.3G    0     0  61.1M      0  0:05:34  0:04:00  0:01:34 63.0M 72 20.0G   72 14.4G    0     0  61.1M      0  0:05:34  0:04:01  0:01:33 63.1M 72 20.0G   72 14.4G    0     0  61.1M      0  0:05:34  0:04:02  0:01:32 63.0M 72 20.0G   72 14.5G    0     0  61.1M      0  0:05:34  0:04:03  0:01:31 63.1M 72 20.0G   72 14.5G    0     0  61.1M      0  0:05:34  0:04:04  0:01:30 63.0M 73 20.0G   73 14.6G    0     0  61.1M      0  0:05:34  0:04:05  0:01:29 62.7M 73 20.0G   73 14.7G    0     0  61.1M      0  0:05:34  0:04:06  0:01:28 62.4M 73 20.0G   73 14.7G    0     0  61.1M      0  0:05:34  0:04:07  0:01:27 62.2M 74 20.0G   74 14.8G    0     0  61.1M      0  0:05:34  0:04:08  0:01:26 61.8M 74 20.0G   74 14.8G    0     0  61.1M      0  0:05:34  0:04:09  0:01:25 61.4M 74 20.0G   74 14.9G    0     0  61.1M      0  0:05:34  0:04:10  0:01:24 61.5M 75 20.0G   75 15.0G    0     0  61.1M      0  0:05:34  0:04:11  0:01:23 61.7M 75 20.0G   75 15.0G    0     0  61.1M      0  0:05:34  0:04:12  0:01:22 61.6M 75 20.0G   75 15.1G    0     0  61.1M      0  0:05:34  0:04:13  0:01:21 62.3M 75 20.0G   75 15.1G    0     0  61.2M      0  0:05:34  0:04:14  0:01:20 63.0M 76 20.0G   76 15.2G    0     0  61.2M      0  0:05:34  0:04:15  0:01:19 62.8M 76 20.0G   76 15.3G    0     0  61.2M      0  0:05:34  0:04:16  0:01:18 62.6M 76 20.0G   76 15.3G    0     0  61.2M      0  0:05:34  0:04:17  0:01:17 62.7M 77 20.0G   77 15.4G    0     0  61.2M      0  0:05:34  0:04:18  0:01:16 62.2M 77 20.0G   77 15.4G    0     0  61.2M      0  0:05:34  0:04:19  0:01:15 61.9M 77 20.0G   77 15.5G    0     0  61.2M      0  0:05:34  0:04:20  0:01:14 62.4M 78 20.0G   78 15.6G    0     0  61.2M      0  0:05:34  0:04:21  0:01:13 62.1M 78 20.0G   78 15.6G    0     0  61.2M      0  0:05:34  0:04:22  0:01:12 62.2M 78 20.0G   78 15.7G    0     0  61.2M      0  0:05:34  0:04:23  0:01:11 62.4M 78 20.0G   78 15.7G    0     0  61.2M      0  0:05:34  0:04:24  0:01:10 61.9M 79 20.0G   79 15.8G    0     0  61.2M      0  0:05:34  0:04:25  0:01:09 61.3M 79 20.0G   79 15.9G    0     0  61.2M      0  0:05:34  0:04:26  0:01:08 61.6M 79 20.0G   79 15.9G    0     0  61.2M      0  0:05:34  0:04:27  0:01:07 60.9M 80 20.0G   80 16.0G    0     0  61.2M      0  0:05:34  0:04:28  0:01:06 60.7M 80 20.0G   80 16.0G    0     0  61.2M      0  0:05:34  0:04:29  0:01:05 60.0M 80 20.0G   80 16.1G    0     0  61.2M      0  0:05:34  0:04:30  0:01:04 59.7M 81 20.0G   81 16.2G    0     0  61.2M      0  0:05:34  0:04:31  0:01:03 59.9M 81 20.0G   81 16.2G    0     0  61.2M      0  0:05:34  0:04:32  0:01:02 60.2M 81 20.0G   81 16.3G    0     0  61.2M      0  0:05:34  0:04:33  0:01:01 60.2M 81 20.0G   81 16.3G    0     0  61.2M      0  0:05:34  0:04:34  0:01:00 60.9M 82 20.0G   82 16.4G    0     0  61.2M      0  0:05:34  0:04:35  0:00:59 60.8M 82 20.0G   82 16.5G    0     0  61.1M      0  0:05:34  0:04:36  0:00:58 60.3M 82 20.0G   82 16.5G    0     0  61.1M      0  0:05:34  0:04:37  0:00:57 59.9M 83 20.0G   83 16.6G    0     0  61.1M      0  0:05:34  0:04:38  0:00:56 59.8M 83 20.0G   83 16.6G    0     0  61.1M      0  0:05:34  0:04:39  0:00:55 59.4M 83 20.0G   83 16.7G    0     0  61.1M      0  0:05:34  0:04:40  0:00:54 58.8M 83 20.0G   83 16.7G    0     0  61.1M      0  0:05:34  0:04:41  0:00:53 58.4M 84 20.0G   84 16.8G    0     0  61.1M      0  0:05:34  0:04:42  0:00:52 58.6M 84 20.0G   84 16.9G    0     0  61.1M      0  0:05:34  0:04:43  0:00:51 58.5M 84 20.0G   84 16.9G    0     0  61.1M      0  0:05:34  0:04:44  0:00:50 58.7M 85 20.0G   85 17.0G    0     0  61.1M      0  0:05:35  0:04:45  0:00:50 58.9M 85 20.0G   85 17.0G    0     0  61.1M      0  0:05:35  0:04:46  0:00:49 59.3M 85 20.0G   85 17.1G    0     0  61.1M      0  0:05:35  0:04:47  0:00:48 59.7M 85 20.0G   85 17.1G    0     0  61.1M      0  0:05:35  0:04:48  0:00:47 59.2M 86 20.0G   86 17.2G    0     0  61.1M      0  0:05:35  0:04:49  0:00:46 59.5M 86 20.0G   86 17.3G    0     0  61.0M      0  0:05:35  0:04:50  0:00:45 59.5M 86 20.0G   86 17.3G    0     0  61.0M      0  0:05:35  0:04:51  0:00:44 59.3M 87 20.0G   87 17.4G    0     0  61.0M      0  0:05:35  0:04:52  0:00:43 59.0M 87 20.0G   87 17.4G    0     0  61.0M      0  0:05:35  0:04:53  0:00:42 59.6M 87 20.0G   87 17.5G    0     0  61.0M      0  0:05:35  0:04:54  0:00:41 59.3M 88 20.0G   88 17.6G    0     0  61.0M      0  0:05:35  0:04:55  0:00:40 59.6M 88 20.0G   88 17.6G    0     0  61.0M      0  0:05:35  0:04:56  0:00:39 60.2M 88 20.0G   88 17.7G    0     0  61.0M      0  0:05:35  0:04:57  0:00:38 60.3M 88 20.0G   88 17.7G    0     0  61.0M      0  0:05:35  0:04:58  0:00:37 60.1M 89 20.0G   89 17.8G    0     0  61.0M      0  0:05:35  0:04:59  0:00:36 60.3M 89 20.0G   89 17.8G    0     0  61.0M      0  0:05:35  0:05:00  0:00:35 60.2M 89 20.0G   89 17.9G    0     0  61.0M      0  0:05:35  0:05:01  0:00:34 59.5M 90 20.0G   90 18.0G    0     0  61.0M      0  0:05:35  0:05:02  0:00:33 58.7M 90 20.0G   90 18.0G    0     0  61.0M      0  0:05:35  0:05:03  0:00:32 58.8M 90 20.0G   90 18.1G    0     0  61.0M      0  0:05:35  0:05:04  0:00:31 58.7M 90 20.0G   90 18.1G    0     0  61.0M      0  0:05:35  0:05:05  0:00:30 59.1M 91 20.0G   91 18.2G    0     0  61.0M      0  0:05:35  0:05:06  0:00:29 59.5M 91 20.0G   91 18.3G    0     0  61.0M      0  0:05:35  0:05:07  0:00:28 60.4M 91 20.0G   91 18.3G    0     0  61.0M      0  0:05:35  0:05:08  0:00:27 60.2M 92 20.0G   92 18.4G    0     0  61.0M      0  0:05:35  0:05:09  0:00:26 60.4M 92 20.0G   92 18.4G    0     0  61.0M      0  0:05:35  0:05:10  0:00:25 60.3M 92 20.0G   92 18.5G    0     0  61.0M      0  0:05:35  0:05:11  0:00:24 60.2M 92 20.0G   92 18.5G    0     0  61.0M      0  0:05:35  0:05:12  0:00:23 60.1M 93 20.0G   93 18.6G    0     0  61.0M      0  0:05:35  0:05:13  0:00:22 59.7M 93 20.0G   93 18.7G    0     0  61.0M      0  0:05:35  0:05:14  0:00:21 59.9M 93 20.0G   93 18.7G    0     0  60.9M      0  0:05:35  0:05:15  0:00:20 59.8M 94 20.0G   94 18.8G    0     0  60.9M      0  0:05:35  0:05:16  0:00:19 59.0M 94 20.0G   94 18.8G    0     0  60.9M      0  0:05:35  0:05:17  0:00:18 58.7M 94 20.0G   94 18.9G    0     0  60.9M      0  0:05:35  0:05:18  0:00:17 59.0M 95 20.0G   95 19.0G    0     0  60.9M      0  0:05:35  0:05:19  0:00:16 58.9M 95 20.0G   95 19.0G    0     0  60.9M      0  0:05:35  0:05:20  0:00:15 58.7M 95 20.0G   95 19.1G    0     0  60.9M      0  0:05:35  0:05:21  0:00:14 59.3M 95 20.0G   95 19.1G    0     0  60.9M      0  0:05:35  0:05:22  0:00:13 59.6M 96 20.0G   96 19.2G    0     0  60.9M      0  0:05:36  0:05:23  0:00:13 59.6M 96 20.0G   96 19.2G    0     0  60.9M      0  0:05:36  0:05:24  0:00:12 59.7M 96 20.0G   96 19.3G    0     0  60.9M      0  0:05:36  0:05:25  0:00:11 60.1M 97 20.0G   97 19.4G    0     0  60.9M      0  0:05:36  0:05:26  0:00:10 60.5M 97 20.0G   97 19.4G    0     0  60.9M      0  0:05:36  0:05:27  0:00:09 60.6M 97 20.0G   97 19.5G    0     0  60.9M      0  0:05:36  0:05:28  0:00:08 60.7M 97 20.0G   97 19.5G    0     0  60.9M      0  0:05:36  0:05:29  0:00:07 60.1M 98 20.0G   98 19.6G    0     0  60.9M      0  0:05:36  0:05:30  0:00:06 59.4M 98 20.0G   98 19.7G    0     0  60.9M      0  0:05:36  0:05:31  0:00:05 58.9M 98 20.0G   98 19.7G    0     0  60.9M      0  0:05:36  0:05:32  0:00:04 58.3M 99 20.0G   99 19.8G    0     0  60.9M      0  0:05:36  0:05:33  0:00:03 58.2M 99 20.0G   99 19.8G    0     0  60.8M      0  0:05:36  0:05:34  0:00:02 58.1M 99 20.0G   99 19.9G    0     0  60.8M      0  0:05:36  0:05:35  0:00:01 58.8M 99 20.0G   99 19.9G    0     0  60.8M      0  0:05:36  0:05:36 --:--:-- 59.3M100 20.0G  100 20.0G    0     0  60.8M      0  0:05:36  0:05:36 --:--:-- 59.8M
  % Total    % Received % Xferd  Average Speed   Time    Time     Time  Current
                                 Dload  Upload   Total   Spent    Left  Speed
