3: eth1: <BROADCAST,MULTICAST,UP,LOWER_UP> mtu 1500 qdisc mq state UP group default qlen 1000
    link/ether 02:5b:d2:ee:a1:13 brd ff:ff:ff:ff:ff:ff
    inet 10.131.129.2/24 scope global eth1
       valid_lft forever preferred_lft forever
    inet6 fe80::9cb7:9231:6794:7bd2/64 scope link noprefixroute 
       valid_lft forever preferred_lft forever
default via 10.20.4.1 dev eth0 proto dhcp metric 100 
10.20.4.0/23 dev eth0 proto kernel scope link src 10.20.5.7 metric 100 
10.128.0.0/10 via 10.131.129.1 dev eth1 
10.131.129.0/24 dev eth1 proto kernel scope link src 10.131.129.2 
169.254.169.254 via 10.20.4.1 dev eth0 proto dhcp metric 100 
chmod: cannot access './fabric_node_tools/*.sh': No such file or directory
Rocky Linux 8 - AppStream                       1.8 MB/s |  11 MB     00:06    
Rocky Linux 8 - BaseOS                           11 MB/s | 9.0 MB     00:00    
Rocky Linux 8 - Extras                           43 kB/s |  12 kB     00:00    
Dependencies resolved.
================================================================================
 Package               Architecture    Version            Repository       Size
================================================================================
Installing:
 epel-release          noarch          8-17.el8           extras           24 k

Transaction Summary
================================================================================
Install  1 Package

Total download size: 24 k
Installed size: 34 k
Downloading Packages:
epel-release-8-17.el8.noarch.rpm                135 kB/s |  24 kB     00:00    
--------------------------------------------------------------------------------
Total                                            79 kB/s |  24 kB     00:00     
Rocky Linux 8 - Extras                           74 kB/s | 1.6 kB     00:00    
Importing GPG key 0x6D745A60:
 Userid     : "Release Engineering <infrastructure@rockylinux.org>"
 Fingerprint: 7051 C470 A929 F454 CEBE 37B7 15AF 5DAC 6D74 5A60
 From       : /etc/pki/rpm-gpg/RPM-GPG-KEY-rockyofficial
Key imported successfully
Running transaction check
Transaction check succeeded.
Running transaction test
Transaction test succeeded.
Running transaction
  Preparing        :                                                        1/1 
  Installing       : epel-release-8-17.el8.noarch                           1/1 
  Running scriptlet: epel-release-8-17.el8.noarch                           1/1 
Many EPEL packages require the CodeReady Builder (CRB) repository.
It is recommended that you run /usr/bin/crb enable to enable the CRB repository.

  Verifying        : epel-release-8-17.el8.noarch                           1/1 

Installed:
  epel-release-8-17.el8.noarch                                                  

Complete!
Enabling CRB repo
CRB repo is enabled and named: powertools
Rocky Linux 8 - PowerTools                      6.0 MB/s | 2.9 MB     00:00    
Extra Packages for Enterprise Linux 8 - x86_64  2.2 MB/s |  13 MB     00:05    
Extra Packages for Enterprise Linux Modular 8 - 131 kB/s | 733 kB     00:05    
Last metadata expiration check: 0:00:01 ago on Mon 14 Nov 2022 03:51:15 PM UTC.
Dependencies resolved.
================================================================================
 Package         Arch   Version                                 Repo       Size
================================================================================
Installing:
 httpd           x86_64 2.4.37-47.module+el8.6.0+985+b8ff6398.2 appstream 1.4 M
 iftop           x86_64 1.0-0.21.pre4.el8                       epel       59 k
 iperf3          x86_64 3.5-6.el8                               appstream  99 k
 iproute-tc      x86_64 5.15.0-4.el8_6.1                        baseos    463 k
 net-tools       x86_64 2.0-0.52.20160912git.el8                baseos    321 k
 pciutils        x86_64 3.7.0-1.el8                             baseos    104 k
 tcpdump         x86_64 14:4.9.3-3.el8                          appstream 452 k
 vim-enhanced    x86_64 2:8.0.1763-19.el8_6.4                   appstream 1.4 M
Upgrading:
 iproute         x86_64 5.15.0-4.el8_6.1                        baseos    797 k
Installing dependencies:
 apr             x86_64 1.6.3-12.el8                            appstream 128 k
 apr-util        x86_64 1.6.1-6.el8.1                           appstream 104 k
 gpm-libs        x86_64 1.20.7-17.el8                           appstream  38 k
 httpd-filesystem
                 noarch 2.4.37-47.module+el8.6.0+985+b8ff6398.2 appstream  40 k
 httpd-tools     x86_64 2.4.37-47.module+el8.6.0+985+b8ff6398.2 appstream 107 k
 iptables-libs   x86_64 1.8.4-22.el8                            baseos    106 k
 libibverbs      x86_64 37.2-1.el8                              baseos    384 k
 libpcap         x86_64 14:1.9.1-5.el8                          baseos    168 k
 lksctp-tools    x86_64 1.0.18-3.el8                            baseos     98 k
 mailcap         noarch 2.1.48-3.el8                            baseos     38 k
 mod_http2       x86_64 1.15.7-5.module+el8.6.0+823+f143cee1    appstream 153 k
 rocky-logos-httpd
                 noarch 86.2-1.el8                              baseos     24 k
 vim-common      x86_64 2:8.0.1763-19.el8_6.4                   appstream 6.3 M
 vim-filesystem  noarch 2:8.0.1763-19.el8_6.4                   appstream  49 k
Installing weak dependencies:
 apr-util-bdb    x86_64 1.6.1-6.el8.1                           appstream  23 k
 apr-util-openssl
                 x86_64 1.6.1-6.el8.1                           appstream  26 k
Enabling module streams:
 httpd                  2.4                                                    

Transaction Summary
================================================================================
Install  24 Packages
Upgrade   1 Package

Total download size: 13 M
Downloading Packages:
(1/25): apr-util-bdb-1.6.1-6.el8.1.x86_64.rpm   4.4 kB/s |  23 kB     00:05    
(2/25): apr-util-openssl-1.6.1-6.el8.1.x86_64.r 338 kB/s |  26 kB     00:00    
(3/25): apr-util-1.6.1-6.el8.1.x86_64.rpm        19 kB/s | 104 kB     00:05    
(4/25): apr-1.6.3-12.el8.x86_64.rpm              24 kB/s | 128 kB     00:05    
(5/25): gpm-libs-1.20.7-17.el8.x86_64.rpm       488 kB/s |  38 kB     00:00    
(6/25): httpd-filesystem-2.4.37-47.module+el8.6 518 kB/s |  40 kB     00:00    
(7/25): httpd-tools-2.4.37-47.module+el8.6.0+98 697 kB/s | 107 kB     00:00    
(8/25): iperf3-3.5-6.el8.x86_64.rpm             1.2 MB/s |  99 kB     00:00    
(9/25): mod_http2-1.15.7-5.module+el8.6.0+823+f 1.8 MB/s | 153 kB     00:00    
(10/25): httpd-2.4.37-47.module+el8.6.0+985+b8f 4.7 MB/s | 1.4 MB     00:00    
(11/25): tcpdump-4.9.3-3.el8.x86_64.rpm         2.9 MB/s | 452 kB     00:00    
(12/25): vim-filesystem-8.0.1763-19.el8_6.4.noa 665 kB/s |  49 kB     00:00    
(13/25): vim-enhanced-8.0.1763-19.el8_6.4.x86_6 9.4 MB/s | 1.4 MB     00:00    
(14/25): iptables-libs-1.8.4-22.el8.x86_64.rpm  891 kB/s | 106 kB     00:00    
(15/25): iproute-tc-5.15.0-4.el8_6.1.x86_64.rpm 2.2 MB/s | 463 kB     00:00    
(16/25): libibverbs-37.2-1.el8.x86_64.rpm       5.9 MB/s | 384 kB     00:00    
(17/25): vim-common-8.0.1763-19.el8_6.4.x86_64.  16 MB/s | 6.3 MB     00:00    
(18/25): libpcap-1.9.1-5.el8.x86_64.rpm         4.6 MB/s | 168 kB     00:00    
(19/25): lksctp-tools-1.0.18-3.el8.x86_64.rpm   3.6 MB/s |  98 kB     00:00    
(20/25): net-tools-2.0-0.52.20160912git.el8.x86  11 MB/s | 321 kB     00:00    
(21/25): pciutils-3.7.0-1.el8.x86_64.rpm        3.5 MB/s | 104 kB     00:00    
(22/25): rocky-logos-httpd-86.2-1.el8.noarch.rp 1.1 MB/s |  24 kB     00:00    
(23/25): mailcap-2.1.48-3.el8.noarch.rpm        557 kB/s |  38 kB     00:00    
(24/25): iproute-5.15.0-4.el8_6.1.x86_64.rpm     18 MB/s | 797 kB     00:00    
(25/25): iftop-1.0-0.21.pre4.el8.x86_64.rpm     148 kB/s |  59 kB     00:00    
--------------------------------------------------------------------------------
Total                                           1.9 MB/s |  13 MB     00:06     
Extra Packages for Enterprise Linux 8 - x86_64  1.6 MB/s | 1.6 kB     00:00    
Importing GPG key 0x2F86D6A1:
 Userid     : "Fedora EPEL (8) <epel@fedoraproject.org>"
 Fingerprint: 94E2 79EB 8D8F 25B2 1810 ADF1 21EA 45AB 2F86 D6A1
 From       : /etc/pki/rpm-gpg/RPM-GPG-KEY-EPEL-8
Key imported successfully
Running transaction check
Transaction check succeeded.
Running transaction test
Transaction test succeeded.
Running transaction
  Preparing        :                                                        1/1 
  Installing       : apr-1.6.3-12.el8.x86_64                               1/26 
  Running scriptlet: apr-1.6.3-12.el8.x86_64                               1/26 
  Installing       : apr-util-bdb-1.6.1-6.el8.1.x86_64                     2/26 
  Installing       : apr-util-openssl-1.6.1-6.el8.1.x86_64                 3/26 
  Installing       : apr-util-1.6.1-6.el8.1.x86_64                         4/26 
  Running scriptlet: apr-util-1.6.1-6.el8.1.x86_64                         4/26 
  Installing       : httpd-tools-2.4.37-47.module+el8.6.0+985+b8ff6398.    5/26 
  Upgrading        : iproute-5.15.0-4.el8_6.1.x86_64                       6/26 
  Installing       : rocky-logos-httpd-86.2-1.el8.noarch                   7/26 
  Installing       : mailcap-2.1.48-3.el8.noarch                           8/26 
  Installing       : lksctp-tools-1.0.18-3.el8.x86_64                      9/26 
  Running scriptlet: lksctp-tools-1.0.18-3.el8.x86_64                      9/26 
  Installing       : libibverbs-37.2-1.el8.x86_64                         10/26 
  Running scriptlet: libibverbs-37.2-1.el8.x86_64                         10/26 
  Installing       : libpcap-14:1.9.1-5.el8.x86_64                        11/26 
  Installing       : iptables-libs-1.8.4-22.el8.x86_64                    12/26 
  Installing       : vim-filesystem-2:8.0.1763-19.el8_6.4.noarch          13/26 
  Installing       : vim-common-2:8.0.1763-19.el8_6.4.x86_64              14/26 
  Running scriptlet: httpd-filesystem-2.4.37-47.module+el8.6.0+985+b8ff   15/26 
  Installing       : httpd-filesystem-2.4.37-47.module+el8.6.0+985+b8ff   15/26 
  Installing       : mod_http2-1.15.7-5.module+el8.6.0+823+f143cee1.x86   16/26 
  Installing       : httpd-2.4.37-47.module+el8.6.0+985+b8ff6398.2.x86_   17/26 
  Running scriptlet: httpd-2.4.37-47.module+el8.6.0+985+b8ff6398.2.x86_   17/26 
  Installing       : gpm-libs-1.20.7-17.el8.x86_64                        18/26 
  Running scriptlet: gpm-libs-1.20.7-17.el8.x86_64                        18/26 
  Installing       : vim-enhanced-2:8.0.1763-19.el8_6.4.x86_64            19/26 
  Installing       : iproute-tc-5.15.0-4.el8_6.1.x86_64                   20/26 
  Running scriptlet: tcpdump-14:4.9.3-3.el8.x86_64                        21/26 
  Installing       : tcpdump-14:4.9.3-3.el8.x86_64                        21/26 
  Installing       : iftop-1.0-0.21.pre4.el8.x86_64                       22/26 
  Installing       : iperf3-3.5-6.el8.x86_64                              23/26 
  Running scriptlet: iperf3-3.5-6.el8.x86_64                              23/26 
  Installing       : pciutils-3.7.0-1.el8.x86_64                          24/26 
  Installing       : net-tools-2.0-0.52.20160912git.el8.x86_64            25/26 
  Running scriptlet: net-tools-2.0-0.52.20160912git.el8.x86_64            25/26 
  Cleanup          : iproute-5.12.0-4.el8.x86_64                          26/26 
  Running scriptlet: httpd-2.4.37-47.module+el8.6.0+985+b8ff6398.2.x86_   26/26 
  Running scriptlet: iproute-5.12.0-4.el8.x86_64                          26/26 
  Running scriptlet: vim-common-2:8.0.1763-19.el8_6.4.x86_64              26/26 
  Verifying        : apr-1.6.3-12.el8.x86_64                               1/26 
  Verifying        : apr-util-1.6.1-6.el8.1.x86_64                         2/26 
  Verifying        : apr-util-bdb-1.6.1-6.el8.1.x86_64                     3/26 
  Verifying        : apr-util-openssl-1.6.1-6.el8.1.x86_64                 4/26 
  Verifying        : gpm-libs-1.20.7-17.el8.x86_64                         5/26 
  Verifying        : httpd-2.4.37-47.module+el8.6.0+985+b8ff6398.2.x86_    6/26 
  Verifying        : httpd-filesystem-2.4.37-47.module+el8.6.0+985+b8ff    7/26 
  Verifying        : httpd-tools-2.4.37-47.module+el8.6.0+985+b8ff6398.    8/26 
  Verifying        : iperf3-3.5-6.el8.x86_64                               9/26 
  Verifying        : mod_http2-1.15.7-5.module+el8.6.0+823+f143cee1.x86   10/26 
  Verifying        : tcpdump-14:4.9.3-3.el8.x86_64                        11/26 
  Verifying        : vim-common-2:8.0.1763-19.el8_6.4.x86_64              12/26 
  Verifying        : vim-enhanced-2:8.0.1763-19.el8_6.4.x86_64            13/26 
  Verifying        : vim-filesystem-2:8.0.1763-19.el8_6.4.noarch          14/26 
  Verifying        : iproute-tc-5.15.0-4.el8_6.1.x86_64                   15/26 
  Verifying        : iptables-libs-1.8.4-22.el8.x86_64                    16/26 
  Verifying        : libibverbs-37.2-1.el8.x86_64                         17/26 
  Verifying        : libpcap-14:1.9.1-5.el8.x86_64                        18/26 
  Verifying        : lksctp-tools-1.0.18-3.el8.x86_64                     19/26 
  Verifying        : mailcap-2.1.48-3.el8.noarch                          20/26 
  Verifying        : net-tools-2.0-0.52.20160912git.el8.x86_64            21/26 
  Verifying        : pciutils-3.7.0-1.el8.x86_64                          22/26 
  Verifying        : rocky-logos-httpd-86.2-1.el8.noarch                  23/26 
  Verifying        : iftop-1.0-0.21.pre4.el8.x86_64                       24/26 
  Verifying        : iproute-5.15.0-4.el8_6.1.x86_64                      25/26 
  Verifying        : iproute-5.12.0-4.el8.x86_64                          26/26 

Upgraded:
  iproute-5.15.0-4.el8_6.1.x86_64                                               
Installed:
  apr-1.6.3-12.el8.x86_64                                                       
  apr-util-1.6.1-6.el8.1.x86_64                                                 
  apr-util-bdb-1.6.1-6.el8.1.x86_64                                             
  apr-util-openssl-1.6.1-6.el8.1.x86_64                                         
  gpm-libs-1.20.7-17.el8.x86_64                                                 
  httpd-2.4.37-47.module+el8.6.0+985+b8ff6398.2.x86_64                          
  httpd-filesystem-2.4.37-47.module+el8.6.0+985+b8ff6398.2.noarch               
  httpd-tools-2.4.37-47.module+el8.6.0+985+b8ff6398.2.x86_64                    
  iftop-1.0-0.21.pre4.el8.x86_64                                                
  iperf3-3.5-6.el8.x86_64                                                       
  iproute-tc-5.15.0-4.el8_6.1.x86_64                                            
  iptables-libs-1.8.4-22.el8.x86_64                                             
  libibverbs-37.2-1.el8.x86_64                                                  
  libpcap-14:1.9.1-5.el8.x86_64                                                 
  lksctp-tools-1.0.18-3.el8.x86_64                                              
  mailcap-2.1.48-3.el8.noarch                                                   
  mod_http2-1.15.7-5.module+el8.6.0+823+f143cee1.x86_64                         
  net-tools-2.0-0.52.20160912git.el8.x86_64                                     
  pciutils-3.7.0-1.el8.x86_64                                                   
  rocky-logos-httpd-86.2-1.el8.noarch                                           
  tcpdump-14:4.9.3-3.el8.x86_64                                                 
  vim-common-2:8.0.1763-19.el8_6.4.x86_64                                       
  vim-enhanced-2:8.0.1763-19.el8_6.4.x86_64                                     
  vim-filesystem-2:8.0.1763-19.el8_6.4.noarch                                   

Complete!
sudo: ./fabric_node_tools/host_tune_redhat.sh: command not found
mke2fs 1.45.6 (20-Mar-2020)
Creating filesystem with 262144000 4k blocks and 65536000 inodes
Filesystem UUID: 6f98f9a0-54db-4421-8822-49898ecba0c1
Superblock backups stored on blocks: 
	32768, 98304, 163840, 229376, 294912, 819200, 884736, 1605632, 2654208, 
	4096000, 7962624, 11239424, 20480000, 23887872, 71663616, 78675968, 
	102400000, 214990848

Allocating group tables:    0/8000         done                            
Writing inode tables:    0/8000         done                            
Creating journal (262144 blocks): done
Writing superblocks and filesystem accounting information:    0/8000         done

Last metadata expiration check: 0:15:26 ago on Mon 14 Nov 2022 03:53:50 PM UTC.
Package epel-release-8-17.el8.noarch is already installed.
Dependencies resolved.
================================================================================
 Package               Architecture    Version              Repository     Size
================================================================================
Upgrading:
 epel-release          noarch          8-18.el8             epel           24 k

Transaction Summary
================================================================================
Upgrade  1 Package

Total download size: 24 k
Downloading Packages:
epel-release-8-18.el8.noarch.rpm                4.6 kB/s |  24 kB     00:05    
--------------------------------------------------------------------------------
Total                                           4.4 kB/s |  24 kB     00:05     
Running transaction check
Transaction check succeeded.
Running transaction test
Transaction test succeeded.
Running transaction
  Preparing        :                                                        1/1 
  Running scriptlet: epel-release-8-18.el8.noarch                           1/1 
  Upgrading        : epel-release-8-18.el8.noarch                           1/2 
  Running scriptlet: epel-release-8-18.el8.noarch                           1/2 
  Cleanup          : epel-release-8-17.el8.noarch                           2/2 
  Running scriptlet: epel-release-8-17.el8.noarch                           2/2 
  Verifying        : epel-release-8-18.el8.noarch                           1/2 
  Verifying        : epel-release-8-17.el8.noarch                           2/2 

Upgraded:
  epel-release-8-18.el8.noarch                                                  

Complete!
Enabling CRB repo
CRB repo is enabled and named: powertools
Rocky Linux 8 - PowerTools                       16 kB/s | 4.8 kB     00:00    
Package httpd-2.4.37-47.module+el8.6.0+985+b8ff6398.2.x86_64 is already installed.
Package iproute-tc-5.15.0-4.el8_6.1.x86_64 is already installed.
Package net-tools-2.0-0.52.20160912git.el8.x86_64 is already installed.
Package pciutils-3.7.0-1.el8.x86_64 is already installed.
Package tcpdump-14:4.9.3-3.el8.x86_64 is already installed.
Package iftop-1.0-0.21.pre4.el8.x86_64 is already installed.
Package iperf3-3.5-6.el8.x86_64 is already installed.
Package vim-enhanced-2:8.0.1763-19.el8_6.4.x86_64 is already installed.
Dependencies resolved.
Nothing to do.
Complete!
dev
* Applying /usr/lib/sysctl.d/10-default-yama-scope.conf ...
kernel.yama.ptrace_scope = 0
* Applying /usr/lib/sysctl.d/50-coredump.conf ...
kernel.core_pattern = |/usr/lib/systemd/systemd-coredump %P %u %g %s %t %c %h %e
kernel.core_pipe_limit = 16
* Applying /usr/lib/sysctl.d/50-default.conf ...
kernel.sysrq = 16
kernel.core_uses_pid = 1
kernel.kptr_restrict = 1
net.ipv4.conf.all.rp_filter = 1
net.ipv4.conf.all.accept_source_route = 0
net.ipv4.conf.all.promote_secondaries = 1
net.core.default_qdisc = fq_codel
fs.protected_hardlinks = 1
fs.protected_symlinks = 1
* Applying /usr/lib/sysctl.d/50-libkcapi-optmem_max.conf ...
net.core.optmem_max = 81920
* Applying /usr/lib/sysctl.d/50-pid-max.conf ...
kernel.pid_max = 4194304
* Applying /etc/sysctl.d/99-sysctl.conf ...
net.core.rmem_max = 536870912
net.core.wmem_max = 536870912
net.ipv4.tcp_rmem = 4096 87380 536870912
net.ipv4.tcp_wmem = 4096 65536 536870912
net.ipv4.tcp_congestion_control = bbr
net.ipv4.tcp_mtu_probing = 1
net.core.default_qdisc = fq
* Applying /etc/sysctl.conf ...
net.core.rmem_max = 536870912
net.core.wmem_max = 536870912
net.ipv4.tcp_rmem = 4096 87380 536870912
net.ipv4.tcp_wmem = 4096 65536 536870912
net.ipv4.tcp_congestion_control = bbr
net.ipv4.tcp_mtu_probing = 1
net.core.default_qdisc = fq
mkdir: cannot create directory ‘/mnt/fabric_storage’: File exists
mke2fs 1.45.6 (20-Mar-2020)
/dev/vdb is mounted; will not make a filesystem here!
mount: /mnt/fabric_storage: /dev/vdb already mounted on /mnt/fabric_storage.
  % Total    % Received % Xferd  Average Speed   Time    Time     Time  Current
                                 Dload  Upload   Total   Spent    Left  Speed
  0     0    0     0    0     0      0      0 --:--:-- --:--:-- --:--:--     0  1 1024M    1 13.7M    0     0  19.7M      0  0:00:51 --:--:--  0:00:51 19.7M  7 1024M    7 72.7M    0     0  43.3M      0  0:00:23  0:00:01  0:00:22 43.2M 13 1024M   13  135M    0     0  50.2M      0  0:00:20  0:00:02  0:00:18 50.2M 19 1024M   19  198M    0     0  53.9M      0  0:00:18  0:00:03  0:00:15 53.9M 25 1024M   25  264M    0     0  56.4M      0  0:00:18  0:00:04  0:00:14 56.4M 32 1024M   32  331M    0     0  58.1M      0  0:00:17  0:00:05  0:00:12 63.4M 38 1024M   38  397M    0     0  59.3M      0  0:00:17  0:00:06  0:00:11 64.7M 45 1024M   45  463M    0     0  60.3M      0  0:00:16  0:00:07  0:00:09 65.8M 51 1024M   51  531M    0     0  61.1M      0  0:00:16  0:00:08  0:00:08 66.4M 58 1024M   58  596M    0     0  61.6M      0  0:00:16  0:00:09  0:00:07 66.5M 64 1024M   64  664M    0     0  62.0M      0  0:00:16  0:00:10  0:00:06 66.5M 71 1024M   71  730M    0     0  62.4M      0  0:00:16  0:00:11  0:00:05 66.6M 77 1024M   77  797M    0     0  62.8M      0  0:00:16  0:00:12  0:00:04 66.7M 84 1024M   84  865M    0     0  63.2M      0  0:00:16  0:00:13  0:00:03 66.9M 91 1024M   91  933M    0     0  63.5M      0  0:00:16  0:00:14  0:00:02 67.2M 97 1024M   97 1001M    0     0  63.8M      0  0:00:16  0:00:15  0:00:01 67.7M100 1024M  100 1024M    0     0  63.5M      0  0:00:16  0:00:16 --:--:-- 66.5M
  % Total    % Received % Xferd  Average Speed   Time    Time     Time  Current
                                 Dload  Upload   Total   Spent    Left  Speed
  0     0    0     0    0     0      0      0 --:--:-- --:--:-- --:--:--     0  0 10.0G    0 8537k    0     0  14.9M      0  0:11:25 --:--:--  0:11:25 14.9M  0 10.0G    0 68.5M    0     0  43.1M      0  0:03:57  0:00:01  0:03:56 43.0M  1 10.0G    1  128M    0     0  49.9M      0  0:03:24  0:00:02  0:03:22 49.9M  1 10.0G    1  192M    0     0  54.0M      0  0:03:09  0:00:03  0:03:06 54.0M  2 10.0G    2  260M    0     0  56.7M      0  0:03:00  0:00:04  0:02:56 56.7M  3 10.0G    3  326M    0     0  58.3M      0  0:02:55  0:00:05  0:02:50 63.1M  3 10.0G    3  378M    0     0  57.5M      0  0:02:57  0:00:06  0:02:51 62.1M  4 10.0G    4  435M    0     0  57.3M      0  0:02:58  0:00:07  0:02:51 61.1M  4 10.0G    4  492M    0     0  57.3M      0  0:02:58  0:00:08  0:02:50 59.7M  5 10.0G    5  550M    0     0  57.6M      0  0:02:57  0:00:09  0:02:48 58.4M  5 10.0G    5  612M    0     0  57.8M      0  0:02:56  0:00:10  0:02:46 57.2M  6 10.0G    6  672M    0     0  58.1M      0  0:02:56  0:00:11  0:02:45 58.8M  7 10.0G    7  735M    0     0  58.4M      0  0:02:55  0:00:12  0:02:43 60.1M  7 10.0G    7  796M    0     0  58.7M      0  0:02:54  0:00:13  0:02:41 60.9M  8 10.0G    8  858M    0     0  58.9M      0  0:02:53  0:00:14  0:02:39 61.4M  8 10.0G    8  920M    0     0  59.1M      0  0:02:53  0:00:15  0:02:38 61.9M  9 10.0G    9  982M    0     0  59.3M      0  0:02:52  0:00:16  0:02:36 61.9M 10 10.0G   10 1044M    0     0  59.4M      0  0:02:52  0:00:17  0:02:35 62.0M 10 10.0G   10 1106M    0     0  59.6M      0  0:02:51  0:00:18  0:02:33 62.0M 11 10.0G   11 1168M    0     0  59.7M      0  0:02:51  0:00:19  0:02:32 62.0M 12 10.0G   12 1232M    0     0  59.9M      0  0:02:50  0:00:20  0:02:30 62.3M 12 10.0G   12 1295M    0     0  60.1M      0  0:02:50  0:00:21  0:02:29 62.7M 13 10.0G   13 1361M    0     0  60.3M      0  0:02:49  0:00:22  0:02:27 63.2M 13 10.0G   13 1426M    0     0  60.5M      0  0:02:49  0:00:23  0:02:26 64.0M 14 10.0G   14 1494M    0     0  60.8M      0  0:02:48  0:00:24  0:02:24 64.9M 15 10.0G   15 1559M    0     0  61.0M      0  0:02:47  0:00:25  0:02:22 65.3M 15 10.0G   15 1620M    0     0  61.0M      0  0:02:47  0:00:26  0:02:21 64.8M 16 10.0G   16 1678M    0     0  60.8M      0  0:02:48  0:00:27  0:02:21 63.3M 16 10.0G   16 1739M    0     0  60.9M      0  0:02:48  0:00:28  0:02:20 62.5M 17 10.0G   17 1806M    0     0  61.1M      0  0:02:47  0:00:29  0:02:18 62.6M 18 10.0G   18 1866M    0     0  61.0M      0  0:02:47  0:00:30  0:02:17 61.1M 18 10.0G   18 1916M    0     0  60.7M      0  0:02:48  0:00:31  0:02:17 59.1M 19 10.0G   19 1969M    0     0  60.5M      0  0:02:49  0:00:32  0:02:17 58.5M 19 10.0G   19 2025M    0     0  60.3M      0  0:02:49  0:00:33  0:02:16 57.1M 20 10.0G   20 2081M    0     0  60.2M      0  0:02:50  0:00:34  0:02:16 54.8M 20 10.0G   20 2139M    0     0  60.1M      0  0:02:50  0:00:35  0:02:15 54.8M 21 10.0G   21 2197M    0     0  60.0M      0  0:02:50  0:00:36  0:02:14 56.1M 22 10.0G   22 2255M    0     0  60.0M      0  0:02:50  0:00:37  0:02:13 57.1M 22 10.0G   22 2315M    0     0  60.0M      0  0:02:50  0:00:38  0:02:12 58.0M 23 10.0G   23 2372M    0     0  59.9M      0  0:02:50  0:00:39  0:02:11 58.5M 23 10.0G   23 2432M    0     0  59.9M      0  0:02:50  0:00:40  0:02:10 58.6M 24 10.0G   24 2490M    0     0  59.9M      0  0:02:50  0:00:41  0:02:09 58.8M 24 10.0G   24 2550M    0     0  59.9M      0  0:02:50  0:00:42  0:02:08 58.9M 25 10.0G   25 2609M    0     0  59.9M      0  0:02:50  0:00:43  0:02:07 58.8M 26 10.0G   26 2669M    0     0  59.9M      0  0:02:50  0:00:44  0:02:06 59.2M 26 10.0G   26 2729M    0     0  59.9M      0  0:02:50  0:00:45  0:02:05 59.4M 27 10.0G   27 2791M    0     0  59.9M      0  0:02:50  0:00:46  0:02:04 60.0M 27 10.0G   27 2853M    0     0  60.0M      0  0:02:50  0:00:47  0:02:03 60.7M 28 10.0G   28 2918M    0     0  60.1M      0  0:02:50  0:00:48  0:02:02 61.8M 29 10.0G   29 2985M    0     0  60.2M      0  0:02:49  0:00:49  0:02:00 63.2M 29 10.0G   29 3054M    0     0  60.3M      0  0:02:49  0:00:50  0:01:59 64.7M 30 10.0G   30 3124M    0     0  60.5M      0  0:02:48  0:00:51  0:01:57 66.5M 31 10.0G   31 3181M    0     0  60.5M      0  0:02:49  0:00:52  0:01:57 65.3M 31 10.0G   31 3241M    0     0  60.5M      0  0:02:49  0:00:53  0:01:56 64.6M 32 10.0G   32 3308M    0     0  60.6M      0  0:02:48  0:00:54  0:01:54 64.3M 32 10.0G   32 3375M    0     0  60.7M      0  0:02:48  0:00:55  0:01:53 64.2M 33 10.0G   33 3444M    0     0  60.9M      0  0:02:48  0:00:56  0:01:52 64.1M 34 10.0G   34 3513M    0     0  61.0M      0  0:02:47  0:00:57  0:01:50 66.5M 34 10.0G   34 3572M    0     0  61.0M      0  0:02:47  0:00:58  0:01:49 66.1M 35 10.0G   35 3628M    0     0  60.9M      0  0:02:48  0:00:59  0:01:49 64.0M 35 10.0G   35 3685M    0     0  60.8M      0  0:02:48  0:01:00  0:01:48 62.1M 36 10.0G   36 3746M    0     0  60.8M      0  0:02:48  0:01:01  0:01:47 60.3M 37 10.0G   37 3806M    0     0  60.8M      0  0:02:48  0:01:02  0:01:46 58.5M 37 10.0G   37 3868M    0     0  60.8M      0  0:02:48  0:01:03  0:01:45 59.1M 38 10.0G   38 3930M    0     0  60.8M      0  0:02:48  0:01:04  0:01:44 60.6M 39 10.0G   39 3994M    0     0  60.9M      0  0:02:48  0:01:05  0:01:43 61.7M 39 10.0G   39 4057M    0     0  60.9M      0  0:02:47  0:01:06  0:01:41 62.2M 40 10.0G   40 4119M    0     0  60.9M      0  0:02:47  0:01:07  0:01:40 62.6M 40 10.0G   40 4184M    0     0  61.0M      0  0:02:47  0:01:08  0:01:39 63.1M 41 10.0G   41 4246M    0     0  61.0M      0  0:02:47  0:01:09  0:01:38 63.0M 42 10.0G   42 4310M    0     0  61.0M      0  0:02:47  0:01:10  0:01:37 63.2M 42 10.0G   42 4374M    0     0  61.1M      0  0:02:47  0:01:11  0:01:36 63.2M 43 10.0G   43 4437M    0     0  61.1M      0  0:02:47  0:01:12  0:01:35 63.6M 43 10.0G   43 4503M    0     0  61.2M      0  0:02:47  0:01:13  0:01:34 63.7M 44 10.0G   44 4568M    0     0  61.2M      0  0:02:47  0:01:14  0:01:33 64.4M 45 10.0G   45 4635M    0     0  61.3M      0  0:02:46  0:01:15  0:01:31 64.9M 45 10.0G   45 4702M    0     0  61.4M      0  0:02:46  0:01:16  0:01:30 65.5M 46 10.0G   46 4770M    0     0  61.4M      0  0:02:46  0:01:17  0:01:29 66.3M 47 10.0G   47 4827M    0     0  61.4M      0  0:02:46  0:01:18  0:01:28 64.5M 47 10.0G   47 4884M    0     0  61.3M      0  0:02:46  0:01:19  0:01:27 63.0M 48 10.0G   48 4945M    0     0  61.3M      0  0:02:46  0:01:20  0:01:26 62.0M 48 10.0G   48 5012M    0     0  61.4M      0  0:02:46  0:01:21  0:01:25 62.1M 49 10.0G   49 5079M    0     0  61.5M      0  0:02:46  0:01:22  0:01:24 61.7M 50 10.0G   50 5147M    0     0  61.5M      0  0:02:46  0:01:23  0:01:23 64.3M 50 10.0G   50 5214M    0     0  61.6M      0  0:02:46  0:01:24  0:01:22 66.1M 51 10.0G   51 5283M    0     0  61.7M      0  0:02:45  0:01:25  0:01:20 67.5M 52 10.0G   52 5351M    0     0  61.8M      0  0:02:45  0:01:26  0:01:19 67.8M 52 10.0G   52 5419M    0     0  61.8M      0  0:02:45  0:01:27  0:01:18 68.2M 53 10.0G   53 5475M    0     0  61.8M      0  0:02:45  0:01:28  0:01:17 65.3M 54 10.0G   54 5530M    0     0  61.7M      0  0:02:45  0:01:29  0:01:16 63.2M 54 10.0G   54 5590M    0     0  61.7M      0  0:02:45  0:01:30  0:01:15 61.4M 55 10.0G   55 5649M    0     0  61.6M      0  0:02:45  0:01:31  0:01:14 59.3M 55 10.0G   55 5709M    0     0  61.6M      0  0:02:45  0:01:32  0:01:13 58.0M 56 10.0G   56 5773M    0     0  61.6M      0  0:02:45  0:01:33  0:01:12 59.5M 56 10.0G   56 5834M    0     0  61.7M      0  0:02:45  0:01:34  0:01:11 60.7M 57 10.0G   57 5896M    0     0  61.7M      0  0:02:45  0:01:35  0:01:10 61.3M 58 10.0G   58 5961M    0     0  61.7M      0  0:02:45  0:01:36  0:01:09 62.3M 58 10.0G   58 6022M    0     0  61.7M      0  0:02:45  0:01:37  0:01:08 62.6M 59 10.0G   59 6085M    0     0  61.7M      0  0:02:45  0:01:38  0:01:07 62.7M 60 10.0G   60 6149M    0     0  61.7M      0  0:02:45  0:01:39  0:01:06 62.8M 60 10.0G   60 6211M    0     0  61.7M      0  0:02:45  0:01:40  0:01:05 62.8M 61 10.0G   61 6274M    0     0  61.7M      0  0:02:45  0:01:41  0:01:04 62.9M 61 10.0G   61 6338M    0     0  61.8M      0  0:02:45  0:01:42  0:01:03 63.1M 62 10.0G   62 6403M    0     0  61.8M      0  0:02:45  0:01:43  0:01:02 63.4M 63 10.0G   63 6468M    0     0  61.8M      0  0:02:45  0:01:44  0:01:01 63.9M 63 10.0G   63 6536M    0     0  61.9M      0  0:02:45  0:01:45  0:01:00 65.0M 64 10.0G   64 6605M    0     0  61.9M      0  0:02:45  0:01:46  0:00:59 65.8M 65 10.0G   65 6674M    0     0  62.0M      0  0:02:45  0:01:47  0:00:58 66.9M 65 10.0G   65 6745M    0     0  62.1M      0  0:02:44  0:01:48  0:00:56 68.2M 66 10.0G   66 6803M    0     0  62.0M      0  0:02:44  0:01:49  0:00:55 66.7M 67 10.0G   67 6864M    0     0  62.0M      0  0:02:44  0:01:50  0:00:54 65.6M 67 10.0G   67 6930M    0     0  62.1M      0  0:02:44  0:01:51  0:00:53 64.8M 68 10.0G   68 6995M    0     0  62.1M      0  0:02:44  0:01:52  0:00:52 64.2M 68 10.0G   68 7063M    0     0  62.1M      0  0:02:44  0:01:53  0:00:51 63.7M 69 10.0G   69 7119M    0     0  62.1M      0  0:02:44  0:01:54  0:00:50 63.4M 70 10.0G   70 7176M    0     0  62.0M      0  0:02:44  0:01:55  0:00:49 62.1M 70 10.0G   70 7233M    0     0  62.0M      0  0:02:45  0:01:56  0:00:49 60.9M 71 10.0G   71 7294M    0     0  62.0M      0  0:02:45  0:01:57  0:00:48 59.5M 71 10.0G   71 7354M    0     0  62.0M      0  0:02:45  0:01:58  0:00:47 58.1M 72 10.0G   72 7414M    0     0  62.0M      0  0:02:45  0:01:59  0:00:46 59.0M 73 10.0G   73 7478M    0     0  62.0M      0  0:02:45  0:02:00  0:00:45 60.4M 73 10.0G   73 7540M    0     0  62.0M      0  0:02:45  0:02:01  0:00:44 61.2M 74 10.0G   74 7602M    0     0  62.0M      0  0:02:45  0:02:02  0:00:43 61.9M 74 10.0G   74 7666M    0     0  62.0M      0  0:02:45  0:02:03  0:00:42 62.4M 75 10.0G   75 7728M    0     0  62.0M      0  0:02:45  0:02:04  0:00:41 62.6M 76 10.0G   76 7791M    0     0  62.0M      0  0:02:45  0:02:05  0:00:40 62.7M 76 10.0G   76 7854M    0     0  62.0M      0  0:02:45  0:02:06  0:00:39 62.8M 77 10.0G   77 7917M    0     0  62.0M      0  0:02:44  0:02:07  0:00:37 62.9M 77 10.0G   77 7980M    0     0  62.0M      0  0:02:44  0:02:08  0:00:36 62.9M 78 10.0G   78 8044M    0     0  62.0M      0  0:02:44  0:02:09  0:00:35 63.4M 79 10.0G   79 8109M    0     0  62.1M      0  0:02:44  0:02:10  0:00:34 63.7M 79 10.0G   79 8176M    0     0  62.1M      0  0:02:44  0:02:11  0:00:33 64.5M 80 10.0G   80 8241M    0     0  62.1M      0  0:02:44  0:02:12  0:00:32 64.8M 81 10.0G   81 8294M    0     0  62.1M      0  0:02:44  0:02:13  0:00:31 62.8M 81 10.0G   81 8350M    0     0  62.0M      0  0:02:45  0:02:14  0:00:31 61.0M 82 10.0G   82 8411M    0     0  62.0M      0  0:02:45  0:02:15  0:00:30 60.3M 82 10.0G   82 8473M    0     0  62.0M      0  0:02:45  0:02:16  0:00:29 59.2M 83 10.0G   83 8538M    0     0  62.0M      0  0:02:44  0:02:17  0:00:27 59.4M 84 10.0G   84 8605M    0     0  62.1M      0  0:02:44  0:02:18  0:00:26 62.1M 84 10.0G   84 8673M    0     0  62.1M      0  0:02:44  0:02:19  0:00:25 64.3M 85 10.0G   85 8741M    0     0  62.1M      0  0:02:44  0:02:20  0:00:24 65.8M 86 10.0G   86 8808M    0     0  62.2M      0  0:02:44  0:02:21  0:00:23 67.0M 86 10.0G   86 8877M    0     0  62.2M      0  0:02:44  0:02:22  0:00:22 67.6M 87 10.0G   87 8946M    0     0  62.3M      0  0:02:44  0:02:23  0:00:21 68.1M 88 10.0G   88 9014M    0     0  62.3M      0  0:02:44  0:02:24  0:00:20 68.4M 88 10.0G   88 9066M    0     0  62.2M      0  0:02:44  0:02:25  0:00:19 65.1M 89 10.0G   89 9122M    0     0  62.2M      0  0:02:44  0:02:26  0:00:18 62.6M 89 10.0G   89 9178M    0     0  62.2M      0  0:02:44  0:02:27  0:00:17 60.3M 90 10.0G   90 9238M    0     0  62.1M      0  0:02:44  0:02:28  0:00:16 58.5M 90 10.0G   90 9303M    0     0  62.2M      0  0:02:44  0:02:29  0:00:15 57.7M 91 10.0G   91 9368M    0     0  62.2M      0  0:02:44  0:02:30  0:00:14 60.1M 92 10.0G   92 9434M    0     0  62.2M      0  0:02:44  0:02:31  0:00:13 62.7M 92 10.0G   92 9501M    0     0  62.2M      0  0:02:44  0:02:32  0:00:12 64.5M 93 10.0G   93 9569M    0     0  62.3M      0  0:02:44  0:02:33  0:00:11 66.1M 94 10.0G   94 9638M    0     0  62.3M      0  0:02:44  0:02:34  0:00:10 67.0M 94 10.0G   94 9708M    0     0  62.4M      0  0:02:44  0:02:35  0:00:09 68.1M 95 10.0G   95 9777M    0     0  62.4M      0  0:02:43  0:02:36  0:00:07 68.2M 96 10.0G   96 9845M    0     0  62.4M      0  0:02:43  0:02:37  0:00:06 68.8M 96 10.0G   96 9914M    0     0  62.5M      0  0:02:43  0:02:38  0:00:05 68.9M 97 10.0G   97 9984M    0     0  62.5M      0  0:02:43  0:02:39  0:00:04 69.1M 98 10.0G   98  9.8G    0     0  62.6M      0  0:02:43  0:02:40  0:00:03 69.0M 98 10.0G   98  9.8G    0     0  62.6M      0  0:02:43  0:02:41  0:00:02 69.7M 99 10.0G   99  9.9G    0     0  62.7M      0  0:02:43  0:02:42  0:00:01 69.8M100 10.0G  100 10.0G    0     0  62.7M      0  0:02:43  0:02:43 --:--:-- 70.3M
  % Total    % Received % Xferd  Average Speed   Time    Time     Time  Current
                                 Dload  Upload   Total   Spent    Left  Speed
  0     0    0     0    0     0      0      0 --:--:-- --:--:-- --:--:--     0  0 20.0G    0 11.5M    0     0  18.6M      0  0:18:20 --:--:--  0:18:20 18.5M  0 20.0G    0 77.2M    0     0  47.8M      0  0:07:08  0:00:01  0:07:07 47.7M  0 20.0G    0  142M    0     0  54.0M      0  0:06:19  0:00:02  0:06:17 53.9M  1 20.0G    1  209M    0     0  57.8M      0  0:05:53  0:00:03  0:05:50 57.8M  1 20.0G    1  279M    0     0  60.5M      0  0:05:38  0:00:04  0:05:34 60.5M  1 20.0G    1  353M    0     0  62.9M      0  0:05:25  0:00:05  0:05:20 68.4M  2 20.0G    2  423M    0     0  63.9M      0  0:05:20  0:00:06  0:05:14 69.2M  2 20.0G    2  480M    0     0  63.1M      0  0:05:24  0:00:07  0:05:17 67.9M  2 20.0G    2  541M    0     0  62.7M      0  0:05:26  0:00:08  0:05:18 66.2M  2 20.0G    2  602M    0     0  62.6M      0  0:05:26  0:00:09  0:05:17 64.6M  3 20.0G    3  667M    0     0  62.8M      0  0:05:25  0:00:10  0:05:15 62.7M  3 20.0G    3  732M    0     0  63.0M      0  0:05:24  0:00:11  0:05:13 61.8M  3 20.0G    3  797M    0     0  63.2M      0  0:05:23  0:00:12  0:05:11 63.4M  4 20.0G    4  864M    0     0  63.5M      0  0:05:22  0:00:13  0:05:09 64.8M  4 20.0G    4  931M    0     0  63.7M      0  0:05:21  0:00:14  0:05:07 65.8M  4 20.0G    4  998M    0     0  63.9M      0  0:05:20  0:00:15  0:05:05 66.1M  5 20.0G    5 1064M    0     0  64.0M      0  0:05:19  0:00:16  0:05:03 66.5M  5 20.0G    5 1131M    0     0  64.2M      0  0:05:18  0:00:17  0:05:01 66.7M  5 20.0G    5 1198M    0     0  64.4M      0  0:05:17  0:00:18  0:04:59 66.8M  6 20.0G    6 1265M    0     0  64.5M      0  0:05:17  0:00:19  0:04:58 66.7M  6 20.0G    6 1332M    0     0  64.6M      0  0:05:16  0:00:20  0:04:56 66.8M  6 20.0G    6 1400M    0     0  64.7M      0  0:05:16  0:00:21  0:04:55 67.1M  7 20.0G    7 1469M    0     0  64.9M      0  0:05:15  0:00:22  0:04:53 67.6M  7 20.0G    7 1539M    0     0  65.1M      0  0:05:14  0:00:23  0:04:51 67.9M  7 20.0G    7 1607M    0     0  65.3M      0  0:05:13  0:00:24  0:04:49 68.4M  8 20.0G    8 1679M    0     0  65.5M      0  0:05:12  0:00:25  0:04:47 69.4M  8 20.0G    8 1742M    0     0  65.4M      0  0:05:12  0:00:26  0:04:46 68.5M  8 20.0G    8 1793M    0     0  64.8M      0  0:05:15  0:00:27  0:04:48 64.4M  9 20.0G    9 1855M    0     0  64.8M      0  0:05:16  0:00:28  0:04:48 63.1M  9 20.0G    9 1919M    0     0  64.8M      0  0:05:16  0:00:29  0:04:47 62.2M  9 20.0G    9 1986M    0     0  64.8M      0  0:05:15  0:00:30  0:04:45 61.3M 10 20.0G   10 2055M    0     0  65.0M      0  0:05:14  0:00:31  0:04:43 62.5M 10 20.0G   10 2110M    0     0  64.6M      0  0:05:16  0:00:32  0:04:44 63.5M 10 20.0G   10 2164M    0     0  64.3M      0  0:05:18  0:00:33  0:04:45 62.0M 10 20.0G   10 2222M    0     0  64.1M      0  0:05:19  0:00:34  0:04:45 60.5M 11 20.0G   11 2280M    0     0  64.0M      0  0:05:19  0:00:35  0:04:44 58.8M 11 20.0G   11 2336M    0     0  63.7M      0  0:05:21  0:00:36  0:04:45 55.9M 11 20.0G   11 2398M    0     0  63.7M      0  0:05:21  0:00:37  0:04:44 57.4M 12 20.0G   12 2458M    0     0  63.6M      0  0:05:21  0:00:38  0:04:43 58.7M 12 20.0G   12 2519M    0     0  63.6M      0  0:05:21  0:00:39  0:04:42 59.5M 12 20.0G   12 2582M    0     0  63.5M      0  0:05:22  0:00:40  0:04:42 60.1M 12 20.0G   12 2643M    0     0  63.5M      0  0:05:22  0:00:41  0:04:41 61.4M 13 20.0G   13 2705M    0     0  63.4M      0  0:05:22  0:00:42  0:04:40 61.7M 13 20.0G   13 2767M    0     0  63.4M      0  0:05:22  0:00:43  0:04:39 61.8M 13 20.0G   13 2828M    0     0  63.4M      0  0:05:22  0:00:44  0:04:38 61.8M 14 20.0G   14 2891M    0     0  63.3M      0  0:05:23  0:00:45  0:04:38 62.1M 14 20.0G   14 2953M    0     0  63.3M      0  0:05:23  0:00:46  0:04:37 62.0M 14 20.0G   14 3017M    0     0  63.3M      0  0:05:23  0:00:47  0:04:36 62.3M 15 20.0G   15 3081M    0     0  63.3M      0  0:05:23  0:00:48  0:04:35 62.8M 15 20.0G   15 3147M    0     0  63.4M      0  0:05:22  0:00:49  0:04:33 63.8M 15 20.0G   15 3216M    0     0  63.5M      0  0:05:22  0:00:50  0:04:32 64.7M 16 20.0G   16 3284M    0     0  63.6M      0  0:05:21  0:00:51  0:04:30 66.3M 16 20.0G   16 3353M    0     0  63.7M      0  0:05:21  0:00:52  0:04:29 67.3M 16 20.0G   16 3421M    0     0  63.8M      0  0:05:20  0:00:53  0:04:27 68.1M 16 20.0G   16 3469M    0     0  63.5M      0  0:05:22  0:00:54  0:04:28 64.1M 17 20.0G   17 3513M    0     0  63.1M      0  0:05:24  0:00:55  0:04:29 59.5M 17 20.0G   17 3561M    0     0  62.8M      0  0:05:25  0:00:56  0:04:29 55.0M 17 20.0G   17 3609M    0     0  62.6M      0  0:05:26  0:00:57  0:04:29 50.9M 17 20.0G   17 3658M    0     0  62.4M      0  0:05:28  0:00:58  0:04:30 47.3M 18 20.0G   18 3708M    0     0  62.2M      0  0:05:29  0:00:59  0:04:30 47.9M 18 20.0G   18 3757M    0     0  61.9M      0  0:05:30  0:01:00  0:04:30 48.7M 18 20.0G   18 3808M    0     0  61.8M      0  0:05:31  0:01:01  0:04:30 49.5M 18 20.0G   18 3857M    0     0  61.6M      0  0:05:32  0:01:02  0:04:30 49.7M 19 20.0G   19 3909M    0     0  61.4M      0  0:05:33  0:01:03  0:04:30 49.9M 19 20.0G   19 3958M    0     0  61.2M      0  0:05:34  0:01:04  0:04:30 49.9M 19 20.0G   19 4010M    0     0  61.1M      0  0:05:35  0:01:05  0:04:30 50.4M 19 20.0G   19 4060M    0     0  60.9M      0  0:05:35  0:01:06  0:04:29 50.4M 20 20.0G   20 4112M    0     0  60.8M      0  0:05:36  0:01:07  0:04:29 50.9M 20 20.0G   20 4164M    0     0  60.6M      0  0:05:37  0:01:08  0:04:29 51.2M 20 20.0G   20 4217M    0     0  60.5M      0  0:05:38  0:01:09  0:04:29 51.6M 20 20.0G   20 4271M    0     0  60.4M      0  0:05:38  0:01:10  0:04:28 52.4M 21 20.0G   21 4328M    0     0  60.4M      0  0:05:38  0:01:11  0:04:27 53.5M 21 20.0G   21 4386M    0     0  60.4M      0  0:05:38  0:01:12  0:04:26 54.9M 21 20.0G   21 4448M    0     0  60.4M      0  0:05:38  0:01:13  0:04:25 56.8M 22 20.0G   22 4513M    0     0  60.4M      0  0:05:38  0:01:14  0:04:24 59.3M 22 20.0G   22 4582M    0     0  60.6M      0  0:05:37  0:01:15  0:04:22 62.1M 22 20.0G   22 4654M    0     0  60.7M      0  0:05:37  0:01:16  0:04:21 65.2M 23 20.0G   23 4731M    0     0  60.9M      0  0:05:35  0:01:17  0:04:18 68.7M 23 20.0G   23 4795M    0     0  61.0M      0  0:05:35  0:01:18  0:04:17 69.3M 23 20.0G   23 4860M    0     0  61.0M      0  0:05:35  0:01:19  0:04:16 69.1M 24 20.0G   24 4928M    0     0  61.1M      0  0:05:35  0:01:20  0:04:15 68.9M 24 20.0G   24 4997M    0     0  61.2M      0  0:05:34  0:01:21  0:04:13 68.3M 24 20.0G   24 5070M    0     0  61.3M      0  0:05:33  0:01:22  0:04:11 67.5M 25 20.0G   25 5142M    0     0  61.4M      0  0:05:33  0:01:23  0:04:10 69.0M 25 20.0G   25 5216M    0     0  61.6M      0  0:05:32  0:01:24  0:04:08 71.1M 25 20.0G   25 5276M    0     0  61.6M      0  0:05:32  0:01:25  0:04:07 69.5M 26 20.0G   26 5337M    0     0  61.6M      0  0:05:32  0:01:26  0:04:06 68.1M 26 20.0G   26 5400M    0     0  61.6M      0  0:05:32  0:01:27  0:04:05 66.1M 26 20.0G   26 5465M    0     0  61.6M      0  0:05:32  0:01:28  0:04:04 64.7M 27 20.0G   27 5531M    0     0  61.7M      0  0:05:31  0:01:29  0:04:02 63.2M 27 20.0G   27 5599M    0     0  61.7M      0  0:05:31  0:01:30  0:04:01 64.7M 27 20.0G   27 5666M    0     0  61.8M      0  0:05:31  0:01:31  0:04:00 65.9M 27 20.0G   27 5734M    0     0  61.9M      0  0:05:30  0:01:32  0:03:58 66.9M 28 20.0G   28 5802M    0     0  61.9M      0  0:05:30  0:01:33  0:03:57 67.4M 28 20.0G   28 5870M    0     0  62.0M      0  0:05:30  0:01:34  0:03:56 68.0M 29 20.0G   29 5939M    0     0  62.1M      0  0:05:29  0:01:35  0:03:54 67.9M 29 20.0G   29 6008M    0     0  62.1M      0  0:05:29  0:01:36  0:03:53 68.2M 29 20.0G   29 6075M    0     0  62.2M      0  0:05:29  0:01:37  0:03:52 68.2M 29 20.0G   29 6143M    0     0  62.3M      0  0:05:28  0:01:38  0:03:50 68.3M 30 20.0G   30 6213M    0     0  62.3M      0  0:05:28  0:01:39  0:03:49 68.3M 30 20.0G   30 6279M    0     0  62.4M      0  0:05:28  0:01:40  0:03:48 68.0M 30 20.0G   30 6347M    0     0  62.4M      0  0:05:27  0:01:41  0:03:46 67.6M 31 20.0G   31 6416M    0     0  62.5M      0  0:05:27  0:01:42  0:03:45 68.0M 31 20.0G   31 6487M    0     0  62.6M      0  0:05:27  0:01:43  0:03:44 68.6M 31 20.0G   31 6536M    0     0  62.4M      0  0:05:27  0:01:44  0:03:43 64.7M 32 20.0G   32 6578M    0     0  62.2M      0  0:05:28  0:01:45  0:03:43 59.4M 32 20.0G   32 6619M    0     0  62.0M      0  0:05:29  0:01:46  0:03:43 54.6M 32 20.0G   32 6664M    0     0  61.9M      0  0:05:30  0:01:47  0:03:43 49.6M 32 20.0G   32 6708M    0     0  61.7M      0  0:05:31  0:01:48  0:03:43 44.2M 32 20.0G   32 6753M    0     0  61.6M      0  0:05:32  0:01:49  0:03:43 43.3M 33 20.0G   33 6800M    0     0  61.4M      0  0:05:33  0:01:50  0:03:43 44.4M 33 20.0G   33 6845M    0     0  61.3M      0  0:05:33  0:01:51  0:03:42 45.1M 33 20.0G   33 6892M    0     0  61.2M      0  0:05:34  0:01:52  0:03:42 45.5M 33 20.0G   33 6937M    0     0  61.0M      0  0:05:35  0:01:53  0:03:42 45.9M 34 20.0G   34 6983M    0     0  60.9M      0  0:05:36  0:01:54  0:03:42 45.9M 34 20.0G   34 7030M    0     0  60.8M      0  0:05:36  0:01:55  0:03:41 46.1M 34 20.0G   34 7075M    0     0  60.6M      0  0:05:37  0:01:56  0:03:41 46.0M 34 20.0G   34 7120M    0     0  60.5M      0  0:05:38  0:01:57  0:03:41 45.6M 34 20.0G   34 7167M    0     0  60.4M      0  0:05:38  0:01:58  0:03:40 45.9M 35 20.0G   35 7216M    0     0  60.3M      0  0:05:39  0:01:59  0:03:40 46.6M 35 20.0G   35 7265M    0     0  60.2M      0  0:05:39  0:02:00  0:03:39 47.1M 35 20.0G   35 7317M    0     0  60.1M      0  0:05:40  0:02:01  0:03:39 48.3M 35 20.0G   35 7372M    0     0  60.1M      0  0:05:40  0:02:02  0:03:38 50.4M 36 20.0G   36 7430M    0     0  60.1M      0  0:05:40  0:02:03  0:03:37 52.4M 36 20.0G   36 7492M    0     0  60.1M      0  0:05:40  0:02:04  0:03:36 55.1M 36 20.0G   36 7558M    0     0  60.1M      0  0:05:40  0:02:05  0:03:35 58.3M 37 20.0G   37 7629M    0     0  60.2M      0  0:05:39  0:02:06  0:03:33 62.2M 37 20.0G   37 7702M    0     0  60.3M      0  0:05:39  0:02:07  0:03:32 65.7M 37 20.0G   37 7778M    0     0  60.4M      0  0:05:38  0:02:08  0:03:30 69.4M 38 20.0G   38 7853M    0     0  60.5M      0  0:05:38  0:02:09  0:03:29 71.9M 38 20.0G   38 7915M    0     0  60.5M      0  0:05:37  0:02:10  0:03:27 71.3M 38 20.0G   38 7982M    0     0  60.6M      0  0:05:37  0:02:11  0:03:26 70.7M 39 20.0G   39 8053M    0     0  60.7M      0  0:05:37  0:02:12  0:03:25 70.3M 39 20.0G   39 8127M    0     0  60.8M      0  0:05:36  0:02:13  0:03:23 69.9M 40 20.0G   40 8204M    0     0  60.9M      0  0:05:36  0:02:14  0:03:22 70.5M 40 20.0G   40 8281M    0     0  61.0M      0  0:05:35  0:02:15  0:03:20 73.2M 40 20.0G   40 8358M    0     0  61.1M      0  0:05:34  0:02:16  0:03:18 75.0M 41 20.0G   41 8434M    0     0  61.2M      0  0:05:34  0:02:17  0:03:17 76.1M 41 20.0G   41 8510M    0     0  61.3M      0  0:05:33  0:02:18  0:03:15 76.4M 41 20.0G   41 8583M    0     0  61.4M      0  0:05:33  0:02:19  0:03:14 75.6M 42 20.0G   42 8639M    0     0  61.4M      0  0:05:33  0:02:20  0:03:13 71.7M 42 20.0G   42 8701M    0     0  61.4M      0  0:05:33  0:02:21  0:03:12 68.4M 42 20.0G   42 8765M    0     0  61.4M      0  0:05:33  0:02:22  0:03:11 66.2M 43 20.0G   43 8833M    0     0  61.5M      0  0:05:32  0:02:23  0:03:09 64.8M 43 20.0G   43 8903M    0     0  61.5M      0  0:05:32  0:02:24  0:03:08 63.9M 43 20.0G   43 8971M    0     0  61.6M      0  0:05:32  0:02:25  0:03:07 66.5M 44 20.0G   44 9039M    0     0  61.6M      0  0:05:32  0:02:26  0:03:06 67.7M 44 20.0G   44 9110M    0     0  61.7M      0  0:05:31  0:02:27  0:03:04 68.9M 44 20.0G   44 9180M    0     0  61.7M      0  0:05:31  0:02:28  0:03:03 69.4M 45 20.0G   45 9252M    0     0  61.8M      0  0:05:31  0:02:29  0:03:02 70.0M 45 20.0G   45 9323M    0     0  61.9M      0  0:05:30  0:02:30  0:03:00 70.3M 45 20.0G   45 9395M    0     0  61.9M      0  0:05:30  0:02:31  0:02:59 71.2M 46 20.0G   46 9466M    0     0  62.0M      0  0:05:30  0:02:32  0:02:58 71.2M 46 20.0G   46 9538M    0     0  62.0M      0  0:05:29  0:02:33  0:02:56 71.4M 46 20.0G   46 9609M    0     0  62.1M      0  0:05:29  0:02:34  0:02:55 71.3M 47 20.0G   47 9682M    0     0  62.2M      0  0:05:29  0:02:35  0:02:54 71.6M 47 20.0G   47 9755M    0     0  62.2M      0  0:05:28  0:02:36  0:02:52 72.1M 47 20.0G   47 9830M    0     0  62.3M      0  0:05:28  0:02:37  0:02:51 72.7M 48 20.0G   48 9905M    0     0  62.4M      0  0:05:27  0:02:38  0:02:49 73.2M 48 20.0G   48 9981M    0     0  62.5M      0  0:05:27  0:02:39  0:02:48 74.1M 49 20.0G   49  9.8G    0     0  62.6M      0  0:05:27  0:02:40  0:02:47 74.7M 49 20.0G   49  9.8G    0     0  62.6M      0  0:05:26  0:02:41  0:02:45 74.5M 49 20.0G   49  9.9G    0     0  62.7M      0  0:05:26  0:02:42  0:02:44 73.6M 50 20.0G   50 10.0G    0     0  62.7M      0  0:05:26  0:02:43  0:02:43 71.7M 50 20.0G   50 10.0G    0     0  62.7M      0  0:05:26  0:02:44  0:02:42 69.8M 50 20.0G   50 10.1G    0     0  62.7M      0  0:05:26  0:02:45  0:02:41 68.2M 51 20.0G   51 10.2G    0     0  62.7M      0  0:05:26  0:02:46  0:02:40 64.9M 51 20.0G   51 10.2G    0     0  62.6M      0  0:05:26  0:02:47  0:02:39 61.9M 51 20.0G   51 10.3G    0     0  62.6M      0  0:05:26  0:02:48  0:02:38 60.5M 51 20.0G   51 10.3G    0     0  62.6M      0  0:05:26  0:02:49  0:02:37 59.2M 52 20.0G   52 10.4G    0     0  62.6M      0  0:05:26  0:02:50  0:02:36 57.9M 52 20.0G   52 10.4G    0     0  62.6M      0  0:05:27  0:02:51  0:02:36 58.7M 52 20.0G   52 10.5G    0     0  62.6M      0  0:05:27  0:02:52  0:02:35 60.1M 53 20.0G   53 10.6G    0     0  62.6M      0  0:05:27  0:02:53  0:02:34 61.2M 53 20.0G   53 10.6G    0     0  62.6M      0  0:05:27  0:02:54  0:02:33 61.1M 53 20.0G   53 10.7G    0     0  62.6M      0  0:05:27  0:02:55  0:02:32 61.4M 53 20.0G   53 10.7G    0     0  62.5M      0  0:05:27  0:02:56  0:02:31 61.2M 54 20.0G   54 10.8G    0     0  62.5M      0  0:05:27  0:02:57  0:02:30 58.2M 54 20.0G   54 10.8G    0     0  62.4M      0  0:05:28  0:02:58  0:02:30 55.4M 54 20.0G   54 10.9G    0     0  62.3M      0  0:05:28  0:02:59  0:02:29 54.2M 54 20.0G   54 10.9G    0     0  62.3M      0  0:05:28  0:03:00  0:02:28 52.7M 55 20.0G   55 11.0G    0     0  62.3M      0  0:05:28  0:03:01  0:02:27 52.5M 55 20.0G   55 11.1G    0     0  62.2M      0  0:05:28  0:03:02  0:02:26 54.9M 55 20.0G   55 11.1G    0     0  62.2M      0  0:05:28  0:03:03  0:02:25 57.3M 56 20.0G   56 11.2G    0     0  62.2M      0  0:05:28  0:03:04  0:02:24 59.1M 56 20.0G   56 11.2G    0     0  62.2M      0  0:05:28  0:03:05  0:02:23 60.1M 56 20.0G   56 11.3G    0     0  62.2M      0  0:05:28  0:03:06  0:02:22 61.1M 57 20.0G   57 11.4G    0     0  62.2M      0  0:05:28  0:03:07  0:02:21 61.6M 57 20.0G   57 11.4G    0     0  62.2M      0  0:05:28  0:03:08  0:02:20 62.0M 57 20.0G   57 11.5G    0     0  62.2M      0  0:05:28  0:03:09  0:02:19 61.8M 57 20.0G   57 11.5G    0     0  62.2M      0  0:05:28  0:03:10  0:02:18 62.2M 58 20.0G   58 11.6G    0     0  62.2M      0  0:05:28  0:03:11  0:02:17 62.2M 58 20.0G   58 11.7G    0     0  62.2M      0  0:05:28  0:03:12  0:02:16 62.4M 58 20.0G   58 11.7G    0     0  62.2M      0  0:05:28  0:03:13  0:02:15 62.5M 59 20.0G   59 11.8G    0     0  62.2M      0  0:05:28  0:03:14  0:02:14 63.1M 59 20.0G   59 11.9G    0     0  62.3M      0  0:05:28  0:03:15  0:02:13 63.7M 59 20.0G   59 11.9G    0     0  62.3M      0  0:05:28  0:03:16  0:02:12 64.5M 60 20.0G   60 12.0G    0     0  62.3M      0  0:05:28  0:03:17  0:02:11 65.8M 60 20.0G   60 12.1G    0     0  62.4M      0  0:05:28  0:03:18  0:02:10 67.4M 60 20.0G   60 12.1G    0     0  62.4M      0  0:05:27  0:03:19  0:02:08 68.9M 61 20.0G   61 12.2G    0     0  62.5M      0  0:05:27  0:03:20  0:02:07 71.2M 61 20.0G   61 12.3G    0     0  62.5M      0  0:05:27  0:03:21  0:02:06 72.8M 61 20.0G   61 12.3G    0     0  62.6M      0  0:05:26  0:03:22  0:02:04 74.0M 62 20.0G   62 12.4G    0     0  62.7M      0  0:05:26  0:03:23  0:02:03 75.2M 62 20.0G   62 12.5G    0     0  62.8M      0  0:05:26  0:03:24  0:02:02 76.7M 63 20.0G   63 12.6G    0     0  62.8M      0  0:05:25  0:03:25  0:02:00 77.0M 63 20.0G   63 12.7G    0     0  62.9M      0  0:05:25  0:03:26  0:01:59 77.9M 63 20.0G   63 12.7G    0     0  63.0M      0  0:05:24  0:03:27  0:01:57 78.3M 64 20.0G   64 12.8G    0     0  63.1M      0  0:05:24  0:03:28  0:01:56 78.7M 64 20.0G   64 12.9G    0     0  63.1M      0  0:05:24  0:03:29  0:01:55 77.7M 65 20.0G   65 13.0G    0     0  63.2M      0  0:05:23  0:03:30  0:01:53 76.5M 65 20.0G   65 13.0G    0     0  63.2M      0  0:05:23  0:03:31  0:01:52 74.3M 65 20.0G   65 13.1G    0     0  63.2M      0  0:05:23  0:03:32  0:01:51 73.3M 66 20.0G   66 13.2G    0     0  63.3M      0  0:05:23  0:03:33  0:01:50 72.9M 66 20.0G   66 13.2G    0     0  63.3M      0  0:05:23  0:03:34  0:01:49 73.0M 66 20.0G   66 13.3G    0     0  63.3M      0  0:05:23  0:03:35  0:01:48 70.7M 67 20.0G   67 13.4G    0     0  63.3M      0  0:05:23  0:03:36  0:01:47 69.4M 67 20.0G   67 13.4G    0     0  63.3M      0  0:05:23  0:03:37  0:01:46 68.0M 67 20.0G   67 13.5G    0     0  63.4M      0  0:05:22  0:03:38  0:01:44 66.1M 68 20.0G   68 13.6G    0     0  63.4M      0  0:05:22  0:03:39  0:01:43 64.4M 68 20.0G   68 13.6G    0     0  63.4M      0  0:05:22  0:03:40  0:01:42 66.1M 68 20.0G   68 13.7G    0     0  63.4M      0  0:05:22  0:03:41  0:01:41 67.8M 69 20.0G   69 13.8G    0     0  63.5M      0  0:05:22  0:03:42  0:01:40 68.5M 69 20.0G   69 13.8G    0     0  63.5M      0  0:05:22  0:03:43  0:01:39 69.2M 69 20.0G   69 13.9G    0     0  63.5M      0  0:05:22  0:03:44  0:01:38 69.7M 70 20.0G   70 14.0G    0     0  63.5M      0  0:05:22  0:03:45  0:01:37 69.7M 70 20.0G   70 14.0G    0     0  63.6M      0  0:05:21  0:03:46  0:01:35 69.9M 70 20.0G   70 14.1G    0     0  63.6M      0  0:05:21  0:03:47  0:01:34 69.9M 71 20.0G   71 14.2G    0     0  63.6M      0  0:05:21  0:03:48  0:01:33 70.1M 71 20.0G   71 14.2G    0     0  63.7M      0  0:05:21  0:03:49  0:01:32 70.3M 71 20.0G   71 14.3G    0     0  63.7M      0  0:05:21  0:03:50  0:01:31 70.6M 72 20.0G   72 14.4G    0     0  63.7M      0  0:05:21  0:03:51  0:01:30 70.3M 72 20.0G   72 14.4G    0     0  63.8M      0  0:05:20  0:03:52  0:01:28 71.0M 72 20.0G   72 14.5G    0     0  63.8M      0  0:05:20  0:03:53  0:01:27 71.2M 73 20.0G   73 14.6G    0     0  63.8M      0  0:05:20  0:03:54  0:01:26 71.7M 73 20.0G   73 14.7G    0     0  63.9M      0  0:05:20  0:03:55  0:01:25 71.4M 73 20.0G   73 14.7G    0     0  63.8M      0  0:05:20  0:03:56  0:01:24 69.9M 74 20.0G   74 14.8G    0     0  63.9M      0  0:05:20  0:03:57  0:01:23 68.6M 74 20.0G   74 14.8G    0     0  63.9M      0  0:05:20  0:03:58  0:01:22 68.4M 74 20.0G   74 14.9G    0     0  63.9M      0  0:05:20  0:03:59  0:01:21 68.0M 75 20.0G   75 15.0G    0     0  63.9M      0  0:05:20  0:04:00  0:01:20 65.3M 75 20.0G   75 15.0G    0     0  63.9M      0  0:05:20  0:04:01  0:01:19 64.4M 75 20.0G   75 15.1G    0     0  63.8M      0  0:05:20  0:04:02  0:01:18 63.3M 75 20.0G   75 15.1G    0     0  63.8M      0  0:05:20  0:04:03  0:01:17 61.1M 76 20.0G   76 15.2G    0     0  63.8M      0  0:05:20  0:04:04  0:01:16 59.4M 76 20.0G   76 15.3G    0     0  63.8M      0  0:05:20  0:04:05  0:01:15 61.1M 76 20.0G   76 15.3G    0     0  63.8M      0  0:05:20  0:04:06  0:01:14 62.4M 77 20.0G   77 15.4G    0     0  63.8M      0  0:05:20  0:04:07  0:01:13 63.0M 77 20.0G   77 15.5G    0     0  63.8M      0  0:05:20  0:04:08  0:01:12 62.7M 77 20.0G   77 15.5G    0     0  63.7M      0  0:05:21  0:04:09  0:01:12 59.7M 78 20.0G   78 15.6G    0     0  63.7M      0  0:05:21  0:04:10  0:01:11 57.4M 78 20.0G   78 15.6G    0     0  63.7M      0  0:05:21  0:04:11  0:01:10 55.9M 78 20.0G   78 15.7G    0     0  63.6M      0  0:05:21  0:04:12  0:01:09 54.6M 78 20.0G   78 15.7G    0     0  63.6M      0  0:05:21  0:04:13  0:01:08 54.8M 79 20.0G   79 15.8G    0     0  63.6M      0  0:05:21  0:04:14  0:01:07 57.7M 79 20.0G   79 15.8G    0     0  63.6M      0  0:05:21  0:04:15  0:01:06 59.8M 79 20.0G   79 15.9G    0     0  63.6M      0  0:05:21  0:04:16  0:01:05 61.3M 80 20.0G   80 16.0G    0     0  63.6M      0  0:05:21  0:04:17  0:01:04 62.6M 80 20.0G   80 16.0G    0     0  63.6M      0  0:05:21  0:04:18  0:01:03 63.4M 80 20.0G   80 16.1G    0     0  63.6M      0  0:05:21  0:04:19  0:01:02 64.0M 81 20.0G   81 16.2G    0     0  63.6M      0  0:05:21  0:04:20  0:01:01 64.4M 81 20.0G   81 16.2G    0     0  63.6M      0  0:05:21  0:04:21  0:01:00 64.5M 81 20.0G   81 16.3G    0     0  63.6M      0  0:05:21  0:04:22  0:00:59 64.4M 81 20.0G   81 16.3G    0     0  63.6M      0  0:05:21  0:04:23  0:00:58 64.6M 82 20.0G   82 16.4G    0     0  63.7M      0  0:05:21  0:04:24  0:00:57 64.7M 82 20.0G   82 16.5G    0     0  63.7M      0  0:05:21  0:04:25  0:00:56 64.7M 82 20.0G   82 16.5G    0     0  63.7M      0  0:05:21  0:04:26  0:00:55 65.3M 83 20.0G   83 16.6G    0     0  63.7M      0  0:05:21  0:04:27  0:00:54 66.1M 83 20.0G   83 16.7G    0     0  63.7M      0  0:05:21  0:04:28  0:00:53 66.7M 83 20.0G   83 16.7G    0     0  63.7M      0  0:05:21  0:04:29  0:00:52 67.3M 84 20.0G   84 16.8G    0     0  63.8M      0  0:05:20  0:04:30  0:00:50 68.7M 84 20.0G   84 16.9G    0     0  63.8M      0  0:05:20  0:04:31  0:00:49 69.2M 84 20.0G   84 16.9G    0     0  63.8M      0  0:05:20  0:04:32  0:00:48 68.5M 85 20.0G   85 17.0G    0     0  63.8M      0  0:05:20  0:04:33  0:00:47 67.7M 85 20.0G   85 17.1G    0     0  63.8M      0  0:05:20  0:04:34  0:00:46 67.2M 85 20.0G   85 17.1G    0     0  63.8M      0  0:05:20  0:04:35  0:00:45 66.8M 86 20.0G   86 17.2G    0     0  63.8M      0  0:05:20  0:04:36  0:00:44 67.1M 86 20.0G   86 17.3G    0     0  63.9M      0  0:05:20  0:04:37  0:00:43 68.6M 86 20.0G   86 17.3G    0     0  63.9M      0  0:05:20  0:04:38  0:00:42 70.0M 87 20.0G   87 17.4G    0     0  63.9M      0  0:05:20  0:04:39  0:00:41 70.8M 87 20.0G   87 17.5G    0     0  63.9M      0  0:05:20  0:04:40  0:00:40 70.7M 87 20.0G   87 17.5G    0     0  63.9M      0  0:05:20  0:04:41  0:00:39 68.6M 88 20.0G   88 17.6G    0     0  63.9M      0  0:05:20  0:04:42  0:00:38 63.3M 88 20.0G   88 17.6G    0     0  63.8M      0  0:05:20  0:04:43  0:00:37 58.3M 88 20.0G   88 17.7G    0     0  63.7M      0  0:05:21  0:04:44  0:00:37 54.1M 88 20.0G   88 17.7G    0     0  63.7M      0  0:05:21  0:04:45  0:00:36 50.1M 89 20.0G   89 17.8G    0     0  63.6M      0  0:05:21  0:04:46  0:00:35 48.1M 89 20.0G   89 17.8G    0     0  63.6M      0  0:05:21  0:04:47  0:00:34 49.2M 89 20.0G   89 17.9G    0     0  63.6M      0  0:05:21  0:04:48  0:00:33 50.2M 89 20.0G   89 17.9G    0     0  63.5M      0  0:05:22  0:04:49  0:00:33 50.9M 90 20.0G   90 18.0G    0     0  63.5M      0  0:05:22  0:04:50  0:00:32 51.2M 90 20.0G   90 18.0G    0     0  63.4M      0  0:05:22  0:04:51  0:00:31 51.4M 90 20.0G   90 18.1G    0     0  63.4M      0  0:05:22  0:04:52  0:00:30 51.5M 90 20.0G   90 18.1G    0     0  63.4M      0  0:05:23  0:04:53  0:00:30 51.5M 91 20.0G   91 18.2G    0     0  63.3M      0  0:05:23  0:04:54  0:00:29 51.7M 91 20.0G   91 18.2G    0     0  63.3M      0  0:05:23  0:04:55  0:00:28 51.9M 91 20.0G   91 18.3G    0     0  63.2M      0  0:05:23  0:04:56  0:00:27 52.3M 91 20.0G   91 18.3G    0     0  63.2M      0  0:05:23  0:04:57  0:00:26 52.8M 92 20.0G   92 18.4G    0     0  63.2M      0  0:05:23  0:04:58  0:00:25 53.7M 92 20.0G   92 18.4G    0     0  63.2M      0  0:05:23  0:04:59  0:00:24 54.8M 92 20.0G   92 18.5G    0     0  63.2M      0  0:05:23  0:05:00  0:00:23 56.3M 93 20.0G   93 18.6G    0     0  63.2M      0  0:05:23  0:05:01  0:00:22 58.3M 93 20.0G   93 18.6G    0     0  63.2M      0  0:05:23  0:05:02  0:00:21 60.7M 93 20.0G   93 18.7G    0     0  63.2M      0  0:05:23  0:05:03  0:00:20 63.2M 94 20.0G   94 18.8G    0     0  63.2M      0  0:05:23  0:05:04  0:00:19 63.6M 94 20.0G   94 18.8G    0     0  63.2M      0  0:05:23  0:05:05  0:00:18 63.4M 94 20.0G   94 18.9G    0     0  63.2M      0  0:05:23  0:05:06  0:00:17 63.3M 94 20.0G   94 18.9G    0     0  63.2M      0  0:05:23  0:05:07  0:00:16 63.3M 95 20.0G   95 19.0G    0     0  63.2M      0  0:05:23  0:05:08  0:00:15 62.8M 95 20.0G   95 19.1G    0     0  63.1M      0  0:05:24  0:05:09  0:00:15 61.1M 95 20.0G   95 19.1G    0     0  63.1M      0  0:05:24  0:05:10  0:00:14 60.1M 96 20.0G   96 19.2G    0     0  63.1M      0  0:05:24  0:05:11  0:00:13 58.8M 96 20.0G   96 19.2G    0     0  63.1M      0  0:05:24  0:05:12  0:00:12 57.0M 96 20.0G   96 19.3G    0     0  63.1M      0  0:05:24  0:05:13  0:00:11 55.5M 96 20.0G   96 19.3G    0     0  63.0M      0  0:05:24  0:05:14  0:00:10 56.9M 97 20.0G   97 19.4G    0     0  63.0M      0  0:05:24  0:05:15  0:00:09 57.9M 97 20.0G   97 19.5G    0     0  63.0M      0  0:05:24  0:05:16  0:00:08 58.8M 97 20.0G   97 19.5G    0     0  63.0M      0  0:05:24  0:05:17  0:00:07 59.2M 98 20.0G   98 19.6G    0     0  63.0M      0  0:05:24  0:05:18  0:00:06 59.4M 98 20.0G   98 19.6G    0     0  63.0M      0  0:05:24  0:05:19  0:00:05 60.0M 98 20.0G   98 19.7G    0     0  63.0M      0  0:05:24  0:05:20  0:00:04 60.1M 98 20.0G   98 19.7G    0     0  63.0M      0  0:05:24  0:05:21  0:00:03 60.0M 99 20.0G   99 19.8G    0     0  63.0M      0  0:05:24  0:05:22  0:00:02 60.3M 99 20.0G   99 19.9G    0     0  63.0M      0  0:05:24  0:05:23  0:00:01 60.6M 99 20.0G   99 19.9G    0     0  63.0M      0  0:05:25  0:05:24  0:00:01 60.8M100 20.0G  100 20.0G    0     0  63.0M      0  0:05:24  0:05:24 --:--:-- 61.6M
  % Total    % Received % Xferd  Average Speed   Time    Time     Time  Current
                                 Dload  Upload   Total   Spent    Left  Speed
