3: eth1: <BROADCAST,MULTICAST,UP,LOWER_UP> mtu 1500 qdisc mq state UP group default qlen 1000
    link/ether 02:b3:f5:db:97:7c brd ff:ff:ff:ff:ff:ff
    inet 10.131.1.2/24 scope global eth1
       valid_lft forever preferred_lft forever
default via 10.20.4.1 dev eth0 proto dhcp metric 100 
10.20.4.0/23 dev eth0 proto kernel scope link src 10.20.4.184 metric 100 
10.128.0.0/10 via 10.131.1.1 dev eth1 
10.131.1.0/24 dev eth1 proto kernel scope link src 10.131.1.2 
169.254.169.254 via 10.20.4.11 dev eth0 proto dhcp metric 100 
chmod: cannot access './fabric_node_tools/*.sh': No such file or directory
Rocky Linux 8 - AppStream                       184 kB/s |  11 MB     01:03    
Rocky Linux 8 - BaseOS                          146 kB/s | 9.0 MB     01:03    
Rocky Linux 8 - Extras                          191  B/s |  12 kB     01:02    
Last metadata expiration check: 0:00:01 ago on Mon 14 Nov 2022 03:53:22 PM UTC.
Dependencies resolved.
================================================================================
 Package               Architecture    Version            Repository       Size
================================================================================
Installing:
 epel-release          noarch          8-17.el8           extras           24 k

Transaction Summary
================================================================================
Install  1 Package

Total download size: 24 k
Installed size: 34 k
Downloading Packages:
epel-release-8-17.el8.noarch.rpm                109 kB/s |  24 kB     00:00    
--------------------------------------------------------------------------------
Total                                            67 kB/s |  24 kB     00:00     
Rocky Linux 8 - Extras                          1.6 MB/s | 1.6 kB     00:00    
Importing GPG key 0x6D745A60:
 Userid     : "Release Engineering <infrastructure@rockylinux.org>"
 Fingerprint: 7051 C470 A929 F454 CEBE 37B7 15AF 5DAC 6D74 5A60
 From       : /etc/pki/rpm-gpg/RPM-GPG-KEY-rockyofficial
Key imported successfully
Running transaction check
Transaction check succeeded.
Running transaction test
Transaction test succeeded.
Running transaction
  Preparing        :                                                        1/1 
  Installing       : epel-release-8-17.el8.noarch                           1/1 
  Running scriptlet: epel-release-8-17.el8.noarch                           1/1 
Many EPEL packages require the CodeReady Builder (CRB) repository.
It is recommended that you run /usr/bin/crb enable to enable the CRB repository.

  Verifying        : epel-release-8-17.el8.noarch                           1/1 

Installed:
  epel-release-8-17.el8.noarch                                                  

Complete!
Enabling CRB repo
CRB repo is enabled and named: powertools
Rocky Linux 8 - PowerTools                      4.5 MB/s | 2.9 MB     00:00    
Extra Packages for Enterprise Linux 8 - x86_64   15 MB/s |  13 MB     00:00    
Extra Packages for Enterprise Linux Modular 8 - 101 kB/s | 733 kB     00:07    
Dependencies resolved.
================================================================================
 Package         Arch   Version                                 Repo       Size
================================================================================
Installing:
 httpd           x86_64 2.4.37-47.module+el8.6.0+985+b8ff6398.2 appstream 1.4 M
 iftop           x86_64 1.0-0.21.pre4.el8                       epel       59 k
 iperf3          x86_64 3.5-6.el8                               appstream  99 k
 iproute-tc      x86_64 5.15.0-4.el8_6.1                        baseos    463 k
 net-tools       x86_64 2.0-0.52.20160912git.el8                baseos    321 k
 pciutils        x86_64 3.7.0-1.el8                             baseos    104 k
 tcpdump         x86_64 14:4.9.3-3.el8                          appstream 452 k
 vim-enhanced    x86_64 2:8.0.1763-19.el8_6.4                   appstream 1.4 M
Upgrading:
 iproute         x86_64 5.15.0-4.el8_6.1                        baseos    797 k
Installing dependencies:
 apr             x86_64 1.6.3-12.el8                            appstream 128 k
 apr-util        x86_64 1.6.1-6.el8.1                           appstream 104 k
 gpm-libs        x86_64 1.20.7-17.el8                           appstream  38 k
 httpd-filesystem
                 noarch 2.4.37-47.module+el8.6.0+985+b8ff6398.2 appstream  40 k
 httpd-tools     x86_64 2.4.37-47.module+el8.6.0+985+b8ff6398.2 appstream 107 k
 iptables-libs   x86_64 1.8.4-22.el8                            baseos    106 k
 libibverbs      x86_64 37.2-1.el8                              baseos    384 k
 libpcap         x86_64 14:1.9.1-5.el8                          baseos    168 k
 lksctp-tools    x86_64 1.0.18-3.el8                            baseos     98 k
 mailcap         noarch 2.1.48-3.el8                            baseos     38 k
 mod_http2       x86_64 1.15.7-5.module+el8.6.0+823+f143cee1    appstream 153 k
 rocky-logos-httpd
                 noarch 86.2-1.el8                              baseos     24 k
 vim-common      x86_64 2:8.0.1763-19.el8_6.4                   appstream 6.3 M
 vim-filesystem  noarch 2:8.0.1763-19.el8_6.4                   appstream  49 k
Installing weak dependencies:
 apr-util-bdb    x86_64 1.6.1-6.el8.1                           appstream  23 k
 apr-util-openssl
                 x86_64 1.6.1-6.el8.1                           appstream  26 k
Enabling module streams:
 httpd                  2.4                                                    

Transaction Summary
================================================================================
Install  24 Packages
Upgrade   1 Package

Total download size: 13 M
Downloading Packages:
(1/25): apr-util-bdb-1.6.1-6.el8.1.x86_64.rpm   154 kB/s |  23 kB     00:00    
(2/25): apr-util-openssl-1.6.1-6.el8.1.x86_64.r 633 kB/s |  26 kB     00:00    
(3/25): apr-util-1.6.1-6.el8.1.x86_64.rpm       459 kB/s | 104 kB     00:00    
(4/25): apr-1.6.3-12.el8.x86_64.rpm             561 kB/s | 128 kB     00:00    
(5/25): gpm-libs-1.20.7-17.el8.x86_64.rpm       911 kB/s |  38 kB     00:00    
(6/25): httpd-filesystem-2.4.37-47.module+el8.6 977 kB/s |  40 kB     00:00    
(7/25): iperf3-3.5-6.el8.x86_64.rpm             2.2 MB/s |  99 kB     00:00    
(8/25): httpd-tools-2.4.37-47.module+el8.6.0+98 1.3 MB/s | 107 kB     00:00    
(9/25): mod_http2-1.15.7-5.module+el8.6.0+823+f 3.5 MB/s | 153 kB     00:00    
(10/25): httpd-2.4.37-47.module+el8.6.0+985+b8f 8.4 MB/s | 1.4 MB     00:00    
(11/25): tcpdump-4.9.3-3.el8.x86_64.rpm         5.3 MB/s | 452 kB     00:00    
(12/25): vim-filesystem-8.0.1763-19.el8_6.4.noa 1.1 MB/s |  49 kB     00:00    
(13/25): vim-enhanced-8.0.1763-19.el8_6.4.x86_6  16 MB/s | 1.4 MB     00:00    
(14/25): vim-common-8.0.1763-19.el8_6.4.x86_64.  26 MB/s | 6.3 MB     00:00    
[MIRROR] iproute-tc-5.15.0-4.el8_6.1.x86_64.rpm: Curl error (7): Couldn't connect to server for http://distro.ibiblio.org/rocky/8.6/BaseOS/x86_64/os/Packages/i/iproute-tc-5.15.0-4.el8_6.1.x86_64.rpm [Failed to connect to distro.ibiblio.org port 80: No route to host]
[MIRROR] iptables-libs-1.8.4-22.el8.x86_64.rpm: Curl error (7): Couldn't connect to server for http://distro.ibiblio.org/rocky/8.6/BaseOS/x86_64/os/Packages/i/iptables-libs-1.8.4-22.el8.x86_64.rpm [Failed to connect to distro.ibiblio.org port 80: No route to host]
[MIRROR] libibverbs-37.2-1.el8.x86_64.rpm: Curl error (7): Couldn't connect to server for http://distro.ibiblio.org/rocky/8.6/BaseOS/x86_64/os/Packages/l/libibverbs-37.2-1.el8.x86_64.rpm [Failed to connect to distro.ibiblio.org port 80: No route to host]
(15/25): iptables-libs-1.8.4-22.el8.x86_64.rpm   29 kB/s | 106 kB     00:03    
(16/25): libibverbs-37.2-1.el8.x86_64.rpm       106 kB/s | 384 kB     00:03    
(17/25): lksctp-tools-1.0.18-3.el8.x86_64.rpm   1.5 MB/s |  98 kB     00:00    
(18/25): iproute-tc-5.15.0-4.el8_6.1.x86_64.rpm 121 kB/s | 463 kB     00:03    
(19/25): libpcap-1.9.1-5.el8.x86_64.rpm         1.3 MB/s | 168 kB     00:00    
(20/25): mailcap-2.1.48-3.el8.noarch.rpm        584 kB/s |  38 kB     00:00    
(21/25): net-tools-2.0-0.52.20160912git.el8.x86 4.6 MB/s | 321 kB     00:00    
(22/25): pciutils-3.7.0-1.el8.x86_64.rpm        1.6 MB/s | 104 kB     00:00    
(23/25): rocky-logos-httpd-86.2-1.el8.noarch.rp 370 kB/s |  24 kB     00:00    
(24/25): iproute-5.15.0-4.el8_6.1.x86_64.rpm    4.0 MB/s | 797 kB     00:00    
(25/25): iftop-1.0-0.21.pre4.el8.x86_64.rpm     160 kB/s |  59 kB     00:00    
--------------------------------------------------------------------------------
Total                                           2.4 MB/s |  13 MB     00:05     
Extra Packages for Enterprise Linux 8 - x86_64  1.6 MB/s | 1.6 kB     00:00    
Importing GPG key 0x2F86D6A1:
 Userid     : "Fedora EPEL (8) <epel@fedoraproject.org>"
 Fingerprint: 94E2 79EB 8D8F 25B2 1810 ADF1 21EA 45AB 2F86 D6A1
 From       : /etc/pki/rpm-gpg/RPM-GPG-KEY-EPEL-8
Key imported successfully
Running transaction check
Transaction check succeeded.
Running transaction test
Transaction test succeeded.
Running transaction
  Preparing        :                                                        1/1 
  Installing       : apr-1.6.3-12.el8.x86_64                               1/26 
  Running scriptlet: apr-1.6.3-12.el8.x86_64                               1/26 
  Installing       : apr-util-bdb-1.6.1-6.el8.1.x86_64                     2/26 
  Installing       : apr-util-openssl-1.6.1-6.el8.1.x86_64                 3/26 
  Installing       : apr-util-1.6.1-6.el8.1.x86_64                         4/26 
  Running scriptlet: apr-util-1.6.1-6.el8.1.x86_64                         4/26 
  Installing       : httpd-tools-2.4.37-47.module+el8.6.0+985+b8ff6398.    5/26 
  Upgrading        : iproute-5.15.0-4.el8_6.1.x86_64                       6/26 
  Installing       : rocky-logos-httpd-86.2-1.el8.noarch                   7/26 
  Installing       : mailcap-2.1.48-3.el8.noarch                           8/26 
  Installing       : lksctp-tools-1.0.18-3.el8.x86_64                      9/26 
  Running scriptlet: lksctp-tools-1.0.18-3.el8.x86_64                      9/26 
  Installing       : libibverbs-37.2-1.el8.x86_64                         10/26 
  Running scriptlet: libibverbs-37.2-1.el8.x86_64                         10/26 
  Installing       : libpcap-14:1.9.1-5.el8.x86_64                        11/26 
  Installing       : iptables-libs-1.8.4-22.el8.x86_64                    12/26 
  Installing       : vim-filesystem-2:8.0.1763-19.el8_6.4.noarch          13/26 
  Installing       : vim-common-2:8.0.1763-19.el8_6.4.x86_64              14/26 
  Running scriptlet: httpd-filesystem-2.4.37-47.module+el8.6.0+985+b8ff   15/26 
  Installing       : httpd-filesystem-2.4.37-47.module+el8.6.0+985+b8ff   15/26 
  Installing       : mod_http2-1.15.7-5.module+el8.6.0+823+f143cee1.x86   16/26 
  Installing       : httpd-2.4.37-47.module+el8.6.0+985+b8ff6398.2.x86_   17/26 
  Running scriptlet: httpd-2.4.37-47.module+el8.6.0+985+b8ff6398.2.x86_   17/26 
  Installing       : gpm-libs-1.20.7-17.el8.x86_64                        18/26 
  Running scriptlet: gpm-libs-1.20.7-17.el8.x86_64                        18/26 
  Installing       : vim-enhanced-2:8.0.1763-19.el8_6.4.x86_64            19/26 
  Installing       : iproute-tc-5.15.0-4.el8_6.1.x86_64                   20/26 
  Running scriptlet: tcpdump-14:4.9.3-3.el8.x86_64                        21/26 
  Installing       : tcpdump-14:4.9.3-3.el8.x86_64                        21/26 
  Installing       : iftop-1.0-0.21.pre4.el8.x86_64                       22/26 
  Installing       : iperf3-3.5-6.el8.x86_64                              23/26 
  Running scriptlet: iperf3-3.5-6.el8.x86_64                              23/26 
  Installing       : pciutils-3.7.0-1.el8.x86_64                          24/26 
  Installing       : net-tools-2.0-0.52.20160912git.el8.x86_64            25/26 
  Running scriptlet: net-tools-2.0-0.52.20160912git.el8.x86_64            25/26 
  Cleanup          : iproute-5.12.0-4.el8.x86_64                          26/26 
  Running scriptlet: httpd-2.4.37-47.module+el8.6.0+985+b8ff6398.2.x86_   26/26 
  Running scriptlet: iproute-5.12.0-4.el8.x86_64                          26/26 
  Running scriptlet: vim-common-2:8.0.1763-19.el8_6.4.x86_64              26/26 
  Verifying        : apr-1.6.3-12.el8.x86_64                               1/26 
  Verifying        : apr-util-1.6.1-6.el8.1.x86_64                         2/26 
  Verifying        : apr-util-bdb-1.6.1-6.el8.1.x86_64                     3/26 
  Verifying        : apr-util-openssl-1.6.1-6.el8.1.x86_64                 4/26 
  Verifying        : gpm-libs-1.20.7-17.el8.x86_64                         5/26 
  Verifying        : httpd-2.4.37-47.module+el8.6.0+985+b8ff6398.2.x86_    6/26 
  Verifying        : httpd-filesystem-2.4.37-47.module+el8.6.0+985+b8ff    7/26 
  Verifying        : httpd-tools-2.4.37-47.module+el8.6.0+985+b8ff6398.    8/26 
  Verifying        : iperf3-3.5-6.el8.x86_64                               9/26 
  Verifying        : mod_http2-1.15.7-5.module+el8.6.0+823+f143cee1.x86   10/26 
  Verifying        : tcpdump-14:4.9.3-3.el8.x86_64                        11/26 
  Verifying        : vim-common-2:8.0.1763-19.el8_6.4.x86_64              12/26 
  Verifying        : vim-enhanced-2:8.0.1763-19.el8_6.4.x86_64            13/26 
  Verifying        : vim-filesystem-2:8.0.1763-19.el8_6.4.noarch          14/26 
  Verifying        : iproute-tc-5.15.0-4.el8_6.1.x86_64                   15/26 
  Verifying        : iptables-libs-1.8.4-22.el8.x86_64                    16/26 
  Verifying        : libibverbs-37.2-1.el8.x86_64                         17/26 
  Verifying        : libpcap-14:1.9.1-5.el8.x86_64                        18/26 
  Verifying        : lksctp-tools-1.0.18-3.el8.x86_64                     19/26 
  Verifying        : mailcap-2.1.48-3.el8.noarch                          20/26 
  Verifying        : net-tools-2.0-0.52.20160912git.el8.x86_64            21/26 
  Verifying        : pciutils-3.7.0-1.el8.x86_64                          22/26 
  Verifying        : rocky-logos-httpd-86.2-1.el8.noarch                  23/26 
  Verifying        : iftop-1.0-0.21.pre4.el8.x86_64                       24/26 
  Verifying        : iproute-5.15.0-4.el8_6.1.x86_64                      25/26 
  Verifying        : iproute-5.12.0-4.el8.x86_64                          26/26 

Upgraded:
  iproute-5.15.0-4.el8_6.1.x86_64                                               
Installed:
  apr-1.6.3-12.el8.x86_64                                                       
  apr-util-1.6.1-6.el8.1.x86_64                                                 
  apr-util-bdb-1.6.1-6.el8.1.x86_64                                             
  apr-util-openssl-1.6.1-6.el8.1.x86_64                                         
  gpm-libs-1.20.7-17.el8.x86_64                                                 
  httpd-2.4.37-47.module+el8.6.0+985+b8ff6398.2.x86_64                          
  httpd-filesystem-2.4.37-47.module+el8.6.0+985+b8ff6398.2.noarch               
  httpd-tools-2.4.37-47.module+el8.6.0+985+b8ff6398.2.x86_64                    
  iftop-1.0-0.21.pre4.el8.x86_64                                                
  iperf3-3.5-6.el8.x86_64                                                       
  iproute-tc-5.15.0-4.el8_6.1.x86_64                                            
  iptables-libs-1.8.4-22.el8.x86_64                                             
  libibverbs-37.2-1.el8.x86_64                                                  
  libpcap-14:1.9.1-5.el8.x86_64                                                 
  lksctp-tools-1.0.18-3.el8.x86_64                                              
  mailcap-2.1.48-3.el8.noarch                                                   
  mod_http2-1.15.7-5.module+el8.6.0+823+f143cee1.x86_64                         
  net-tools-2.0-0.52.20160912git.el8.x86_64                                     
  pciutils-3.7.0-1.el8.x86_64                                                   
  rocky-logos-httpd-86.2-1.el8.noarch                                           
  tcpdump-14:4.9.3-3.el8.x86_64                                                 
  vim-common-2:8.0.1763-19.el8_6.4.x86_64                                       
  vim-enhanced-2:8.0.1763-19.el8_6.4.x86_64                                     
  vim-filesystem-2:8.0.1763-19.el8_6.4.noarch                                   

Complete!
sudo: ./fabric_node_tools/host_tune_redhat.sh: command not found
mke2fs 1.45.6 (20-Mar-2020)
Creating filesystem with 262144000 4k blocks and 65536000 inodes
Filesystem UUID: 9e01e5c4-c094-4b1d-bd0c-f8fd17d66c4d
Superblock backups stored on blocks: 
	32768, 98304, 163840, 229376, 294912, 819200, 884736, 1605632, 2654208, 
	4096000, 7962624, 11239424, 20480000, 23887872, 71663616, 78675968, 
	102400000, 214990848

Allocating group tables:    0/8000         done                            
Writing inode tables:    0/8000         done                            
Creating journal (262144 blocks): done
Writing superblocks and filesystem accounting information:    0/8000         done

Last metadata expiration check: 0:14:42 ago on Mon 14 Nov 2022 03:53:38 PM UTC.
Package epel-release-8-17.el8.noarch is already installed.
Dependencies resolved.
================================================================================
 Package               Architecture    Version              Repository     Size
================================================================================
Upgrading:
 epel-release          noarch          8-18.el8             epel           24 k

Transaction Summary
================================================================================
Upgrade  1 Package

Total download size: 24 k
Downloading Packages:
epel-release-8-18.el8.noarch.rpm                 53 kB/s |  24 kB     00:00    
--------------------------------------------------------------------------------
Total                                            33 kB/s |  24 kB     00:00     
Running transaction check
Transaction check succeeded.
Running transaction test
Transaction test succeeded.
Running transaction
  Preparing        :                                                        1/1 
  Running scriptlet: epel-release-8-18.el8.noarch                           1/1 
  Upgrading        : epel-release-8-18.el8.noarch                           1/2 
  Running scriptlet: epel-release-8-18.el8.noarch                           1/2 
  Cleanup          : epel-release-8-17.el8.noarch                           2/2 
  Running scriptlet: epel-release-8-17.el8.noarch                           2/2 
  Verifying        : epel-release-8-18.el8.noarch                           1/2 
  Verifying        : epel-release-8-17.el8.noarch                           2/2 

Upgraded:
  epel-release-8-18.el8.noarch                                                  

Complete!
Enabling CRB repo
CRB repo is enabled and named: powertools
Rocky Linux 8 - PowerTools                      1.4 kB/s | 4.8 kB     00:03    
Package httpd-2.4.37-47.module+el8.6.0+985+b8ff6398.2.x86_64 is already installed.
Package iproute-tc-5.15.0-4.el8_6.1.x86_64 is already installed.
Package net-tools-2.0-0.52.20160912git.el8.x86_64 is already installed.
Package pciutils-3.7.0-1.el8.x86_64 is already installed.
Package tcpdump-14:4.9.3-3.el8.x86_64 is already installed.
Package iftop-1.0-0.21.pre4.el8.x86_64 is already installed.
Package iperf3-3.5-6.el8.x86_64 is already installed.
Package vim-enhanced-2:8.0.1763-19.el8_6.4.x86_64 is already installed.
Dependencies resolved.
Nothing to do.
Complete!
dev
* Applying /usr/lib/sysctl.d/10-default-yama-scope.conf ...
kernel.yama.ptrace_scope = 0
* Applying /usr/lib/sysctl.d/50-coredump.conf ...
kernel.core_pattern = |/usr/lib/systemd/systemd-coredump %P %u %g %s %t %c %h %e
kernel.core_pipe_limit = 16
* Applying /usr/lib/sysctl.d/50-default.conf ...
kernel.sysrq = 16
kernel.core_uses_pid = 1
kernel.kptr_restrict = 1
net.ipv4.conf.all.rp_filter = 1
net.ipv4.conf.all.accept_source_route = 0
net.ipv4.conf.all.promote_secondaries = 1
net.core.default_qdisc = fq_codel
fs.protected_hardlinks = 1
fs.protected_symlinks = 1
* Applying /usr/lib/sysctl.d/50-libkcapi-optmem_max.conf ...
net.core.optmem_max = 81920
* Applying /usr/lib/sysctl.d/50-pid-max.conf ...
kernel.pid_max = 4194304
* Applying /etc/sysctl.d/99-sysctl.conf ...
net.core.rmem_max = 536870912
net.core.wmem_max = 536870912
net.ipv4.tcp_rmem = 4096 87380 536870912
net.ipv4.tcp_wmem = 4096 65536 536870912
net.ipv4.tcp_congestion_control = bbr
net.ipv4.tcp_mtu_probing = 1
net.core.default_qdisc = fq
* Applying /etc/sysctl.conf ...
net.core.rmem_max = 536870912
net.core.wmem_max = 536870912
net.ipv4.tcp_rmem = 4096 87380 536870912
net.ipv4.tcp_wmem = 4096 65536 536870912
net.ipv4.tcp_congestion_control = bbr
net.ipv4.tcp_mtu_probing = 1
net.core.default_qdisc = fq
mkdir: cannot create directory ‘/mnt/fabric_storage’: File exists
mke2fs 1.45.6 (20-Mar-2020)
/dev/vdb is mounted; will not make a filesystem here!
mount: /mnt/fabric_storage: /dev/vdb already mounted on /mnt/fabric_storage.
  % Total    % Received % Xferd  Average Speed   Time    Time     Time  Current
                                 Dload  Upload   Total   Spent    Left  Speed
  0     0    0     0    0     0      0      0 --:--:-- --:--:-- --:--:--     0  0     0    0     0    0     0      0      0 --:--:-- --:--:-- --:--:--     0  9 1024M    9 99.2M    0     0  97.5M      0  0:00:10  0:00:01  0:00:09 97.5M 21 1024M   21  224M    0     0   111M      0  0:00:09  0:00:02  0:00:07  111M 35 1024M   35  359M    0     0   118M      0  0:00:08  0:00:03  0:00:05  118M 47 1024M   47  491M    0     0   122M      0  0:00:08  0:00:04  0:00:04  122M 61 1024M   61  625M    0     0   124M      0  0:00:08  0:00:05  0:00:03  125M 73 1024M   73  755M    0     0   125M      0  0:00:08  0:00:06  0:00:02  131M 87 1024M   87  898M    0     0   127M      0  0:00:08  0:00:07  0:00:01  134M100 1024M  100 1024M    0     0   129M      0  0:00:07  0:00:07 --:--:--  137M
  % Total    % Received % Xferd  Average Speed   Time    Time     Time  Current
                                 Dload  Upload   Total   Spent    Left  Speed
  0     0    0     0    0     0      0      0 --:--:-- --:--:-- --:--:--     0  0 10.0G    0  105k    0     0   846k      0  3:26:23 --:--:--  3:26:23  840k  1 10.0G    1  130M    0     0   115M      0  0:01:28  0:00:01  0:01:27  115M  2 10.0G    2  270M    0     0   128M      0  0:01:19  0:00:02  0:01:17  128M  4 10.0G    4  412M    0     0   132M      0  0:01:17  0:00:03  0:01:14  132M  5 10.0G    5  558M    0     0   135M      0  0:01:15  0:00:04  0:01:11  135M  6 10.0G    6  702M    0     0   137M      0  0:01:14  0:00:05  0:01:09  140M  8 10.0G    8  846M    0     0   138M      0  0:01:14  0:00:06  0:01:08  143M  9 10.0G    9  991M    0     0   139M      0  0:01:13  0:00:07  0:01:06  143M 11 10.0G   11 1136M    0     0   139M      0  0:01:13  0:00:08  0:01:05  144M 12 10.0G   12 1277M    0     0   140M      0  0:01:13  0:00:09  0:01:04  144M 13 10.0G   13 1424M    0     0   140M      0  0:01:12  0:00:10  0:01:02  143M 15 10.0G   15 1568M    0     0   140M      0  0:01:12  0:00:11  0:01:01  144M 16 10.0G   16 1707M    0     0   140M      0  0:01:12  0:00:12  0:01:00  143M 18 10.0G   18 1851M    0     0   141M      0  0:01:12  0:00:13  0:00:59  143M 19 10.0G   19 1995M    0     0   141M      0  0:01:12  0:00:14  0:00:58  143M 20 10.0G   20 2139M    0     0   141M      0  0:01:12  0:00:15  0:00:57  143M 22 10.0G   22 2286M    0     0   141M      0  0:01:12  0:00:16  0:00:56  143M 23 10.0G   23 2432M    0     0   141M      0  0:01:12  0:00:17  0:00:55  144M 25 10.0G   25 2575M    0     0   142M      0  0:01:12  0:00:18  0:00:54  144M 26 10.0G   26 2722M    0     0   142M      0  0:01:11  0:00:19  0:00:52  145M 27 10.0G   27 2866M    0     0   142M      0  0:01:11  0:00:20  0:00:51  144M 29 10.0G   29 3007M    0     0   142M      0  0:01:11  0:00:21  0:00:50  144M 30 10.0G   30 3152M    0     0   142M      0  0:01:11  0:00:22  0:00:49  144M 32 10.0G   32 3284M    0     0   142M      0  0:01:12  0:00:23  0:00:49  141M 33 10.0G   33 3427M    0     0   142M      0  0:01:12  0:00:24  0:00:48  141M 34 10.0G   34 3569M    0     0   142M      0  0:01:12  0:00:25  0:00:47  140M 36 10.0G   36 3709M    0     0   142M      0  0:01:12  0:00:26  0:00:46  140M 37 10.0G   37 3852M    0     0   142M      0  0:01:12  0:00:27  0:00:45  140M 39 10.0G   39 3997M    0     0   142M      0  0:01:12  0:00:28  0:00:44  142M 40 10.0G   40 4140M    0     0   142M      0  0:01:12  0:00:29  0:00:43  142M 41 10.0G   41 4282M    0     0   142M      0  0:01:12  0:00:30  0:00:42  142M 43 10.0G   43 4431M    0     0   142M      0  0:01:11  0:00:31  0:00:40  143M 44 10.0G   44 4575M    0     0   142M      0  0:01:11  0:00:32  0:00:39  144M 46 10.0G   46 4721M    0     0   142M      0  0:01:11  0:00:33  0:00:38  145M 47 10.0G   47 4863M    0     0   142M      0  0:01:11  0:00:34  0:00:37  144M 48 10.0G   48 4995M    0     0   142M      0  0:01:11  0:00:35  0:00:36  142M 50 10.0G   50 5124M    0     0   141M      0  0:01:12  0:00:36  0:00:36  139M 51 10.0G   51 5259M    0     0   141M      0  0:01:12  0:00:37  0:00:35  136M 52 10.0G   52 5392M    0     0   141M      0  0:01:12  0:00:38  0:00:34  134M 53 10.0G   53 5523M    0     0   141M      0  0:01:12  0:00:39  0:00:33  132M 55 10.0G   55 5657M    0     0   140M      0  0:01:12  0:00:40  0:00:32  131M 56 10.0G   56 5789M    0     0   140M      0  0:01:12  0:00:41  0:00:31  132M 57 10.0G   57 5925M    0     0   140M      0  0:01:12  0:00:42  0:00:30  133M 59 10.0G   59 6056M    0     0   140M      0  0:01:12  0:00:43  0:00:29  132M 60 10.0G   60 6191M    0     0   140M      0  0:01:12  0:00:44  0:00:28  133M 61 10.0G   61 6325M    0     0   140M      0  0:01:13  0:00:45  0:00:28  133M 63 10.0G   63 6459M    0     0   140M      0  0:01:13  0:00:46  0:00:27  134M 64 10.0G   64 6595M    0     0   139M      0  0:01:13  0:00:47  0:00:26  133M 65 10.0G   65 6728M    0     0   139M      0  0:01:13  0:00:48  0:00:25  134M 67 10.0G   67 6864M    0     0   139M      0  0:01:13  0:00:49  0:00:24  134M 68 10.0G   68 7005M    0     0   139M      0  0:01:13  0:00:50  0:00:23  136M 69 10.0G   69 7139M    0     0   139M      0  0:01:13  0:00:51  0:00:22  135M 71 10.0G   71 7276M    0     0   139M      0  0:01:13  0:00:52  0:00:21  136M 72 10.0G   72 7415M    0     0   139M      0  0:01:13  0:00:53  0:00:20  136M 73 10.0G   73 7551M    0     0   139M      0  0:01:13  0:00:54  0:00:19  137M 75 10.0G   75 7686M    0     0   139M      0  0:01:13  0:00:55  0:00:18  135M 76 10.0G   76 7821M    0     0   139M      0  0:01:13  0:00:56  0:00:17  136M 77 10.0G   77 7961M    0     0   139M      0  0:01:13  0:00:57  0:00:16  136M 79 10.0G   79 8101M    0     0   139M      0  0:01:13  0:00:58  0:00:15  137M 80 10.0G   80 8238M    0     0   139M      0  0:01:13  0:00:59  0:00:14  137M 81 10.0G   81 8375M    0     0   139M      0  0:01:13  0:01:00  0:00:13  137M 83 10.0G   83 8513M    0     0   139M      0  0:01:13  0:01:01  0:00:12  138M 84 10.0G   84 8651M    0     0   139M      0  0:01:13  0:01:02  0:00:11  138M 85 10.0G   85 8786M    0     0   139M      0  0:01:13  0:01:03  0:00:10  137M 87 10.0G   87 8922M    0     0   139M      0  0:01:13  0:01:04  0:00:09  136M 88 10.0G   88 9060M    0     0   139M      0  0:01:13  0:01:05  0:00:08  137M 89 10.0G   89 9191M    0     0   139M      0  0:01:13  0:01:06  0:00:07  135M 91 10.0G   91 9328M    0     0   138M      0  0:01:13  0:01:07  0:00:06  135M 92 10.0G   92 9467M    0     0   138M      0  0:01:13  0:01:08  0:00:05  135M 93 10.0G   93 9601M    0     0   138M      0  0:01:13  0:01:09  0:00:04  135M 95 10.0G   95 9741M    0     0   138M      0  0:01:13  0:01:10  0:00:03  136M 96 10.0G   96 9886M    0     0   138M      0  0:01:13  0:01:11  0:00:02  138M 97 10.0G   97  9.7G    0     0   139M      0  0:01:13  0:01:12  0:00:01  140M 99 10.0G   99  9.9G    0     0   139M      0  0:01:13  0:01:13 --:--:--  140M100 10.0G  100 10.0G    0     0   139M      0  0:01:13  0:01:13 --:--:--  143M
  % Total    % Received % Xferd  Average Speed   Time    Time     Time  Current
                                 Dload  Upload   Total   Spent    Left  Speed
  0     0    0     0    0     0      0      0 --:--:-- --:--:-- --:--:--     0  0 20.0G    0 41.6M    0     0  78.1M      0  0:04:22 --:--:--  0:04:22 77.9M  0 20.0G    0  189M    0     0   122M      0  0:02:47  0:00:01  0:02:46  122M  1 20.0G    1  331M    0     0   131M      0  0:02:36  0:00:02  0:02:34  130M  2 20.0G    2  481M    0     0   135M      0  0:02:30  0:00:03  0:02:27  135M  3 20.0G    3  623M    0     0   137M      0  0:02:28  0:00:04  0:02:24  137M  3 20.0G    3  770M    0     0   138M      0  0:02:27  0:00:05  0:02:22  145M  4 20.0G    4  913M    0     0   139M      0  0:02:26  0:00:06  0:02:20  145M  5 20.0G    5 1063M    0     0   141M      0  0:02:25  0:00:07  0:02:18  146M  5 20.0G    5 1207M    0     0   141M      0  0:02:24  0:00:08  0:02:16  145M  6 20.0G    6 1351M    0     0   141M      0  0:02:24  0:00:09  0:02:15  145M  7 20.0G    7 1498M    0     0   142M      0  0:02:23  0:00:10  0:02:13  146M  8 20.0G    8 1643M    0     0   142M      0  0:02:23  0:00:11  0:02:12  145M  8 20.0G    8 1789M    0     0   142M      0  0:02:23  0:00:12  0:02:11  145M  9 20.0G    9 1923M    0     0   142M      0  0:02:23  0:00:13  0:02:10  143M 10 20.0G   10 2067M    0     0   142M      0  0:02:23  0:00:14  0:02:09  143M 10 20.0G   10 2204M    0     0   142M      0  0:02:24  0:00:15  0:02:09  141M 11 20.0G   11 2352M    0     0   142M      0  0:02:24  0:00:16  0:02:08  141M 12 20.0G   12 2484M    0     0   141M      0  0:02:24  0:00:17  0:02:07  139M 12 20.0G   12 2628M    0     0   141M      0  0:02:24  0:00:18  0:02:06  140M 13 20.0G   13 2773M    0     0   142M      0  0:02:24  0:00:19  0:02:05  141M 14 20.0G   14 2918M    0     0   142M      0  0:02:24  0:00:20  0:02:04  142M 14 20.0G   14 3065M    0     0   142M      0  0:02:23  0:00:21  0:02:02  143M 15 20.0G   15 3218M    0     0   142M      0  0:02:23  0:00:22  0:02:01  146M 16 20.0G   16 3366M    0     0   143M      0  0:02:23  0:00:23  0:02:00  147M 17 20.0G   17 3519M    0     0   143M      0  0:02:22  0:00:24  0:01:58  148M 17 20.0G   17 3664M    0     0   143M      0  0:02:22  0:00:25  0:01:57  149M 18 20.0G   18 3809M    0     0   143M      0  0:02:22  0:00:26  0:01:56  148M 19 20.0G   19 3945M    0     0   143M      0  0:02:22  0:00:27  0:01:55  145M 19 20.0G   19 4085M    0     0   143M      0  0:02:23  0:00:28  0:01:55  143M 20 20.0G   20 4209M    0     0   142M      0  0:02:23  0:00:29  0:01:54  138M 21 20.0G   21 4326M    0     0   141M      0  0:02:24  0:00:30  0:01:54  132M 21 20.0G   21 4449M    0     0   141M      0  0:02:25  0:00:31  0:01:54  128M 22 20.0G   22 4575M    0     0   140M      0  0:02:25  0:00:32  0:01:53  126M 22 20.0G   22 4704M    0     0   140M      0  0:02:25  0:00:33  0:01:52  123M 23 20.0G   23 4835M    0     0   140M      0  0:02:26  0:00:34  0:01:52  125M 24 20.0G   24 4967M    0     0   139M      0  0:02:26  0:00:35  0:01:51  128M 24 20.0G   24 5100M    0     0   139M      0  0:02:26  0:00:36  0:01:50  130M 25 20.0G   25 5234M    0     0   139M      0  0:02:26  0:00:37  0:01:49  131M 26 20.0G   26 5368M    0     0   139M      0  0:02:26  0:00:38  0:01:48  132M 26 20.0G   26 5501M    0     0   139M      0  0:02:27  0:00:39  0:01:48  133M 27 20.0G   27 5635M    0     0   139M      0  0:02:27  0:00:40  0:01:47  133M 28 20.0G   28 5770M    0     0   138M      0  0:02:27  0:00:41  0:01:46  133M 28 20.0G   28 5904M    0     0   138M      0  0:02:27  0:00:42  0:01:45  134M 29 20.0G   29 6039M    0     0   138M      0  0:02:27  0:00:43  0:01:44  134M 30 20.0G   30 6176M    0     0   138M      0  0:02:27  0:00:44  0:01:43  134M 30 20.0G   30 6314M    0     0   138M      0  0:02:27  0:00:45  0:01:42  135M 31 20.0G   31 6449M    0     0   138M      0  0:02:27  0:00:46  0:01:41  135M 32 20.0G   32 6590M    0     0   138M      0  0:02:27  0:00:47  0:01:40  137M 32 20.0G   32 6725M    0     0   138M      0  0:02:27  0:00:48  0:01:39  137M 33 20.0G   33 6864M    0     0   138M      0  0:02:27  0:00:49  0:01:38  137M 34 20.0G   34 7006M    0     0   138M      0  0:02:27  0:00:50  0:01:37  138M 34 20.0G   34 7154M    0     0   138M      0  0:02:27  0:00:51  0:01:36  141M 35 20.0G   35 7299M    0     0   138M      0  0:02:27  0:00:52  0:01:35  141M 36 20.0G   36 7444M    0     0   139M      0  0:02:27  0:00:53  0:01:34  143M 37 20.0G   37 7587M    0     0   139M      0  0:02:27  0:00:54  0:01:33  144M 37 20.0G   37 7733M    0     0   139M      0  0:02:27  0:00:55  0:01:32  145M 38 20.0G   38 7879M    0     0   139M      0  0:02:26  0:00:56  0:01:30  145M 39 20.0G   39 8024M    0     0   139M      0  0:02:26  0:00:57  0:01:29  144M 39 20.0G   39 8171M    0     0   139M      0  0:02:26  0:00:58  0:01:28  145M 40 20.0G   40 8317M    0     0   139M      0  0:02:26  0:00:59  0:01:27  145M 41 20.0G   41 8433M    0     0   139M      0  0:02:26  0:01:00  0:01:26  139M 41 20.0G   41 8556M    0     0   139M      0  0:02:27  0:01:01  0:01:26  135M 42 20.0G   42 8687M    0     0   138M      0  0:02:27  0:01:02  0:01:25  132M 43 20.0G   43 8823M    0     0   138M      0  0:02:27  0:01:03  0:01:24  130M 43 20.0G   43 8964M    0     0   138M      0  0:02:27  0:01:04  0:01:23  129M 44 20.0G   44 9107M    0     0   138M      0  0:02:27  0:01:05  0:01:22  134M 45 20.0G   45 9254M    0     0   139M      0  0:02:27  0:01:06  0:01:21  139M 45 20.0G   45 9401M    0     0   139M      0  0:02:27  0:01:07  0:01:20  142M 46 20.0G   46 9547M    0     0   139M      0  0:02:26  0:01:08  0:01:18  144M 47 20.0G   47 9692M    0     0   139M      0  0:02:26  0:01:09  0:01:17  145M 48 20.0G   48 9838M    0     0   139M      0  0:02:26  0:01:10  0:01:16  146M 48 20.0G   48 9984M    0     0   139M      0  0:02:26  0:01:11  0:01:15  146M 49 20.0G   49  9.8G    0     0   139M      0  0:02:26  0:01:12  0:01:14  145M 50 20.0G   50 10.0G    0     0   139M      0  0:02:26  0:01:13  0:01:13  145M 50 20.0G   50 10.1G    0     0   139M      0  0:02:26  0:01:14  0:01:12  145M 51 20.0G   51 10.3G    0     0   139M      0  0:02:26  0:01:15  0:01:11  145M 52 20.0G   52 10.4G    0     0   139M      0  0:02:26  0:01:16  0:01:10  144M 52 20.0G   52 10.5G    0     0   139M      0  0:02:26  0:01:17  0:01:09  140M 53 20.0G   53 10.6G    0     0   139M      0  0:02:26  0:01:18  0:01:08  135M 54 20.0G   54 10.8G    0     0   139M      0  0:02:27  0:01:19  0:01:08  130M 54 20.0G   54 10.9G    0     0   139M      0  0:02:27  0:01:20  0:01:07  126M 55 20.0G   55 11.0G    0     0   138M      0  0:02:27  0:01:21  0:01:06  123M 55 20.0G   55 11.1G    0     0   138M      0  0:02:27  0:01:22  0:01:05  123M 56 20.0G   56 11.3G    0     0   138M      0  0:02:27  0:01:23  0:01:04  126M 57 20.0G   57 11.4G    0     0   138M      0  0:02:27  0:01:24  0:01:03  128M 57 20.0G   57 11.5G    0     0   138M      0  0:02:27  0:01:25  0:01:02  128M 58 20.0G   58 11.6G    0     0   138M      0  0:02:28  0:01:26  0:01:02  129M 59 20.0G   59 11.8G    0     0   138M      0  0:02:28  0:01:27  0:01:01  129M 59 20.0G   59 11.9G    0     0   138M      0  0:02:28  0:01:28  0:01:00  129M 60 20.0G   60 12.0G    0     0   138M      0  0:02:28  0:01:29  0:00:59  129M 60 20.0G   60 12.1G    0     0   137M      0  0:02:28  0:01:30  0:00:58  130M 61 20.0G   61 12.3G    0     0   137M      0  0:02:28  0:01:31  0:00:57  130M 62 20.0G   62 12.4G    0     0   137M      0  0:02:28  0:01:32  0:00:56  130M 62 20.0G   62 12.5G    0     0   137M      0  0:02:28  0:01:33  0:00:55  131M 63 20.0G   63 12.7G    0     0   137M      0  0:02:28  0:01:34  0:00:54  133M 64 20.0G   64 12.8G    0     0   137M      0  0:02:28  0:01:35  0:00:53  134M 64 20.0G   64 12.9G    0     0   137M      0  0:02:28  0:01:36  0:00:52  136M 65 20.0G   65 13.1G    0     0   137M      0  0:02:28  0:01:37  0:00:51  139M 66 20.0G   66 13.2G    0     0   137M      0  0:02:28  0:01:38  0:00:50  137M 66 20.0G   66 13.3G    0     0   137M      0  0:02:28  0:01:39  0:00:49  134M 67 20.0G   67 13.4G    0     0   137M      0  0:02:28  0:01:40  0:00:48  131M 68 20.0G   68 13.6G    0     0   137M      0  0:02:28  0:01:41  0:00:47  129M 68 20.0G   68 13.7G    0     0   137M      0  0:02:29  0:01:42  0:00:47  127M 69 20.0G   69 13.8G    0     0   137M      0  0:02:28  0:01:43  0:00:45  130M 70 20.0G   70 14.0G    0     0   137M      0  0:02:28  0:01:44  0:00:44  135M 70 20.0G   70 14.1G    0     0   137M      0  0:02:28  0:01:45  0:00:43  138M 71 20.0G   71 14.3G    0     0   137M      0  0:02:28  0:01:46  0:00:42  140M 72 20.0G   72 14.4G    0     0   137M      0  0:02:28  0:01:47  0:00:41  142M 73 20.0G   73 14.6G    0     0   137M      0  0:02:28  0:01:48  0:00:40  143M 73 20.0G   73 14.7G    0     0   137M      0  0:02:28  0:01:49  0:00:39  145M 74 20.0G   74 14.8G    0     0   137M      0  0:02:28  0:01:50  0:00:38  145M 74 20.0G   74 14.9G    0     0   137M      0  0:02:28  0:01:51  0:00:37  139M 75 20.0G   75 15.1G    0     0   137M      0  0:02:28  0:01:52  0:00:36  133M 76 20.0G   76 15.2G    0     0   137M      0  0:02:29  0:01:53  0:00:36  128M 76 20.0G   76 15.3G    0     0   137M      0  0:02:29  0:01:54  0:00:35  124M 77 20.0G   77 15.4G    0     0   137M      0  0:02:29  0:01:55  0:00:34  120M 77 20.0G   77 15.5G    0     0   137M      0  0:02:29  0:01:56  0:00:33  123M 78 20.0G   78 15.7G    0     0   136M      0  0:02:29  0:01:57  0:00:32  125M 79 20.0G   79 15.8G    0     0   136M      0  0:02:29  0:01:58  0:00:31  126M 79 20.0G   79 15.9G    0     0   136M      0  0:02:29  0:01:59  0:00:30  128M 80 20.0G   80 16.1G    0     0   136M      0  0:02:29  0:02:00  0:00:29  129M 81 20.0G   81 16.2G    0     0   136M      0  0:02:29  0:02:01  0:00:28  130M 81 20.0G   81 16.3G    0     0   136M      0  0:02:29  0:02:02  0:00:27  130M 82 20.0G   82 16.4G    0     0   136M      0  0:02:29  0:02:03  0:00:26  130M 83 20.0G   83 16.6G    0     0   136M      0  0:02:29  0:02:04  0:00:25  131M 83 20.0G   83 16.7G    0     0   136M      0  0:02:29  0:02:05  0:00:24  131M 84 20.0G   84 16.8G    0     0   136M      0  0:02:29  0:02:06  0:00:23  131M 85 20.0G   85 17.0G    0     0   136M      0  0:02:29  0:02:07  0:00:22  132M 85 20.0G   85 17.1G    0     0   136M      0  0:02:29  0:02:08  0:00:21  133M 86 20.0G   86 17.2G    0     0   136M      0  0:02:29  0:02:09  0:00:20  135M 87 20.0G   87 17.4G    0     0   136M      0  0:02:29  0:02:10  0:00:19  137M 87 20.0G   87 17.5G    0     0   136M      0  0:02:29  0:02:11  0:00:18  139M 88 20.0G   88 17.6G    0     0   136M      0  0:02:29  0:02:12  0:00:17  141M 89 20.0G   89 17.8G    0     0   136M      0  0:02:29  0:02:13  0:00:16  141M 89 20.0G   89 17.9G    0     0   136M      0  0:02:29  0:02:14  0:00:15  142M 90 20.0G   90 18.1G    0     0   136M      0  0:02:29  0:02:15  0:00:14  141M 91 20.0G   91 18.2G    0     0   136M      0  0:02:29  0:02:16  0:00:13  141M 91 20.0G   91 18.3G    0     0   136M      0  0:02:29  0:02:17  0:00:12  141M 92 20.0G   92 18.5G    0     0   136M      0  0:02:29  0:02:18  0:00:11  143M 93 20.0G   93 18.6G    0     0   137M      0  0:02:29  0:02:19  0:00:10  143M 94 20.0G   94 18.8G    0     0   137M      0  0:02:29  0:02:20  0:00:09  145M 94 20.0G   94 18.9G    0     0   137M      0  0:02:29  0:02:21  0:00:08  141M 95 20.0G   95 19.0G    0     0   136M      0  0:02:29  0:02:22  0:00:07  135M 95 20.0G   95 19.1G    0     0   136M      0  0:02:29  0:02:23  0:00:06  132M 96 20.0G   96 19.3G    0     0   136M      0  0:02:29  0:02:24  0:00:05  128M 97 20.0G   97 19.4G    0     0   136M      0  0:02:29  0:02:25  0:00:04  125M 97 20.0G   97 19.5G    0     0   136M      0  0:02:29  0:02:26  0:00:03  128M 98 20.0G   98 19.6G    0     0   136M      0  0:02:29  0:02:27  0:00:02  132M 99 20.0G   99 19.8G    0     0   136M      0  0:02:29  0:02:28  0:00:01  136M 99 20.0G   99 19.9G    0     0   136M      0  0:02:29  0:02:29 --:--:--  139M100 20.0G  100 20.0G    0     0   136M      0  0:02:29  0:02:29 --:--:--  140M
  % Total    % Received % Xferd  Average Speed   Time    Time     Time  Current
                                 Dload  Upload   Total   Spent    Left  Speed
  0     0    0     0    0     0      0      0 --:--:-- --:--:-- --:--:--     0  0 50.0G    0 91.4M    0     0   101M      0  0:08:22 --:--:--  0:08:22  101M  0 50.0G    0  228M    0     0   120M      0  0:07:04  0:00:01  0:07:03  120M  0 50.0G    0  377M    0     0   130M      0  0:06:33  0:00:02  0:06:31  130M  1 50.0G    1  518M    0     0   133M      0  0:06:24  0:00:03  0:06:21  133M  1 50.0G    1  662M    0     0   135M      0  0:06:17  0:00:04  0:06:13  135M  1 50.0G    1  801M    0     0   136M      0  0:06:16  0:00:05  0:06:11  142M  1 50.0G    1  951M    0     0   138M      0  0:06:10  0:00:06  0:06:04  144M  2 50.0G    2 1100M    0     0   139M      0  0:06:06  0:00:07  0:05:59  145M  2 50.0G    2 1241M    0     0   139M      0  0:06:06  0:00:08  0:05:58  144M  2 50.0G    2 1382M    0     0   139M      0  0:06:06  0:00:09  0:05:57  143M  2 50.0G    2 1511M    0     0   138M      0  0:06:09  0:00:10  0:05:59  141M  3 50.0G    3 1627M    0     0   136M      0  0:06:14  0:00:11  0:06:03  135M  3 50.0G    3 1752M    0     0   135M      0  0:06:16  0:00:12  0:06:04  130M  3 50.0G    3 1882M    0     0   135M      0  0:06:17  0:00:13  0:06:04  128M  3 50.0G    3 2021M    0     0   135M      0  0:06:17  0:00:14  0:06:03  127M  4 50.0G    4 2161M    0     0   136M      0  0:06:16  0:00:15  0:06:01  130M  4 50.0G    4 2307M    0     0   136M      0  0:06:14  0:00:16  0:05:58  136M  4 50.0G    4 2455M    0     0   137M      0  0:06:12  0:00:17  0:05:55  140M  5 50.0G    5 2606M    0     0   137M      0  0:06:11  0:00:18  0:05:53  144M  5 50.0G    5 2754M    0     0   138M      0  0:06:09  0:00:19  0:05:50  146M  5 50.0G    5 2902M    0     0   138M      0  0:06:08  0:00:20  0:05:48  147M  5 50.0G    5 3047M    0     0   139M      0  0:06:07  0:00:21  0:05:46  148M  6 50.0G    6 3191M    0     0   139M      0  0:06:07  0:00:22  0:05:45  147M  6 50.0G    6 3339M    0     0   139M      0  0:06:06  0:00:23  0:05:43  146M  6 50.0G    6 3477M    0     0   139M      0  0:06:06  0:00:24  0:05:42  144M  7 50.0G    7 3621M    0     0   139M      0  0:06:05  0:00:25  0:05:40  144M  7 50.0G    7 3765M    0     0   140M      0  0:06:05  0:00:26  0:05:39  143M  7 50.0G    7 3909M    0     0   140M      0  0:06:05  0:00:27  0:05:38  143M  7 50.0G    7 4030M    0     0   139M      0  0:06:06  0:00:28  0:05:38  138M  8 50.0G    8 4159M    0     0   139M      0  0:06:08  0:00:29  0:05:39  136M  8 50.0G    8 4275M    0     0   138M      0  0:06:09  0:00:30  0:05:39  130M  8 50.0G    8 4402M    0     0   138M      0  0:06:10  0:00:31  0:05:39  126M  8 50.0G    8 4521M    0     0   137M      0  0:06:12  0:00:32  0:05:40  122M  9 50.0G    9 4651M    0     0   137M      0  0:06:13  0:00:33  0:05:40  123M  9 50.0G    9 4789M    0     0   137M      0  0:06:12  0:00:34  0:05:38  126M  9 50.0G    9 4933M    0     0   137M      0  0:06:12  0:00:35  0:05:37  131M  9 50.0G    9 5054M    0     0   137M      0  0:06:13  0:00:36  0:05:37  130M 10 50.0G   10 5190M    0     0   136M      0  0:06:13  0:00:37  0:05:36  133M 10 50.0G   10 5311M    0     0   136M      0  0:06:14  0:00:38  0:05:36  132M 10 50.0G   10 5441M    0     0   136M      0  0:06:15  0:00:39  0:05:36  130M 10 50.0G   10 5567M    0     0   136M      0  0:06:16  0:00:40  0:05:36  126M 11 50.0G   11 5694M    0     0   135M      0  0:06:16  0:00:41  0:05:35  127M 11 50.0G   11 5824M    0     0   135M      0  0:06:16  0:00:42  0:05:34  126M 11 50.0G   11 5962M    0     0   135M      0  0:06:16  0:00:43  0:05:33  130M 11 50.0G   11 6096M    0     0   135M      0  0:06:16  0:00:44  0:05:32  131M 12 50.0G   12 6233M    0     0   135M      0  0:06:16  0:00:45  0:05:31  133M 12 50.0G   12 6366M    0     0   135M      0  0:06:17  0:00:46  0:05:31  134M 12 50.0G   12 6490M    0     0   135M      0  0:06:17  0:00:47  0:05:30  133M 12 50.0G   12 6627M    0     0   135M      0  0:06:17  0:00:48  0:05:29  132M 13 50.0G   13 6751M    0     0   135M      0  0:06:18  0:00:49  0:05:29  130M 13 50.0G   13 6870M    0     0   135M      0  0:06:19  0:00:50  0:05:29  127M 13 50.0G   13 6991M    0     0   134M      0  0:06:20  0:00:51  0:05:29  124M 13 50.0G   13 7125M    0     0   134M      0  0:06:20  0:00:52  0:05:28  126M 14 50.0G   14 7254M    0     0   134M      0  0:06:20  0:00:53  0:05:27  125M 14 50.0G   14 7387M    0     0   134M      0  0:06:20  0:00:54  0:05:26  127M 14 50.0G   14 7519M    0     0   134M      0  0:06:20  0:00:55  0:05:25  129M 14 50.0G   14 7649M    0     0   134M      0  0:06:20  0:00:56  0:05:24  132M 15 50.0G   15 7775M    0     0   134M      0  0:06:21  0:00:57  0:05:24  129M 15 50.0G   15 7914M    0     0   134M      0  0:06:21  0:00:58  0:05:23  131M 15 50.0G   15 8037M    0     0   134M      0  0:06:21  0:00:59  0:05:22  130M 15 50.0G   15 8157M    0     0   133M      0  0:06:22  0:01:00  0:05:22  127M 16 50.0G   16 8290M    0     0   133M      0  0:06:22  0:01:01  0:05:21  128M 16 50.0G   16 8414M    0     0   133M      0  0:06:22  0:01:02  0:05:20  127M 16 50.0G   16 8549M    0     0   133M      0  0:06:22  0:01:03  0:05:19  127M 16 50.0G   16 8678M    0     0   133M      0  0:06:22  0:01:04  0:05:18  127M 17 50.0G   17 8793M    0     0   133M      0  0:06:23  0:01:05  0:05:18  127M 17 50.0G   17 8925M    0     0   133M      0  0:06:23  0:01:06  0:05:17  126M 17 50.0G   17 9045M    0     0   133M      0  0:06:24  0:01:07  0:05:17  126M 17 50.0G   17 9182M    0     0   133M      0  0:06:24  0:01:08  0:05:16  126M 18 50.0G   18 9301M    0     0   133M      0  0:06:24  0:01:09  0:05:15  125M 18 50.0G   18 9432M    0     0   133M      0  0:06:24  0:01:10  0:05:14  127M 18 50.0G   18 9551M    0     0   132M      0  0:06:25  0:01:11  0:05:14  125M 18 50.0G   18 9682M    0     0   132M      0  0:06:25  0:01:12  0:05:13  127M 19 50.0G   19 9795M    0     0   132M      0  0:06:26  0:01:13  0:05:13  122M 19 50.0G   19 9911M    0     0   132M      0  0:06:26  0:01:14  0:05:12  121M 19 50.0G   19  9.7G    0     0   132M      0  0:06:27  0:01:15  0:05:12  118M 19 50.0G   19  9.9G    0     0   131M      0  0:06:27  0:01:16  0:05:11  119M 20 50.0G   20 10.0G    0     0   131M      0  0:06:28  0:01:17  0:05:11  118M 20 50.0G   20 10.1G    0     0   131M      0  0:06:28  0:01:18  0:05:10  121M 20 50.0G   20 10.2G    0     0   131M      0  0:06:28  0:01:19  0:05:09  121M 20 50.0G   20 10.3G    0     0   131M      0  0:06:29  0:01:20  0:05:09  123M 21 50.0G   21 10.5G    0     0   131M      0  0:06:29  0:01:21  0:05:08  123M 21 50.0G   21 10.6G    0     0   131M      0  0:06:29  0:01:22  0:05:07  122M 21 50.0G   21 10.7G    0     0   131M      0  0:06:29  0:01:23  0:05:06  122M 21 50.0G   21 10.8G    0     0   131M      0  0:06:29  0:01:24  0:05:05  125M 22 50.0G   22 11.0G    0     0   131M      0  0:06:29  0:01:25  0:05:04  126M 22 50.0G   22 11.1G    0     0   131M      0  0:06:29  0:01:26  0:05:03  128M 22 50.0G   22 11.2G    0     0   131M      0  0:06:30  0:01:27  0:05:03  130M 22 50.0G   22 11.3G    0     0   131M      0  0:06:30  0:01:28  0:05:02  129M 23 50.0G   23 11.5G    0     0   131M      0  0:06:30  0:01:29  0:05:01  128M 23 50.0G   23 11.6G    0     0   131M      0  0:06:30  0:01:30  0:05:00  128M 23 50.0G   23 11.7G    0     0   131M      0  0:06:30  0:01:31  0:04:59  126M 23 50.0G   23 11.8G    0     0   131M      0  0:06:30  0:01:32  0:04:58  126M 24 50.0G   24 12.0G    0     0   131M      0  0:06:30  0:01:33  0:04:57  128M 24 50.0G   24 12.1G    0     0   131M      0  0:06:30  0:01:34  0:04:56  128M 24 50.0G   24 12.2G    0     0   130M      0  0:06:31  0:01:35  0:04:56  127M 24 50.0G   24 12.3G    0     0   130M      0  0:06:31  0:01:36  0:04:55  128M 25 50.0G   25 12.5G    0     0   131M      0  0:06:30  0:01:37  0:04:53  131M 25 50.0G   25 12.6G    0     0   130M      0  0:06:30  0:01:38  0:04:52  130M 25 50.0G   25 12.7G    0     0   130M      0  0:06:31  0:01:39  0:04:52  127M 25 50.0G   25 12.8G    0     0   130M      0  0:06:31  0:01:40  0:04:51  127M 26 50.0G   26 13.0G    0     0   130M      0  0:06:31  0:01:41  0:04:50  127M 26 50.0G   26 13.1G    0     0   130M      0  0:06:31  0:01:42  0:04:49  124M 26 50.0G   26 13.2G    0     0   130M      0  0:06:32  0:01:43  0:04:49  122M 26 50.0G   26 13.3G    0     0   130M      0  0:06:32  0:01:44  0:04:48  124M 26 50.0G   26 13.4G    0     0   130M      0  0:06:32  0:01:45  0:04:47  125M 27 50.0G   27 13.6G    0     0   130M      0  0:06:32  0:01:46  0:04:46  126M 27 50.0G   27 13.7G    0     0   130M      0  0:06:31  0:01:47  0:04:44  128M 27 50.0G   27 13.8G    0     0   130M      0  0:06:31  0:01:48  0:04:43  131M 28 50.0G   28 14.0G    0     0   130M      0  0:06:31  0:01:49  0:04:42  131M 28 50.0G   28 14.1G    0     0   130M      0  0:06:32  0:01:50  0:04:42  130M 28 50.0G   28 14.2G    0     0   130M      0  0:06:32  0:01:51  0:04:41  129M 28 50.0G   28 14.3G    0     0   130M      0  0:06:32  0:01:52  0:04:40  126M 29 50.0G   29 14.5G    0     0   130M      0  0:06:32  0:01:53  0:04:39  126M 29 50.0G   29 14.6G    0     0   130M      0  0:06:32  0:01:54  0:04:38  126M 29 50.0G   29 14.7G    0     0   130M      0  0:06:32  0:01:55  0:04:37  129M 29 50.0G   29 14.8G    0     0   130M      0  0:06:32  0:01:56  0:04:36  127M 29 50.0G   29 14.9G    0     0   130M      0  0:06:33  0:01:57  0:04:36  126M 30 50.0G   30 15.1G    0     0   130M      0  0:06:33  0:01:58  0:04:35  124M 30 50.0G   30 15.2G    0     0   130M      0  0:06:33  0:01:59  0:04:34  123M 30 50.0G   30 15.3G    0     0   130M      0  0:06:33  0:02:00  0:04:33  121M 30 50.0G   30 15.4G    0     0   130M      0  0:06:33  0:02:01  0:04:32  122M 31 50.0G   31 15.6G    0     0   130M      0  0:06:33  0:02:02  0:04:31  125M 31 50.0G   31 15.7G    0     0   130M      0  0:06:33  0:02:03  0:04:30  125M 31 50.0G   31 15.8G    0     0   130M      0  0:06:33  0:02:04  0:04:29  126M 31 50.0G   31 15.9G    0     0   130M      0  0:06:33  0:02:05  0:04:28  128M 32 50.0G   32 16.1G    0     0   130M      0  0:06:33  0:02:06  0:04:27  128M 32 50.0G   32 16.2G    0     0   130M      0  0:06:33  0:02:07  0:04:26  129M 32 50.0G   32 16.3G    0     0   130M      0  0:06:33  0:02:08  0:04:25  132M 33 50.0G   33 16.5G    0     0   130M      0  0:06:33  0:02:09  0:04:24  134M 33 50.0G   33 16.6G    0     0   130M      0  0:06:33  0:02:10  0:04:23  134M 33 50.0G   33 16.7G    0     0   130M      0  0:06:32  0:02:11  0:04:21  137M 33 50.0G   33 16.8G    0     0   130M      0  0:06:33  0:02:12  0:04:21  133M 34 50.0G   34 17.0G    0     0   130M      0  0:06:33  0:02:13  0:04:20  134M 34 50.0G   34 17.1G    0     0   130M      0  0:06:32  0:02:14  0:04:18  133M 34 50.0G   34 17.2G    0     0   130M      0  0:06:32  0:02:15  0:04:17  133M 34 50.0G   34 17.4G    0     0   130M      0  0:06:32  0:02:16  0:04:16  133M 35 50.0G   35 17.5G    0     0   130M      0  0:06:32  0:02:17  0:04:15  137M 35 50.0G   35 17.7G    0     0   130M      0  0:06:32  0:02:18  0:04:14  137M 35 50.0G   35 17.8G    0     0   130M      0  0:06:32  0:02:19  0:04:13  138M 35 50.0G   35 17.9G    0     0   130M      0  0:06:31  0:02:20  0:04:11  138M 36 50.0G   36 18.1G    0     0   130M      0  0:06:31  0:02:21  0:04:10  136M 36 50.0G   36 18.2G    0     0   130M      0  0:06:31  0:02:22  0:04:09  137M 36 50.0G   36 18.3G    0     0   130M      0  0:06:31  0:02:23  0:04:08  137M 37 50.0G   37 18.5G    0     0   130M      0  0:06:31  0:02:24  0:04:07  136M 37 50.0G   37 18.6G    0     0   130M      0  0:06:31  0:02:25  0:04:06  134M 37 50.0G   37 18.7G    0     0   130M      0  0:06:31  0:02:26  0:04:05  135M 37 50.0G   37 18.8G    0     0   130M      0  0:06:31  0:02:27  0:04:04  131M 38 50.0G   38 19.0G    0     0   130M      0  0:06:31  0:02:28  0:04:03  128M 38 50.0G   38 19.1G    0     0   130M      0  0:06:31  0:02:29  0:04:02  127M 38 50.0G   38 19.2G    0     0   130M      0  0:06:31  0:02:30  0:04:01  129M 38 50.0G   38 19.3G    0     0   130M      0  0:06:31  0:02:31  0:04:00  129M 39 50.0G   39 19.5G    0     0   130M      0  0:06:31  0:02:32  0:03:59  129M 39 50.0G   39 19.6G    0     0   130M      0  0:06:31  0:02:33  0:03:58  132M 39 50.0G   39 19.7G    0     0   130M      0  0:06:31  0:02:34  0:03:57  132M 39 50.0G   39 19.9G    0     0   130M      0  0:06:31  0:02:35  0:03:56  132M 40 50.0G   40 20.0G    0     0   130M      0  0:06:31  0:02:36  0:03:55  130M 40 50.0G   40 20.1G    0     0   130M      0  0:06:31  0:02:37  0:03:54  130M 40 50.0G   40 20.2G    0     0   130M      0  0:06:31  0:02:38  0:03:53  127M 40 50.0G   40 20.4G    0     0   130M      0  0:06:31  0:02:39  0:03:52  128M 41 50.0G   41 20.5G    0     0   130M      0  0:06:31  0:02:40  0:03:51  130M 41 50.0G   41 20.6G    0     0   130M      0  0:06:31  0:02:41  0:03:50  132M 41 50.0G   41 20.8G    0     0   130M      0  0:06:31  0:02:42  0:03:49  134M 41 50.0G   41 20.9G    0     0   130M      0  0:06:30  0:02:43  0:03:47  140M 42 50.0G   42 21.0G    0     0   130M      0  0:06:31  0:02:44  0:03:47  137M 42 50.0G   42 21.1G    0     0   130M      0  0:06:31  0:02:45  0:03:46  134M 42 50.0G   42 21.3G    0     0   130M      0  0:06:31  0:02:46  0:03:45  131M 42 50.0G   42 21.4G    0     0   130M      0  0:06:31  0:02:47  0:03:44  130M 43 50.0G   43 21.5G    0     0   130M      0  0:06:31  0:02:48  0:03:43  128M 43 50.0G   43 21.7G    0     0   130M      0  0:06:31  0:02:49  0:03:42  130M 43 50.0G   43 21.8G    0     0   130M      0  0:06:31  0:02:50  0:03:41  130M 43 50.0G   43 21.9G    0     0   130M      0  0:06:31  0:02:51  0:03:40  128M 44 50.0G   44 22.0G    0     0   130M      0  0:06:31  0:02:52  0:03:39  125M 44 50.0G   44 22.1G    0     0   130M      0  0:06:31  0:02:53  0:03:38  122M 44 50.0G   44 22.2G    0     0   130M      0  0:06:32  0:02:54  0:03:38  120M 44 50.0G   44 22.4G    0     0   130M      0  0:06:32  0:02:55  0:03:37  119M 45 50.0G   45 22.5G    0     0   130M      0  0:06:32  0:02:56  0:03:36  118M 45 50.0G   45 22.6G    0     0   130M      0  0:06:32  0:02:57  0:03:35  120M 45 50.0G   45 22.7G    0     0   130M      0  0:06:32  0:02:58  0:03:34  120M 45 50.0G   45 22.8G    0     0   130M      0  0:06:32  0:02:59  0:03:33  120M 46 50.0G   46 23.0G    0     0   130M      0  0:06:33  0:03:00  0:03:33  119M 46 50.0G   46 23.1G    0     0   130M      0  0:06:33  0:03:01  0:03:32  116M 46 50.0G   46 23.1G    0     0   129M      0  0:06:34  0:03:02  0:03:32  111M 46 50.0G   46 23.2G    0     0   129M      0  0:06:35  0:03:03  0:03:32  103M 46 50.0G   46 23.3G    0     0   129M      0  0:06:35  0:03:04  0:03:31 95.5M 46 50.0G   46 23.4G    0     0   129M      0  0:06:36  0:03:05  0:03:31 89.4M 47 50.0G   47 23.5G    0     0   128M      0  0:06:37  0:03:06  0:03:31 86.5M 47 50.0G   47 23.6G    0     0   128M      0  0:06:37  0:03:07  0:03:30 84.8M 47 50.0G   47 23.7G    0     0   128M      0  0:06:38  0:03:08  0:03:30 87.3M 47 50.0G   47 23.7G    0     0   128M      0  0:06:39  0:03:09  0:03:30 88.9M 47 50.0G   47 23.8G    0     0   128M      0  0:06:39  0:03:10  0:03:29 90.1M 47 50.0G   47 23.9G    0     0   127M      0  0:06:40  0:03:11  0:03:29 90.7M 48 50.0G   48 24.0G    0     0   127M      0  0:06:40  0:03:12  0:03:28 91.3M 48 50.0G   48 24.1G    0     0   127M      0  0:06:41  0:03:13  0:03:28 91.2M 48 50.0G   48 24.2G    0     0   127M      0  0:06:42  0:03:14  0:03:28 91.4M 48 50.0G   48 24.3G    0     0   127M      0  0:06:42  0:03:15  0:03:27 91.1M 48 50.0G   48 24.4G    0     0   126M      0  0:06:43  0:03:16  0:03:27 91.5M 49 50.0G   49 24.5G    0     0   126M      0  0:06:43  0:03:17  0:03:26 91.9M 49 50.0G   49 24.6G    0     0   126M      0  0:06:44  0:03:18  0:03:26 92.8M 49 50.0G   49 24.6G    0     0   126M      0  0:06:44  0:03:19  0:03:25 94.3M 49 50.0G   49 24.7G    0     0   126M      0  0:06:45  0:03:20  0:03:25 97.1M 49 50.0G   49 24.9G    0     0   126M      0  0:06:45  0:03:21  0:03:24 99.8M 50 50.0G   50 25.0G    0     0   126M      0  0:06:45  0:03:22  0:03:23  102M 50 50.0G   50 25.1G    0     0   126M      0  0:06:45  0:03:23  0:03:22  105M 50 50.0G   50 25.2G    0     0   126M      0  0:06:45  0:03:24  0:03:21  109M 50 50.0G   50 25.3G    0     0   126M      0  0:06:45  0:03:25  0:03:20  114M 50 50.0G   50 25.4G    0     0   126M      0  0:06:46  0:03:26  0:03:20  114M 51 50.0G   51 25.5G    0     0   126M      0  0:06:46  0:03:27  0:03:19  118M 51 50.0G   51 25.7G    0     0   126M      0  0:06:46  0:03:28  0:03:18  121M 51 50.0G   51 25.8G    0     0   126M      0  0:06:46  0:03:29  0:03:17  121M 51 50.0G   51 25.9G    0     0   125M      0  0:06:46  0:03:30  0:03:16  119M 52 50.0G   52 26.0G    0     0   125M      0  0:06:46  0:03:31  0:03:15  121M 52 50.0G   52 26.1G    0     0   125M      0  0:06:46  0:03:32  0:03:14  120M 52 50.0G   52 26.2G    0     0   125M      0  0:06:46  0:03:33  0:03:13  118M 52 50.0G   52 26.4G    0     0   125M      0  0:06:46  0:03:34  0:03:12  119M 53 50.0G   53 26.5G    0     0   125M      0  0:06:46  0:03:35  0:03:11  121M 53 50.0G   53 26.6G    0     0   125M      0  0:06:46  0:03:36  0:03:10  122M 53 50.0G   53 26.7G    0     0   125M      0  0:06:46  0:03:37  0:03:09  122M 53 50.0G   53 26.8G    0     0   125M      0  0:06:47  0:03:38  0:03:09  122M 54 50.0G   54 27.0G    0     0   125M      0  0:06:47  0:03:39  0:03:08  122M 54 50.0G   54 27.1G    0     0   125M      0  0:06:46  0:03:40  0:03:06  124M 54 50.0G   54 27.2G    0     0   125M      0  0:06:46  0:03:41  0:03:05  125M 54 50.0G   54 27.3G    0     0   125M      0  0:06:46  0:03:42  0:03:04  126M 55 50.0G   55 27.5G    0     0   125M      0  0:06:46  0:03:43  0:03:03  127M 55 50.0G   55 27.6G    0     0   125M      0  0:06:46  0:03:44  0:03:02  128M 55 50.0G   55 27.7G    0     0   125M      0  0:06:46  0:03:45  0:03:01  126M 55 50.0G   55 27.8G    0     0   125M      0  0:06:46  0:03:46  0:03:00  126M 55 50.0G   55 27.9G    0     0   125M      0  0:06:47  0:03:47  0:03:00  123M 56 50.0G   56 28.0G    0     0   125M      0  0:06:47  0:03:48  0:02:59  119M 56 50.0G   56 28.2G    0     0   125M      0  0:06:47  0:03:49  0:02:58  118M 56 50.0G   56 28.3G    0     0   125M      0  0:06:47  0:03:50  0:02:57  119M 56 50.0G   56 28.4G    0     0   125M      0  0:06:47  0:03:51  0:02:56  118M 57 50.0G   57 28.5G    0     0   125M      0  0:06:47  0:03:52  0:02:55  121M 57 50.0G   57 28.6G    0     0   125M      0  0:06:47  0:03:53  0:02:54  122M 57 50.0G   57 28.8G    0     0   125M      0  0:06:47  0:03:54  0:02:53  123M 57 50.0G   57 28.9G    0     0   125M      0  0:06:47  0:03:55  0:02:52  122M 58 50.0G   58 29.0G    0     0   125M      0  0:06:47  0:03:56  0:02:51  122M 58 50.0G   58 29.1G    0     0   125M      0  0:06:47  0:03:57  0:02:50  118M 58 50.0G   58 29.2G    0     0   125M      0  0:06:47  0:03:58  0:02:49  120M 58 50.0G   58 29.4G    0     0   125M      0  0:06:47  0:03:59  0:02:48  122M 59 50.0G   59 29.5G    0     0   125M      0  0:06:47  0:04:00  0:02:47  120M 59 50.0G   59 29.6G    0     0   125M      0  0:06:47  0:04:01  0:02:46  121M 59 50.0G   59 29.7G    0     0   125M      0  0:06:47  0:04:02  0:02:45  123M 59 50.0G   59 29.8G    0     0   125M      0  0:06:47  0:04:03  0:02:44  124M 60 50.0G   60 30.0G    0     0   125M      0  0:06:47  0:04:04  0:02:43  121M 60 50.0G   60 30.1G    0     0   125M      0  0:06:47  0:04:05  0:02:42  126M 60 50.0G   60 30.2G    0     0   125M      0  0:06:47  0:04:06  0:02:41  125M 60 50.0G   60 30.3G    0     0   125M      0  0:06:47  0:04:07  0:02:40  124M 60 50.0G   60 30.4G    0     0   125M      0  0:06:48  0:04:08  0:02:40  121M 61 50.0G   61 30.6G    0     0   125M      0  0:06:48  0:04:09  0:02:39  119M 61 50.0G   61 30.7G    0     0   125M      0  0:06:48  0:04:10  0:02:38  113M 61 50.0G   61 30.8G    0     0   125M      0  0:06:48  0:04:11  0:02:37  114M 61 50.0G   61 30.9G    0     0   125M      0  0:06:48  0:04:12  0:02:36  115M 62 50.0G   62 31.0G    0     0   125M      0  0:06:48  0:04:13  0:02:35  115M 62 50.0G   62 31.1G    0     0   125M      0  0:06:48  0:04:14  0:02:34  116M 62 50.0G   62 31.2G    0     0   125M      0  0:06:48  0:04:15  0:02:33  117M 62 50.0G   62 31.3G    0     0   125M      0  0:06:49  0:04:16  0:02:33  116M 63 50.0G   63 31.5G    0     0   125M      0  0:06:49  0:04:17  0:02:32  117M 63 50.0G   63 31.6G    0     0   125M      0  0:06:49  0:04:18  0:02:31  118M 63 50.0G   63 31.7G    0     0   125M      0  0:06:49  0:04:19  0:02:30  121M 63 50.0G   63 31.8G    0     0   125M      0  0:06:49  0:04:20  0:02:29  122M 64 50.0G   64 32.0G    0     0   125M      0  0:06:48  0:04:21  0:02:27  126M 64 50.0G   64 32.1G    0     0   125M      0  0:06:49  0:04:22  0:02:27  126M 64 50.0G   64 32.2G    0     0   125M      0  0:06:48  0:04:23  0:02:25  127M 64 50.0G   64 32.4G    0     0   125M      0  0:06:48  0:04:24  0:02:24  131M 65 50.0G   65 32.5G    0     0   125M      0  0:06:48  0:04:25  0:02:23  133M 65 50.0G   65 32.6G    0     0   125M      0  0:06:48  0:04:26  0:02:22  132M 65 50.0G   65 32.8G    0     0   125M      0  0:06:48  0:04:27  0:02:21  135M 65 50.0G   65 32.9G    0     0   125M      0  0:06:48  0:04:28  0:02:20  134M 66 50.0G   66 33.0G    0     0   125M      0  0:06:48  0:04:29  0:02:19  128M 66 50.0G   66 33.1G    0     0   125M      0  0:06:48  0:04:30  0:02:18  124M 66 50.0G   66 33.2G    0     0   125M      0  0:06:48  0:04:31  0:02:17  118M 66 50.0G   66 33.3G    0     0   125M      0  0:06:49  0:04:32  0:02:17  109M 66 50.0G   66 33.4G    0     0   124M      0  0:06:49  0:04:33  0:02:16  103M 67 50.0G   67 33.5G    0     0   124M      0  0:06:50  0:04:34  0:02:16 99.6M 67 50.0G   67 33.6G    0     0   124M      0  0:06:50  0:04:35  0:02:15 97.0M 67 50.0G   67 33.7G    0     0   124M      0  0:06:50  0:04:36  0:02:14 96.4M 67 50.0G   67 33.8G    0     0   124M      0  0:06:50  0:04:37  0:02:13 97.9M 67 50.0G   67 33.9G    0     0   124M      0  0:06:51  0:04:38  0:02:13  100M 68 50.0G   68 34.0G    0     0   124M      0  0:06:51  0:04:39  0:02:12  101M 68 50.0G   68 34.1G    0     0   124M      0  0:06:51  0:04:40  0:02:11  102M 68 50.0G   68 34.2G    0     0   124M      0  0:06:51  0:04:41  0:02:10  101M 68 50.0G   68 34.3G    0     0   124M      0  0:06:52  0:04:42  0:02:10  102M 68 50.0G   68 34.4G    0     0   124M      0  0:06:52  0:04:43  0:02:09  102M 69 50.0G   69 34.5G    0     0   124M      0  0:06:52  0:04:44  0:02:08  102M 69 50.0G   69 34.6G    0     0   123M      0  0:06:52  0:04:45  0:02:07  102M 69 50.0G   69 34.7G    0     0   123M      0  0:06:53  0:04:46  0:02:07  104M 69 50.0G   69 34.8G    0     0   123M      0  0:06:53  0:04:47  0:02:06  105M 69 50.0G   69 34.9G    0     0   123M      0  0:06:53  0:04:48  0:02:05  105M 70 50.0G   70 35.0G    0     0   123M      0  0:06:53  0:04:49  0:02:04  107M 70 50.0G   70 35.1G    0     0   123M      0  0:06:53  0:04:50  0:02:03  108M 70 50.0G   70 35.2G    0     0   123M      0  0:06:53  0:04:51  0:02:02  109M 70 50.0G   70 35.3G    0     0   123M      0  0:06:54  0:04:52  0:02:02  110M 70 50.0G   70 35.4G    0     0   123M      0  0:06:54  0:04:53  0:02:01  112M 71 50.0G   71 35.6G    0     0   123M      0  0:06:54  0:04:54  0:02:00  114M 71 50.0G   71 35.7G    0     0   123M      0  0:06:54  0:04:55  0:01:59  118M 71 50.0G   71 35.8G    0     0   123M      0  0:06:54  0:04:56  0:01:58  121M 71 50.0G   71 35.9G    0     0   123M      0  0:06:53  0:04:57  0:01:56  125M 72 50.0G   72 36.1G    0     0   123M      0  0:06:53  0:04:58  0:01:55  130M 72 50.0G   72 36.2G    0     0   123M      0  0:06:53  0:04:59  0:01:54  133M 72 50.0G   72 36.3G    0     0   123M      0  0:06:53  0:05:00  0:01:53  134M 73 50.0G   73 36.5G    0     0   123M      0  0:06:53  0:05:01  0:01:52  134M 73 50.0G   73 36.6G    0     0   123M      0  0:06:53  0:05:02  0:01:51  130M 73 50.0G   73 36.7G    0     0   123M      0  0:06:53  0:05:03  0:01:50  128M 73 50.0G   73 36.8G    0     0   123M      0  0:06:53  0:05:04  0:01:49  125M 73 50.0G   73 36.9G    0     0   123M      0  0:06:53  0:05:05  0:01:48  121M 74 50.0G   74 37.0G    0     0   123M      0  0:06:53  0:05:06  0:01:47  119M 74 50.0G   74 37.2G    0     0   123M      0  0:06:53  0:05:07  0:01:46  120M 74 50.0G   74 37.3G    0     0   123M      0  0:06:53  0:05:08  0:01:45  121M 74 50.0G   74 37.4G    0     0   123M      0  0:06:53  0:05:09  0:01:44  123M 75 50.0G   75 37.5G    0     0   123M      0  0:06:53  0:05:10  0:01:43  123M 75 50.0G   75 37.6G    0     0   123M      0  0:06:53  0:05:11  0:01:42  122M 75 50.0G   75 37.7G    0     0   123M      0  0:06:53  0:05:12  0:01:41  121M 75 50.0G   75 37.9G    0     0   123M      0  0:06:54  0:05:13  0:01:41  117M 76 50.0G   76 38.0G    0     0   123M      0  0:06:54  0:05:14  0:01:40  114M 76 50.0G   76 38.1G    0     0   123M      0  0:06:54  0:05:15  0:01:39  116M 76 50.0G   76 38.2G    0     0   123M      0  0:06:54  0:05:16  0:01:38  118M 76 50.0G   76 38.3G    0     0   123M      0  0:06:54  0:05:17  0:01:37  120M 77 50.0G   77 38.5G    0     0   123M      0  0:06:54  0:05:18  0:01:36  121M 77 50.0G   77 38.6G    0     0   123M      0  0:06:54  0:05:19  0:01:35  120M 77 50.0G   77 38.7G    0     0   123M      0  0:06:54  0:05:20  0:01:34  121M 77 50.0G   77 38.8G    0     0   123M      0  0:06:54  0:05:21  0:01:33  120M 77 50.0G   77 38.9G    0     0   123M      0  0:06:54  0:05:22  0:01:32  121M 78 50.0G   78 39.0G    0     0   123M      0  0:06:54  0:05:23  0:01:31  119M 78 50.0G   78 39.2G    0     0   123M      0  0:06:54  0:05:24  0:01:30  119M 78 50.0G   78 39.3G    0     0   123M      0  0:06:54  0:05:25  0:01:29  119M 78 50.0G   78 39.4G    0     0   123M      0  0:06:54  0:05:26  0:01:28  120M 79 50.0G   79 39.5G    0     0   123M      0  0:06:54  0:05:27  0:01:27  121M 79 50.0G   79 39.6G    0     0   123M      0  0:06:54  0:05:28  0:01:26  123M 79 50.0G   79 39.8G    0     0   123M      0  0:06:54  0:05:29  0:01:25  124M 79 50.0G   79 39.9G    0     0   123M      0  0:06:54  0:05:30  0:01:24  125M 80 50.0G   80 40.0G    0     0   123M      0  0:06:54  0:05:31  0:01:23  124M 80 50.0G   80 40.1G    0     0   123M      0  0:06:54  0:05:32  0:01:22  123M 80 50.0G   80 40.2G    0     0   123M      0  0:06:54  0:05:33  0:01:21  123M 80 50.0G   80 40.4G    0     0   123M      0  0:06:54  0:05:34  0:01:20  124M 81 50.0G   81 40.5G    0     0   123M      0  0:06:54  0:05:35  0:01:19  124M 81 50.0G   81 40.6G    0     0   123M      0  0:06:54  0:05:36  0:01:18  127M 81 50.0G   81 40.7G    0     0   123M      0  0:06:54  0:05:37  0:01:17  125M 81 50.0G   81 40.8G    0     0   123M      0  0:06:54  0:05:38  0:01:16  120M 81 50.0G   81 40.9G    0     0   123M      0  0:06:54  0:05:39  0:01:15  114M 82 50.0G   82 41.0G    0     0   123M      0  0:06:55  0:05:40  0:01:15  107M 82 50.0G   82 41.1G    0     0   123M      0  0:06:55  0:05:41  0:01:14  101M 82 50.0G   82 41.2G    0     0   123M      0  0:06:55  0:05:42  0:01:13 98.4M 82 50.0G   82 41.3G    0     0   123M      0  0:06:55  0:05:43  0:01:12 97.8M 82 50.0G   82 41.4G    0     0   123M      0  0:06:55  0:05:44  0:01:11 99.9M 83 50.0G   83 41.5G    0     0   123M      0  0:06:56  0:05:45  0:01:11  101M 83 50.0G   83 41.6G    0     0   122M      0  0:06:56  0:05:46  0:01:10  102M 83 50.0G   83 41.7G    0     0   122M      0  0:06:56  0:05:47  0:01:09  103M 83 50.0G   83 41.8G    0     0   122M      0  0:06:56  0:05:48  0:01:08  104M 83 50.0G   83 41.9G    0     0   122M      0  0:06:56  0:05:49  0:01:07  105M 84 50.0G   84 42.0G    0     0   122M      0  0:06:56  0:05:50  0:01:06  105M 84 50.0G   84 42.1G    0     0   122M      0  0:06:57  0:05:51  0:01:06  105M 84 50.0G   84 42.2G    0     0   122M      0  0:06:57  0:05:52  0:01:05  104M 84 50.0G   84 42.3G    0     0   122M      0  0:06:57  0:05:53  0:01:04  103M 84 50.0G   84 42.4G    0     0   122M      0  0:06:57  0:05:54  0:01:03  103M 85 50.0G   85 42.5G    0     0   122M      0  0:06:57  0:05:55  0:01:02  104M 85 50.0G   85 42.6G    0     0   122M      0  0:06:57  0:05:56  0:01:01  105M 85 50.0G   85 42.8G    0     0   122M      0  0:06:58  0:05:57  0:01:01  107M 85 50.0G   85 42.9G    0     0   122M      0  0:06:58  0:05:58  0:01:00  109M 86 50.0G   86 43.0G    0     0   122M      0  0:06:58  0:05:59  0:00:59  112M 86 50.0G   86 43.1G    0     0   122M      0  0:06:58  0:06:00  0:00:58  116M 86 50.0G   86 43.2G    0     0   122M      0  0:06:58  0:06:01  0:00:57  121M 86 50.0G   86 43.3G    0     0   122M      0  0:06:58  0:06:02  0:00:56  121M 87 50.0G   87 43.5G    0     0   122M      0  0:06:58  0:06:03  0:00:55  122M 87 50.0G   87 43.6G    0     0   122M      0  0:06:58  0:06:04  0:00:54  123M 87 50.0G   87 43.7G    0     0   122M      0  0:06:58  0:06:05  0:00:53  120M 87 50.0G   87 43.8G    0     0   122M      0  0:06:58  0:06:06  0:00:52  121M 87 50.0G   87 43.9G    0     0   122M      0  0:06:58  0:06:07  0:00:51  119M 88 50.0G   88 44.0G    0     0   122M      0  0:06:58  0:06:08  0:00:50  119M 88 50.0G   88 44.2G    0     0   122M      0  0:06:58  0:06:09  0:00:49  120M 88 50.0G   88 44.3G    0     0   122M      0  0:06:58  0:06:10  0:00:48  121M 88 50.0G   88 44.4G    0     0   122M      0  0:06:58  0:06:11  0:00:47  119M 89 50.0G   89 44.5G    0     0   122M      0  0:06:58  0:06:12  0:00:46  122M 89 50.0G   89 44.6G    0     0   122M      0  0:06:58  0:06:13  0:00:45  124M 89 50.0G   89 44.8G    0     0   122M      0  0:06:58  0:06:14  0:00:44  120M 89 50.0G   89 44.9G    0     0   122M      0  0:06:58  0:06:15  0:00:43  117M 90 50.0G   90 45.0G    0     0   122M      0  0:06:58  0:06:16  0:00:42  115M 90 50.0G   90 45.1G    0     0   122M      0  0:06:58  0:06:17  0:00:41  112M 90 50.0G   90 45.2G    0     0   122M      0  0:06:58  0:06:18  0:00:40  108M 90 50.0G   90 45.3G    0     0   122M      0  0:06:58  0:06:19  0:00:39  110M 90 50.0G   90 45.4G    0     0   122M      0  0:06:58  0:06:20  0:00:38  115M 91 50.0G   91 45.5G    0     0   122M      0  0:06:58  0:06:21  0:00:37  113M 91 50.0G   91 45.6G    0     0   122M      0  0:06:59  0:06:22  0:00:37  113M 91 50.0G   91 45.7G    0     0   122M      0  0:06:59  0:06:23  0:00:36  116M 91 50.0G   91 45.9G    0     0   122M      0  0:06:59  0:06:24  0:00:35  114M 92 50.0G   92 46.0G    0     0   122M      0  0:06:59  0:06:25  0:00:34  112M 92 50.0G   92 46.1G    0     0   122M      0  0:06:59  0:06:26  0:00:33  112M 92 50.0G   92 46.2G    0     0   122M      0  0:06:59  0:06:27  0:00:32  116M 92 50.0G   92 46.3G    0     0   122M      0  0:06:59  0:06:28  0:00:31  116M 92 50.0G   92 46.4G    0     0   122M      0  0:06:59  0:06:29  0:00:30  114M 93 50.0G   93 46.5G    0     0   122M      0  0:06:59  0:06:30  0:00:29  114M 93 50.0G   93 46.7G    0     0   122M      0  0:06:59  0:06:31  0:00:28  117M 93 50.0G   93 46.8G    0     0   122M      0  0:06:59  0:06:32  0:00:27  116M 93 50.0G   93 46.9G    0     0   121M      0  0:06:59  0:06:33  0:00:26  114M 94 50.0G   94 47.0G    0     0   121M      0  0:06:59  0:06:34  0:00:25  117M 94 50.0G   94 47.1G    0     0   121M      0  0:06:59  0:06:35  0:00:24  117M 94 50.0G   94 47.2G    0     0   121M      0  0:06:59  0:06:36  0:00:23  114M 94 50.0G   94 47.3G    0     0   121M      0  0:06:59  0:06:37  0:00:22  114M 94 50.0G   94 47.4G    0     0   121M      0  0:07:00  0:06:38  0:00:22  115M 95 50.0G   95 47.6G    0     0   121M      0  0:07:00  0:06:39  0:00:21  115M 95 50.0G   95 47.7G    0     0   121M      0  0:07:00  0:06:40  0:00:20  114M 95 50.0G   95 47.8G    0     0   121M      0  0:07:00  0:06:41  0:00:19  116M 95 50.0G   95 47.9G    0     0   121M      0  0:06:59  0:06:42  0:00:17  120M 96 50.0G   96 48.0G    0     0   121M      0  0:06:59  0:06:43  0:00:16  125M 96 50.0G   96 48.2G    0     0   121M      0  0:06:59  0:06:44  0:00:15  127M 96 50.0G   96 48.3G    0     0   121M      0  0:06:59  0:06:45  0:00:14  128M 96 50.0G   96 48.4G    0     0   121M      0  0:06:59  0:06:46  0:00:13  129M 97 50.0G   97 48.6G    0     0   122M      0  0:06:59  0:06:47  0:00:12  129M 97 50.0G   97 48.7G    0     0   122M      0  0:06:59  0:06:48  0:00:11  128M 97 50.0G   97 48.8G    0     0   122M      0  0:06:59  0:06:49  0:00:10  128M 97 50.0G   97 48.9G    0     0   122M      0  0:06:59  0:06:50  0:00:09  128M 98 50.0G   98 49.0G    0     0   122M      0  0:06:59  0:06:51  0:00:08  129M 98 50.0G   98 49.2G    0     0   122M      0  0:06:59  0:06:52  0:00:07  127M 98 50.0G   98 49.3G    0     0   122M      0  0:06:59  0:06:53  0:00:06  128M 98 50.0G   98 49.4G    0     0   122M      0  0:06:59  0:06:54  0:00:05  126M 99 50.0G   99 49.5G    0     0   122M      0  0:06:59  0:06:55  0:00:04  125M 99 50.0G   99 49.7G    0     0   122M      0  0:06:59  0:06:56  0:00:03  124M 99 50.0G   99 49.8G    0     0   122M      0  0:06:59  0:06:57  0:00:02  120M 99 50.0G   99 49.9G    0     0   122M      0  0:06:59  0:06:58  0:00:01  121M100 50.0G  100 50.0G    0     0   122M      0  0:06:59  0:06:59 --:--:--  121M
  % Total    % Received % Xferd  Average Speed   Time    Time     Time  Current
                                 Dload  Upload   Total   Spent    Left  Speed
