3: eth1: <BROADCAST,MULTICAST,UP,LOWER_UP> mtu 1500 qdisc mq state UP group default qlen 1000
    link/ether 06:67:75:05:67:dc brd ff:ff:ff:ff:ff:ff
    inet 10.132.129.2/24 scope global eth1
       valid_lft forever preferred_lft forever
default via 10.20.4.1 dev eth0 proto dhcp metric 100 
10.20.4.0/23 dev eth0 proto kernel scope link src 10.20.5.214 metric 100 
10.128.0.0/10 via 10.132.129.1 dev eth1 
10.132.129.0/24 dev eth1 proto kernel scope link src 10.132.129.2 
169.254.169.254 via 10.20.4.11 dev eth0 proto dhcp metric 100 
chmod: cannot access './fabric_node_tools/*.sh': No such file or directory
Rocky Linux 8 - AppStream                       389 kB/s |  11 MB     00:29    
Rocky Linux 8 - BaseOS                          682 kB/s | 9.0 MB     00:13    
Rocky Linux 8 - Extras                          355  B/s |  12 kB     00:33    
Dependencies resolved.
================================================================================
 Package               Architecture    Version            Repository       Size
================================================================================
Installing:
 epel-release          noarch          8-17.el8           extras           24 k

Transaction Summary
================================================================================
Install  1 Package

Total download size: 24 k
Installed size: 34 k
Downloading Packages:
[MIRROR] epel-release-8-17.el8.noarch.rpm: Curl error (7): Couldn't connect to server for http://mirror.siena.edu/rocky/8.6/extras/x86_64/os/Packages/e/epel-release-8-17.el8.noarch.rpm [Failed to connect to mirror.siena.edu port 80: No route to host]
[MIRROR] epel-release-8-17.el8.noarch.rpm: Curl error (7): Couldn't connect to server for http://distro.ibiblio.org/rocky/8.6/extras/x86_64/os/Packages/e/epel-release-8-17.el8.noarch.rpm [Failed to connect to distro.ibiblio.org port 80: No route to host]
epel-release-8-17.el8.noarch.rpm                1.2 kB/s |  24 kB     00:20    
--------------------------------------------------------------------------------
Total                                           911  B/s |  24 kB     00:27     
Rocky Linux 8 - Extras                          662 kB/s | 1.6 kB     00:00    
Importing GPG key 0x6D745A60:
 Userid     : "Release Engineering <infrastructure@rockylinux.org>"
 Fingerprint: 7051 C470 A929 F454 CEBE 37B7 15AF 5DAC 6D74 5A60
 From       : /etc/pki/rpm-gpg/RPM-GPG-KEY-rockyofficial
Key imported successfully
Running transaction check
Transaction check succeeded.
Running transaction test
Transaction test succeeded.
Running transaction
  Preparing        :                                                        1/1 
  Installing       : epel-release-8-17.el8.noarch                           1/1 
  Running scriptlet: epel-release-8-17.el8.noarch                           1/1 
Many EPEL packages require the CodeReady Builder (CRB) repository.
It is recommended that you run /usr/bin/crb enable to enable the CRB repository.

  Verifying        : epel-release-8-17.el8.noarch                           1/1 

Installed:
  epel-release-8-17.el8.noarch                                                  

Complete!
Enabling CRB repo
CRB repo is enabled and named: powertools
Rocky Linux 8 - PowerTools                      237 kB/s | 2.9 MB     00:12    
Extra Packages for Enterprise Linux 8 - x86_64  111 kB/s |  13 MB     02:00    
Extra Packages for Enterprise Linux Modular 8 -  31 kB/s | 733 kB     00:23    
Last metadata expiration check: 0:00:02 ago on Mon 14 Nov 2022 03:54:39 PM UTC.
Dependencies resolved.
================================================================================
 Package         Arch   Version                                 Repo       Size
================================================================================
Installing:
 httpd           x86_64 2.4.37-47.module+el8.6.0+985+b8ff6398.2 appstream 1.4 M
 iftop           x86_64 1.0-0.21.pre4.el8                       epel       59 k
 iperf3          x86_64 3.5-6.el8                               appstream  99 k
 iproute-tc      x86_64 5.15.0-4.el8_6.1                        baseos    463 k
 net-tools       x86_64 2.0-0.52.20160912git.el8                baseos    321 k
 pciutils        x86_64 3.7.0-1.el8                             baseos    104 k
 tcpdump         x86_64 14:4.9.3-3.el8                          appstream 452 k
 vim-enhanced    x86_64 2:8.0.1763-19.el8_6.4                   appstream 1.4 M
Upgrading:
 iproute         x86_64 5.15.0-4.el8_6.1                        baseos    797 k
Installing dependencies:
 apr             x86_64 1.6.3-12.el8                            appstream 128 k
 apr-util        x86_64 1.6.1-6.el8.1                           appstream 104 k
 gpm-libs        x86_64 1.20.7-17.el8                           appstream  38 k
 httpd-filesystem
                 noarch 2.4.37-47.module+el8.6.0+985+b8ff6398.2 appstream  40 k
 httpd-tools     x86_64 2.4.37-47.module+el8.6.0+985+b8ff6398.2 appstream 107 k
 iptables-libs   x86_64 1.8.4-22.el8                            baseos    106 k
 libibverbs      x86_64 37.2-1.el8                              baseos    384 k
 libpcap         x86_64 14:1.9.1-5.el8                          baseos    168 k
 lksctp-tools    x86_64 1.0.18-3.el8                            baseos     98 k
 mailcap         noarch 2.1.48-3.el8                            baseos     38 k
 mod_http2       x86_64 1.15.7-5.module+el8.6.0+823+f143cee1    appstream 153 k
 rocky-logos-httpd
                 noarch 86.2-1.el8                              baseos     24 k
 vim-common      x86_64 2:8.0.1763-19.el8_6.4                   appstream 6.3 M
 vim-filesystem  noarch 2:8.0.1763-19.el8_6.4                   appstream  49 k
Installing weak dependencies:
 apr-util-bdb    x86_64 1.6.1-6.el8.1                           appstream  23 k
 apr-util-openssl
                 x86_64 1.6.1-6.el8.1                           appstream  26 k
Enabling module streams:
 httpd                  2.4                                                    

Transaction Summary
================================================================================
Install  24 Packages
Upgrade   1 Package

Total download size: 13 M
Downloading Packages:
(1/25): apr-util-bdb-1.6.1-6.el8.1.x86_64.rpm   278 kB/s |  23 kB     00:00    
(2/25): apr-util-openssl-1.6.1-6.el8.1.x86_64.r 706 kB/s |  26 kB     00:00    
(3/25): apr-util-1.6.1-6.el8.1.x86_64.rpm       844 kB/s | 104 kB     00:00    
(4/25): gpm-libs-1.20.7-17.el8.x86_64.rpm       1.5 MB/s |  38 kB     00:00    
(5/25): httpd-filesystem-2.4.37-47.module+el8.6 1.5 MB/s |  40 kB     00:00    
(6/25): httpd-tools-2.4.37-47.module+el8.6.0+98 3.4 MB/s | 107 kB     00:00    
(7/25): httpd-2.4.37-47.module+el8.6.0+985+b8ff  13 MB/s | 1.4 MB     00:00    
(8/25): iperf3-3.5-6.el8.x86_64.rpm             1.8 MB/s |  99 kB     00:00    
(9/25): mod_http2-1.15.7-5.module+el8.6.0+823+f 6.1 MB/s | 153 kB     00:00    
(10/25): tcpdump-4.9.3-3.el8.x86_64.rpm         4.5 MB/s | 452 kB     00:00    
(11/25): vim-common-8.0.1763-19.el8_6.4.x86_64.  60 MB/s | 6.3 MB     00:00    
(12/25): vim-filesystem-8.0.1763-19.el8_6.4.noa 2.0 MB/s |  49 kB     00:00    
(13/25): vim-enhanced-8.0.1763-19.el8_6.4.x86_6  20 MB/s | 1.4 MB     00:00    
(14/25): apr-1.6.3-12.el8.x86_64.rpm            111 kB/s | 128 kB     00:01    
[MIRROR] iproute-tc-5.15.0-4.el8_6.1.x86_64.rpm: Curl error (7): Couldn't connect to server for http://mirror.siena.edu/rocky/8.6/BaseOS/x86_64/os/Packages/i/iproute-tc-5.15.0-4.el8_6.1.x86_64.rpm [Failed to connect to mirror.siena.edu port 80: No route to host]
[MIRROR] iptables-libs-1.8.4-22.el8.x86_64.rpm: Curl error (7): Couldn't connect to server for http://mirror.siena.edu/rocky/8.6/BaseOS/x86_64/os/Packages/i/iptables-libs-1.8.4-22.el8.x86_64.rpm [Failed to connect to mirror.siena.edu port 80: No route to host]
[MIRROR] libibverbs-37.2-1.el8.x86_64.rpm: Curl error (7): Couldn't connect to server for http://mirror.siena.edu/rocky/8.6/BaseOS/x86_64/os/Packages/l/libibverbs-37.2-1.el8.x86_64.rpm [Failed to connect to mirror.siena.edu port 80: No route to host]
(15/25): iptables-libs-1.8.4-22.el8.x86_64.rpm   36 kB/s | 106 kB     00:02    
(16/25): libibverbs-37.2-1.el8.x86_64.rpm       171 kB/s | 384 kB     00:02    
(17/25): libpcap-1.9.1-5.el8.x86_64.rpm         6.8 MB/s | 168 kB     00:00    
(18/25): lksctp-tools-1.0.18-3.el8.x86_64.rpm   4.0 MB/s |  98 kB     00:00    
(19/25): iproute-tc-5.15.0-4.el8_6.1.x86_64.rpm 152 kB/s | 463 kB     00:03    
(20/25): mailcap-2.1.48-3.el8.noarch.rpm        1.6 MB/s |  38 kB     00:00    
(21/25): net-tools-2.0-0.52.20160912git.el8.x86  12 MB/s | 321 kB     00:00    
(22/25): pciutils-3.7.0-1.el8.x86_64.rpm        3.9 MB/s | 104 kB     00:00    
(23/25): rocky-logos-httpd-86.2-1.el8.noarch.rp 1.0 MB/s |  24 kB     00:00    
(24/25): iproute-5.15.0-4.el8_6.1.x86_64.rpm     15 MB/s | 797 kB     00:00    
[MIRROR] iftop-1.0-0.21.pre4.el8.x86_64.rpm: Curl error (7): Couldn't connect to server for http://mirror.math.princeton.edu/pub/epel/8/Everything/x86_64/Packages/i/iftop-1.0-0.21.pre4.el8.x86_64.rpm [Failed to connect to mirror.math.princeton.edu port 80: No route to host]
[MIRROR] iftop-1.0-0.21.pre4.el8.x86_64.rpm: Curl error (7): Couldn't connect to server for https://pubmirror1.math.uh.edu/fedora-buffet/epel/8/Everything/x86_64/Packages/i/iftop-1.0-0.21.pre4.el8.x86_64.rpm [Failed to connect to pubmirror1.math.uh.edu port 443: No route to host]
[MIRROR] iftop-1.0-0.21.pre4.el8.x86_64.rpm: Curl error (7): Couldn't connect to server for http://pubmirror1.math.uh.edu/fedora-buffet/epel/8/Everything/x86_64/Packages/i/iftop-1.0-0.21.pre4.el8.x86_64.rpm [Failed to connect to pubmirror1.math.uh.edu port 80: No route to host]
[MIRROR] iftop-1.0-0.21.pre4.el8.x86_64.rpm: Curl error (28): Timeout was reached for http://mirrors.mit.edu/epel/8/Everything/x86_64/Packages/i/iftop-1.0-0.21.pre4.el8.x86_64.rpm [Resolving timed out after 30000 milliseconds]
[MIRROR] iftop-1.0-0.21.pre4.el8.x86_64.rpm: Curl error (7): Couldn't connect to server for http://fedora.westmancom.com/epel/8/Everything/x86_64/Packages/i/iftop-1.0-0.21.pre4.el8.x86_64.rpm [Failed to connect to fedora.westmancom.com port 80: Connection timed out]
(25/25): iftop-1.0-0.21.pre4.el8.x86_64.rpm     659  B/s |  59 kB     01:31    
--------------------------------------------------------------------------------
Total                                           127 kB/s |  13 MB     01:43     
Extra Packages for Enterprise Linux 8 - x86_64  1.6 MB/s | 1.6 kB     00:00    
Importing GPG key 0x2F86D6A1:
 Userid     : "Fedora EPEL (8) <epel@fedoraproject.org>"
 Fingerprint: 94E2 79EB 8D8F 25B2 1810 ADF1 21EA 45AB 2F86 D6A1
 From       : /etc/pki/rpm-gpg/RPM-GPG-KEY-EPEL-8
Key imported successfully
Running transaction check
Transaction check succeeded.
Running transaction test
Transaction test succeeded.
Running transaction
  Preparing        :                                                        1/1 
  Installing       : apr-1.6.3-12.el8.x86_64                               1/26 
  Running scriptlet: apr-1.6.3-12.el8.x86_64                               1/26 
  Installing       : apr-util-bdb-1.6.1-6.el8.1.x86_64                     2/26 
  Installing       : apr-util-openssl-1.6.1-6.el8.1.x86_64                 3/26 
  Installing       : apr-util-1.6.1-6.el8.1.x86_64                         4/26 
  Running scriptlet: apr-util-1.6.1-6.el8.1.x86_64                         4/26 
  Installing       : httpd-tools-2.4.37-47.module+el8.6.0+985+b8ff6398.    5/26 
  Upgrading        : iproute-5.15.0-4.el8_6.1.x86_64                       6/26 
  Installing       : rocky-logos-httpd-86.2-1.el8.noarch                   7/26 
  Installing       : mailcap-2.1.48-3.el8.noarch                           8/26 
  Installing       : lksctp-tools-1.0.18-3.el8.x86_64                      9/26 
  Running scriptlet: lksctp-tools-1.0.18-3.el8.x86_64                      9/26 
  Installing       : libibverbs-37.2-1.el8.x86_64                         10/26 
  Running scriptlet: libibverbs-37.2-1.el8.x86_64                         10/26 
  Installing       : libpcap-14:1.9.1-5.el8.x86_64                        11/26 
  Installing       : iptables-libs-1.8.4-22.el8.x86_64                    12/26 
  Installing       : vim-filesystem-2:8.0.1763-19.el8_6.4.noarch          13/26 
  Installing       : vim-common-2:8.0.1763-19.el8_6.4.x86_64              14/26 
  Running scriptlet: httpd-filesystem-2.4.37-47.module+el8.6.0+985+b8ff   15/26 
  Installing       : httpd-filesystem-2.4.37-47.module+el8.6.0+985+b8ff   15/26 
  Installing       : mod_http2-1.15.7-5.module+el8.6.0+823+f143cee1.x86   16/26 
  Installing       : httpd-2.4.37-47.module+el8.6.0+985+b8ff6398.2.x86_   17/26 
  Running scriptlet: httpd-2.4.37-47.module+el8.6.0+985+b8ff6398.2.x86_   17/26 
  Installing       : gpm-libs-1.20.7-17.el8.x86_64                        18/26 
  Running scriptlet: gpm-libs-1.20.7-17.el8.x86_64                        18/26 
  Installing       : vim-enhanced-2:8.0.1763-19.el8_6.4.x86_64            19/26 
  Installing       : iproute-tc-5.15.0-4.el8_6.1.x86_64                   20/26 
  Running scriptlet: tcpdump-14:4.9.3-3.el8.x86_64                        21/26 
  Installing       : tcpdump-14:4.9.3-3.el8.x86_64                        21/26 
  Installing       : iftop-1.0-0.21.pre4.el8.x86_64                       22/26 
  Installing       : iperf3-3.5-6.el8.x86_64                              23/26 
  Running scriptlet: iperf3-3.5-6.el8.x86_64                              23/26 
  Installing       : pciutils-3.7.0-1.el8.x86_64                          24/26 
  Installing       : net-tools-2.0-0.52.20160912git.el8.x86_64            25/26 
  Running scriptlet: net-tools-2.0-0.52.20160912git.el8.x86_64            25/26 
  Cleanup          : iproute-5.12.0-4.el8.x86_64                          26/26 
  Running scriptlet: httpd-2.4.37-47.module+el8.6.0+985+b8ff6398.2.x86_   26/26 
  Running scriptlet: iproute-5.12.0-4.el8.x86_64                          26/26 
  Running scriptlet: vim-common-2:8.0.1763-19.el8_6.4.x86_64              26/26 
  Verifying        : apr-1.6.3-12.el8.x86_64                               1/26 
  Verifying        : apr-util-1.6.1-6.el8.1.x86_64                         2/26 
  Verifying        : apr-util-bdb-1.6.1-6.el8.1.x86_64                     3/26 
  Verifying        : apr-util-openssl-1.6.1-6.el8.1.x86_64                 4/26 
  Verifying        : gpm-libs-1.20.7-17.el8.x86_64                         5/26 
  Verifying        : httpd-2.4.37-47.module+el8.6.0+985+b8ff6398.2.x86_    6/26 
  Verifying        : httpd-filesystem-2.4.37-47.module+el8.6.0+985+b8ff    7/26 
  Verifying        : httpd-tools-2.4.37-47.module+el8.6.0+985+b8ff6398.    8/26 
  Verifying        : iperf3-3.5-6.el8.x86_64                               9/26 
  Verifying        : mod_http2-1.15.7-5.module+el8.6.0+823+f143cee1.x86   10/26 
  Verifying        : tcpdump-14:4.9.3-3.el8.x86_64                        11/26 
  Verifying        : vim-common-2:8.0.1763-19.el8_6.4.x86_64              12/26 
  Verifying        : vim-enhanced-2:8.0.1763-19.el8_6.4.x86_64            13/26 
  Verifying        : vim-filesystem-2:8.0.1763-19.el8_6.4.noarch          14/26 
  Verifying        : iproute-tc-5.15.0-4.el8_6.1.x86_64                   15/26 
  Verifying        : iptables-libs-1.8.4-22.el8.x86_64                    16/26 
  Verifying        : libibverbs-37.2-1.el8.x86_64                         17/26 
  Verifying        : libpcap-14:1.9.1-5.el8.x86_64                        18/26 
  Verifying        : lksctp-tools-1.0.18-3.el8.x86_64                     19/26 
  Verifying        : mailcap-2.1.48-3.el8.noarch                          20/26 
  Verifying        : net-tools-2.0-0.52.20160912git.el8.x86_64            21/26 
  Verifying        : pciutils-3.7.0-1.el8.x86_64                          22/26 
  Verifying        : rocky-logos-httpd-86.2-1.el8.noarch                  23/26 
  Verifying        : iftop-1.0-0.21.pre4.el8.x86_64                       24/26 
  Verifying        : iproute-5.15.0-4.el8_6.1.x86_64                      25/26 
  Verifying        : iproute-5.12.0-4.el8.x86_64                          26/26 

Upgraded:
  iproute-5.15.0-4.el8_6.1.x86_64                                               
Installed:
  apr-1.6.3-12.el8.x86_64                                                       
  apr-util-1.6.1-6.el8.1.x86_64                                                 
  apr-util-bdb-1.6.1-6.el8.1.x86_64                                             
  apr-util-openssl-1.6.1-6.el8.1.x86_64                                         
  gpm-libs-1.20.7-17.el8.x86_64                                                 
  httpd-2.4.37-47.module+el8.6.0+985+b8ff6398.2.x86_64                          
  httpd-filesystem-2.4.37-47.module+el8.6.0+985+b8ff6398.2.noarch               
  httpd-tools-2.4.37-47.module+el8.6.0+985+b8ff6398.2.x86_64                    
  iftop-1.0-0.21.pre4.el8.x86_64                                                
  iperf3-3.5-6.el8.x86_64                                                       
  iproute-tc-5.15.0-4.el8_6.1.x86_64                                            
  iptables-libs-1.8.4-22.el8.x86_64                                             
  libibverbs-37.2-1.el8.x86_64                                                  
  libpcap-14:1.9.1-5.el8.x86_64                                                 
  lksctp-tools-1.0.18-3.el8.x86_64                                              
  mailcap-2.1.48-3.el8.noarch                                                   
  mod_http2-1.15.7-5.module+el8.6.0+823+f143cee1.x86_64                         
  net-tools-2.0-0.52.20160912git.el8.x86_64                                     
  pciutils-3.7.0-1.el8.x86_64                                                   
  rocky-logos-httpd-86.2-1.el8.noarch                                           
  tcpdump-14:4.9.3-3.el8.x86_64                                                 
  vim-common-2:8.0.1763-19.el8_6.4.x86_64                                       
  vim-enhanced-2:8.0.1763-19.el8_6.4.x86_64                                     
  vim-filesystem-2:8.0.1763-19.el8_6.4.noarch                                   

Complete!
sudo: ./fabric_node_tools/host_tune_redhat.sh: command not found
mke2fs 1.45.6 (20-Mar-2020)
Creating filesystem with 262144000 4k blocks and 65536000 inodes
Filesystem UUID: 5b1ee34f-b40d-4784-9473-cc7c6847767c
Superblock backups stored on blocks: 
	32768, 98304, 163840, 229376, 294912, 819200, 884736, 1605632, 2654208, 
	4096000, 7962624, 11239424, 20480000, 23887872, 71663616, 78675968, 
	102400000, 214990848

Allocating group tables:    0/8000         done                            
Writing inode tables:    0/8000         done                            
Creating journal (262144 blocks): done
Writing superblocks and filesystem accounting information:    0/8000   2/8000         done

Last metadata expiration check: 0:13:34 ago on Mon 14 Nov 2022 03:54:39 PM UTC.
Package epel-release-8-17.el8.noarch is already installed.
Dependencies resolved.
================================================================================
 Package               Architecture    Version              Repository     Size
================================================================================
Upgrading:
 epel-release          noarch          8-18.el8             epel           24 k

Transaction Summary
================================================================================
Upgrade  1 Package

Total download size: 24 k
Downloading Packages:
[MIRROR] epel-release-8-18.el8.noarch.rpm: Curl error (7): Couldn't connect to server for http://mirror.es.its.nyu.edu/epel/8/Everything/x86_64/Packages/e/epel-release-8-18.el8.noarch.rpm [Failed to connect to mirror.es.its.nyu.edu port 80: No route to host]
[MIRROR] epel-release-8-18.el8.noarch.rpm: Curl error (7): Couldn't connect to server for http://repo.ialab.dsu.edu/epel/8/Everything/x86_64/Packages/e/epel-release-8-18.el8.noarch.rpm [Failed to connect to repo.ialab.dsu.edu port 80: No route to host]
[MIRROR] epel-release-8-18.el8.noarch.rpm: Curl error (7): Couldn't connect to server for https://repo.ialab.dsu.edu/epel/8/Everything/x86_64/Packages/e/epel-release-8-18.el8.noarch.rpm [Failed to connect to repo.ialab.dsu.edu port 443: No route to host]
[MIRROR] epel-release-8-18.el8.noarch.rpm: Curl error (7): Couldn't connect to server for http://mirror.siena.edu/epel/8/Everything/x86_64/Packages/e/epel-release-8-18.el8.noarch.rpm [Failed to connect to mirror.siena.edu port 80: No route to host]
[MIRROR] epel-release-8-18.el8.noarch.rpm: Curl error (7): Couldn't connect to server for http://mirrors.mit.edu/epel/8/Everything/x86_64/Packages/e/epel-release-8-18.el8.noarch.rpm [Failed to connect to mirrors.mit.edu port 80: No route to host]
epel-release-8-18.el8.noarch.rpm                488  B/s |  24 kB     00:51    
--------------------------------------------------------------------------------
Total                                           368  B/s |  24 kB     01:07     
Running transaction check
Transaction check succeeded.
Running transaction test
Transaction test succeeded.
Running transaction
  Preparing        :                                                        1/1 
  Running scriptlet: epel-release-8-18.el8.noarch                           1/1 
  Upgrading        : epel-release-8-18.el8.noarch                           1/2 
  Running scriptlet: epel-release-8-18.el8.noarch                           1/2 
  Cleanup          : epel-release-8-17.el8.noarch                           2/2 
  Running scriptlet: epel-release-8-17.el8.noarch                           2/2 
  Verifying        : epel-release-8-18.el8.noarch                           1/2 
  Verifying        : epel-release-8-17.el8.noarch                           2/2 

Upgraded:
  epel-release-8-18.el8.noarch                                                  

Complete!
Enabling CRB repo
CRB repo is enabled and named: powertools
Rocky Linux 8 - PowerTools                      134  B/s | 4.8 kB     00:36    
Package httpd-2.4.37-47.module+el8.6.0+985+b8ff6398.2.x86_64 is already installed.
Package iproute-tc-5.15.0-4.el8_6.1.x86_64 is already installed.
Package net-tools-2.0-0.52.20160912git.el8.x86_64 is already installed.
Package pciutils-3.7.0-1.el8.x86_64 is already installed.
Package tcpdump-14:4.9.3-3.el8.x86_64 is already installed.
Package iftop-1.0-0.21.pre4.el8.x86_64 is already installed.
Package iperf3-3.5-6.el8.x86_64 is already installed.
Package vim-enhanced-2:8.0.1763-19.el8_6.4.x86_64 is already installed.
Dependencies resolved.
Nothing to do.
Complete!
dev
* Applying /usr/lib/sysctl.d/10-default-yama-scope.conf ...
kernel.yama.ptrace_scope = 0
* Applying /usr/lib/sysctl.d/50-coredump.conf ...
kernel.core_pattern = |/usr/lib/systemd/systemd-coredump %P %u %g %s %t %c %h %e
kernel.core_pipe_limit = 16
* Applying /usr/lib/sysctl.d/50-default.conf ...
kernel.sysrq = 16
kernel.core_uses_pid = 1
kernel.kptr_restrict = 1
net.ipv4.conf.all.rp_filter = 1
net.ipv4.conf.all.accept_source_route = 0
net.ipv4.conf.all.promote_secondaries = 1
net.core.default_qdisc = fq_codel
fs.protected_hardlinks = 1
fs.protected_symlinks = 1
* Applying /usr/lib/sysctl.d/50-libkcapi-optmem_max.conf ...
net.core.optmem_max = 81920
* Applying /usr/lib/sysctl.d/50-pid-max.conf ...
kernel.pid_max = 4194304
* Applying /etc/sysctl.d/99-sysctl.conf ...
net.core.rmem_max = 536870912
net.core.wmem_max = 536870912
net.ipv4.tcp_rmem = 4096 87380 536870912
net.ipv4.tcp_wmem = 4096 65536 536870912
net.ipv4.tcp_congestion_control = bbr
net.ipv4.tcp_mtu_probing = 1
net.core.default_qdisc = fq
* Applying /etc/sysctl.conf ...
net.core.rmem_max = 536870912
net.core.wmem_max = 536870912
net.ipv4.tcp_rmem = 4096 87380 536870912
net.ipv4.tcp_wmem = 4096 65536 536870912
net.ipv4.tcp_congestion_control = bbr
net.ipv4.tcp_mtu_probing = 1
net.core.default_qdisc = fq
mkdir: cannot create directory ‘/mnt/fabric_storage’: File exists
mke2fs 1.45.6 (20-Mar-2020)
/dev/vdb is mounted; will not make a filesystem here!
mount: /mnt/fabric_storage: /dev/vdb already mounted on /mnt/fabric_storage.
  % Total    % Received % Xferd  Average Speed   Time    Time     Time  Current
                                 Dload  Upload   Total   Spent    Left  Speed
  0     0    0     0    0     0      0      0 --:--:-- --:--:-- --:--:--     0 11 1024M   11  119M    0     0   120M      0  0:00:08 --:--:--  0:00:08  120M 26 1024M   26  269M    0     0   134M      0  0:00:07  0:00:01  0:00:06  134M 41 1024M   41  422M    0     0   140M      0  0:00:07  0:00:03  0:00:04  140M 55 1024M   55  566M    0     0   141M      0  0:00:07  0:00:04  0:00:03  141M 69 1024M   69  714M    0     0   143M      0  0:00:07  0:00:04  0:00:03  143M 84 1024M   84  868M    0     0   144M      0  0:00:07  0:00:05  0:00:02  149M 99 1024M   99 1020M    0     0   145M      0  0:00:07  0:00:06  0:00:01  150M100 1024M  100 1024M    0     0   145M      0  0:00:07  0:00:07 --:--:--  149M
  % Total    % Received % Xferd  Average Speed   Time    Time     Time  Current
                                 Dload  Upload   Total   Spent    Left  Speed
  0     0    0     0    0     0      0      0 --:--:-- --:--:-- --:--:--     0  1 10.0G    1  122M    0     0   128M      0  0:01:19 --:--:--  0:01:19  128M  2 10.0G    2  286M    0     0   147M      0  0:01:09  0:00:01  0:01:08  147M  4 10.0G    4  451M    0     0   152M      0  0:01:07  0:00:02  0:01:05  152M  6 10.0G    6  615M    0     0   155M      0  0:01:05  0:00:03  0:01:02  155M  7 10.0G    7  778M    0     0   157M      0  0:01:05  0:00:04  0:01:01  157M  9 10.0G    9  936M    0     0   157M      0  0:01:04  0:00:05  0:00:59  163M 10 10.0G   10 1088M    0     0   156M      0  0:01:05  0:00:06  0:00:59  160M 12 10.0G   12 1245M    0     0   156M      0  0:01:05  0:00:07  0:00:58  159M 13 10.0G   13 1404M    0     0   157M      0  0:01:05  0:00:08  0:00:57  158M 15 10.0G   15 1554M    0     0   156M      0  0:01:05  0:00:09  0:00:56  155M 16 10.0G   16 1712M    0     0   156M      0  0:01:05  0:00:10  0:00:55  155M 18 10.0G   18 1873M    0     0   156M      0  0:01:05  0:00:11  0:00:54  156M 19 10.0G   19 2028M    0     0   156M      0  0:01:05  0:00:12  0:00:53  156M 21 10.0G   21 2187M    0     0   156M      0  0:01:05  0:00:13  0:00:52  156M 22 10.0G   22 2340M    0     0   156M      0  0:01:05  0:00:14  0:00:51  157M 24 10.0G   24 2501M    0     0   156M      0  0:01:05  0:00:15  0:00:50  157M 25 10.0G   25 2660M    0     0   156M      0  0:01:05  0:00:16  0:00:49  157M 27 10.0G   27 2825M    0     0   157M      0  0:01:05  0:00:17  0:00:48  159M 29 10.0G   29 2985M    0     0   157M      0  0:01:04  0:00:18  0:00:46  159M 30 10.0G   30 3146M    0     0   157M      0  0:01:04  0:00:19  0:00:45  160M 32 10.0G   32 3311M    0     0   158M      0  0:01:04  0:00:20  0:00:44  161M 33 10.0G   33 3474M    0     0   158M      0  0:01:04  0:00:21  0:00:43  163M 35 10.0G   35 3643M    0     0   158M      0  0:01:04  0:00:22  0:00:42  163M 37 10.0G   37 3809M    0     0   159M      0  0:01:04  0:00:23  0:00:41  164M 38 10.0G   38 3972M    0     0   159M      0  0:01:04  0:00:24  0:00:40  165M 40 10.0G   40 4142M    0     0   159M      0  0:01:04  0:00:25  0:00:39  165M 42 10.0G   42 4309M    0     0   159M      0  0:01:04  0:00:26  0:00:38  166M 43 10.0G   43 4470M    0     0   159M      0  0:01:04  0:00:27  0:00:37  165M 45 10.0G   45 4634M    0     0   160M      0  0:01:03  0:00:28  0:00:35  165M 46 10.0G   46 4791M    0     0   159M      0  0:01:04  0:00:29  0:00:35  163M 48 10.0G   48 4954M    0     0   160M      0  0:01:03  0:00:30  0:00:33  163M 50 10.0G   50 5127M    0     0   160M      0  0:01:03  0:00:31  0:00:32  163M 51 10.0G   51 5295M    0     0   160M      0  0:01:03  0:00:32  0:00:31  164M 53 10.0G   53 5462M    0     0   160M      0  0:01:03  0:00:33  0:00:30  165M 54 10.0G   54 5629M    0     0   161M      0  0:01:03  0:00:34  0:00:29  167M 56 10.0G   56 5794M    0     0   161M      0  0:01:03  0:00:35  0:00:28  167M 58 10.0G   58 5960M    0     0   161M      0  0:01:03  0:00:36  0:00:27  166M 59 10.0G   59 6118M    0     0   161M      0  0:01:03  0:00:37  0:00:26  164M 61 10.0G   61 6268M    0     0   160M      0  0:01:03  0:00:38  0:00:25  160M 62 10.0G   62 6423M    0     0   160M      0  0:01:03  0:00:39  0:00:24  159M 64 10.0G   64 6588M    0     0   160M      0  0:01:03  0:00:40  0:00:23  159M 65 10.0G   65 6750M    0     0   160M      0  0:01:03  0:00:41  0:00:22  157M 67 10.0G   67 6918M    0     0   161M      0  0:01:03  0:00:42  0:00:21  159M 69 10.0G   69 7071M    0     0   160M      0  0:01:03  0:00:43  0:00:20  160M 70 10.0G   70 7222M    0     0   160M      0  0:01:03  0:00:44  0:00:19  159M 72 10.0G   72 7375M    0     0   160M      0  0:01:03  0:00:45  0:00:18  157M 73 10.0G   73 7530M    0     0   160M      0  0:01:03  0:00:46  0:00:17  156M 75 10.0G   75 7686M    0     0   160M      0  0:01:03  0:00:47  0:00:16  153M 76 10.0G   76 7842M    0     0   160M      0  0:01:03  0:00:48  0:00:15  154M 78 10.0G   78 7998M    0     0   160M      0  0:01:03  0:00:49  0:00:14  155M 79 10.0G   79 8149M    0     0   159M      0  0:01:04  0:00:50  0:00:14  154M 81 10.0G   81 8298M    0     0   159M      0  0:01:04  0:00:51  0:00:13  153M 82 10.0G   82 8454M    0     0   159M      0  0:01:04  0:00:52  0:00:12  153M 84 10.0G   84 8603M    0     0   159M      0  0:01:04  0:00:53  0:00:11  151M 85 10.0G   85 8755M    0     0   159M      0  0:01:04  0:00:54  0:00:10  151M 87 10.0G   87 8909M    0     0   159M      0  0:01:04  0:00:55  0:00:09  152M 88 10.0G   88 9065M    0     0   159M      0  0:01:04  0:00:56  0:00:08  153M 90 10.0G   90 9221M    0     0   159M      0  0:01:04  0:00:57  0:00:07  153M 91 10.0G   91 9377M    0     0   159M      0  0:01:04  0:00:58  0:00:06  154M 93 10.0G   93 9525M    0     0   158M      0  0:01:04  0:00:59  0:00:05  153M 94 10.0G   94 9681M    0     0   158M      0  0:01:04  0:01:00  0:00:04  154M 96 10.0G   96 9837M    0     0   158M      0  0:01:04  0:01:01  0:00:03  154M 97 10.0G   97 9990M    0     0   158M      0  0:01:04  0:01:02  0:00:02  153M 99 10.0G   99  9.9G    0     0   158M      0  0:01:04  0:01:03  0:00:01  152M100 10.0G  100 10.0G    0     0   158M      0  0:01:04  0:01:04 --:--:--  154M
  % Total    % Received % Xferd  Average Speed   Time    Time     Time  Current
                                 Dload  Upload   Total   Spent    Left  Speed
  0     0    0     0    0     0      0      0 --:--:-- --:--:-- --:--:--     0  0 20.0G    0 19.0M    0     0  56.0M      0  0:06:05 --:--:--  0:06:05 55.8M  0 20.0G    0  185M    0     0   138M      0  0:02:27  0:00:01  0:02:26  138M  1 20.0G    1  350M    0     0   149M      0  0:02:17  0:00:02  0:02:15  149M  2 20.0G    2  514M    0     0   153M      0  0:02:13  0:00:03  0:02:10  153M  3 20.0G    3  675M    0     0   155M      0  0:02:11  0:00:04  0:02:07  155M  4 20.0G    4  841M    0     0   157M      0  0:02:09  0:00:05  0:02:04  164M  4 20.0G    4 1007M    0     0   158M      0  0:02:08  0:00:06  0:02:02  164M  5 20.0G    5 1167M    0     0   158M      0  0:02:08  0:00:07  0:02:01  163M  6 20.0G    6 1322M    0     0   158M      0  0:02:09  0:00:08  0:02:01  161M  7 20.0G    7 1483M    0     0   158M      0  0:02:09  0:00:09  0:02:00  161M  7 20.0G    7 1632M    0     0   157M      0  0:02:09  0:00:10  0:01:59  158M  8 20.0G    8 1790M    0     0   157M      0  0:02:09  0:00:11  0:01:58  156M  9 20.0G    9 1951M    0     0   158M      0  0:02:09  0:00:12  0:01:57  156M 10 20.0G   10 2110M    0     0   158M      0  0:02:09  0:00:13  0:01:56  157M 11 20.0G   11 2269M    0     0   158M      0  0:02:09  0:00:14  0:01:55  157M 11 20.0G   11 2422M    0     0   157M      0  0:02:09  0:00:15  0:01:54  157M 12 20.0G   12 2580M    0     0   157M      0  0:02:09  0:00:16  0:01:53  157M 13 20.0G   13 2729M    0     0   157M      0  0:02:10  0:00:17  0:01:53  155M 14 20.0G   14 2881M    0     0   157M      0  0:02:10  0:00:18  0:01:52  154M 14 20.0G   14 3035M    0     0   156M      0  0:02:10  0:00:19  0:01:51  153M 15 20.0G   15 3186M    0     0   156M      0  0:02:10  0:00:20  0:01:50  152M 16 20.0G   16 3343M    0     0   156M      0  0:02:10  0:00:21  0:01:49  152M 17 20.0G   17 3502M    0     0   156M      0  0:02:10  0:00:22  0:01:48  154M 17 20.0G   17 3669M    0     0   157M      0  0:02:10  0:00:23  0:01:47  157M 18 20.0G   18 3835M    0     0   157M      0  0:02:09  0:00:24  0:01:45  159M 19 20.0G   19 3998M    0     0   157M      0  0:02:09  0:00:25  0:01:44  162M 20 20.0G   20 4153M    0     0   157M      0  0:02:09  0:00:26  0:01:43  161M 21 20.0G   21 4318M    0     0   157M      0  0:02:09  0:00:27  0:01:42  162M 21 20.0G   21 4486M    0     0   158M      0  0:02:09  0:00:28  0:01:41  162M 22 20.0G   22 4635M    0     0   157M      0  0:02:09  0:00:29  0:01:40  159M 23 20.0G   23 4802M    0     0   158M      0  0:02:09  0:00:30  0:01:39  160M 24 20.0G   24 4969M    0     0   158M      0  0:02:09  0:00:31  0:01:38  163M 25 20.0G   25 5136M    0     0   158M      0  0:02:08  0:00:32  0:01:36  163M 25 20.0G   25 5299M    0     0   158M      0  0:02:08  0:00:33  0:01:35  163M 26 20.0G   26 5465M    0     0   159M      0  0:02:08  0:00:34  0:01:34  166M 27 20.0G   27 5629M    0     0   159M      0  0:02:08  0:00:35  0:01:33  165M 28 20.0G   28 5795M    0     0   159M      0  0:02:08  0:00:36  0:01:32  165M 29 20.0G   29 5946M    0     0   159M      0  0:02:08  0:00:37  0:01:31  162M 29 20.0G   29 6100M    0     0   159M      0  0:02:08  0:00:38  0:01:30  160M 30 20.0G   30 6259M    0     0   159M      0  0:02:08  0:00:39  0:01:29  158M 31 20.0G   31 6418M    0     0   159M      0  0:02:08  0:00:40  0:01:28  157M 32 20.0G   32 6577M    0     0   159M      0  0:02:08  0:00:41  0:01:27  156M 32 20.0G   32 6735M    0     0   159M      0  0:02:08  0:00:42  0:01:26  157M 33 20.0G   33 6894M    0     0   159M      0  0:02:08  0:00:43  0:01:25  158M 34 20.0G   34 7051M    0     0   159M      0  0:02:08  0:00:44  0:01:24  158M 35 20.0G   35 7206M    0     0   158M      0  0:02:08  0:00:45  0:01:23  157M 35 20.0G   35 7366M    0     0   158M      0  0:02:08  0:00:46  0:01:22  157M 36 20.0G   36 7523M    0     0   158M      0  0:02:08  0:00:47  0:01:21  157M 37 20.0G   37 7683M    0     0   158M      0  0:02:08  0:00:48  0:01:20  157M 38 20.0G   38 7834M    0     0   158M      0  0:02:09  0:00:49  0:01:20  156M 39 20.0G   39 7989M    0     0   158M      0  0:02:09  0:00:50  0:01:19  156M 39 20.0G   39 8138M    0     0   158M      0  0:02:09  0:00:51  0:01:18  154M 40 20.0G   40 8297M    0     0   158M      0  0:02:09  0:00:52  0:01:17  154M 41 20.0G   41 8452M    0     0   158M      0  0:02:09  0:00:53  0:01:16  153M 42 20.0G   42 8601M    0     0   158M      0  0:02:09  0:00:54  0:01:15  153M 42 20.0G   42 8739M    0     0   157M      0  0:02:09  0:00:55  0:01:14  150M 43 20.0G   43 8892M    0     0   157M      0  0:02:09  0:00:56  0:01:13  150M 44 20.0G   44 9048M    0     0   157M      0  0:02:09  0:00:57  0:01:12  150M 44 20.0G   44 9206M    0     0   157M      0  0:02:09  0:00:58  0:01:11  150M 45 20.0G   45 9359M    0     0   157M      0  0:02:09  0:00:59  0:01:10  151M 46 20.0G   46 9517M    0     0   157M      0  0:02:09  0:01:00  0:01:09  155M 47 20.0G   47 9677M    0     0   157M      0  0:02:09  0:01:01  0:01:08  156M 48 20.0G   48 9833M    0     0   157M      0  0:02:09  0:01:02  0:01:07  157M 48 20.0G   48 9981M    0     0   157M      0  0:02:09  0:01:03  0:01:06  155M 49 20.0G   49  9.9G    0     0   157M      0  0:02:09  0:01:04  0:01:05  155M 50 20.0G   50 10.0G    0     0   157M      0  0:02:09  0:01:05  0:01:04  156M 51 20.0G   51 10.2G    0     0   157M      0  0:02:10  0:01:06  0:01:04  153M 51 20.0G   51 10.3G    0     0   157M      0  0:02:10  0:01:07  0:01:03  153M 52 20.0G   52 10.5G    0     0   157M      0  0:02:10  0:01:08  0:01:02  154M 53 20.0G   53 10.6G    0     0   157M      0  0:02:10  0:01:09  0:01:01  154M 54 20.0G   54 10.8G    0     0   157M      0  0:02:10  0:01:10  0:01:00  154M 54 20.0G   54 10.9G    0     0   157M      0  0:02:10  0:01:11  0:00:59  157M 55 20.0G   55 11.1G    0     0   157M      0  0:02:09  0:01:12  0:00:57  160M 56 20.0G   56 11.2G    0     0   157M      0  0:02:09  0:01:13  0:00:56  162M 57 20.0G   57 11.4G    0     0   157M      0  0:02:09  0:01:14  0:00:55  164M 58 20.0G   58 11.6G    0     0   157M      0  0:02:09  0:01:15  0:00:54  166M 58 20.0G   58 11.7G    0     0   158M      0  0:02:09  0:01:16  0:00:53  165M 59 20.0G   59 11.9G    0     0   158M      0  0:02:09  0:01:17  0:00:52  165M 60 20.0G   60 12.1G    0     0   158M      0  0:02:09  0:01:18  0:00:51  164M 61 20.0G   61 12.2G    0     0   158M      0  0:02:09  0:01:19  0:00:50  165M 62 20.0G   62 12.4G    0     0   158M      0  0:02:09  0:01:20  0:00:49  164M 62 20.0G   62 12.5G    0     0   158M      0  0:02:09  0:01:21  0:00:48  166M 63 20.0G   63 12.7G    0     0   158M      0  0:02:09  0:01:22  0:00:47  166M 64 20.0G   64 12.9G    0     0   158M      0  0:02:09  0:01:23  0:00:46  166M 65 20.0G   65 13.0G    0     0   158M      0  0:02:08  0:01:24  0:00:44  166M 66 20.0G   66 13.2G    0     0   158M      0  0:02:08  0:01:25  0:00:43  166M 67 20.0G   67 13.4G    0     0   158M      0  0:02:08  0:01:26  0:00:42  165M 67 20.0G   67 13.5G    0     0   159M      0  0:02:08  0:01:27  0:00:41  165M 68 20.0G   68 13.7G    0     0   159M      0  0:02:08  0:01:28  0:00:40  166M 69 20.0G   69 13.8G    0     0   159M      0  0:02:08  0:01:29  0:00:39  165M 70 20.0G   70 14.0G    0     0   159M      0  0:02:08  0:01:30  0:00:38  166M 71 20.0G   71 14.2G    0     0   159M      0  0:02:08  0:01:31  0:00:37  166M 71 20.0G   71 14.3G    0     0   159M      0  0:02:08  0:01:32  0:00:36  166M 72 20.0G   72 14.5G    0     0   159M      0  0:02:08  0:01:33  0:00:35  166M 73 20.0G   73 14.7G    0     0   159M      0  0:02:08  0:01:34  0:00:34  167M 74 20.0G   74 14.8G    0     0   159M      0  0:02:08  0:01:35  0:00:33  167M 75 20.0G   75 15.0G    0     0   159M      0  0:02:08  0:01:36  0:00:32  167M 75 20.0G   75 15.1G    0     0   159M      0  0:02:08  0:01:37  0:00:31  167M 76 20.0G   76 15.3G    0     0   159M      0  0:02:08  0:01:38  0:00:30  167M 77 20.0G   77 15.5G    0     0   159M      0  0:02:08  0:01:39  0:00:29  166M 78 20.0G   78 15.6G    0     0   159M      0  0:02:08  0:01:40  0:00:28  165M 79 20.0G   79 15.8G    0     0   160M      0  0:02:07  0:01:41  0:00:26  165M 79 20.0G   79 15.9G    0     0   160M      0  0:02:07  0:01:42  0:00:25  164M 80 20.0G   80 16.1G    0     0   160M      0  0:02:07  0:01:43  0:00:24  164M 81 20.0G   81 16.3G    0     0   160M      0  0:02:07  0:01:44  0:00:23  164M 82 20.0G   82 16.4G    0     0   160M      0  0:02:07  0:01:45  0:00:22  165M 83 20.0G   83 16.6G    0     0   160M      0  0:02:07  0:01:46  0:00:21  165M 84 20.0G   84 16.8G    0     0   160M      0  0:02:07  0:01:47  0:00:20  165M 84 20.0G   84 16.9G    0     0   160M      0  0:02:07  0:01:48  0:00:19  166M 85 20.0G   85 17.1G    0     0   160M      0  0:02:07  0:01:49  0:00:18  165M 86 20.0G   86 17.2G    0     0   160M      0  0:02:07  0:01:50  0:00:17  164M 87 20.0G   87 17.4G    0     0   160M      0  0:02:07  0:01:51  0:00:16  164M 88 20.0G   88 17.6G    0     0   160M      0  0:02:07  0:01:52  0:00:15  164M 88 20.0G   88 17.7G    0     0   160M      0  0:02:07  0:01:53  0:00:14  164M 89 20.0G   89 17.9G    0     0   160M      0  0:02:07  0:01:54  0:00:13  164M 90 20.0G   90 18.0G    0     0   160M      0  0:02:07  0:01:55  0:00:12  166M 91 20.0G   91 18.2G    0     0   160M      0  0:02:07  0:01:56  0:00:11  164M 92 20.0G   92 18.4G    0     0   160M      0  0:02:07  0:01:57  0:00:10  164M 92 20.0G   92 18.5G    0     0   160M      0  0:02:07  0:01:58  0:00:09  165M 93 20.0G   93 18.7G    0     0   160M      0  0:02:07  0:01:59  0:00:08  165M 94 20.0G   94 18.9G    0     0   160M      0  0:02:07  0:02:00  0:00:07  165M 95 20.0G   95 19.0G    0     0   160M      0  0:02:07  0:02:01  0:00:06  166M 96 20.0G   96 19.2G    0     0   160M      0  0:02:07  0:02:02  0:00:05  165M 96 20.0G   96 19.3G    0     0   160M      0  0:02:07  0:02:03  0:00:04  161M 97 20.0G   97 19.5G    0     0   160M      0  0:02:07  0:02:04  0:00:03  161M 98 20.0G   98 19.6G    0     0   160M      0  0:02:07  0:02:05  0:00:02  159M 99 20.0G   99 19.8G    0     0   160M      0  0:02:07  0:02:06  0:00:01  158M100 20.0G  100 20.0G    0     0   160M      0  0:02:07  0:02:07 --:--:--  158M
  % Total    % Received % Xferd  Average Speed   Time    Time     Time  Current
                                 Dload  Upload   Total   Spent    Left  Speed
  0     0    0     0    0     0      0      0 --:--:-- --:--:-- --:--:--     0  0 50.0G    0  448k    0     0  2731k      0  5:19:50 --:--:--  5:19:50 2715k  0 50.0G    0  151M    0     0   130M      0  0:06:33  0:00:01  0:06:32  130M  0 50.0G    0  308M    0     0   141M      0  0:06:00  0:00:02  0:05:58  141M  0 50.0G    0  457M    0     0   144M      0  0:05:54  0:00:03  0:05:51  144M  1 50.0G    1  612M    0     0   147M      0  0:05:47  0:00:04  0:05:43  147M  1 50.0G    1  767M    0     0   148M      0  0:05:45  0:00:05  0:05:40  153M  1 50.0G    1  916M    0     0   148M      0  0:05:44  0:00:06  0:05:38  152M  2 50.0G    2 1065M    0     0   148M      0  0:05:44  0:00:07  0:05:37  151M  2 50.0G    2 1218M    0     0   149M      0  0:05:43  0:00:08  0:05:35  152M  2 50.0G    2 1373M    0     0   149M      0  0:05:41  0:00:09  0:05:32  152M  2 50.0G    2 1521M    0     0   149M      0  0:05:42  0:00:10  0:05:32  151M  3 50.0G    3 1675M    0     0   150M      0  0:05:41  0:00:11  0:05:30  151M  3 50.0G    3 1826M    0     0   150M      0  0:05:41  0:00:12  0:05:29  151M  3 50.0G    3 1977M    0     0   150M      0  0:05:40  0:00:13  0:05:27  151M  4 50.0G    4 2135M    0     0   150M      0  0:05:39  0:00:14  0:05:25  152M  4 50.0G    4 2289M    0     0   150M      0  0:05:39  0:00:15  0:05:24  153M  4 50.0G    4 2439M    0     0   150M      0  0:05:39  0:00:16  0:05:23  152M  5 50.0G    5 2593M    0     0   151M      0  0:05:38  0:00:17  0:05:21  153M  5 50.0G    5 2746M    0     0   151M      0  0:05:38  0:00:18  0:05:20  153M  5 50.0G    5 2896M    0     0   151M      0  0:05:38  0:00:19  0:05:19  152M  5 50.0G    5 3037M    0     0   150M      0  0:05:39  0:00:20  0:05:19  149M  6 50.0G    6 3190M    0     0   150M      0  0:05:39  0:00:21  0:05:18  150M  6 50.0G    6 3345M    0     0   150M      0  0:05:39  0:00:22  0:05:17  150M  6 50.0G    6 3504M    0     0   151M      0  0:05:38  0:00:23  0:05:15  151M  7 50.0G    7 3657M    0     0   151M      0  0:05:38  0:00:24  0:05:14  152M  7 50.0G    7 3809M    0     0   151M      0  0:05:38  0:00:25  0:05:13  154M  7 50.0G    7 3960M    0     0   151M      0  0:05:38  0:00:26  0:05:12  153M  8 50.0G    8 4111M    0     0   151M      0  0:05:38  0:00:27  0:05:11  153M  8 50.0G    8 4248M    0     0   150M      0  0:05:39  0:00:28  0:05:11  148M  8 50.0G    8 4377M    0     0   150M      0  0:05:41  0:00:29  0:05:12  143M  8 50.0G    8 4515M    0     0   149M      0  0:05:42  0:00:30  0:05:12  140M  9 50.0G    9 4662M    0     0   149M      0  0:05:42  0:00:31  0:05:11  140M  9 50.0G    9 4818M    0     0   149M      0  0:05:41  0:00:32  0:05:09  141M  9 50.0G    9 4975M    0     0   150M      0  0:05:41  0:00:33  0:05:08  145M  9 50.0G    9 5110M    0     0   149M      0  0:05:42  0:00:34  0:05:08  147M 10 50.0G   10 5267M    0     0   149M      0  0:05:41  0:00:35  0:05:06  150M 10 50.0G   10 5404M    0     0   149M      0  0:05:42  0:00:36  0:05:06  148M 10 50.0G   10 5524M    0     0   148M      0  0:05:44  0:00:37  0:05:07  141M 11 50.0G   11 5648M    0     0   147M      0  0:05:45  0:00:38  0:05:07  134M 11 50.0G   11 5787M    0     0   147M      0  0:05:46  0:00:39  0:05:07  135M 11 50.0G   11 5923M    0     0   147M      0  0:05:47  0:00:40  0:05:07  131M 11 50.0G   11 6066M    0     0   147M      0  0:05:47  0:00:41  0:05:06  132M 12 50.0G   12 6203M    0     0   147M      0  0:05:47  0:00:42  0:05:05  135M 12 50.0G   12 6346M    0     0   147M      0  0:05:48  0:00:43  0:05:05  139M 12 50.0G   12 6493M    0     0   147M      0  0:05:48  0:00:44  0:05:04  141M 12 50.0G   12 6637M    0     0   146M      0  0:05:48  0:00:45  0:05:03  142M 13 50.0G   13 6782M    0     0   146M      0  0:05:48  0:00:46  0:05:02  143M 13 50.0G   13 6924M    0     0   146M      0  0:05:48  0:00:47  0:05:01  143M 13 50.0G   13 7061M    0     0   146M      0  0:05:49  0:00:48  0:05:01  142M 14 50.0G   14 7207M    0     0   146M      0  0:05:49  0:00:49  0:05:00  142M 14 50.0G   14 7351M    0     0   146M      0  0:05:49  0:00:50  0:04:59  143M 14 50.0G   14 7501M    0     0   146M      0  0:05:49  0:00:51  0:04:58  143M 14 50.0G   14 7647M    0     0   146M      0  0:05:49  0:00:52  0:04:57  144M 15 50.0G   15 7797M    0     0   146M      0  0:05:49  0:00:53  0:04:56  146M 15 50.0G   15 7946M    0     0   146M      0  0:05:48  0:00:54  0:04:54  147M 15 50.0G   15 8090M    0     0   146M      0  0:05:49  0:00:55  0:04:54  147M 16 50.0G   16 8241M    0     0   146M      0  0:05:48  0:00:56  0:04:52  147M 16 50.0G   16 8384M    0     0   146M      0  0:05:49  0:00:57  0:04:52  147M 16 50.0G   16 8526M    0     0   146M      0  0:05:49  0:00:58  0:04:51  146M 16 50.0G   16 8679M    0     0   146M      0  0:05:49  0:00:59  0:04:50  146M 17 50.0G   17 8825M    0     0   146M      0  0:05:49  0:01:00  0:04:49  146M 17 50.0G   17 8940M    0     0   146M      0  0:05:50  0:01:01  0:04:49  139M 17 50.0G   17 9078M    0     0   146M      0  0:05:50  0:01:02  0:04:48  138M 17 50.0G   17 9199M    0     0   145M      0  0:05:51  0:01:03  0:04:48  134M 18 50.0G   18 9321M    0     0   145M      0  0:05:52  0:01:04  0:04:48  128M 18 50.0G   18 9443M    0     0   144M      0  0:05:53  0:01:05  0:04:48  123M 18 50.0G   18 9572M    0     0   144M      0  0:05:53  0:01:06  0:04:47  126M 18 50.0G   18 9710M    0     0   144M      0  0:05:54  0:01:07  0:04:47  126M 19 50.0G   19 9855M    0     0   144M      0  0:05:54  0:01:08  0:04:46  130M 19 50.0G   19 9985M    0     0   144M      0  0:05:54  0:01:09  0:04:45  132M 19 50.0G   19  9.8G    0     0   144M      0  0:05:54  0:01:10  0:04:44  135M 20 50.0G   20 10.0G    0     0   143M      0  0:05:55  0:01:11  0:04:44  134M 20 50.0G   20 10.1G    0     0   143M      0  0:05:56  0:01:12  0:04:44  132M 20 50.0G   20 10.2G    0     0   143M      0  0:05:56  0:01:13  0:04:43  128M 20 50.0G   20 10.3G    0     0   143M      0  0:05:57  0:01:14  0:04:43  124M 20 50.0G   20 10.4G    0     0   142M      0  0:05:58  0:01:15  0:04:43  122M 21 50.0G   21 10.6G    0     0   142M      0  0:05:58  0:01:16  0:04:42  126M 21 50.0G   21 10.7G    0     0   142M      0  0:05:58  0:01:17  0:04:41  126M 21 50.0G   21 10.8G    0     0   142M      0  0:05:59  0:01:18  0:04:41  127M 22 50.0G   22 11.0G    0     0   142M      0  0:05:59  0:01:19  0:04:40  131M 22 50.0G   22 11.1G    0     0   142M      0  0:06:00  0:01:20  0:04:40  131M 22 50.0G   22 11.2G    0     0   142M      0  0:06:00  0:01:21  0:04:39  129M 22 50.0G   22 11.3G    0     0   141M      0  0:06:01  0:01:22  0:04:39  129M 22 50.0G   22 11.4G    0     0   141M      0  0:06:01  0:01:23  0:04:38  126M 23 50.0G   23 11.6G    0     0   141M      0  0:06:02  0:01:24  0:04:38  125M 23 50.0G   23 11.7G    0     0   141M      0  0:06:02  0:01:25  0:04:37  128M 23 50.0G   23 11.8G    0     0   141M      0  0:06:02  0:01:26  0:04:36  125M 23 50.0G   23 11.9G    0     0   140M      0  0:06:03  0:01:27  0:04:36  125M 24 50.0G   24 12.1G    0     0   140M      0  0:06:03  0:01:28  0:04:35  130M 24 50.0G   24 12.2G    0     0   140M      0  0:06:03  0:01:29  0:04:34  131M 24 50.0G   24 12.3G    0     0   140M      0  0:06:03  0:01:30  0:04:33  130M 25 50.0G   25 12.5G    0     0   140M      0  0:06:03  0:01:31  0:04:32  133M 25 50.0G   25 12.6G    0     0   140M      0  0:06:04  0:01:32  0:04:32  132M 25 50.0G   25 12.7G    0     0   140M      0  0:06:05  0:01:33  0:04:32  127M 25 50.0G   25 12.8G    0     0   139M      0  0:06:05  0:01:34  0:04:31  125M 25 50.0G   25 12.9G    0     0   139M      0  0:06:06  0:01:35  0:04:31  123M 26 50.0G   26 13.1G    0     0   139M      0  0:06:06  0:01:36  0:04:30  122M 26 50.0G   26 13.2G    0     0   139M      0  0:06:06  0:01:37  0:04:29  123M 26 50.0G   26 13.3G    0     0   139M      0  0:06:07  0:01:38  0:04:29  124M 26 50.0G   26 13.4G    0     0   139M      0  0:06:07  0:01:39  0:04:28  127M 27 50.0G   27 13.6G    0     0   139M      0  0:06:07  0:01:40  0:04:27  127M 27 50.0G   27 13.7G    0     0   139M      0  0:06:08  0:01:41  0:04:27  125M 27 50.0G   27 13.8G    0     0   138M      0  0:06:08  0:01:42  0:04:26  127M 27 50.0G   27 13.9G    0     0   138M      0  0:06:08  0:01:43  0:04:25  126M 28 50.0G   28 14.0G    0     0   138M      0  0:06:09  0:01:44  0:04:25  123M 28 50.0G   28 14.2G    0     0   138M      0  0:06:09  0:01:45  0:04:24  125M 28 50.0G   28 14.3G    0     0   138M      0  0:06:09  0:01:46  0:04:23  128M 28 50.0G   28 14.4G    0     0   138M      0  0:06:09  0:01:47  0:04:22  129M 29 50.0G   29 14.6G    0     0   138M      0  0:06:10  0:01:48  0:04:22  130M 29 50.0G   29 14.7G    0     0   138M      0  0:06:10  0:01:49  0:04:21  132M 29 50.0G   29 14.8G    0     0   138M      0  0:06:09  0:01:50  0:04:19  136M 30 50.0G   30 15.0G    0     0   138M      0  0:06:10  0:01:51  0:04:19  133M 30 50.0G   30 15.1G    0     0   138M      0  0:06:10  0:01:52  0:04:18  131M 30 50.0G   30 15.2G    0     0   138M      0  0:06:10  0:01:53  0:04:17  134M 30 50.0G   30 15.3G    0     0   138M      0  0:06:10  0:01:54  0:04:16  133M 31 50.0G   31 15.5G    0     0   138M      0  0:06:10  0:01:55  0:04:15  130M 31 50.0G   31 15.6G    0     0   138M      0  0:06:10  0:01:56  0:04:14  133M 31 50.0G   31 15.8G    0     0   138M      0  0:06:10  0:01:57  0:04:13  139M 31 50.0G   31 15.9G    0     0   138M      0  0:06:10  0:01:58  0:04:12  139M 32 50.0G   32 16.0G    0     0   138M      0  0:06:10  0:01:59  0:04:11  143M 32 50.0G   32 16.2G    0     0   138M      0  0:06:09  0:02:00  0:04:09  145M 32 50.0G   32 16.3G    0     0   138M      0  0:06:10  0:02:01  0:04:09  143M 33 50.0G   33 16.5G    0     0   138M      0  0:06:10  0:02:02  0:04:08  139M 33 50.0G   33 16.6G    0     0   138M      0  0:06:10  0:02:03  0:04:07  139M 33 50.0G   33 16.7G    0     0   138M      0  0:06:10  0:02:04  0:04:06  134M 33 50.0G   33 16.8G    0     0   138M      0  0:06:10  0:02:05  0:04:05  129M 34 50.0G   34 17.0G    0     0   137M      0  0:06:11  0:02:06  0:04:05  128M 34 50.0G   34 17.1G    0     0   137M      0  0:06:11  0:02:07  0:04:04  127M 34 50.0G   34 17.2G    0     0   137M      0  0:06:11  0:02:08  0:04:03  124M 34 50.0G   34 17.3G    0     0   137M      0  0:06:11  0:02:09  0:04:02  126M 35 50.0G   35 17.5G    0     0   137M      0  0:06:11  0:02:10  0:04:01  128M 35 50.0G   35 17.6G    0     0   137M      0  0:06:12  0:02:11  0:04:01  127M 35 50.0G   35 17.7G    0     0   137M      0  0:06:12  0:02:12  0:04:00  126M 35 50.0G   35 17.8G    0     0   137M      0  0:06:12  0:02:13  0:03:59  125M 35 50.0G   35 17.9G    0     0   137M      0  0:06:13  0:02:14  0:03:59  124M 36 50.0G   36 18.1G    0     0   137M      0  0:06:13  0:02:15  0:03:58  122M 36 50.0G   36 18.2G    0     0   136M      0  0:06:13  0:02:16  0:03:57  120M 36 50.0G   36 18.3G    0     0   136M      0  0:06:14  0:02:17  0:03:57  119M 36 50.0G   36 18.4G    0     0   136M      0  0:06:14  0:02:18  0:03:56  118M 37 50.0G   37 18.5G    0     0   136M      0  0:06:14  0:02:19  0:03:55  120M 37 50.0G   37 18.7G    0     0   136M      0  0:06:14  0:02:20  0:03:54  122M 37 50.0G   37 18.8G    0     0   136M      0  0:06:14  0:02:21  0:03:53  125M 37 50.0G   37 18.9G    0     0   136M      0  0:06:15  0:02:22  0:03:53  128M 38 50.0G   38 19.0G    0     0   136M      0  0:06:15  0:02:23  0:03:52  128M 38 50.0G   38 19.1G    0     0   136M      0  0:06:15  0:02:24  0:03:51  129M 38 50.0G   38 19.3G    0     0   136M      0  0:06:15  0:02:25  0:03:50  126M 38 50.0G   38 19.4G    0     0   136M      0  0:06:16  0:02:26  0:03:50  124M 39 50.0G   39 19.5G    0     0   136M      0  0:06:16  0:02:27  0:03:49  124M 39 50.0G   39 19.6G    0     0   136M      0  0:06:16  0:02:28  0:03:48  127M 39 50.0G   39 19.8G    0     0   135M      0  0:06:16  0:02:29  0:03:47  124M 39 50.0G   39 19.9G    0     0   135M      0  0:06:16  0:02:30  0:03:46  123M 40 50.0G   40 20.0G    0     0   135M      0  0:06:17  0:02:31  0:03:46  123M 40 50.0G   40 20.1G    0     0   135M      0  0:06:17  0:02:32  0:03:45  122M 40 50.0G   40 20.2G    0     0   135M      0  0:06:17  0:02:33  0:03:44  122M 40 50.0G   40 20.4G    0     0   135M      0  0:06:17  0:02:34  0:03:43  124M 41 50.0G   41 20.5G    0     0   135M      0  0:06:17  0:02:35  0:03:42  126M 41 50.0G   41 20.6G    0     0   135M      0  0:06:18  0:02:36  0:03:42  126M 41 50.0G   41 20.7G    0     0   135M      0  0:06:18  0:02:37  0:03:41  126M 41 50.0G   41 20.9G    0     0   135M      0  0:06:18  0:02:38  0:03:40  128M 42 50.0G   42 21.0G    0     0   135M      0  0:06:18  0:02:39  0:03:39  127M 42 50.0G   42 21.1G    0     0   135M      0  0:06:18  0:02:40  0:03:38  130M 42 50.0G   42 21.3G    0     0   135M      0  0:06:18  0:02:41  0:03:37  133M 42 50.0G   42 21.4G    0     0   135M      0  0:06:18  0:02:42  0:03:36  135M 43 50.0G   43 21.5G    0     0   135M      0  0:06:18  0:02:43  0:03:35  135M 43 50.0G   43 21.7G    0     0   135M      0  0:06:18  0:02:44  0:03:34  137M 43 50.0G   43 21.8G    0     0   135M      0  0:06:18  0:02:45  0:03:33  133M 43 50.0G   43 21.9G    0     0   135M      0  0:06:18  0:02:46  0:03:32  134M 44 50.0G   44 22.0G    0     0   135M      0  0:06:18  0:02:47  0:03:31  132M 44 50.0G   44 22.2G    0     0   135M      0  0:06:18  0:02:48  0:03:30  131M 44 50.0G   44 22.3G    0     0   135M      0  0:06:18  0:02:49  0:03:29  131M 44 50.0G   44 22.4G    0     0   135M      0  0:06:18  0:02:50  0:03:28  135M 45 50.0G   45 22.6G    0     0   135M      0  0:06:18  0:02:51  0:03:27  133M 45 50.0G   45 22.7G    0     0   135M      0  0:06:18  0:02:52  0:03:26  134M 45 50.0G   45 22.8G    0     0   135M      0  0:06:18  0:02:53  0:03:25  136M 46 50.0G   46 23.0G    0     0   135M      0  0:06:18  0:02:54  0:03:24  137M 46 50.0G   46 23.1G    0     0   135M      0  0:06:18  0:02:55  0:03:23  136M 46 50.0G   46 23.2G    0     0   135M      0  0:06:18  0:02:56  0:03:22  137M 46 50.0G   46 23.4G    0     0   135M      0  0:06:18  0:02:57  0:03:21  138M 47 50.0G   47 23.5G    0     0   135M      0  0:06:18  0:02:58  0:03:20  136M 47 50.0G   47 23.6G    0     0   135M      0  0:06:18  0:02:59  0:03:19  136M 47 50.0G   47 23.8G    0     0   135M      0  0:06:18  0:03:00  0:03:18  133M 47 50.0G   47 23.9G    0     0   135M      0  0:06:18  0:03:01  0:03:17  130M 48 50.0G   48 24.0G    0     0   135M      0  0:06:18  0:03:02  0:03:16  127M 48 50.0G   48 24.1G    0     0   135M      0  0:06:18  0:03:03  0:03:15  129M 48 50.0G   48 24.3G    0     0   135M      0  0:06:18  0:03:04  0:03:14  127M 48 50.0G   48 24.4G    0     0   135M      0  0:06:18  0:03:05  0:03:13  128M 49 50.0G   49 24.5G    0     0   135M      0  0:06:18  0:03:06  0:03:12  132M 49 50.0G   49 24.7G    0     0   135M      0  0:06:18  0:03:07  0:03:11  138M 49 50.0G   49 24.8G    0     0   135M      0  0:06:18  0:03:08  0:03:10  139M 49 50.0G   49 24.9G    0     0   135M      0  0:06:18  0:03:09  0:03:09  140M 50 50.0G   50 25.1G    0     0   135M      0  0:06:18  0:03:10  0:03:08  138M 50 50.0G   50 25.2G    0     0   135M      0  0:06:18  0:03:11  0:03:07  135M 50 50.0G   50 25.3G    0     0   135M      0  0:06:18  0:03:12  0:03:06  131M 50 50.0G   50 25.4G    0     0   135M      0  0:06:18  0:03:13  0:03:05  132M 51 50.0G   51 25.6G    0     0   135M      0  0:06:18  0:03:14  0:03:04  133M 51 50.0G   51 25.7G    0     0   135M      0  0:06:18  0:03:15  0:03:03  137M 51 50.0G   51 25.9G    0     0   135M      0  0:06:18  0:03:16  0:03:02  144M 52 50.0G   52 26.0G    0     0   135M      0  0:06:18  0:03:17  0:03:01  142M 52 50.0G   52 26.1G    0     0   135M      0  0:06:18  0:03:18  0:03:00  141M 52 50.0G   52 26.3G    0     0   135M      0  0:06:18  0:03:19  0:02:59  143M 52 50.0G   52 26.4G    0     0   135M      0  0:06:18  0:03:20  0:02:58  142M 53 50.0G   53 26.6G    0     0   135M      0  0:06:17  0:03:21  0:02:56  140M 53 50.0G   53 26.7G    0     0   135M      0  0:06:17  0:03:22  0:02:55  142M 53 50.0G   53 26.8G    0     0   135M      0  0:06:18  0:03:23  0:02:55  139M 53 50.0G   53 26.9G    0     0   135M      0  0:06:18  0:03:24  0:02:54  132M 54 50.0G   54 27.1G    0     0   135M      0  0:06:18  0:03:25  0:02:53  135M 54 50.0G   54 27.2G    0     0   135M      0  0:06:17  0:03:26  0:02:51  135M 54 50.0G   54 27.4G    0     0   135M      0  0:06:17  0:03:27  0:02:50  136M 55 50.0G   55 27.5G    0     0   135M      0  0:06:17  0:03:28  0:02:49  139M 55 50.0G   55 27.6G    0     0   135M      0  0:06:17  0:03:29  0:02:48  141M 55 50.0G   55 27.8G    0     0   135M      0  0:06:17  0:03:30  0:02:47  136M 55 50.0G   55 27.9G    0     0   135M      0  0:06:18  0:03:31  0:02:47  131M 56 50.0G   56 28.0G    0     0   135M      0  0:06:18  0:03:32  0:02:46  128M 56 50.0G   56 28.1G    0     0   135M      0  0:06:18  0:03:33  0:02:45  121M 56 50.0G   56 28.2G    0     0   135M      0  0:06:18  0:03:34  0:02:44  123M 56 50.0G   56 28.4G    0     0   135M      0  0:06:18  0:03:35  0:02:43  122M 57 50.0G   57 28.5G    0     0   135M      0  0:06:18  0:03:36  0:02:42  129M 57 50.0G   57 28.6G    0     0   135M      0  0:06:18  0:03:37  0:02:41  128M 57 50.0G   57 28.7G    0     0   135M      0  0:06:18  0:03:38  0:02:40  132M 57 50.0G   57 28.9G    0     0   135M      0  0:06:18  0:03:39  0:02:39  132M 58 50.0G   58 29.0G    0     0   135M      0  0:06:18  0:03:40  0:02:38  133M 58 50.0G   58 29.2G    0     0   135M      0  0:06:18  0:03:41  0:02:37  135M 58 50.0G   58 29.3G    0     0   135M      0  0:06:18  0:03:42  0:02:36  138M 58 50.0G   58 29.4G    0     0   135M      0  0:06:18  0:03:43  0:02:35  137M 59 50.0G   59 29.5G    0     0   135M      0  0:06:18  0:03:44  0:02:34  135M 59 50.0G   59 29.7G    0     0   135M      0  0:06:18  0:03:45  0:02:33  135M 59 50.0G   59 29.8G    0     0   135M      0  0:06:18  0:03:46  0:02:32  131M 59 50.0G   59 29.9G    0     0   135M      0  0:06:18  0:03:47  0:02:31  129M 60 50.0G   60 30.1G    0     0   135M      0  0:06:18  0:03:48  0:02:30  131M 60 50.0G   60 30.2G    0     0   135M      0  0:06:19  0:03:49  0:02:30  129M 60 50.0G   60 30.3G    0     0   135M      0  0:06:19  0:03:50  0:02:29  129M 60 50.0G   60 30.4G    0     0   135M      0  0:06:18  0:03:51  0:02:27  132M 61 50.0G   61 30.6G    0     0   135M      0  0:06:19  0:03:52  0:02:27  132M 61 50.0G   61 30.7G    0     0   135M      0  0:06:19  0:03:53  0:02:26  130M 61 50.0G   61 30.8G    0     0   134M      0  0:06:19  0:03:54  0:02:25  131M 61 50.0G   61 30.9G    0     0   134M      0  0:06:19  0:03:55  0:02:24  128M 62 50.0G   62 31.1G    0     0   134M      0  0:06:19  0:03:56  0:02:23  123M 62 50.0G   62 31.2G    0     0   134M      0  0:06:19  0:03:57  0:02:22  123M 62 50.0G   62 31.3G    0     0   134M      0  0:06:19  0:03:58  0:02:21  123M 62 50.0G   62 31.4G    0     0   134M      0  0:06:20  0:03:59  0:02:21  119M 63 50.0G   63 31.5G    0     0   134M      0  0:06:20  0:04:00  0:02:20  122M 63 50.0G   63 31.7G    0     0   134M      0  0:06:20  0:04:01  0:02:19  124M 63 50.0G   63 31.8G    0     0   134M      0  0:06:20  0:04:02  0:02:18  124M 63 50.0G   63 31.9G    0     0   134M      0  0:06:20  0:04:03  0:02:17  124M 64 50.0G   64 32.0G    0     0   134M      0  0:06:20  0:04:04  0:02:16  124M 64 50.0G   64 32.1G    0     0   134M      0  0:06:20  0:04:05  0:02:15  124M 64 50.0G   64 32.2G    0     0   134M      0  0:06:21  0:04:06  0:02:15  120M 64 50.0G   64 32.4G    0     0   134M      0  0:06:21  0:04:07  0:02:14  119M 65 50.0G   65 32.5G    0     0   134M      0  0:06:21  0:04:08  0:02:13  117M 65 50.0G   65 32.6G    0     0   134M      0  0:06:21  0:04:09  0:02:12  119M 65 50.0G   65 32.7G    0     0   134M      0  0:06:21  0:04:10  0:02:11  118M 65 50.0G   65 32.8G    0     0   134M      0  0:06:21  0:04:11  0:02:10  119M 65 50.0G   65 32.9G    0     0   133M      0  0:06:22  0:04:12  0:02:10  119M 66 50.0G   66 33.1G    0     0   133M      0  0:06:22  0:04:13  0:02:09  120M 66 50.0G   66 33.2G    0     0   133M      0  0:06:22  0:04:14  0:02:08  122M 66 50.0G   66 33.3G    0     0   133M      0  0:06:22  0:04:15  0:02:07  122M 66 50.0G   66 33.4G    0     0   133M      0  0:06:22  0:04:16  0:02:06  121M 67 50.0G   67 33.6G    0     0   133M      0  0:06:22  0:04:17  0:02:05  123M 67 50.0G   67 33.7G    0     0   133M      0  0:06:22  0:04:18  0:02:04  122M 67 50.0G   67 33.8G    0     0   133M      0  0:06:22  0:04:19  0:02:03  121M 67 50.0G   67 33.9G    0     0   133M      0  0:06:23  0:04:20  0:02:03  119M 68 50.0G   68 34.0G    0     0   133M      0  0:06:23  0:04:21  0:02:02  117M 68 50.0G   68 34.1G    0     0   133M      0  0:06:23  0:04:22  0:02:01  116M 68 50.0G   68 34.2G    0     0   133M      0  0:06:23  0:04:23  0:02:00  117M 68 50.0G   68 34.4G    0     0   133M      0  0:06:23  0:04:24  0:01:59  116M 69 50.0G   69 34.5G    0     0   133M      0  0:06:24  0:04:25  0:01:59  118M 69 50.0G   69 34.6G    0     0   133M      0  0:06:24  0:04:26  0:01:58  116M 69 50.0G   69 34.7G    0     0   133M      0  0:06:24  0:04:27  0:01:57  114M 69 50.0G   69 34.8G    0     0   133M      0  0:06:24  0:04:28  0:01:56  113M 69 50.0G   69 34.9G    0     0   132M      0  0:06:25  0:04:29  0:01:56  111M 70 50.0G   70 35.0G    0     0   132M      0  0:06:25  0:04:30  0:01:55  109M 70 50.0G   70 35.1G    0     0   132M      0  0:06:25  0:04:31  0:01:54  112M 70 50.0G   70 35.2G    0     0   132M      0  0:06:25  0:04:32  0:01:53  114M 70 50.0G   70 35.4G    0     0   132M      0  0:06:25  0:04:33  0:01:52  114M 71 50.0G   71 35.5G    0     0   132M      0  0:06:25  0:04:34  0:01:51  116M 71 50.0G   71 35.6G    0     0   132M      0  0:06:26  0:04:35  0:01:51  117M 71 50.0G   71 35.7G    0     0   132M      0  0:06:26  0:04:36  0:01:50  117M 71 50.0G   71 35.8G    0     0   132M      0  0:06:26  0:04:37  0:01:49  116M 71 50.0G   71 35.9G    0     0   132M      0  0:06:26  0:04:38  0:01:48  117M 72 50.0G   72 36.0G    0     0   132M      0  0:06:26  0:04:39  0:01:47  116M 72 50.0G   72 36.1G    0     0   132M      0  0:06:27  0:04:40  0:01:47  115M 72 50.0G   72 36.3G    0     0   132M      0  0:06:27  0:04:41  0:01:46  114M 72 50.0G   72 36.4G    0     0   132M      0  0:06:27  0:04:42  0:01:45  113M 73 50.0G   73 36.5G    0     0   132M      0  0:06:27  0:04:43  0:01:44  110M 73 50.0G   73 36.6G    0     0   132M      0  0:06:27  0:04:44  0:01:43  112M 73 50.0G   73 36.7G    0     0   131M      0  0:06:27  0:04:45  0:01:42  114M 73 50.0G   73 36.8G    0     0   131M      0  0:06:28  0:04:46  0:01:42  113M 73 50.0G   73 36.9G    0     0   131M      0  0:06:28  0:04:47  0:01:41  114M 74 50.0G   74 37.0G    0     0   131M      0  0:06:28  0:04:48  0:01:40  116M 74 50.0G   74 37.2G    0     0   131M      0  0:06:28  0:04:49  0:01:39  116M 74 50.0G   74 37.3G    0     0   131M      0  0:06:28  0:04:50  0:01:38  114M 74 50.0G   74 37.4G    0     0   131M      0  0:06:28  0:04:51  0:01:37  117M 75 50.0G   75 37.5G    0     0   131M      0  0:06:28  0:04:52  0:01:36  119M 75 50.0G   75 37.6G    0     0   131M      0  0:06:29  0:04:53  0:01:36  119M 75 50.0G   75 37.8G    0     0   131M      0  0:06:29  0:04:54  0:01:35  124M 75 50.0G   75 37.9G    0     0   131M      0  0:06:29  0:04:55  0:01:34  125M 76 50.0G   76 38.0G    0     0   131M      0  0:06:29  0:04:56  0:01:33  126M 76 50.0G   76 38.1G    0     0   131M      0  0:06:29  0:04:57  0:01:32  130M 76 50.0G   76 38.3G    0     0   131M      0  0:06:29  0:04:58  0:01:31  132M 76 50.0G   76 38.4G    0     0   131M      0  0:06:29  0:04:59  0:01:30  131M 77 50.0G   77 38.5G    0     0   131M      0  0:06:28  0:05:00  0:01:28  135M 77 50.0G   77 38.7G    0     0   131M      0  0:06:28  0:05:01  0:01:27  134M 77 50.0G   77 38.8G    0     0   131M      0  0:06:29  0:05:02  0:01:27  130M 77 50.0G   77 38.9G    0     0   131M      0  0:06:29  0:05:03  0:01:26  130M 78 50.0G   78 39.0G    0     0   131M      0  0:06:29  0:05:04  0:01:25  130M 78 50.0G   78 39.2G    0     0   131M      0  0:06:29  0:05:05  0:01:24  128M 78 50.0G   78 39.3G    0     0   131M      0  0:06:29  0:05:06  0:01:23  125M 78 50.0G   78 39.4G    0     0   131M      0  0:06:29  0:05:07  0:01:22  124M 79 50.0G   79 39.5G    0     0   131M      0  0:06:29  0:05:08  0:01:21  123M 79 50.0G   79 39.6G    0     0   131M      0  0:06:29  0:05:09  0:01:20  119M 79 50.0G   79 39.7G    0     0   131M      0  0:06:29  0:05:10  0:01:19  119M 79 50.0G   79 39.9G    0     0   131M      0  0:06:29  0:05:11  0:01:18  124M 80 50.0G   80 40.0G    0     0   131M      0  0:06:29  0:05:12  0:01:17  127M 80 50.0G   80 40.1G    0     0   131M      0  0:06:29  0:05:13  0:01:16  129M 80 50.0G   80 40.3G    0     0   131M      0  0:06:29  0:05:14  0:01:15  130M 80 50.0G   80 40.4G    0     0   131M      0  0:06:29  0:05:15  0:01:14  126M 81 50.0G   81 40.5G    0     0   131M      0  0:06:29  0:05:16  0:01:13  123M 81 50.0G   81 40.6G    0     0   131M      0  0:06:30  0:05:17  0:01:13  119M 81 50.0G   81 40.7G    0     0   131M      0  0:06:30  0:05:18  0:01:12  114M 81 50.0G   81 40.8G    0     0   131M      0  0:06:30  0:05:19  0:01:11  114M 81 50.0G   81 40.9G    0     0   131M      0  0:06:30  0:05:20  0:01:10  113M 82 50.0G   82 41.0G    0     0   130M      0  0:06:30  0:05:21  0:01:09  109M 82 50.0G   82 41.1G    0     0   130M      0  0:06:31  0:05:22  0:01:09  110M 82 50.0G   82 41.2G    0     0   130M      0  0:06:31  0:05:23  0:01:08  109M 82 50.0G   82 41.3G    0     0   130M      0  0:06:31  0:05:24  0:01:07  105M 82 50.0G   82 41.4G    0     0   130M      0  0:06:31  0:05:25  0:01:06  104M 83 50.0G   83 41.5G    0     0   130M      0  0:06:32  0:05:26  0:01:06  102M 83 50.0G   83 41.6G    0     0   130M      0  0:06:32  0:05:27  0:01:05  102M 83 50.0G   83 41.7G    0     0   130M      0  0:06:32  0:05:28  0:01:04  102M 83 50.0G   83 41.9G    0     0   130M      0  0:06:32  0:05:29  0:01:03  107M 84 50.0G   84 42.0G    0     0   130M      0  0:06:32  0:05:30  0:01:02  108M 84 50.0G   84 42.1G    0     0   130M      0  0:06:33  0:05:31  0:01:02  110M 84 50.0G   84 42.2G    0     0   130M      0  0:06:33  0:05:32  0:01:01  111M 84 50.0G   84 42.3G    0     0   130M      0  0:06:33  0:05:33  0:01:00  113M 84 50.0G   84 42.4G    0     0   130M      0  0:06:33  0:05:34  0:00:59  113M 85 50.0G   85 42.5G    0     0   130M      0  0:06:33  0:05:35  0:00:58  113M 85 50.0G   85 42.6G    0     0   129M      0  0:06:33  0:05:36  0:00:57  112M 85 50.0G   85 42.7G    0     0   129M      0  0:06:34  0:05:37  0:00:57  113M 85 50.0G   85 42.8G    0     0   129M      0  0:06:34  0:05:38  0:00:56  111M 85 50.0G   85 42.9G    0     0   129M      0  0:06:34  0:05:39  0:00:55  108M 86 50.0G   86 43.0G    0     0   129M      0  0:06:34  0:05:40  0:00:54  109M 86 50.0G   86 43.2G    0     0   129M      0  0:06:34  0:05:41  0:00:53  110M 86 50.0G   86 43.3G    0     0   129M      0  0:06:34  0:05:42  0:00:52  108M 86 50.0G   86 43.4G    0     0   129M      0  0:06:35  0:05:43  0:00:52  111M 87 50.0G   87 43.5G    0     0   129M      0  0:06:35  0:05:44  0:00:51  113M 87 50.0G   87 43.6G    0     0   129M      0  0:06:35  0:05:45  0:00:50  113M 87 50.0G   87 43.7G    0     0   129M      0  0:06:35  0:05:46  0:00:49  114M 87 50.0G   87 43.8G    0     0   129M      0  0:06:35  0:05:47  0:00:48  115M 87 50.0G   87 43.9G    0     0   129M      0  0:06:35  0:05:48  0:00:47  115M 88 50.0G   88 44.1G    0     0   129M      0  0:06:35  0:05:49  0:00:46  116M 88 50.0G   88 44.2G    0     0   129M      0  0:06:35  0:05:50  0:00:45  115M 88 50.0G   88 44.3G    0     0   129M      0  0:06:36  0:05:51  0:00:45  117M 88 50.0G   88 44.4G    0     0   129M      0  0:06:36  0:05:52  0:00:44  116M 89 50.0G   89 44.5G    0     0   129M      0  0:06:36  0:05:53  0:00:43  117M 89 50.0G   89 44.6G    0     0   129M      0  0:06:36  0:05:54  0:00:42  115M 89 50.0G   89 44.7G    0     0   129M      0  0:06:36  0:05:55  0:00:41  117M 89 50.0G   89 44.8G    0     0   129M      0  0:06:36  0:05:56  0:00:40  114M 90 50.0G   90 45.0G    0     0   129M      0  0:06:36  0:05:57  0:00:39  113M 90 50.0G   90 45.1G    0     0   128M      0  0:06:36  0:05:58  0:00:38  113M 90 50.0G   90 45.2G    0     0   128M      0  0:06:36  0:05:59  0:00:37  114M 90 50.0G   90 45.3G    0     0   128M      0  0:06:37  0:06:00  0:00:37  114M 90 50.0G   90 45.4G    0     0   128M      0  0:06:37  0:06:01  0:00:36  118M 91 50.0G   91 45.5G    0     0   128M      0  0:06:37  0:06:02  0:00:35  121M 91 50.0G   91 45.6G    0     0   128M      0  0:06:37  0:06:03  0:00:34  118M 91 50.0G   91 45.8G    0     0   128M      0  0:06:37  0:06:04  0:00:33  117M 91 50.0G   91 45.9G    0     0   128M      0  0:06:37  0:06:05  0:00:32  117M 92 50.0G   92 46.0G    0     0   128M      0  0:06:37  0:06:06  0:00:31  116M 92 50.0G   92 46.1G    0     0   128M      0  0:06:37  0:06:07  0:00:30  116M 92 50.0G   92 46.2G    0     0   128M      0  0:06:37  0:06:08  0:00:29  118M 92 50.0G   92 46.4G    0     0   128M      0  0:06:37  0:06:09  0:00:28  121M 93 50.0G   93 46.5G    0     0   128M      0  0:06:37  0:06:10  0:00:27  120M 93 50.0G   93 46.6G    0     0   128M      0  0:06:38  0:06:11  0:00:27  119M 93 50.0G   93 46.7G    0     0   128M      0  0:06:38  0:06:12  0:00:26  121M 93 50.0G   93 46.8G    0     0   128M      0  0:06:38  0:06:13  0:00:25  121M 94 50.0G   94 47.0G    0     0   128M      0  0:06:38  0:06:14  0:00:24  123M 94 50.0G   94 47.1G    0     0   128M      0  0:06:38  0:06:15  0:00:23  124M 94 50.0G   94 47.2G    0     0   128M      0  0:06:38  0:06:16  0:00:22  124M 94 50.0G   94 47.3G    0     0   128M      0  0:06:38  0:06:17  0:00:21  122M 94 50.0G   94 47.4G    0     0   128M      0  0:06:38  0:06:18  0:00:20  119M 95 50.0G   95 47.5G    0     0   128M      0  0:06:38  0:06:19  0:00:19  119M 95 50.0G   95 47.7G    0     0   128M      0  0:06:38  0:06:20  0:00:18  120M 95 50.0G   95 47.8G    0     0   128M      0  0:06:38  0:06:21  0:00:17  123M 95 50.0G   95 47.9G    0     0   128M      0  0:06:38  0:06:22  0:00:16  125M 96 50.0G   96 48.1G    0     0   128M      0  0:06:38  0:06:23  0:00:15  133M 96 50.0G   96 48.2G    0     0   128M      0  0:06:38  0:06:24  0:00:14  134M 96 50.0G   96 48.3G    0     0   128M      0  0:06:38  0:06:25  0:00:13  131M 96 50.0G   96 48.4G    0     0   128M      0  0:06:38  0:06:26  0:00:12  130M 97 50.0G   97 48.5G    0     0   128M      0  0:06:38  0:06:27  0:00:11  128M 97 50.0G   97 48.7G    0     0   128M      0  0:06:38  0:06:28  0:00:10  122M 97 50.0G   97 48.8G    0     0   128M      0  0:06:38  0:06:29  0:00:09  118M 97 50.0G   97 48.9G    0     0   128M      0  0:06:38  0:06:30  0:00:08  118M 98 50.0G   98 49.0G    0     0   128M      0  0:06:38  0:06:31  0:00:07  114M 98 50.0G   98 49.1G    0     0   128M      0  0:06:38  0:06:32  0:00:06  114M 98 50.0G   98 49.2G    0     0   128M      0  0:06:38  0:06:33  0:00:05  120M 98 50.0G   98 49.4G    0     0   128M      0  0:06:38  0:06:34  0:00:04  123M 99 50.0G   99 49.5G    0     0   128M      0  0:06:38  0:06:35  0:00:03  125M 99 50.0G   99 49.6G    0     0   128M      0  0:06:38  0:06:36  0:00:02  129M 99 50.0G   99 49.7G    0     0   128M      0  0:06:38  0:06:37  0:00:01  129M 99 50.0G   99 49.9G    0     0   128M      0  0:06:38  0:06:38 --:--:--  124M100 50.0G  100 50.0G    0     0   128M      0  0:06:38  0:06:38 --:--:--  125M
  % Total    % Received % Xferd  Average Speed   Time    Time     Time  Current
                                 Dload  Upload   Total   Spent    Left  Speed
