3: eth1: <BROADCAST,MULTICAST,UP,LOWER_UP> mtu 1500 qdisc mq state UP group default qlen 1000
    link/ether 0e:94:1b:40:8a:ca brd ff:ff:ff:ff:ff:ff
    inet 10.134.1.2/24 scope global eth1
       valid_lft forever preferred_lft forever
    inet6 fe80::27ca:4d6c:1f3f:7799/64 scope link noprefixroute 
       valid_lft forever preferred_lft forever
default via 10.20.4.1 dev eth0 proto dhcp metric 100 
10.20.4.0/23 dev eth0 proto kernel scope link src 10.20.5.26 metric 100 
10.128.0.0/10 via 10.134.1.1 dev eth1 
10.134.1.0/24 dev eth1 proto kernel scope link src 10.134.1.2 
169.254.169.254 via 10.20.4.11 dev eth0 proto dhcp metric 100 
chmod: cannot access './fabric_node_tools/*.sh': No such file or directory
Rocky Linux 8 - AppStream                       1.6 MB/s |  11 MB     00:07    
Rocky Linux 8 - BaseOS                          8.0 MB/s | 9.0 MB     00:01    
Rocky Linux 8 - Extras                           18 kB/s |  12 kB     00:00    
Dependencies resolved.
================================================================================
 Package               Architecture    Version            Repository       Size
================================================================================
Installing:
 epel-release          noarch          8-17.el8           extras           24 k

Transaction Summary
================================================================================
Install  1 Package

Total download size: 24 k
Installed size: 34 k
Downloading Packages:
epel-release-8-17.el8.noarch.rpm                107 kB/s |  24 kB     00:00    
--------------------------------------------------------------------------------
Total                                            47 kB/s |  24 kB     00:00     
Rocky Linux 8 - Extras                          1.6 MB/s | 1.6 kB     00:00    
Importing GPG key 0x6D745A60:
 Userid     : "Release Engineering <infrastructure@rockylinux.org>"
 Fingerprint: 7051 C470 A929 F454 CEBE 37B7 15AF 5DAC 6D74 5A60
 From       : /etc/pki/rpm-gpg/RPM-GPG-KEY-rockyofficial
Key imported successfully
Running transaction check
Transaction check succeeded.
Running transaction test
Transaction test succeeded.
Running transaction
  Preparing        :                                                        1/1 
  Installing       : epel-release-8-17.el8.noarch                           1/1 
  Running scriptlet: epel-release-8-17.el8.noarch                           1/1 
Many EPEL packages require the CodeReady Builder (CRB) repository.
It is recommended that you run /usr/bin/crb enable to enable the CRB repository.

  Verifying        : epel-release-8-17.el8.noarch                           1/1 

Installed:
  epel-release-8-17.el8.noarch                                                  

Complete!
Enabling CRB repo
CRB repo is enabled and named: powertools
Rocky Linux 8 - PowerTools                      427 kB/s | 2.9 MB     00:06    
Extra Packages for Enterprise Linux 8 - x86_64  1.5 MB/s |  13 MB     00:08    
Extra Packages for Enterprise Linux Modular 8 - 746 kB/s | 733 kB     00:00    
Dependencies resolved.
================================================================================
 Package         Arch   Version                                 Repo       Size
================================================================================
Installing:
 httpd           x86_64 2.4.37-47.module+el8.6.0+985+b8ff6398.2 appstream 1.4 M
 iftop           x86_64 1.0-0.21.pre4.el8                       epel       59 k
 iperf3          x86_64 3.5-6.el8                               appstream  99 k
 iproute-tc      x86_64 5.15.0-4.el8_6.1                        baseos    463 k
 net-tools       x86_64 2.0-0.52.20160912git.el8                baseos    321 k
 pciutils        x86_64 3.7.0-1.el8                             baseos    104 k
 tcpdump         x86_64 14:4.9.3-3.el8                          appstream 452 k
 vim-enhanced    x86_64 2:8.0.1763-19.el8_6.4                   appstream 1.4 M
Upgrading:
 iproute         x86_64 5.15.0-4.el8_6.1                        baseos    797 k
Installing dependencies:
 apr             x86_64 1.6.3-12.el8                            appstream 128 k
 apr-util        x86_64 1.6.1-6.el8.1                           appstream 104 k
 gpm-libs        x86_64 1.20.7-17.el8                           appstream  38 k
 httpd-filesystem
                 noarch 2.4.37-47.module+el8.6.0+985+b8ff6398.2 appstream  40 k
 httpd-tools     x86_64 2.4.37-47.module+el8.6.0+985+b8ff6398.2 appstream 107 k
 iptables-libs   x86_64 1.8.4-22.el8                            baseos    106 k
 libibverbs      x86_64 37.2-1.el8                              baseos    384 k
 libpcap         x86_64 14:1.9.1-5.el8                          baseos    168 k
 lksctp-tools    x86_64 1.0.18-3.el8                            baseos     98 k
 mailcap         noarch 2.1.48-3.el8                            baseos     38 k
 mod_http2       x86_64 1.15.7-5.module+el8.6.0+823+f143cee1    appstream 153 k
 rocky-logos-httpd
                 noarch 86.2-1.el8                              baseos     24 k
 vim-common      x86_64 2:8.0.1763-19.el8_6.4                   appstream 6.3 M
 vim-filesystem  noarch 2:8.0.1763-19.el8_6.4                   appstream  49 k
Installing weak dependencies:
 apr-util-bdb    x86_64 1.6.1-6.el8.1                           appstream  23 k
 apr-util-openssl
                 x86_64 1.6.1-6.el8.1                           appstream  26 k
Enabling module streams:
 httpd                  2.4                                                    

Transaction Summary
================================================================================
Install  24 Packages
Upgrade   1 Package

Total download size: 13 M
Downloading Packages:
(1/25): apr-util-bdb-1.6.1-6.el8.1.x86_64.rpm    79 kB/s |  23 kB     00:00    
(2/25): apr-util-1.6.1-6.el8.1.x86_64.rpm       348 kB/s | 104 kB     00:00    
(3/25): apr-util-openssl-1.6.1-6.el8.1.x86_64.r 640 kB/s |  26 kB     00:00    
(4/25): gpm-libs-1.20.7-17.el8.x86_64.rpm       956 kB/s |  38 kB     00:00    
(5/25): apr-1.6.3-12.el8.x86_64.rpm             347 kB/s | 128 kB     00:00    
(6/25): httpd-filesystem-2.4.37-47.module+el8.6 1.0 MB/s |  40 kB     00:00    
(7/25): httpd-tools-2.4.37-47.module+el8.6.0+98 2.5 MB/s | 107 kB     00:00    
(8/25): iperf3-3.5-6.el8.x86_64.rpm             1.6 MB/s |  99 kB     00:00    
(9/25): mod_http2-1.15.7-5.module+el8.6.0+823+f 3.5 MB/s | 153 kB     00:00    
(10/25): tcpdump-4.9.3-3.el8.x86_64.rpm         5.5 MB/s | 452 kB     00:00    
(11/25): httpd-2.4.37-47.module+el8.6.0+985+b8f 7.1 MB/s | 1.4 MB     00:00    
(12/25): vim-filesystem-8.0.1763-19.el8_6.4.noa 1.2 MB/s |  49 kB     00:00    
(13/25): vim-enhanced-8.0.1763-19.el8_6.4.x86_6  15 MB/s | 1.4 MB     00:00    
(14/25): vim-common-8.0.1763-19.el8_6.4.x86_64.  28 MB/s | 6.3 MB     00:00    
[MIRROR] iproute-tc-5.15.0-4.el8_6.1.x86_64.rpm: Curl error (7): Couldn't connect to server for http://mirror.siena.edu/rocky/8.6/BaseOS/x86_64/os/Packages/i/iproute-tc-5.15.0-4.el8_6.1.x86_64.rpm [Failed to connect to mirror.siena.edu port 80: No route to host]
[MIRROR] iptables-libs-1.8.4-22.el8.x86_64.rpm: Curl error (7): Couldn't connect to server for http://mirror.siena.edu/rocky/8.6/BaseOS/x86_64/os/Packages/i/iptables-libs-1.8.4-22.el8.x86_64.rpm [Failed to connect to mirror.siena.edu port 80: No route to host]
[MIRROR] libibverbs-37.2-1.el8.x86_64.rpm: Curl error (7): Couldn't connect to server for http://mirror.siena.edu/rocky/8.6/BaseOS/x86_64/os/Packages/l/libibverbs-37.2-1.el8.x86_64.rpm [Failed to connect to mirror.siena.edu port 80: No route to host]
(15/25): iptables-libs-1.8.4-22.el8.x86_64.rpm   32 kB/s | 106 kB     00:03    
(16/25): libibverbs-37.2-1.el8.x86_64.rpm       114 kB/s | 384 kB     00:03    
(17/25): libpcap-1.9.1-5.el8.x86_64.rpm         2.1 MB/s | 168 kB     00:00    
(18/25): iproute-tc-5.15.0-4.el8_6.1.x86_64.rpm 133 kB/s | 463 kB     00:03    
(19/25): lksctp-tools-1.0.18-3.el8.x86_64.rpm   2.4 MB/s |  98 kB     00:00    
(20/25): mailcap-2.1.48-3.el8.noarch.rpm        935 kB/s |  38 kB     00:00    
(21/25): net-tools-2.0-0.52.20160912git.el8.x86 7.1 MB/s | 321 kB     00:00    
(22/25): rocky-logos-httpd-86.2-1.el8.noarch.rp 627 kB/s |  24 kB     00:00    
(23/25): pciutils-3.7.0-1.el8.x86_64.rpm        1.7 MB/s | 104 kB     00:00    
(24/25): iproute-5.15.0-4.el8_6.1.x86_64.rpm    9.6 MB/s | 797 kB     00:00    
[MIRROR] iftop-1.0-0.21.pre4.el8.x86_64.rpm: Curl error (7): Couldn't connect to server for http://repo.ialab.dsu.edu/epel/8/Everything/x86_64/Packages/i/iftop-1.0-0.21.pre4.el8.x86_64.rpm [Failed to connect to repo.ialab.dsu.edu port 80: No route to host]
[MIRROR] iftop-1.0-0.21.pre4.el8.x86_64.rpm: Curl error (7): Couldn't connect to server for https://repo.ialab.dsu.edu/epel/8/Everything/x86_64/Packages/i/iftop-1.0-0.21.pre4.el8.x86_64.rpm [Failed to connect to repo.ialab.dsu.edu port 443: No route to host]
(25/25): iftop-1.0-0.21.pre4.el8.x86_64.rpm     8.9 kB/s |  59 kB     00:06    
--------------------------------------------------------------------------------
Total                                           1.1 MB/s |  13 MB     00:11     
Extra Packages for Enterprise Linux 8 - x86_64  1.6 MB/s | 1.6 kB     00:00    
Importing GPG key 0x2F86D6A1:
 Userid     : "Fedora EPEL (8) <epel@fedoraproject.org>"
 Fingerprint: 94E2 79EB 8D8F 25B2 1810 ADF1 21EA 45AB 2F86 D6A1
 From       : /etc/pki/rpm-gpg/RPM-GPG-KEY-EPEL-8
Key imported successfully
Running transaction check
Transaction check succeeded.
Running transaction test
Transaction test succeeded.
Running transaction
  Preparing        :                                                        1/1 
  Installing       : apr-1.6.3-12.el8.x86_64                               1/26 
  Running scriptlet: apr-1.6.3-12.el8.x86_64                               1/26 
  Installing       : apr-util-bdb-1.6.1-6.el8.1.x86_64                     2/26 
  Installing       : apr-util-openssl-1.6.1-6.el8.1.x86_64                 3/26 
  Installing       : apr-util-1.6.1-6.el8.1.x86_64                         4/26 
  Running scriptlet: apr-util-1.6.1-6.el8.1.x86_64                         4/26 
  Installing       : httpd-tools-2.4.37-47.module+el8.6.0+985+b8ff6398.    5/26 
  Upgrading        : iproute-5.15.0-4.el8_6.1.x86_64                       6/26 
  Installing       : rocky-logos-httpd-86.2-1.el8.noarch                   7/26 
  Installing       : mailcap-2.1.48-3.el8.noarch                           8/26 
  Installing       : lksctp-tools-1.0.18-3.el8.x86_64                      9/26 
  Running scriptlet: lksctp-tools-1.0.18-3.el8.x86_64                      9/26 
  Installing       : libibverbs-37.2-1.el8.x86_64                         10/26 
  Running scriptlet: libibverbs-37.2-1.el8.x86_64                         10/26 
  Installing       : libpcap-14:1.9.1-5.el8.x86_64                        11/26 
  Installing       : iptables-libs-1.8.4-22.el8.x86_64                    12/26 
  Installing       : vim-filesystem-2:8.0.1763-19.el8_6.4.noarch          13/26 
  Installing       : vim-common-2:8.0.1763-19.el8_6.4.x86_64              14/26 
  Running scriptlet: httpd-filesystem-2.4.37-47.module+el8.6.0+985+b8ff   15/26 
  Installing       : httpd-filesystem-2.4.37-47.module+el8.6.0+985+b8ff   15/26 
  Installing       : mod_http2-1.15.7-5.module+el8.6.0+823+f143cee1.x86   16/26 
  Installing       : httpd-2.4.37-47.module+el8.6.0+985+b8ff6398.2.x86_   17/26 
  Running scriptlet: httpd-2.4.37-47.module+el8.6.0+985+b8ff6398.2.x86_   17/26 
  Installing       : gpm-libs-1.20.7-17.el8.x86_64                        18/26 
  Running scriptlet: gpm-libs-1.20.7-17.el8.x86_64                        18/26 
  Installing       : vim-enhanced-2:8.0.1763-19.el8_6.4.x86_64            19/26 
  Installing       : iproute-tc-5.15.0-4.el8_6.1.x86_64                   20/26 
  Running scriptlet: tcpdump-14:4.9.3-3.el8.x86_64                        21/26 
  Installing       : tcpdump-14:4.9.3-3.el8.x86_64                        21/26 
  Installing       : iftop-1.0-0.21.pre4.el8.x86_64                       22/26 
  Installing       : iperf3-3.5-6.el8.x86_64                              23/26 
  Running scriptlet: iperf3-3.5-6.el8.x86_64                              23/26 
  Installing       : pciutils-3.7.0-1.el8.x86_64                          24/26 
  Installing       : net-tools-2.0-0.52.20160912git.el8.x86_64            25/26 
  Running scriptlet: net-tools-2.0-0.52.20160912git.el8.x86_64            25/26 
  Cleanup          : iproute-5.12.0-4.el8.x86_64                          26/26 
  Running scriptlet: httpd-2.4.37-47.module+el8.6.0+985+b8ff6398.2.x86_   26/26 
  Running scriptlet: iproute-5.12.0-4.el8.x86_64                          26/26 
  Running scriptlet: vim-common-2:8.0.1763-19.el8_6.4.x86_64              26/26 
  Verifying        : apr-1.6.3-12.el8.x86_64                               1/26 
  Verifying        : apr-util-1.6.1-6.el8.1.x86_64                         2/26 
  Verifying        : apr-util-bdb-1.6.1-6.el8.1.x86_64                     3/26 
  Verifying        : apr-util-openssl-1.6.1-6.el8.1.x86_64                 4/26 
  Verifying        : gpm-libs-1.20.7-17.el8.x86_64                         5/26 
  Verifying        : httpd-2.4.37-47.module+el8.6.0+985+b8ff6398.2.x86_    6/26 
  Verifying        : httpd-filesystem-2.4.37-47.module+el8.6.0+985+b8ff    7/26 
  Verifying        : httpd-tools-2.4.37-47.module+el8.6.0+985+b8ff6398.    8/26 
  Verifying        : iperf3-3.5-6.el8.x86_64                               9/26 
  Verifying        : mod_http2-1.15.7-5.module+el8.6.0+823+f143cee1.x86   10/26 
  Verifying        : tcpdump-14:4.9.3-3.el8.x86_64                        11/26 
  Verifying        : vim-common-2:8.0.1763-19.el8_6.4.x86_64              12/26 
  Verifying        : vim-enhanced-2:8.0.1763-19.el8_6.4.x86_64            13/26 
  Verifying        : vim-filesystem-2:8.0.1763-19.el8_6.4.noarch          14/26 
  Verifying        : iproute-tc-5.15.0-4.el8_6.1.x86_64                   15/26 
  Verifying        : iptables-libs-1.8.4-22.el8.x86_64                    16/26 
  Verifying        : libibverbs-37.2-1.el8.x86_64                         17/26 
  Verifying        : libpcap-14:1.9.1-5.el8.x86_64                        18/26 
  Verifying        : lksctp-tools-1.0.18-3.el8.x86_64                     19/26 
  Verifying        : mailcap-2.1.48-3.el8.noarch                          20/26 
  Verifying        : net-tools-2.0-0.52.20160912git.el8.x86_64            21/26 
  Verifying        : pciutils-3.7.0-1.el8.x86_64                          22/26 
  Verifying        : rocky-logos-httpd-86.2-1.el8.noarch                  23/26 
  Verifying        : iftop-1.0-0.21.pre4.el8.x86_64                       24/26 
  Verifying        : iproute-5.15.0-4.el8_6.1.x86_64                      25/26 
  Verifying        : iproute-5.12.0-4.el8.x86_64                          26/26 

Upgraded:
  iproute-5.15.0-4.el8_6.1.x86_64                                               
Installed:
  apr-1.6.3-12.el8.x86_64                                                       
  apr-util-1.6.1-6.el8.1.x86_64                                                 
  apr-util-bdb-1.6.1-6.el8.1.x86_64                                             
  apr-util-openssl-1.6.1-6.el8.1.x86_64                                         
  gpm-libs-1.20.7-17.el8.x86_64                                                 
  httpd-2.4.37-47.module+el8.6.0+985+b8ff6398.2.x86_64                          
  httpd-filesystem-2.4.37-47.module+el8.6.0+985+b8ff6398.2.noarch               
  httpd-tools-2.4.37-47.module+el8.6.0+985+b8ff6398.2.x86_64                    
  iftop-1.0-0.21.pre4.el8.x86_64                                                
  iperf3-3.5-6.el8.x86_64                                                       
  iproute-tc-5.15.0-4.el8_6.1.x86_64                                            
  iptables-libs-1.8.4-22.el8.x86_64                                             
  libibverbs-37.2-1.el8.x86_64                                                  
  libpcap-14:1.9.1-5.el8.x86_64                                                 
  lksctp-tools-1.0.18-3.el8.x86_64                                              
  mailcap-2.1.48-3.el8.noarch                                                   
  mod_http2-1.15.7-5.module+el8.6.0+823+f143cee1.x86_64                         
  net-tools-2.0-0.52.20160912git.el8.x86_64                                     
  pciutils-3.7.0-1.el8.x86_64                                                   
  rocky-logos-httpd-86.2-1.el8.noarch                                           
  tcpdump-14:4.9.3-3.el8.x86_64                                                 
  vim-common-2:8.0.1763-19.el8_6.4.x86_64                                       
  vim-enhanced-2:8.0.1763-19.el8_6.4.x86_64                                     
  vim-filesystem-2:8.0.1763-19.el8_6.4.noarch                                   

Complete!
sudo: ./fabric_node_tools/host_tune_redhat.sh: command not found
mke2fs 1.45.6 (20-Mar-2020)
Creating filesystem with 262144000 4k blocks and 65536000 inodes
Filesystem UUID: 4d96b21f-2db5-4c4a-8d6e-2cdb2975bf90
Superblock backups stored on blocks: 
	32768, 98304, 163840, 229376, 294912, 819200, 884736, 1605632, 2654208, 
	4096000, 7962624, 11239424, 20480000, 23887872, 71663616, 78675968, 
	102400000, 214990848

Allocating group tables:    0/8000         done                            
Writing inode tables:    0/8000         done                            
Creating journal (262144 blocks): done
Writing superblocks and filesystem accounting information:    0/8000   2/8000         done

Last metadata expiration check: 0:02:16 ago on Mon 14 Nov 2022 04:06:54 PM UTC.
Package epel-release-8-17.el8.noarch is already installed.
Dependencies resolved.
================================================================================
 Package               Architecture    Version              Repository     Size
================================================================================
Upgrading:
 epel-release          noarch          8-18.el8             epel           24 k

Transaction Summary
================================================================================
Upgrade  1 Package

Total download size: 24 k
Downloading Packages:
epel-release-8-18.el8.noarch.rpm                 60 kB/s |  24 kB     00:00    
--------------------------------------------------------------------------------
Total                                            30 kB/s |  24 kB     00:00     
Running transaction check
Transaction check succeeded.
Running transaction test
Transaction test succeeded.
Running transaction
  Preparing        :                                                        1/1 
  Running scriptlet: epel-release-8-18.el8.noarch                           1/1 
  Upgrading        : epel-release-8-18.el8.noarch                           1/2 
  Running scriptlet: epel-release-8-18.el8.noarch                           1/2 
  Cleanup          : epel-release-8-17.el8.noarch                           2/2 
  Running scriptlet: epel-release-8-17.el8.noarch                           2/2 
  Verifying        : epel-release-8-18.el8.noarch                           1/2 
  Verifying        : epel-release-8-17.el8.noarch                           2/2 

Upgraded:
  epel-release-8-18.el8.noarch                                                  

Complete!
Enabling CRB repo
CRB repo is enabled and named: powertools
Rocky Linux 8 - PowerTools                      1.3 kB/s | 4.8 kB     00:03    
Package httpd-2.4.37-47.module+el8.6.0+985+b8ff6398.2.x86_64 is already installed.
Package iproute-tc-5.15.0-4.el8_6.1.x86_64 is already installed.
Package net-tools-2.0-0.52.20160912git.el8.x86_64 is already installed.
Package pciutils-3.7.0-1.el8.x86_64 is already installed.
Package tcpdump-14:4.9.3-3.el8.x86_64 is already installed.
Package iftop-1.0-0.21.pre4.el8.x86_64 is already installed.
Package iperf3-3.5-6.el8.x86_64 is already installed.
Package vim-enhanced-2:8.0.1763-19.el8_6.4.x86_64 is already installed.
Dependencies resolved.
Nothing to do.
Complete!
dev
* Applying /usr/lib/sysctl.d/10-default-yama-scope.conf ...
kernel.yama.ptrace_scope = 0
* Applying /usr/lib/sysctl.d/50-coredump.conf ...
kernel.core_pattern = |/usr/lib/systemd/systemd-coredump %P %u %g %s %t %c %h %e
kernel.core_pipe_limit = 16
* Applying /usr/lib/sysctl.d/50-default.conf ...
kernel.sysrq = 16
kernel.core_uses_pid = 1
kernel.kptr_restrict = 1
net.ipv4.conf.all.rp_filter = 1
net.ipv4.conf.all.accept_source_route = 0
net.ipv4.conf.all.promote_secondaries = 1
net.core.default_qdisc = fq_codel
fs.protected_hardlinks = 1
fs.protected_symlinks = 1
* Applying /usr/lib/sysctl.d/50-libkcapi-optmem_max.conf ...
net.core.optmem_max = 81920
* Applying /usr/lib/sysctl.d/50-pid-max.conf ...
kernel.pid_max = 4194304
* Applying /etc/sysctl.d/99-sysctl.conf ...
net.core.rmem_max = 536870912
net.core.wmem_max = 536870912
net.ipv4.tcp_rmem = 4096 87380 536870912
net.ipv4.tcp_wmem = 4096 65536 536870912
net.ipv4.tcp_congestion_control = bbr
net.ipv4.tcp_mtu_probing = 1
net.core.default_qdisc = fq
* Applying /etc/sysctl.conf ...
net.core.rmem_max = 536870912
net.core.wmem_max = 536870912
net.ipv4.tcp_rmem = 4096 87380 536870912
net.ipv4.tcp_wmem = 4096 65536 536870912
net.ipv4.tcp_congestion_control = bbr
net.ipv4.tcp_mtu_probing = 1
net.core.default_qdisc = fq
mkdir: cannot create directory ‘/mnt/fabric_storage’: File exists
mke2fs 1.45.6 (20-Mar-2020)
/dev/vdb is mounted; will not make a filesystem here!
mount: /mnt/fabric_storage: /dev/vdb already mounted on /mnt/fabric_storage.
  % Total    % Received % Xferd  Average Speed   Time    Time     Time  Current
                                 Dload  Upload   Total   Spent    Left  Speed
  0     0    0     0    0     0      0      0 --:--:-- --:--:-- --:--:--     0  1 1024M    1 19.8M    0     0  37.9M      0  0:00:26 --:--:--  0:00:26 37.9M  9 1024M    9 99.3M    0     0  66.1M      0  0:00:15  0:00:01  0:00:14 66.1M 18 1024M   18  185M    0     0  73.9M      0  0:00:13  0:00:02  0:00:11 73.9M 26 1024M   26  272M    0     0  77.8M      0  0:00:13  0:00:03  0:00:10 77.8M 35 1024M   35  363M    0     0  80.7M      0  0:00:12  0:00:04  0:00:08 80.7M 44 1024M   44  456M    0     0  83.0M      0  0:00:12  0:00:05  0:00:07 87.7M 53 1024M   53  549M    0     0  84.4M      0  0:00:12  0:00:06  0:00:06 89.8M 62 1024M   62  643M    0     0  85.8M      0  0:00:11  0:00:07  0:00:04 91.7M 72 1024M   72  737M    0     0  86.7M      0  0:00:11  0:00:08  0:00:03 92.9M 81 1024M   81  832M    0     0  87.6M      0  0:00:11  0:00:09  0:00:02 93.7M 90 1024M   90  928M    0     0  88.3M      0  0:00:11  0:00:10  0:00:01 94.2M 99 1024M   99 1022M    0     0  88.9M      0  0:00:11  0:00:11 --:--:-- 94.7M100 1024M  100 1024M    0     0  88.9M      0  0:00:11  0:00:11 --:--:-- 94.9M
  % Total    % Received % Xferd  Average Speed   Time    Time     Time  Current
                                 Dload  Upload   Total   Spent    Left  Speed
  0     0    0     0    0     0      0      0 --:--:-- --:--:-- --:--:--     0  0 10.0G    0 65.5M    0     0  66.8M      0  0:02:33 --:--:--  0:02:33 66.7M  1 10.0G    1  159M    0     0  79.8M      0  0:02:08  0:00:01  0:02:07 79.8M  2 10.0G    2  256M    0     0  86.0M      0  0:01:59  0:00:02  0:01:57 86.0M  3 10.0G    3  360M    0     0  90.7M      0  0:01:52  0:00:03  0:01:49 90.6M  4 10.0G    4  454M    0     0  91.3M      0  0:01:52  0:00:04  0:01:48 91.3M  5 10.0G    5  534M    0     0  89.4M      0  0:01:54  0:00:05  0:01:49 93.9M  6 10.0G    6  618M    0     0  88.7M      0  0:01:55  0:00:06  0:01:49 92.2M  6 10.0G    6  707M    0     0  88.6M      0  0:01:55  0:00:07  0:01:48 90.2M  7 10.0G    7  795M    0     0  88.7M      0  0:01:55  0:00:08  0:01:47 87.1M  8 10.0G    8  888M    0     0  89.0M      0  0:01:55  0:00:09  0:01:46 86.7M  9 10.0G    9  981M    0     0  89.4M      0  0:01:54  0:00:10  0:01:44 89.5M 10 10.0G   10 1073M    0     0  89.7M      0  0:01:54  0:00:11  0:01:43 91.0M 11 10.0G   11 1167M    0     0  89.9M      0  0:01:53  0:00:12  0:01:41 92.0M 12 10.0G   12 1260M    0     0  90.2M      0  0:01:53  0:00:13  0:01:40 92.8M 13 10.0G   13 1353M    0     0  90.4M      0  0:01:53  0:00:14  0:01:39 93.1M 14 10.0G   14 1448M    0     0  90.6M      0  0:01:52  0:00:15  0:01:37 93.2M 15 10.0G   15 1541M    0     0  90.8M      0  0:01:52  0:00:16  0:01:36 93.4M 15 10.0G   15 1635M    0     0  90.9M      0  0:01:52  0:00:17  0:01:35 93.6M 16 10.0G   16 1731M    0     0  91.2M      0  0:01:52  0:00:18  0:01:34 94.1M 17 10.0G   17 1827M    0     0  91.4M      0  0:01:51  0:00:19  0:01:32 94.6M 18 10.0G   18 1925M    0     0  91.7M      0  0:01:51  0:00:20  0:01:31 95.4M 19 10.0G   19 2025M    0     0  92.1M      0  0:01:51  0:00:21  0:01:30 96.9M 20 10.0G   20 2129M    0     0  92.7M      0  0:01:50  0:00:22  0:01:28 98.8M 21 10.0G   21 2229M    0     0  92.9M      0  0:01:50  0:00:23  0:01:27 99.4M 22 10.0G   22 2286M    0     0  91.5M      0  0:01:51  0:00:24  0:01:27 91.6M 22 10.0G   22 2345M    0     0  90.3M      0  0:01:53  0:00:25  0:01:28 84.0M 23 10.0G   23 2408M    0     0  89.2M      0  0:01:54  0:00:26  0:01:28 76.4M 24 10.0G   24 2471M    0     0  88.3M      0  0:01:55  0:00:27  0:01:28 68.2M 24 10.0G   24 2535M    0     0  87.5M      0  0:01:57  0:00:28  0:01:29 61.3M 25 10.0G   25 2601M    0     0  86.7M      0  0:01:58  0:00:29  0:01:29 62.9M 26 10.0G   26 2665M    0     0  86.0M      0  0:01:59  0:00:30  0:01:29 63.8M 26 10.0G   26 2722M    0     0  85.1M      0  0:02:00  0:00:31  0:01:29 62.7M 27 10.0G   27 2773M    0     0  84.1M      0  0:02:01  0:00:32  0:01:29 60.5M 27 10.0G   27 2829M    0     0  83.2M      0  0:02:02  0:00:33  0:01:29 58.7M 28 10.0G   28 2887M    0     0  82.5M      0  0:02:04  0:00:34  0:01:30 57.3M 28 10.0G   28 2948M    0     0  81.9M      0  0:02:04  0:00:35  0:01:29 56.5M 29 10.0G   29 3011M    0     0  81.4M      0  0:02:05  0:00:36  0:01:29 57.7M 30 10.0G   30 3076M    0     0  81.0M      0  0:02:06  0:00:37  0:01:29 60.4M 30 10.0G   30 3140M    0     0  80.5M      0  0:02:07  0:00:38  0:01:29 62.1M 31 10.0G   31 3205M    0     0  80.1M      0  0:02:07  0:00:39  0:01:28 63.4M 31 10.0G   31 3270M    0     0  79.8M      0  0:02:08  0:00:40  0:01:28 64.4M 32 10.0G   32 3334M    0     0  79.4M      0  0:02:08  0:00:41  0:01:27 64.7M 33 10.0G   33 3399M    0     0  79.1M      0  0:02:09  0:00:42  0:01:27 64.6M 33 10.0G   33 3465M    0     0  78.8M      0  0:02:09  0:00:43  0:01:26 65.1M 34 10.0G   34 3531M    0     0  78.5M      0  0:02:10  0:00:44  0:01:26 65.3M 35 10.0G   35 3598M    0     0  78.2M      0  0:02:10  0:00:45  0:01:25 65.6M 35 10.0G   35 3665M    0     0  78.0M      0  0:02:11  0:00:46  0:01:25 66.2M 36 10.0G   36 3735M    0     0  77.8M      0  0:02:11  0:00:47  0:01:24 67.1M 37 10.0G   37 3807M    0     0  77.7M      0  0:02:11  0:00:48  0:01:23 68.2M 37 10.0G   37 3881M    0     0  77.6M      0  0:02:11  0:00:49  0:01:22 69.9M 38 10.0G   38 3960M    0     0  77.6M      0  0:02:11  0:00:50  0:01:21 72.2M 39 10.0G   39 4044M    0     0  77.8M      0  0:02:11  0:00:51  0:01:20 75.6M 40 10.0G   40 4133M    0     0  78.0M      0  0:02:11  0:00:52  0:01:19 79.8M 41 10.0G   41 4230M    0     0  78.3M      0  0:02:10  0:00:53  0:01:17 84.7M 42 10.0G   42 4335M    0     0  78.8M      0  0:02:09  0:00:54  0:01:15 90.8M 43 10.0G   43 4412M    0     0  78.8M      0  0:02:09  0:00:55  0:01:14 90.5M 43 10.0G   43 4473M    0     0  78.5M      0  0:02:10  0:00:56  0:01:14 85.7M 44 10.0G   44 4535M    0     0  78.2M      0  0:02:10  0:00:57  0:01:13 80.3M 44 10.0G   44 4600M    0     0  78.0M      0  0:02:11  0:00:58  0:01:13 73.9M 45 10.0G   45 4666M    0     0  77.8M      0  0:02:11  0:00:59  0:01:12 66.2M 46 10.0G   46 4732M    0     0  77.6M      0  0:02:11  0:01:00  0:01:11 64.0M 46 10.0G   46 4800M    0     0  77.4M      0  0:02:12  0:01:01  0:01:11 65.3M 47 10.0G   47 4866M    0     0  77.2M      0  0:02:12  0:01:02  0:01:10 66.2M 48 10.0G   48 4933M    0     0  77.1M      0  0:02:12  0:01:03  0:01:09 66.6M 48 10.0G   48 5001M    0     0  76.9M      0  0:02:13  0:01:04  0:01:09 66.8M 49 10.0G   49 5067M    0     0  76.8M      0  0:02:13  0:01:05  0:01:08 66.9M 49 10.0G   49 5111M    0     0  76.3M      0  0:02:14  0:01:06  0:01:08 62.2M 50 10.0G   50 5148M    0     0  75.7M      0  0:02:15  0:01:07  0:01:08 56.2M 50 10.0G   50 5186M    0     0  75.1M      0  0:02:16  0:01:08  0:01:08 50.6M 51 10.0G   51 5226M    0     0  74.6M      0  0:02:17  0:01:09  0:01:08 45.0M 51 10.0G   51 5266M    0     0  74.1M      0  0:02:18  0:01:10  0:01:08 39.7M 51 10.0G   51 5306M    0     0  73.7M      0  0:02:18  0:01:11  0:01:07 39.0M 52 10.0G   52 5347M    0     0  73.2M      0  0:02:19  0:01:12  0:01:07 39.8M 52 10.0G   52 5388M    0     0  72.8M      0  0:02:20  0:01:13  0:01:07 40.3M 53 10.0G   53 5429M    0     0  72.4M      0  0:02:21  0:01:14  0:01:07 40.6M 53 10.0G   53 5470M    0     0  72.0M      0  0:02:22  0:01:15  0:01:07 40.9M 53 10.0G   53 5512M    0     0  71.6M      0  0:02:22  0:01:16  0:01:06 41.1M 54 10.0G   54 5555M    0     0  71.2M      0  0:02:23  0:01:17  0:01:06 41.5M 54 10.0G   54 5598M    0     0  70.8M      0  0:02:24  0:01:18  0:01:06 41.9M 55 10.0G   55 5643M    0     0  70.5M      0  0:02:25  0:01:19  0:01:06 42.7M 55 10.0G   55 5689M    0     0  70.2M      0  0:02:25  0:01:20  0:01:05 43.8M 56 10.0G   56 5738M    0     0  70.0M      0  0:02:26  0:01:21  0:01:05 45.3M 56 10.0G   56 5792M    0     0  69.8M      0  0:02:26  0:01:22  0:01:04 47.4M 57 10.0G   57 5850M    0     0  69.6M      0  0:02:26  0:01:23  0:01:03 50.5M 57 10.0G   57 5914M    0     0  69.6M      0  0:02:27  0:01:24  0:01:03 54.3M 58 10.0G   58 5987M    0     0  69.6M      0  0:02:27  0:01:25  0:01:02 59.5M 59 10.0G   59 6067M    0     0  69.7M      0  0:02:26  0:01:26  0:01:00 65.7M 60 10.0G   60 6158M    0     0  70.0M      0  0:02:26  0:01:27  0:00:59 73.2M 61 10.0G   61 6260M    0     0  70.3M      0  0:02:25  0:01:28  0:00:57 81.9M 61 10.0G   61 6336M    0     0  70.4M      0  0:02:25  0:01:29  0:00:56 84.2M 62 10.0G   62 6395M    0     0  70.3M      0  0:02:25  0:01:30  0:00:55 81.6M 63 10.0G   63 6457M    0     0  70.2M      0  0:02:25  0:01:31  0:00:54 78.0M 63 10.0G   63 6522M    0     0  70.1M      0  0:02:25  0:01:32  0:00:53 72.6M 64 10.0G   64 6588M    0     0  70.1M      0  0:02:26  0:01:33  0:00:53 65.4M 64 10.0G   64 6654M    0     0  70.0M      0  0:02:26  0:01:34  0:00:52 63.6M 65 10.0G   65 6722M    0     0  70.0M      0  0:02:26  0:01:35  0:00:51 65.2M 66 10.0G   66 6788M    0     0  70.0M      0  0:02:26  0:01:36  0:00:50 66.1M 66 10.0G   66 6855M    0     0  69.9M      0  0:02:26  0:01:37  0:00:49 66.6M 67 10.0G   67 6922M    0     0  69.9M      0  0:02:26  0:01:38  0:00:48 66.8M 68 10.0G   68 6988M    0     0  69.9M      0  0:02:26  0:01:39  0:00:47 66.8M 68 10.0G   68 7056M    0     0  69.8M      0  0:02:26  0:01:40  0:00:46 66.7M 69 10.0G   69 7124M    0     0  69.8M      0  0:02:26  0:01:41  0:00:45 67.3M 70 10.0G   70 7193M    0     0  69.8M      0  0:02:26  0:01:42  0:00:44 67.7M 70 10.0G   70 7264M    0     0  69.8M      0  0:02:26  0:01:43  0:00:43 68.5M 71 10.0G   71 7337M    0     0  69.8M      0  0:02:26  0:01:44  0:00:42 69.7M 72 10.0G   72 7412M    0     0  69.9M      0  0:02:26  0:01:45  0:00:41 71.3M 73 10.0G   73 7492M    0     0  70.0M      0  0:02:26  0:01:46  0:00:40 73.4M 73 10.0G   73 7576M    0     0  70.1M      0  0:02:25  0:01:47  0:00:38 76.4M 74 10.0G   74 7665M    0     0  70.3M      0  0:02:25  0:01:48  0:00:37 80.1M 75 10.0G   75 7762M    0     0  70.5M      0  0:02:25  0:01:49  0:00:36 85.0M 76 10.0G   76 7866M    0     0  70.8M      0  0:02:24  0:01:50  0:00:34 90.8M 77 10.0G   77 7941M    0     0  70.9M      0  0:02:24  0:01:51  0:00:33 89.8M 78 10.0G   78 7999M    0     0  70.8M      0  0:02:24  0:01:52  0:00:32 84.6M 78 10.0G   78 8061M    0     0  70.7M      0  0:02:24  0:01:53  0:00:31 79.2M 79 10.0G   79 8125M    0     0  70.6M      0  0:02:24  0:01:54  0:00:30 72.6M 79 10.0G   79 8190M    0     0  70.6M      0  0:02:25  0:01:55  0:00:30 64.6M 80 10.0G   80 8255M    0     0  70.5M      0  0:02:25  0:01:56  0:00:29 62.9M 81 10.0G   81 8323M    0     0  70.5M      0  0:02:25  0:01:57  0:00:28 64.5M 81 10.0G   81 8390M    0     0  70.5M      0  0:02:25  0:01:58  0:00:27 65.6M 82 10.0G   82 8456M    0     0  70.4M      0  0:02:25  0:01:59  0:00:26 66.0M 83 10.0G   83 8523M    0     0  70.4M      0  0:02:25  0:02:00  0:00:25 66.5M 83 10.0G   83 8590M    0     0  70.4M      0  0:02:25  0:02:01  0:00:24 66.8M 84 10.0G   84 8656M    0     0  70.3M      0  0:02:25  0:02:02  0:00:23 66.7M 85 10.0G   85 8724M    0     0  70.3M      0  0:02:25  0:02:03  0:00:22 66.8M 85 10.0G   85 8793M    0     0  70.3M      0  0:02:25  0:02:04  0:00:21 67.4M 86 10.0G   86 8862M    0     0  70.3M      0  0:02:25  0:02:05  0:00:20 67.9M 87 10.0G   87 8935M    0     0  70.3M      0  0:02:25  0:02:06  0:00:19 68.9M 87 10.0G   87 9009M    0     0  70.4M      0  0:02:25  0:02:07  0:00:18 70.6M 88 10.0G   88 9088M    0     0  70.4M      0  0:02:25  0:02:08  0:00:17 72.7M 89 10.0G   89 9172M    0     0  70.5M      0  0:02:25  0:02:09  0:00:16 75.8M 90 10.0G   90 9261M    0     0  70.7M      0  0:02:24  0:02:10  0:00:14 79.7M 91 10.0G   91 9358M    0     0  70.9M      0  0:02:24  0:02:11  0:00:13 84.5M 92 10.0G   92 9462M    0     0  71.1M      0  0:02:23  0:02:12  0:00:11 90.5M 93 10.0G   93 9529M    0     0  71.1M      0  0:02:23  0:02:13  0:00:10 88.3M 93 10.0G   93 9587M    0     0  71.0M      0  0:02:24  0:02:14  0:00:10 82.9M 94 10.0G   94 9649M    0     0  70.9M      0  0:02:24  0:02:15  0:00:09 77.5M 94 10.0G   94 9711M    0     0  70.9M      0  0:02:24  0:02:16  0:00:08 70.7M 95 10.0G   95 9776M    0     0  70.8M      0  0:02:24  0:02:17  0:00:07 62.8M 96 10.0G   96 9841M    0     0  70.8M      0  0:02:24  0:02:18  0:00:06 62.3M 96 10.0G   96 9906M    0     0  70.7M      0  0:02:24  0:02:19  0:00:05 63.8M 97 10.0G   97 9973M    0     0  70.7M      0  0:02:24  0:02:20  0:00:04 64.9M 98 10.0G   98  9.8G    0     0  70.7M      0  0:02:24  0:02:21  0:00:03 65.7M 98 10.0G   98  9.8G    0     0  70.6M      0  0:02:24  0:02:22  0:00:02 66.0M 99 10.0G   99  9.9G    0     0  70.6M      0  0:02:24  0:02:23  0:00:01 66.5M100 10.0G  100 10.0G    0     0  70.6M      0  0:02:24  0:02:24 --:--:-- 66.7M
  % Total    % Received % Xferd  Average Speed   Time    Time     Time  Current
                                 Dload  Upload   Total   Spent    Left  Speed
  0     0    0     0    0     0      0      0 --:--:-- --:--:-- --:--:--     0  0 20.0G    0  438k    0     0  2190k      0  2:39:32 --:--:--  2:39:32 2179k  0 20.0G    0 86.6M    0     0  73.1M      0  0:04:39  0:00:01  0:04:38 73.1M  0 20.0G    0  186M    0     0  85.0M      0  0:04:00  0:00:02  0:03:58 85.0M  1 20.0G    1  290M    0     0  91.2M      0  0:03:44  0:00:03  0:03:41 91.2M  1 20.0G    1  372M    0     0  88.9M      0  0:03:50  0:00:04  0:03:46 88.9M  2 20.0G    2  455M    0     0  87.8M      0  0:03:53  0:00:05  0:03:48 91.3M  2 20.0G    2  543M    0     0  87.8M      0  0:03:53  0:00:06  0:03:47 91.2M  3 20.0G    3  632M    0     0  88.1M      0  0:03:52  0:00:07  0:03:45 89.5M  3 20.0G    3  724M    0     0  88.5M      0  0:03:51  0:00:08  0:03:43 86.7M  3 20.0G    3  817M    0     0  88.9M      0  0:03:50  0:00:09  0:03:41 88.9M  4 20.0G    4  909M    0     0  89.3M      0  0:03:49  0:00:10  0:03:39 90.8M  4 20.0G    4 1004M    0     0  89.7M      0  0:03:48  0:00:11  0:03:37 92.0M  5 20.0G    5 1097M    0     0  90.0M      0  0:03:47  0:00:12  0:03:35 92.9M  5 20.0G    5 1191M    0     0  90.2M      0  0:03:46  0:00:13  0:03:33 93.0M  6 20.0G    6 1259M    0     0  88.8M      0  0:03:50  0:00:14  0:03:36 88.6M  6 20.0G    6 1334M    0     0  87.9M      0  0:03:52  0:00:15  0:03:37 85.1M  6 20.0G    6 1415M    0     0  87.4M      0  0:03:54  0:00:16  0:03:38 82.2M  7 20.0G    7 1497M    0     0  87.1M      0  0:03:54  0:00:17  0:03:37 80.0M  7 20.0G    7 1583M    0     0  86.9M      0  0:03:55  0:00:18  0:03:37 78.2M  7 20.0G    7 1634M    0     0  85.2M      0  0:04:00  0:00:19  0:03:41 74.8M  8 20.0G    8 1681M    0     0  83.2M      0  0:04:05  0:00:20  0:03:45 69.2M  8 20.0G    8 1729M    0     0  81.6M      0  0:04:10  0:00:21  0:03:49 63.0M  8 20.0G    8 1780M    0     0  80.2M      0  0:04:15  0:00:22  0:03:53 56.5M  8 20.0G    8 1832M    0     0  79.0M      0  0:04:19  0:00:23  0:03:56 50.0M  9 20.0G    9 1883M    0     0  77.9M      0  0:04:22  0:00:24  0:03:58 49.8M  9 20.0G    9 1935M    0     0  76.8M      0  0:04:26  0:00:25  0:04:01 50.8M  9 20.0G    9 1987M    0     0  75.9M      0  0:04:29  0:00:26  0:04:03 51.4M  9 20.0G    9 2038M    0     0  75.0M      0  0:04:33  0:00:27  0:04:06 51.7M 10 20.0G   10 2091M    0     0  74.1M      0  0:04:36  0:00:28  0:04:08 51.7M 10 20.0G   10 2142M    0     0  73.4M      0  0:04:38  0:00:29  0:04:09 51.7M 10 20.0G   10 2196M    0     0  72.7M      0  0:04:41  0:00:30  0:04:11 52.0M 10 20.0G   10 2250M    0     0  72.1M      0  0:04:43  0:00:31  0:04:12 52.5M 11 20.0G   11 2305M    0     0  71.6M      0  0:04:45  0:00:32  0:04:13 53.2M 11 20.0G   11 2362M    0     0  71.1M      0  0:04:47  0:00:33  0:04:14 54.2M 11 20.0G   11 2421M    0     0  70.8M      0  0:04:49  0:00:34  0:04:15 55.9M 12 20.0G   12 2485M    0     0  70.6M      0  0:04:49  0:00:35  0:04:14 57.8M 12 20.0G   12 2553M    0     0  70.5M      0  0:04:50  0:00:36  0:04:14 60.7M 12 20.0G   12 2626M    0     0  70.6M      0  0:04:49  0:00:37  0:04:12 64.4M 13 20.0G   13 2706M    0     0  70.9M      0  0:04:48  0:00:38  0:04:10 68.9M 13 20.0G   13 2795M    0     0  71.3M      0  0:04:46  0:00:39  0:04:07 74.7M 14 20.0G   14 2893M    0     0  72.0M      0  0:04:44  0:00:40  0:04:04 81.6M 14 20.0G   14 2962M    0     0  71.9M      0  0:04:44  0:00:41  0:04:03 81.7M 14 20.0G   14 3019M    0     0  71.5M      0  0:04:46  0:00:42  0:04:04 78.3M 15 20.0G   15 3077M    0     0  71.2M      0  0:04:47  0:00:43  0:04:04 74.1M 15 20.0G   15 3138M    0     0  71.0M      0  0:04:48  0:00:44  0:04:04 68.4M 15 20.0G   15 3200M    0     0  70.8M      0  0:04:49  0:00:45  0:04:04 61.4M 15 20.0G   15 3263M    0     0  70.6M      0  0:04:49  0:00:46  0:04:03 60.1M 16 20.0G   16 3327M    0     0  70.5M      0  0:04:50  0:00:47  0:04:03 61.6M 16 20.0G   16 3392M    0     0  70.4M      0  0:04:50  0:00:48  0:04:02 62.9M 16 20.0G   16 3456M    0     0  70.2M      0  0:04:51  0:00:49  0:04:02 63.6M 17 20.0G   17 3521M    0     0  70.1M      0  0:04:51  0:00:50  0:04:01 64.0M 17 20.0G   17 3586M    0     0  70.0M      0  0:04:52  0:00:51  0:04:01 64.6M 17 20.0G   17 3650M    0     0  69.9M      0  0:04:52  0:00:52  0:04:00 64.6M 18 20.0G   18 3715M    0     0  69.8M      0  0:04:53  0:00:53  0:04:00 64.6M 18 20.0G   18 3767M    0     0  69.5M      0  0:04:54  0:00:54  0:04:00 62.0M 18 20.0G   18 3819M    0     0  69.2M      0  0:04:55  0:00:55  0:04:00 59.5M 18 20.0G   18 3874M    0     0  68.9M      0  0:04:56  0:00:56  0:04:00 57.6M 19 20.0G   19 3933M    0     0  68.7M      0  0:04:57  0:00:57  0:04:00 56.5M 19 20.0G   19 3993M    0     0  68.6M      0  0:04:58  0:00:58  0:04:00 55.6M 19 20.0G   19 4056M    0     0  68.5M      0  0:04:58  0:00:59  0:03:59 57.9M 20 20.0G   20 4121M    0     0  68.4M      0  0:04:59  0:01:00  0:03:59 60.4M 20 20.0G   20 4185M    0     0  68.4M      0  0:04:59  0:01:01  0:03:58 62.2M 20 20.0G   20 4251M    0     0  68.3M      0  0:04:59  0:01:02  0:03:57 63.4M 21 20.0G   21 4315M    0     0  68.3M      0  0:04:59  0:01:03  0:03:56 64.3M 21 20.0G   21 4380M    0     0  68.2M      0  0:05:00  0:01:04  0:03:56 64.5M 21 20.0G   21 4445M    0     0  68.2M      0  0:05:00  0:01:05  0:03:55 64.7M 22 20.0G   22 4509M    0     0  68.1M      0  0:05:00  0:01:06  0:03:54 64.7M 22 20.0G   22 4576M    0     0  68.1M      0  0:05:00  0:01:07  0:03:53 65.0M 22 20.0G   22 4644M    0     0  68.1M      0  0:05:00  0:01:08  0:03:52 65.6M 23 20.0G   23 4710M    0     0  68.0M      0  0:05:00  0:01:09  0:03:51 66.2M 23 20.0G   23 4780M    0     0  68.1M      0  0:05:00  0:01:10  0:03:50 67.0M 23 20.0G   23 4852M    0     0  68.1M      0  0:05:00  0:01:11  0:03:49 68.6M 24 20.0G   24 4926M    0     0  68.2M      0  0:05:00  0:01:12  0:03:48 70.0M 24 20.0G   24 5006M    0     0  68.3M      0  0:04:59  0:01:13  0:03:46 72.2M 24 20.0G   24 5089M    0     0  68.6M      0  0:04:58  0:01:14  0:03:44 75.8M 25 20.0G   25 5180M    0     0  68.9M      0  0:04:57  0:01:15  0:03:42 79.9M 25 20.0G   25 5278M    0     0  69.2M      0  0:04:55  0:01:16  0:03:39 85.0M 26 20.0G   26 5383M    0     0  69.7M      0  0:04:53  0:01:17  0:03:36 91.3M 26 20.0G   26 5457M    0     0  69.7M      0  0:04:53  0:01:18  0:03:35 90.1M 26 20.0G   26 5516M    0     0  69.6M      0  0:04:53  0:01:19  0:03:34 85.3M 27 20.0G   27 5580M    0     0  69.5M      0  0:04:54  0:01:20  0:03:34 80.0M 27 20.0G   27 5645M    0     0  69.5M      0  0:04:54  0:01:21  0:03:33 73.4M 27 20.0G   27 5711M    0     0  69.4M      0  0:04:54  0:01:22  0:03:32 65.6M 28 20.0G   28 5779M    0     0  69.4M      0  0:04:54  0:01:23  0:03:31 64.4M 28 20.0G   28 5845M    0     0  69.4M      0  0:04:54  0:01:24  0:03:30 65.6M 28 20.0G   28 5912M    0     0  69.4M      0  0:04:55  0:01:25  0:03:30 66.3M 29 20.0G   29 5979M    0     0  69.3M      0  0:04:55  0:01:26  0:03:29 66.8M 29 20.0G   29 6046M    0     0  69.3M      0  0:04:55  0:01:27  0:03:28 66.9M 29 20.0G   29 6113M    0     0  69.3M      0  0:04:55  0:01:28  0:03:27 66.8M 30 20.0G   30 6182M    0     0  69.3M      0  0:04:55  0:01:29  0:03:26 67.4M 30 20.0G   30 6250M    0     0  69.3M      0  0:04:55  0:01:30  0:03:25 67.7M 30 20.0G   30 6319M    0     0  69.3M      0  0:04:55  0:01:31  0:03:24 67.9M 31 20.0G   31 6390M    0     0  69.3M      0  0:04:55  0:01:32  0:03:23 68.9M 31 20.0G   31 6463M    0     0  69.3M      0  0:04:55  0:01:33  0:03:22 70.1M 31 20.0G   31 6539M    0     0  69.4M      0  0:04:54  0:01:34  0:03:20 71.3M 32 20.0G   32 6608M    0     0  69.4M      0  0:04:54  0:01:35  0:03:19 71.5M 32 20.0G   32 6667M    0     0  69.3M      0  0:04:55  0:01:36  0:03:19 69.5M 32 20.0G   32 6699M    0     0  68.9M      0  0:04:57  0:01:37  0:03:20 61.5M 32 20.0G   32 6733M    0     0  68.5M      0  0:04:58  0:01:38  0:03:20 53.8M 33 20.0G   33 6768M    0     0  68.2M      0  0:05:00  0:01:39  0:03:21 45.8M 33 20.0G   33 6804M    0     0  67.9M      0  0:05:01  0:01:40  0:03:21 39.2M 33 20.0G   33 6841M    0     0  67.6M      0  0:05:02  0:01:41  0:03:21 34.8M 33 20.0G   33 6878M    0     0  67.3M      0  0:05:04  0:01:42  0:03:22 35.8M 33 20.0G   33 6915M    0     0  67.0M      0  0:05:05  0:01:43  0:03:22 36.4M 33 20.0G   33 6952M    0     0  66.7M      0  0:05:06  0:01:44  0:03:22 36.7M 34 20.0G   34 6989M    0     0  66.4M      0  0:05:08  0:01:45  0:03:23 36.9M 34 20.0G   34 7028M    0     0  66.1M      0  0:05:09  0:01:46  0:03:23 37.3M 34 20.0G   34 7067M    0     0  65.9M      0  0:05:10  0:01:47  0:03:23 37.8M 34 20.0G   34 7107M    0     0  65.7M      0  0:05:11  0:01:48  0:03:23 38.5M 34 20.0G   34 7149M    0     0  65.4M      0  0:05:12  0:01:49  0:03:23 39.3M 35 20.0G   35 7191M    0     0  65.2M      0  0:05:13  0:01:50  0:03:23 40.3M 35 20.0G   35 7235M    0     0  65.0M      0  0:05:14  0:01:51  0:03:23 41.5M 35 20.0G   35 7284M    0     0  64.9M      0  0:05:15  0:01:52  0:03:23 43.3M 35 20.0G   35 7337M    0     0  64.8M      0  0:05:15  0:01:53  0:03:22 45.8M 36 20.0G   36 7396M    0     0  64.7M      0  0:05:16  0:01:54  0:03:22 49.4M 36 20.0G   36 7461M    0     0  64.7M      0  0:05:16  0:01:55  0:03:21 54.1M 36 20.0G   36 7535M    0     0  64.8M      0  0:05:15  0:01:56  0:03:19 59.8M 37 20.0G   37 7619M    0     0  65.0M      0  0:05:14  0:01:57  0:03:17 67.0M 37 20.0G   37 7714M    0     0  65.2M      0  0:05:13  0:01:58  0:03:15 75.5M 38 20.0G   38 7816M    0     0  65.5M      0  0:05:12  0:01:59  0:03:13 84.0M 38 20.0G   38 7903M    0     0  65.7M      0  0:05:11  0:02:00  0:03:11 88.1M 39 20.0G   39 7994M    0     0  65.9M      0  0:05:10  0:02:01  0:03:09 91.8M 39 20.0G   39 8091M    0     0  66.2M      0  0:05:09  0:02:02  0:03:07 94.1M 40 20.0G   40 8192M    0     0  66.5M      0  0:05:07  0:02:03  0:03:04 95.5M 40 20.0G   40 8253M    0     0  66.4M      0  0:05:08  0:02:04  0:03:04 87.3M 40 20.0G   40 8292M    0     0  66.2M      0  0:05:09  0:02:05  0:03:04 77.9M 40 20.0G   40 8334M    0     0  66.0M      0  0:05:10  0:02:06  0:03:04 67.7M 40 20.0G   40 8375M    0     0  65.8M      0  0:05:10  0:02:07  0:03:03 56.9M 41 20.0G   41 8418M    0     0  65.6M      0  0:05:11  0:02:08  0:03:03 45.1M 41 20.0G   41 8462M    0     0  65.5M      0  0:05:12  0:02:09  0:03:03 41.7M 41 20.0G   41 8505M    0     0  65.3M      0  0:05:13  0:02:10  0:03:03 42.5M 41 20.0G   41 8548M    0     0  65.1M      0  0:05:14  0:02:11  0:03:03 42.9M 41 20.0G   41 8591M    0     0  65.0M      0  0:05:15  0:02:12  0:03:03 43.2M 42 20.0G   42 8634M    0     0  64.8M      0  0:05:15  0:02:13  0:03:02 43.1M 42 20.0G   42 8679M    0     0  64.6M      0  0:05:16  0:02:14  0:03:02 43.4M 42 20.0G   42 8725M    0     0  64.5M      0  0:05:17  0:02:15  0:03:02 44.0M 42 20.0G   42 8770M    0     0  64.4M      0  0:05:17  0:02:16  0:03:01 44.4M 43 20.0G   43 8818M    0     0  64.2M      0  0:05:18  0:02:17  0:03:01 45.2M 43 20.0G   43 8866M    0     0  64.1M      0  0:05:19  0:02:18  0:03:01 46.4M 43 20.0G   43 8917M    0     0  64.0M      0  0:05:19  0:02:19  0:03:00 47.6M 43 20.0G   43 8972M    0     0  64.0M      0  0:05:19  0:02:20  0:02:59 49.4M 44 20.0G   44 9032M    0     0  63.9M      0  0:05:20  0:02:21  0:02:59 52.3M 44 20.0G   44 9097M    0     0  63.9M      0  0:05:20  0:02:22  0:02:58 55.9M 44 20.0G   44 9167M    0     0  64.0M      0  0:05:19  0:02:23  0:02:56 60.1M 45 20.0G   45 9248M    0     0  64.1M      0  0:05:19  0:02:24  0:02:55 66.1M 45 20.0G   45 9338M    0     0  64.3M      0  0:05:18  0:02:25  0:02:53 73.1M 46 20.0G   46 9439M    0     0  64.5M      0  0:05:17  0:02:26  0:02:51 81.1M 46 20.0G   46 9487M    0     0  64.4M      0  0:05:17  0:02:27  0:02:50 77.8M 46 20.0G   46 9528M    0     0  64.3M      0  0:05:18  0:02:28  0:02:50 72.2M 46 20.0G   46 9571M    0     0  64.1M      0  0:05:19  0:02:29  0:02:50 64.4M 46 20.0G   46 9613M    0     0  64.0M      0  0:05:19  0:02:30  0:02:49 55.0M 47 20.0G   47 9658M    0     0  63.8M      0  0:05:20  0:02:31  0:02:49 43.9M 47 20.0G   47 9704M    0     0  63.7M      0  0:05:21  0:02:32  0:02:49 43.3M 47 20.0G   47 9749M    0     0  63.6M      0  0:05:21  0:02:33  0:02:48 44.1M 47 20.0G   47 9794M    0     0  63.5M      0  0:05:22  0:02:34  0:02:48 44.7M 48 20.0G   48 9839M    0     0  63.4M      0  0:05:22  0:02:35  0:02:47 45.1M 48 20.0G   48 9884M    0     0  63.2M      0  0:05:23  0:02:36  0:02:47 45.2M 48 20.0G   48 9931M    0     0  63.1M      0  0:05:24  0:02:37  0:02:47 45.2M 48 20.0G   48 9977M    0     0  63.0M      0  0:05:24  0:02:38  0:02:46 45.7M 48 20.0G   48  9.7G    0     0  62.9M      0  0:05:25  0:02:39  0:02:46 46.3M 49 20.0G   49  9.8G    0     0  62.8M      0  0:05:25  0:02:40  0:02:45 47.0M 49 20.0G   49  9.8G    0     0  62.8M      0  0:05:26  0:02:41  0:02:45 48.0M 49 20.0G   49  9.9G    0     0  62.7M      0  0:05:26  0:02:42  0:02:44 49.7M 49 20.0G   49  9.9G    0     0  62.7M      0  0:05:26  0:02:43  0:02:43 51.6M 50 20.0G   50 10.0G    0     0  62.7M      0  0:05:26  0:02:44  0:02:42 54.3M 50 20.0G   50 10.1G    0     0  62.7M      0  0:05:26  0:02:45  0:02:41 58.2M 50 20.0G   50 10.1G    0     0  62.8M      0  0:05:25  0:02:46  0:02:39 63.1M 51 20.0G   51 10.2G    0     0  62.9M      0  0:05:25  0:02:47  0:02:38 69.2M 51 20.0G   51 10.3G    0     0  63.1M      0  0:05:24  0:02:48  0:02:36 76.7M 52 20.0G   52 10.4G    0     0  63.3M      0  0:05:23  0:02:49  0:02:34 85.0M 52 20.0G   52 10.5G    0     0  63.5M      0  0:05:22  0:02:50  0:02:32 89.5M 53 20.0G   53 10.6G    0     0  63.6M      0  0:05:21  0:02:51  0:02:30 92.5M 53 20.0G   53 10.7G    0     0  63.8M      0  0:05:20  0:02:52  0:02:28 95.0M 54 20.0G   54 10.8G    0     0  64.1M      0  0:05:19  0:02:53  0:02:26 96.2M 54 20.0G   54 10.9G    0     0  64.3M      0  0:05:18  0:02:54  0:02:24 96.5M 55 20.0G   55 11.0G    0     0  64.5M      0  0:05:17  0:02:55  0:02:22 99.9M 55 20.0G   55 11.1G    0     0  64.5M      0  0:05:17  0:02:56  0:02:21 94.1M 55 20.0G   55 11.1G    0     0  64.5M      0  0:05:17  0:02:57  0:02:20 86.7M 56 20.0G   56 11.2G    0     0  64.5M      0  0:05:17  0:02:58  0:02:19 79.0M 56 20.0G   56 11.2G    0     0  64.5M      0  0:05:17  0:02:59  0:02:18 70.6M 56 20.0G   56 11.3G    0     0  64.5M      0  0:05:17  0:03:00  0:02:17 61.9M 57 20.0G   57 11.4G    0     0  64.5M      0  0:05:17  0:03:01  0:02:16 62.6M 57 20.0G   57 11.4G    0     0  64.5M      0  0:05:17  0:03:02  0:02:15 63.9M 57 20.0G   57 11.5G    0     0  64.5M      0  0:05:17  0:03:03  0:02:14 64.3M 58 20.0G   58 11.6G    0     0  64.5M      0  0:05:17  0:03:04  0:02:13 64.6M 58 20.0G   58 11.6G    0     0  64.5M      0  0:05:17  0:03:05  0:02:12 64.8M 58 20.0G   58 11.7G    0     0  64.5M      0  0:05:17  0:03:06  0:02:11 64.7M 58 20.0G   58 11.7G    0     0  64.5M      0  0:05:17  0:03:07  0:02:10 65.1M 59 20.0G   59 11.8G    0     0  64.5M      0  0:05:17  0:03:08  0:02:09 65.5M 59 20.0G   59 11.9G    0     0  64.5M      0  0:05:17  0:03:09  0:02:08 65.8M 59 20.0G   59 11.9G    0     0  64.5M      0  0:05:17  0:03:10  0:02:07 66.8M 60 20.0G   60 12.0G    0     0  64.6M      0  0:05:16  0:03:11  0:02:05 68.2M 60 20.0G   60 12.1G    0     0  64.6M      0  0:05:16  0:03:12  0:02:04 69.7M 61 20.0G   61 12.2G    0     0  64.7M      0  0:05:16  0:03:13  0:02:03 72.0M 61 20.0G   61 12.2G    0     0  64.8M      0  0:05:15  0:03:14  0:02:01 75.5M 61 20.0G   61 12.3G    0     0  64.9M      0  0:05:15  0:03:15  0:02:00 79.5M 62 20.0G   62 12.4G    0     0  65.1M      0  0:05:14  0:03:16  0:01:58 84.4M 62 20.0G   62 12.5G    0     0  65.3M      0  0:05:13  0:03:17  0:01:56 90.4M 63 20.0G   63 12.6G    0     0  65.2M      0  0:05:13  0:03:18  0:01:55 84.3M 63 20.0G   63 12.6G    0     0  65.1M      0  0:05:14  0:03:19  0:01:55 76.1M 63 20.0G   63 12.7G    0     0  65.0M      0  0:05:15  0:03:20  0:01:55 66.9M 63 20.0G   63 12.7G    0     0  64.9M      0  0:05:15  0:03:21  0:01:54 56.5M 63 20.0G   63 12.7G    0     0  64.8M      0  0:05:15  0:03:22  0:01:53 44.7M 64 20.0G   64 12.8G    0     0  64.7M      0  0:05:16  0:03:23  0:01:53 44.1M 64 20.0G   64 12.8G    0     0  64.6M      0  0:05:16  0:03:24  0:01:52 44.9M 64 20.0G   64 12.9G    0     0  64.5M      0  0:05:17  0:03:25  0:01:52 45.2M 64 20.0G   64 12.9G    0     0  64.4M      0  0:05:17  0:03:26  0:01:51 45.4M 65 20.0G   65 13.0G    0     0  64.3M      0  0:05:18  0:03:27  0:01:51 45.5M 65 20.0G   65 13.0G    0     0  64.2M      0  0:05:18  0:03:28  0:01:50 45.8M 65 20.0G   65 13.1G    0     0  64.1M      0  0:05:19  0:03:29  0:01:50 46.2M 65 20.0G   65 13.1G    0     0  64.1M      0  0:05:19  0:03:30  0:01:49 46.7M 66 20.0G   66 13.2G    0     0  64.0M      0  0:05:19  0:03:31  0:01:48 47.6M 66 20.0G   66 13.2G    0     0  63.9M      0  0:05:20  0:03:32  0:01:48 48.7M 66 20.0G   66 13.3G    0     0  63.9M      0  0:05:20  0:03:33  0:01:47 50.3M 66 20.0G   66 13.3G    0     0  63.9M      0  0:05:20  0:03:34  0:01:46 52.4M 67 20.0G   67 13.4G    0     0  63.9M      0  0:05:20  0:03:35  0:01:45 55.4M 67 20.0G   67 13.4G    0     0  63.9M      0  0:05:20  0:03:36  0:01:44 59.3M 67 20.0G   67 13.5G    0     0  63.9M      0  0:05:20  0:03:37  0:01:43 64.2M 68 20.0G   68 13.6G    0     0  64.0M      0  0:05:19  0:03:38  0:01:41 70.1M 68 20.0G   68 13.7G    0     0  64.2M      0  0:05:18  0:03:39  0:01:39 77.5M 69 20.0G   69 13.8G    0     0  64.4M      0  0:05:17  0:03:40  0:01:37 86.0M 69 20.0G   69 13.9G    0     0  64.4M      0  0:05:17  0:03:41  0:01:36 88.2M 69 20.0G   69 13.9G    0     0  64.4M      0  0:05:17  0:03:42  0:01:35 84.9M 70 20.0G   70 14.0G    0     0  64.4M      0  0:05:17  0:03:43  0:01:34 81.2M 70 20.0G   70 14.1G    0     0  64.4M      0  0:05:17  0:03:44  0:01:33 75.5M 70 20.0G   70 14.1G    0     0  64.4M      0  0:05:17  0:03:45  0:01:32 68.0M 71 20.0G   71 14.2G    0     0  64.5M      0  0:05:17  0:03:46  0:01:31 65.7M 71 20.0G   71 14.3G    0     0  64.5M      0  0:05:17  0:03:47  0:01:30 67.7M 71 20.0G   71 14.3G    0     0  64.5M      0  0:05:17  0:03:48  0:01:29 68.3M 72 20.0G   72 14.4G    0     0  64.5M      0  0:05:17  0:03:49  0:01:28 68.7M 72 20.0G   72 14.5G    0     0  64.5M      0  0:05:17  0:03:50  0:01:27 69.1M 72 20.0G   72 14.5G    0     0  64.6M      0  0:05:16  0:03:51  0:01:25 68.9M 73 20.0G   73 14.6G    0     0  64.6M      0  0:05:16  0:03:52  0:01:24 69.0M 73 20.0G   73 14.7G    0     0  64.6M      0  0:05:16  0:03:53  0:01:23 69.5M 73 20.0G   73 14.7G    0     0  64.6M      0  0:05:16  0:03:54  0:01:22 70.0M 74 20.0G   74 14.8G    0     0  64.7M      0  0:05:16  0:03:55  0:01:21 70.6M 74 20.0G   74 14.9G    0     0  64.7M      0  0:05:16  0:03:56  0:01:20 71.8M 75 20.0G   75 15.0G    0     0  64.8M      0  0:05:15  0:03:57  0:01:18 73.4M 75 20.0G   75 15.0G    0     0  64.8M      0  0:05:15  0:03:58  0:01:17 75.2M 75 20.0G   75 15.1G    0     0  64.9M      0  0:05:15  0:03:59  0:01:16 78.0M 76 20.0G   76 15.2G    0     0  65.0M      0  0:05:14  0:04:00  0:01:14 81.7M 76 20.0G   76 15.3G    0     0  65.2M      0  0:05:14  0:04:01  0:01:13 86.3M 77 20.0G   77 15.4G    0     0  65.3M      0  0:05:13  0:04:02  0:01:11 91.7M 77 20.0G   77 15.5G    0     0  65.4M      0  0:05:12  0:04:03  0:01:09 91.6M 77 20.0G   77 15.5G    0     0  65.3M      0  0:05:13  0:04:04  0:01:09 82.9M 78 20.0G   78 15.6G    0     0  65.2M      0  0:05:13  0:04:05  0:01:08 73.7M 78 20.0G   78 15.6G    0     0  65.1M      0  0:05:14  0:04:06  0:01:08 63.5M 78 20.0G   78 15.7G    0     0  65.1M      0  0:05:14  0:04:07  0:01:07 52.2M 78 20.0G   78 15.7G    0     0  65.0M      0  0:05:14  0:04:08  0:01:06 45.5M 79 20.0G   79 15.8G    0     0  64.9M      0  0:05:15  0:04:09  0:01:06 46.6M 79 20.0G   79 15.8G    0     0  64.8M      0  0:05:15  0:04:10  0:01:05 47.2M 79 20.0G   79 15.9G    0     0  64.8M      0  0:05:15  0:04:11  0:01:04 47.4M 79 20.0G   79 15.9G    0     0  64.7M      0  0:05:16  0:04:12  0:01:04 45.4M 79 20.0G   79 15.9G    0     0  64.6M      0  0:05:16  0:04:13  0:01:03 45.8M 80 20.0G   80 16.0G    0     0  64.5M      0  0:05:17  0:04:14  0:01:03 45.9M 80 20.0G   80 16.0G    0     0  64.5M      0  0:05:17  0:04:15  0:01:02 46.1M 80 20.0G   80 16.1G    0     0  64.4M      0  0:05:17  0:04:16  0:01:01 46.7M 80 20.0G   80 16.1G    0     0  64.4M      0  0:05:17  0:04:17  0:01:00 49.4M 81 20.0G   81 16.2G    0     0  64.3M      0  0:05:18  0:04:18  0:01:00 50.5M 81 20.0G   81 16.2G    0     0  64.3M      0  0:05:18  0:04:19  0:00:59 52.3M 81 20.0G   81 16.3G    0     0  64.3M      0  0:05:18  0:04:20  0:00:58 54.6M 82 20.0G   82 16.4G    0     0  64.3M      0  0:05:18  0:04:21  0:00:57 57.8M 82 20.0G   82 16.4G    0     0  64.3M      0  0:05:18  0:04:22  0:00:56 62.2M 82 20.0G   82 16.5G    0     0  64.4M      0  0:05:17  0:04:23  0:00:54 67.2M 83 20.0G   83 16.6G    0     0  64.5M      0  0:05:17  0:04:24  0:00:53 73.5M 83 20.0G   83 16.7G    0     0  64.6M      0  0:05:16  0:04:25  0:00:51 81.2M 84 20.0G   84 16.8G    0     0  64.7M      0  0:05:16  0:04:26  0:00:50 84.3M 84 20.0G   84 16.8G    0     0  64.6M      0  0:05:16  0:04:27  0:00:49 81.2M 84 20.0G   84 16.9G    0     0  64.6M      0  0:05:16  0:04:28  0:00:48 77.8M 85 20.0G   85 17.0G    0     0  64.6M      0  0:05:16  0:04:29  0:00:47 72.5M 85 20.0G   85 17.0G    0     0  64.6M      0  0:05:16  0:04:30  0:00:46 65.7M 85 20.0G   85 17.1G    0     0  64.6M      0  0:05:16  0:04:31  0:00:45 62.3M 85 20.0G   85 17.1G    0     0  64.6M      0  0:05:16  0:04:32  0:00:44 63.9M 86 20.0G   86 17.2G    0     0  64.6M      0  0:05:16  0:04:33  0:00:43 65.0M 86 20.0G   86 17.3G    0     0  64.6M      0  0:05:16  0:04:34  0:00:42 65.8M 86 20.0G   86 17.3G    0     0  64.7M      0  0:05:16  0:04:35  0:00:41 66.2M 87 20.0G   87 17.4G    0     0  64.7M      0  0:05:16  0:04:36  0:00:40 66.7M 87 20.0G   87 17.5G    0     0  64.7M      0  0:05:16  0:04:37  0:00:39 66.8M 87 20.0G   87 17.5G    0     0  64.7M      0  0:05:16  0:04:38  0:00:38 66.9M 88 20.0G   88 17.6G    0     0  64.7M      0  0:05:16  0:04:39  0:00:37 67.0M 88 20.0G   88 17.7G    0     0  64.7M      0  0:05:16  0:04:40  0:00:36 67.5M 88 20.0G   88 17.7G    0     0  64.7M      0  0:05:16  0:04:41  0:00:35 67.9M 89 20.0G   89 17.8G    0     0  64.8M      0  0:05:16  0:04:42  0:00:34 69.3M 89 20.0G   89 17.9G    0     0  64.8M      0  0:05:15  0:04:43  0:00:32 71.3M 90 20.0G   90 18.0G    0     0  64.9M      0  0:05:15  0:04:44  0:00:31 74.0M 90 20.0G   90 18.0G    0     0  64.9M      0  0:05:15  0:04:45  0:00:30 77.6M 90 20.0G   90 18.1G    0     0  65.0M      0  0:05:14  0:04:46  0:00:28 82.3M 91 20.0G   91 18.2G    0     0  65.0M      0  0:05:14  0:04:47  0:00:27 81.4M 91 20.0G   91 18.3G    0     0  65.1M      0  0:05:14  0:04:48  0:00:26 81.2M 91 20.0G   91 18.3G    0     0  65.1M      0  0:05:14  0:04:49  0:00:25 77.8M 92 20.0G   92 18.4G    0     0  65.0M      0  0:05:14  0:04:50  0:00:24 69.1M 92 20.0G   92 18.4G    0     0  64.9M      0  0:05:15  0:04:51  0:00:24 59.9M 92 20.0G   92 18.5G    0     0  64.9M      0  0:05:15  0:04:52  0:00:23 55.3M 92 20.0G   92 18.5G    0     0  64.8M      0  0:05:15  0:04:53  0:00:22 49.5M 93 20.0G   93 18.6G    0     0  64.8M      0  0:05:15  0:04:54  0:00:21 46.7M 93 20.0G   93 18.6G    0     0  64.7M      0  0:05:16  0:04:55  0:00:21 47.8M 93 20.0G   93 18.7G    0     0  64.7M      0  0:05:16  0:04:56  0:00:20 48.6M 93 20.0G   93 18.7G    0     0  64.6M      0  0:05:16  0:04:57  0:00:19 49.1M 94 20.0G   94 18.8G    0     0  64.6M      0  0:05:16  0:04:58  0:00:18 49.4M 94 20.0G   94 18.8G    0     0  64.5M      0  0:05:17  0:04:59  0:00:18 49.5M 94 20.0G   94 18.9G    0     0  64.5M      0  0:05:17  0:05:00  0:00:17 49.6M 94 20.0G   94 18.9G    0     0  64.4M      0  0:05:17  0:05:01  0:00:16 49.7M 95 20.0G   95 19.0G    0     0  64.4M      0  0:05:17  0:05:02  0:00:15 50.1M 95 20.0G   95 19.0G    0     0  64.3M      0  0:05:18  0:05:03  0:00:15 51.0M 95 20.0G   95 19.1G    0     0  64.3M      0  0:05:18  0:05:04  0:00:14 52.2M 95 20.0G   95 19.1G    0     0  64.3M      0  0:05:18  0:05:05  0:00:13 54.1M 96 20.0G   96 19.2G    0     0  64.3M      0  0:05:18  0:05:06  0:00:12 56.8M 96 20.0G   96 19.3G    0     0  64.3M      0  0:05:18  0:05:07  0:00:11 60.2M 96 20.0G   96 19.3G    0     0  64.3M      0  0:05:18  0:05:08  0:00:10 64.6M 97 20.0G   97 19.4G    0     0  64.4M      0  0:05:17  0:05:09  0:00:08 69.7M 97 20.0G   97 19.5G    0     0  64.3M      0  0:05:18  0:05:10  0:00:08 67.3M 97 20.0G   97 19.5G    0     0  64.3M      0  0:05:18  0:05:11  0:00:07 64.1M 97 20.0G   97 19.5G    0     0  64.2M      0  0:05:18  0:05:12  0:00:06 60.2M 98 20.0G   98 19.6G    0     0  64.2M      0  0:05:18  0:05:13  0:00:05 55.2M 98 20.0G   98 19.6G    0     0  64.2M      0  0:05:18  0:05:14  0:00:04 49.3M 98 20.0G   98 19.7G    0     0  64.1M      0  0:05:19  0:05:15  0:00:04 50.3M 99 20.0G   99 19.8G    0     0  64.1M      0  0:05:19  0:05:16  0:00:03 51.1M 99 20.0G   99 19.8G    0     0  64.0M      0  0:05:19  0:05:17  0:00:02 51.6M 99 20.0G   99 19.9G    0     0  64.0M      0  0:05:19  0:05:18  0:00:01 51.9M 99 20.0G   99 19.9G    0     0  64.0M      0  0:05:19  0:05:19 --:--:-- 51.9M100 20.0G  100 20.0G    0     0  63.9M      0  0:05:20  0:05:20 --:--:-- 52.0M
  % Total    % Received % Xferd  Average Speed   Time    Time     Time  Current
                                 Dload  Upload   Total   Spent    Left  Speed
