3: eth1: <BROADCAST,MULTICAST,UP,LOWER_UP> mtu 1500 qdisc mq state UP group default qlen 1000
    link/ether 26:b2:70:08:25:8d brd ff:ff:ff:ff:ff:ff
    inet 10.130.132.2/24 scope global eth1
       valid_lft forever preferred_lft forever
    inet6 fe80::ade2:9c4e:5911:197d/64 scope link noprefixroute 
       valid_lft forever preferred_lft forever
default via 10.20.4.1 dev eth0 proto dhcp metric 100 
10.20.4.0/23 dev eth0 proto kernel scope link src 10.20.5.22 metric 100 
10.128.0.0/10 via 10.130.132.1 dev eth1 
10.130.132.0/24 dev eth1 proto kernel scope link src 10.130.132.2 
169.254.169.254 via 10.20.4.1 dev eth0 proto dhcp metric 100 
chmod: cannot access './fabric_node_tools/*.sh': No such file or directory
Rocky Linux 8 - AppStream                        13 MB/s |  11 MB     00:00    
Rocky Linux 8 - BaseOS                           11 MB/s | 9.0 MB     00:00    
Rocky Linux 8 - Extras                           21 kB/s |  12 kB     00:00    
Dependencies resolved.
================================================================================
 Package               Architecture    Version            Repository       Size
================================================================================
Installing:
 epel-release          noarch          8-17.el8           extras           24 k

Transaction Summary
================================================================================
Install  1 Package

Total download size: 24 k
Installed size: 34 k
Downloading Packages:
epel-release-8-17.el8.noarch.rpm                150 kB/s |  24 kB     00:00    
--------------------------------------------------------------------------------
Total                                            68 kB/s |  24 kB     00:00     
Rocky Linux 8 - Extras                           32 kB/s | 1.6 kB     00:00    
Importing GPG key 0x6D745A60:
 Userid     : "Release Engineering <infrastructure@rockylinux.org>"
 Fingerprint: 7051 C470 A929 F454 CEBE 37B7 15AF 5DAC 6D74 5A60
 From       : /etc/pki/rpm-gpg/RPM-GPG-KEY-rockyofficial
Key imported successfully
Running transaction check
Transaction check succeeded.
Running transaction test
Transaction test succeeded.
Running transaction
  Preparing        :                                                        1/1 
  Installing       : epel-release-8-17.el8.noarch                           1/1 
  Running scriptlet: epel-release-8-17.el8.noarch                           1/1 
Many EPEL packages require the CodeReady Builder (CRB) repository.
It is recommended that you run /usr/bin/crb enable to enable the CRB repository.

  Verifying        : epel-release-8-17.el8.noarch                           1/1 

Installed:
  epel-release-8-17.el8.noarch                                                  

Complete!
Enabling CRB repo
CRB repo is enabled and named: powertools
Rocky Linux 8 - PowerTools                      4.0 MB/s | 2.9 MB     00:00    
Extra Packages for Enterprise Linux 8 - x86_64   12 MB/s |  13 MB     00:01    
Extra Packages for Enterprise Linux Modular 8 - 737 kB/s | 733 kB     00:00    
Last metadata expiration check: 0:00:01 ago on Mon 14 Nov 2022 03:50:31 PM UTC.
Dependencies resolved.
================================================================================
 Package         Arch   Version                                 Repo       Size
================================================================================
Installing:
 httpd           x86_64 2.4.37-47.module+el8.6.0+985+b8ff6398.2 appstream 1.4 M
 iftop           x86_64 1.0-0.21.pre4.el8                       epel       59 k
 iperf3          x86_64 3.5-6.el8                               appstream  99 k
 iproute-tc      x86_64 5.15.0-4.el8_6.1                        baseos    463 k
 net-tools       x86_64 2.0-0.52.20160912git.el8                baseos    321 k
 pciutils        x86_64 3.7.0-1.el8                             baseos    104 k
 tcpdump         x86_64 14:4.9.3-3.el8                          appstream 452 k
 vim-enhanced    x86_64 2:8.0.1763-19.el8_6.4                   appstream 1.4 M
Upgrading:
 iproute         x86_64 5.15.0-4.el8_6.1                        baseos    797 k
Installing dependencies:
 apr             x86_64 1.6.3-12.el8                            appstream 128 k
 apr-util        x86_64 1.6.1-6.el8.1                           appstream 104 k
 gpm-libs        x86_64 1.20.7-17.el8                           appstream  38 k
 httpd-filesystem
                 noarch 2.4.37-47.module+el8.6.0+985+b8ff6398.2 appstream  40 k
 httpd-tools     x86_64 2.4.37-47.module+el8.6.0+985+b8ff6398.2 appstream 107 k
 iptables-libs   x86_64 1.8.4-22.el8                            baseos    106 k
 libibverbs      x86_64 37.2-1.el8                              baseos    384 k
 libpcap         x86_64 14:1.9.1-5.el8                          baseos    168 k
 lksctp-tools    x86_64 1.0.18-3.el8                            baseos     98 k
 mailcap         noarch 2.1.48-3.el8                            baseos     38 k
 mod_http2       x86_64 1.15.7-5.module+el8.6.0+823+f143cee1    appstream 153 k
 rocky-logos-httpd
                 noarch 86.2-1.el8                              baseos     24 k
 vim-common      x86_64 2:8.0.1763-19.el8_6.4                   appstream 6.3 M
 vim-filesystem  noarch 2:8.0.1763-19.el8_6.4                   appstream  49 k
Installing weak dependencies:
 apr-util-bdb    x86_64 1.6.1-6.el8.1                           appstream  23 k
 apr-util-openssl
                 x86_64 1.6.1-6.el8.1                           appstream  26 k
Enabling module streams:
 httpd                  2.4                                                    

Transaction Summary
================================================================================
Install  24 Packages
Upgrade   1 Package

Total download size: 13 M
Downloading Packages:
(1/25): apr-util-bdb-1.6.1-6.el8.1.x86_64.rpm   149 kB/s |  23 kB     00:00    
(2/25): apr-util-openssl-1.6.1-6.el8.1.x86_64.r 630 kB/s |  26 kB     00:00    
(3/25): apr-util-1.6.1-6.el8.1.x86_64.rpm       442 kB/s | 104 kB     00:00    
(4/25): apr-1.6.3-12.el8.x86_64.rpm             543 kB/s | 128 kB     00:00    
(5/25): gpm-libs-1.20.7-17.el8.x86_64.rpm       917 kB/s |  38 kB     00:00    
(6/25): httpd-filesystem-2.4.37-47.module+el8.6 856 kB/s |  40 kB     00:00    
(7/25): httpd-tools-2.4.37-47.module+el8.6.0+98 1.1 MB/s | 107 kB     00:00    
(8/25): iperf3-3.5-6.el8.x86_64.rpm             1.7 MB/s |  99 kB     00:00    
(9/25): mod_http2-1.15.7-5.module+el8.6.0+823+f 3.6 MB/s | 153 kB     00:00    
(10/25): httpd-2.4.37-47.module+el8.6.0+985+b8f 8.8 MB/s | 1.4 MB     00:00    
(11/25): tcpdump-4.9.3-3.el8.x86_64.rpm         5.2 MB/s | 452 kB     00:00    
(12/25): vim-enhanced-8.0.1763-19.el8_6.4.x86_6  29 MB/s | 1.4 MB     00:00    
(13/25): vim-filesystem-8.0.1763-19.el8_6.4.noa 1.1 MB/s |  49 kB     00:00    
(14/25): iproute-tc-5.15.0-4.el8_6.1.x86_64.rpm 9.0 MB/s | 463 kB     00:00    
(15/25): iptables-libs-1.8.4-22.el8.x86_64.rpm  2.5 MB/s | 106 kB     00:00    
(16/25): libibverbs-37.2-1.el8.x86_64.rpm       8.8 MB/s | 384 kB     00:00    
(17/25): libpcap-1.9.1-5.el8.x86_64.rpm         4.0 MB/s | 168 kB     00:00    
(18/25): lksctp-tools-1.0.18-3.el8.x86_64.rpm   2.3 MB/s |  98 kB     00:00    
(19/25): vim-common-8.0.1763-19.el8_6.4.x86_64.  30 MB/s | 6.3 MB     00:00    
(20/25): mailcap-2.1.48-3.el8.noarch.rpm        935 kB/s |  38 kB     00:00    
(21/25): net-tools-2.0-0.52.20160912git.el8.x86 4.5 MB/s | 321 kB     00:00    
(22/25): rocky-logos-httpd-86.2-1.el8.noarch.rp 419 kB/s |  24 kB     00:00    
(23/25): pciutils-3.7.0-1.el8.x86_64.rpm        1.7 MB/s | 104 kB     00:00    
(24/25): iproute-5.15.0-4.el8_6.1.x86_64.rpm    9.7 MB/s | 797 kB     00:00    
(25/25): iftop-1.0-0.21.pre4.el8.x86_64.rpm     219 kB/s |  59 kB     00:00    
--------------------------------------------------------------------------------
Total                                           7.8 MB/s |  13 MB     00:01     
Extra Packages for Enterprise Linux 8 - x86_64  1.6 MB/s | 1.6 kB     00:00    
Importing GPG key 0x2F86D6A1:
 Userid     : "Fedora EPEL (8) <epel@fedoraproject.org>"
 Fingerprint: 94E2 79EB 8D8F 25B2 1810 ADF1 21EA 45AB 2F86 D6A1
 From       : /etc/pki/rpm-gpg/RPM-GPG-KEY-EPEL-8
Key imported successfully
Running transaction check
Transaction check succeeded.
Running transaction test
Transaction test succeeded.
Running transaction
  Preparing        :                                                        1/1 
  Installing       : apr-1.6.3-12.el8.x86_64                               1/26 
  Running scriptlet: apr-1.6.3-12.el8.x86_64                               1/26 
  Installing       : apr-util-bdb-1.6.1-6.el8.1.x86_64                     2/26 
  Installing       : apr-util-openssl-1.6.1-6.el8.1.x86_64                 3/26 
  Installing       : apr-util-1.6.1-6.el8.1.x86_64                         4/26 
  Running scriptlet: apr-util-1.6.1-6.el8.1.x86_64                         4/26 
  Installing       : httpd-tools-2.4.37-47.module+el8.6.0+985+b8ff6398.    5/26 
  Upgrading        : iproute-5.15.0-4.el8_6.1.x86_64                       6/26 
  Installing       : rocky-logos-httpd-86.2-1.el8.noarch                   7/26 
  Installing       : mailcap-2.1.48-3.el8.noarch                           8/26 
  Installing       : lksctp-tools-1.0.18-3.el8.x86_64                      9/26 
  Running scriptlet: lksctp-tools-1.0.18-3.el8.x86_64                      9/26 
  Installing       : libibverbs-37.2-1.el8.x86_64                         10/26 
  Running scriptlet: libibverbs-37.2-1.el8.x86_64                         10/26 
  Installing       : libpcap-14:1.9.1-5.el8.x86_64                        11/26 
  Installing       : iptables-libs-1.8.4-22.el8.x86_64                    12/26 
  Installing       : vim-filesystem-2:8.0.1763-19.el8_6.4.noarch          13/26 
  Installing       : vim-common-2:8.0.1763-19.el8_6.4.x86_64              14/26 
  Running scriptlet: httpd-filesystem-2.4.37-47.module+el8.6.0+985+b8ff   15/26 
  Installing       : httpd-filesystem-2.4.37-47.module+el8.6.0+985+b8ff   15/26 
  Installing       : mod_http2-1.15.7-5.module+el8.6.0+823+f143cee1.x86   16/26 
  Installing       : httpd-2.4.37-47.module+el8.6.0+985+b8ff6398.2.x86_   17/26 
  Running scriptlet: httpd-2.4.37-47.module+el8.6.0+985+b8ff6398.2.x86_   17/26 
  Installing       : gpm-libs-1.20.7-17.el8.x86_64                        18/26 
  Running scriptlet: gpm-libs-1.20.7-17.el8.x86_64                        18/26 
  Installing       : vim-enhanced-2:8.0.1763-19.el8_6.4.x86_64            19/26 
  Installing       : iproute-tc-5.15.0-4.el8_6.1.x86_64                   20/26 
  Running scriptlet: tcpdump-14:4.9.3-3.el8.x86_64                        21/26 
  Installing       : tcpdump-14:4.9.3-3.el8.x86_64                        21/26 
  Installing       : iftop-1.0-0.21.pre4.el8.x86_64                       22/26 
  Installing       : iperf3-3.5-6.el8.x86_64                              23/26 
  Running scriptlet: iperf3-3.5-6.el8.x86_64                              23/26 
  Installing       : pciutils-3.7.0-1.el8.x86_64                          24/26 
  Installing       : net-tools-2.0-0.52.20160912git.el8.x86_64            25/26 
  Running scriptlet: net-tools-2.0-0.52.20160912git.el8.x86_64            25/26 
  Cleanup          : iproute-5.12.0-4.el8.x86_64                          26/26 
  Running scriptlet: httpd-2.4.37-47.module+el8.6.0+985+b8ff6398.2.x86_   26/26 
  Running scriptlet: iproute-5.12.0-4.el8.x86_64                          26/26 
  Running scriptlet: vim-common-2:8.0.1763-19.el8_6.4.x86_64              26/26 
  Verifying        : apr-1.6.3-12.el8.x86_64                               1/26 
  Verifying        : apr-util-1.6.1-6.el8.1.x86_64                         2/26 
  Verifying        : apr-util-bdb-1.6.1-6.el8.1.x86_64                     3/26 
  Verifying        : apr-util-openssl-1.6.1-6.el8.1.x86_64                 4/26 
  Verifying        : gpm-libs-1.20.7-17.el8.x86_64                         5/26 
  Verifying        : httpd-2.4.37-47.module+el8.6.0+985+b8ff6398.2.x86_    6/26 
  Verifying        : httpd-filesystem-2.4.37-47.module+el8.6.0+985+b8ff    7/26 
  Verifying        : httpd-tools-2.4.37-47.module+el8.6.0+985+b8ff6398.    8/26 
  Verifying        : iperf3-3.5-6.el8.x86_64                               9/26 
  Verifying        : mod_http2-1.15.7-5.module+el8.6.0+823+f143cee1.x86   10/26 
  Verifying        : tcpdump-14:4.9.3-3.el8.x86_64                        11/26 
  Verifying        : vim-common-2:8.0.1763-19.el8_6.4.x86_64              12/26 
  Verifying        : vim-enhanced-2:8.0.1763-19.el8_6.4.x86_64            13/26 
  Verifying        : vim-filesystem-2:8.0.1763-19.el8_6.4.noarch          14/26 
  Verifying        : iproute-tc-5.15.0-4.el8_6.1.x86_64                   15/26 
  Verifying        : iptables-libs-1.8.4-22.el8.x86_64                    16/26 
  Verifying        : libibverbs-37.2-1.el8.x86_64                         17/26 
  Verifying        : libpcap-14:1.9.1-5.el8.x86_64                        18/26 
  Verifying        : lksctp-tools-1.0.18-3.el8.x86_64                     19/26 
  Verifying        : mailcap-2.1.48-3.el8.noarch                          20/26 
  Verifying        : net-tools-2.0-0.52.20160912git.el8.x86_64            21/26 
  Verifying        : pciutils-3.7.0-1.el8.x86_64                          22/26 
  Verifying        : rocky-logos-httpd-86.2-1.el8.noarch                  23/26 
  Verifying        : iftop-1.0-0.21.pre4.el8.x86_64                       24/26 
  Verifying        : iproute-5.15.0-4.el8_6.1.x86_64                      25/26 
  Verifying        : iproute-5.12.0-4.el8.x86_64                          26/26 

Upgraded:
  iproute-5.15.0-4.el8_6.1.x86_64                                               
Installed:
  apr-1.6.3-12.el8.x86_64                                                       
  apr-util-1.6.1-6.el8.1.x86_64                                                 
  apr-util-bdb-1.6.1-6.el8.1.x86_64                                             
  apr-util-openssl-1.6.1-6.el8.1.x86_64                                         
  gpm-libs-1.20.7-17.el8.x86_64                                                 
  httpd-2.4.37-47.module+el8.6.0+985+b8ff6398.2.x86_64                          
  httpd-filesystem-2.4.37-47.module+el8.6.0+985+b8ff6398.2.noarch               
  httpd-tools-2.4.37-47.module+el8.6.0+985+b8ff6398.2.x86_64                    
  iftop-1.0-0.21.pre4.el8.x86_64                                                
  iperf3-3.5-6.el8.x86_64                                                       
  iproute-tc-5.15.0-4.el8_6.1.x86_64                                            
  iptables-libs-1.8.4-22.el8.x86_64                                             
  libibverbs-37.2-1.el8.x86_64                                                  
  libpcap-14:1.9.1-5.el8.x86_64                                                 
  lksctp-tools-1.0.18-3.el8.x86_64                                              
  mailcap-2.1.48-3.el8.noarch                                                   
  mod_http2-1.15.7-5.module+el8.6.0+823+f143cee1.x86_64                         
  net-tools-2.0-0.52.20160912git.el8.x86_64                                     
  pciutils-3.7.0-1.el8.x86_64                                                   
  rocky-logos-httpd-86.2-1.el8.noarch                                           
  tcpdump-14:4.9.3-3.el8.x86_64                                                 
  vim-common-2:8.0.1763-19.el8_6.4.x86_64                                       
  vim-enhanced-2:8.0.1763-19.el8_6.4.x86_64                                     
  vim-filesystem-2:8.0.1763-19.el8_6.4.noarch                                   

Complete!
sudo: ./fabric_node_tools/host_tune_redhat.sh: command not found
mke2fs 1.45.6 (20-Mar-2020)
Creating filesystem with 262144000 4k blocks and 65536000 inodes
Filesystem UUID: 4c9a3b50-2657-4d1e-ad87-d0f8b823ca77
Superblock backups stored on blocks: 
	32768, 98304, 163840, 229376, 294912, 819200, 884736, 1605632, 2654208, 
	4096000, 7962624, 11239424, 20480000, 23887872, 71663616, 78675968, 
	102400000, 214990848

Allocating group tables:    0/8000         done                            
Writing inode tables:    0/8000         done                            
Creating journal (262144 blocks): done
Writing superblocks and filesystem accounting information:    0/8000         done

Last metadata expiration check: 0:17:56 ago on Mon 14 Nov 2022 03:50:31 PM UTC.
Package epel-release-8-17.el8.noarch is already installed.
Dependencies resolved.
================================================================================
 Package               Architecture    Version              Repository     Size
================================================================================
Upgrading:
 epel-release          noarch          8-18.el8             epel           24 k

Transaction Summary
================================================================================
Upgrade  1 Package

Total download size: 24 k
Downloading Packages:
epel-release-8-18.el8.noarch.rpm                322 kB/s |  24 kB     00:00    
--------------------------------------------------------------------------------
Total                                            79 kB/s |  24 kB     00:00     
Running transaction check
Transaction check succeeded.
Running transaction test
Transaction test succeeded.
Running transaction
  Preparing        :                                                        1/1 
  Running scriptlet: epel-release-8-18.el8.noarch                           1/1 
  Upgrading        : epel-release-8-18.el8.noarch                           1/2 
  Running scriptlet: epel-release-8-18.el8.noarch                           1/2 
  Cleanup          : epel-release-8-17.el8.noarch                           2/2 
  Running scriptlet: epel-release-8-17.el8.noarch                           2/2 
  Verifying        : epel-release-8-18.el8.noarch                           1/2 
  Verifying        : epel-release-8-17.el8.noarch                           2/2 

Upgraded:
  epel-release-8-18.el8.noarch                                                  

Complete!
Enabling CRB repo
CRB repo is enabled and named: powertools
Rocky Linux 8 - PowerTools                       14 kB/s | 4.8 kB     00:00    
Package httpd-2.4.37-47.module+el8.6.0+985+b8ff6398.2.x86_64 is already installed.
Package iproute-tc-5.15.0-4.el8_6.1.x86_64 is already installed.
Package net-tools-2.0-0.52.20160912git.el8.x86_64 is already installed.
Package pciutils-3.7.0-1.el8.x86_64 is already installed.
Package tcpdump-14:4.9.3-3.el8.x86_64 is already installed.
Package iftop-1.0-0.21.pre4.el8.x86_64 is already installed.
Package iperf3-3.5-6.el8.x86_64 is already installed.
Package vim-enhanced-2:8.0.1763-19.el8_6.4.x86_64 is already installed.
Dependencies resolved.
Nothing to do.
Complete!
dev
* Applying /usr/lib/sysctl.d/10-default-yama-scope.conf ...
kernel.yama.ptrace_scope = 0
* Applying /usr/lib/sysctl.d/50-coredump.conf ...
kernel.core_pattern = |/usr/lib/systemd/systemd-coredump %P %u %g %s %t %c %h %e
kernel.core_pipe_limit = 16
* Applying /usr/lib/sysctl.d/50-default.conf ...
kernel.sysrq = 16
kernel.core_uses_pid = 1
kernel.kptr_restrict = 1
net.ipv4.conf.all.rp_filter = 1
net.ipv4.conf.all.accept_source_route = 0
net.ipv4.conf.all.promote_secondaries = 1
net.core.default_qdisc = fq_codel
fs.protected_hardlinks = 1
fs.protected_symlinks = 1
* Applying /usr/lib/sysctl.d/50-libkcapi-optmem_max.conf ...
net.core.optmem_max = 81920
* Applying /usr/lib/sysctl.d/50-pid-max.conf ...
kernel.pid_max = 4194304
* Applying /etc/sysctl.d/99-sysctl.conf ...
net.core.rmem_max = 536870912
net.core.wmem_max = 536870912
net.ipv4.tcp_rmem = 4096 87380 536870912
net.ipv4.tcp_wmem = 4096 65536 536870912
net.ipv4.tcp_congestion_control = bbr
net.ipv4.tcp_mtu_probing = 1
net.core.default_qdisc = fq
* Applying /etc/sysctl.conf ...
net.core.rmem_max = 536870912
net.core.wmem_max = 536870912
net.ipv4.tcp_rmem = 4096 87380 536870912
net.ipv4.tcp_wmem = 4096 65536 536870912
net.ipv4.tcp_congestion_control = bbr
net.ipv4.tcp_mtu_probing = 1
net.core.default_qdisc = fq
mkdir: cannot create directory ‘/mnt/fabric_storage’: File exists
mke2fs 1.45.6 (20-Mar-2020)
/dev/vdb is mounted; will not make a filesystem here!
mount: /mnt/fabric_storage: /dev/vdb already mounted on /mnt/fabric_storage.
  % Total    % Received % Xferd  Average Speed   Time    Time     Time  Current
                                 Dload  Upload   Total   Spent    Left  Speed
  0     0    0     0    0     0      0      0 --:--:-- --:--:-- --:--:--     0  0 1024M    0  101k    0     0  3175k      0  0:05:30 --:--:--  0:05:30 3175k 43 1024M   43  442M    0     0   428M      0  0:00:02  0:00:01  0:00:01  428M 89 1024M   89  915M    0     0   450M      0  0:00:02  0:00:02 --:--:--  450M100 1024M  100 1024M    0     0   455M      0  0:00:02  0:00:02 --:--:--  455M
  % Total    % Received % Xferd  Average Speed   Time    Time     Time  Current
                                 Dload  Upload   Total   Spent    Left  Speed
  0     0    0     0    0     0      0      0 --:--:-- --:--:-- --:--:--     0  2 10.0G    2  303M    0     0   395M      0  0:00:25 --:--:--  0:00:25  394M  7 10.0G    7  756M    0     0   428M      0  0:00:23  0:00:01  0:00:22  427M 12 10.0G   12 1287M    0     0   465M      0  0:00:22  0:00:02  0:00:20  465M 17 10.0G   17 1839M    0     0   488M      0  0:00:20  0:00:03  0:00:17  488M 23 10.0G   23 2357M    0     0   494M      0  0:00:20  0:00:04  0:00:16  494M 28 10.0G   28 2877M    0     0   498M      0  0:00:20  0:00:05  0:00:15  514M 33 10.0G   33 3443M    0     0   508M      0  0:00:20  0:00:06  0:00:14  537M 38 10.0G   38 3974M    0     0   509M      0  0:00:20  0:00:07  0:00:13  533M 44 10.0G   44 4518M    0     0   515M      0  0:00:19  0:00:08  0:00:11  535M 49 10.0G   49 5048M    0     0   516M      0  0:00:19  0:00:09  0:00:10  538M 54 10.0G   54 5568M    0     0   517M      0  0:00:19  0:00:10  0:00:09  538M 59 10.0G   59 6091M    0     0   517M      0  0:00:19  0:00:11  0:00:08  529M 64 10.0G   64 6560M    0     0   513M      0  0:00:19  0:00:12  0:00:07  520M 68 10.0G   68 7037M    0     0   511M      0  0:00:20  0:00:13  0:00:07  503M 73 10.0G   73 7524M    0     0   509M      0  0:00:20  0:00:14  0:00:06  495M 77 10.0G   77 7937M    0     0   503M      0  0:00:20  0:00:15  0:00:05  473M 81 10.0G   81 8325M    0     0   496M      0  0:00:20  0:00:16  0:00:04  446M 85 10.0G   85 8705M    0     0   488M      0  0:00:20  0:00:17  0:00:03  423M 87 10.0G   87 9002M    0     0   479M      0  0:00:21  0:00:18  0:00:03  393M 90 10.0G   90 9314M    0     0   471M      0  0:00:21  0:00:19  0:00:02  357M 94 10.0G   94 9643M    0     0   464M      0  0:00:22  0:00:20  0:00:02  341M 97 10.0G   97 9996M    0     0   459M      0  0:00:22  0:00:21  0:00:01  333M100 10.0G  100 10.0G    0     0   456M      0  0:00:22  0:00:22 --:--:--  332M
  % Total    % Received % Xferd  Average Speed   Time    Time     Time  Current
                                 Dload  Upload   Total   Spent    Left  Speed
  0     0    0     0    0     0      0      0 --:--:-- --:--:-- --:--:--     0  0 20.0G    0  109M    0     0   359M      0  0:00:57 --:--:--  0:00:57  358M  2 20.0G    2  570M    0     0   436M      0  0:00:46  0:00:01  0:00:45  436M  5 20.0G    5 1050M    0     0   455M      0  0:00:44  0:00:02  0:00:42  455M  7 20.0G    7 1450M    0     0   438M      0  0:00:46  0:00:03  0:00:43  438M  9 20.0G    9 1850M    0     0   429M      0  0:00:47  0:00:04  0:00:43  429M 11 20.0G   11 2263M    0     0   426M      0  0:00:47  0:00:05  0:00:42  430M 13 20.0G   13 2684M    0     0   425M      0  0:00:48  0:00:06  0:00:42  422M 15 20.0G   15 3126M    0     0   427M      0  0:00:47  0:00:07  0:00:40  415M 17 20.0G   17 3585M    0     0   431M      0  0:00:47  0:00:08  0:00:39  427M 19 20.0G   19 4054M    0     0   435M      0  0:00:46  0:00:09  0:00:37  440M 22 20.0G   22 4533M    0     0   439M      0  0:00:46  0:00:10  0:00:36  453M 24 20.0G   24 5011M    0     0   443M      0  0:00:46  0:00:11  0:00:35  465M 26 20.0G   26 5504M    0     0   447M      0  0:00:45  0:00:12  0:00:33  475M 29 20.0G   29 6023M    0     0   452M      0  0:00:45  0:00:13  0:00:32  487M 31 20.0G   31 6475M    0     0   452M      0  0:00:45  0:00:14  0:00:31  484M 33 20.0G   33 6916M    0     0   451M      0  0:00:45  0:00:15  0:00:30  476M 36 20.0G   36 7380M    0     0   452M      0  0:00:45  0:00:16  0:00:29  473M 38 20.0G   38 7862M    0     0   454M      0  0:00:45  0:00:17  0:00:28  471M 40 20.0G   40 8231M    0     0   449M      0  0:00:45  0:00:18  0:00:27  441M 42 20.0G   42 8619M    0     0   446M      0  0:00:45  0:00:19  0:00:26  428M 43 20.0G   43 9009M    0     0   443M      0  0:00:46  0:00:20  0:00:26  418M 46 20.0G   46 9434M    0     0   442M      0  0:00:46  0:00:21  0:00:25  410M 48 20.0G   48 9877M    0     0   442M      0  0:00:46  0:00:22  0:00:24  403M 50 20.0G   50 10.0G    0     0   442M      0  0:00:46  0:00:23  0:00:23  417M 52 20.0G   52 10.5G    0     0   444M      0  0:00:46  0:00:24  0:00:22  434M 55 20.0G   55 11.0G    0     0   445M      0  0:00:45  0:00:25  0:00:20  453M 57 20.0G   57 11.4G    0     0   447M      0  0:00:45  0:00:26  0:00:19  468M 59 20.0G   59 11.9G    0     0   449M      0  0:00:45  0:00:27  0:00:18  479M 62 20.0G   62 12.4G    0     0   450M      0  0:00:45  0:00:28  0:00:17  483M 64 20.0G   64 12.9G    0     0   452M      0  0:00:45  0:00:29  0:00:16  492M 67 20.0G   67 13.4G    0     0   454M      0  0:00:45  0:00:30  0:00:15  496M 69 20.0G   69 13.8G    0     0   453M      0  0:00:45  0:00:31  0:00:14  483M 71 20.0G   71 14.3G    0     0   453M      0  0:00:45  0:00:32  0:00:13  475M 73 20.0G   73 14.7G    0     0   454M      0  0:00:45  0:00:33  0:00:12  479M 76 20.0G   76 15.2G    0     0   455M      0  0:00:44  0:00:34  0:00:10  475M 78 20.0G   78 15.7G    0     0   457M      0  0:00:44  0:00:35  0:00:09  474M 81 20.0G   81 16.2G    0     0   457M      0  0:00:44  0:00:36  0:00:08  486M 83 20.0G   83 16.7G    0     0   459M      0  0:00:44  0:00:37  0:00:07  499M 86 20.0G   86 17.2G    0     0   461M      0  0:00:44  0:00:38  0:00:06  508M 88 20.0G   88 17.7G    0     0   462M      0  0:00:44  0:00:39  0:00:05  511M 91 20.0G   91 18.2G    0     0   463M      0  0:00:44  0:00:40  0:00:04  512M 93 20.0G   93 18.7G    0     0   464M      0  0:00:44  0:00:41  0:00:03  514M 95 20.0G   95 19.1G    0     0   464M      0  0:00:44  0:00:42  0:00:02  496M 97 20.0G   97 19.5G    0     0   462M      0  0:00:44  0:00:43  0:00:01  472M100 20.0G  100 20.0G    0     0   462M      0  0:00:44  0:00:44 --:--:--  458M
  % Total    % Received % Xferd  Average Speed   Time    Time     Time  Current
                                 Dload  Upload   Total   Spent    Left  Speed
  0     0    0     0    0     0      0      0 --:--:-- --:--:-- --:--:--     0  0 50.0G    0  352M    0     0   396M      0  0:02:09 --:--:--  0:02:09  395M  1 50.0G    1  776M    0     0   408M      0  0:02:05  0:00:01  0:02:04  407M  2 50.0G    2 1188M    0     0   411M      0  0:02:04  0:00:02  0:02:02  411M  3 50.0G    3 1640M    0     0   421M      0  0:02:01  0:00:03  0:01:58  421M  4 50.0G    4 2076M    0     0   424M      0  0:02:00  0:00:04  0:01:56  424M  4 50.0G    4 2504M    0     0   424M      0  0:02:00  0:00:05  0:01:55  429M  5 50.0G    5 2958M    0     0   429M      0  0:01:59  0:00:06  0:01:53  437M  6 50.0G    6 3425M    0     0   434M      0  0:01:57  0:00:07  0:01:50  447M  7 50.0G    7 3894M    0     0   438M      0  0:01:56  0:00:08  0:01:48  450M  8 50.0G    8 4348M    0     0   439M      0  0:01:56  0:00:09  0:01:47  454M  9 50.0G    9 4838M    0     0   444M      0  0:01:55  0:00:10  0:01:45  467M 10 50.0G   10 5299M    0     0   445M      0  0:01:54  0:00:11  0:01:43  468M 11 50.0G   11 5755M    0     0   446M      0  0:01:54  0:00:12  0:01:42  466M 12 50.0G   12 6205M    0     0   446M      0  0:01:54  0:00:13  0:01:41  462M 13 50.0G   13 6670M    0     0   448M      0  0:01:54  0:00:14  0:01:40  464M 13 50.0G   13 7147M    0     0   449M      0  0:01:53  0:00:15  0:01:38  461M 14 50.0G   14 7624M    0     0   451M      0  0:01:53  0:00:16  0:01:37  464M 15 50.0G   15 8111M    0     0   453M      0  0:01:52  0:00:17  0:01:35  471M 16 50.0G   16 8531M    0     0   451M      0  0:01:53  0:00:18  0:01:35  465M 17 50.0G   17 8985M    0     0   451M      0  0:01:53  0:00:19  0:01:34  462M 18 50.0G   18 9431M    0     0   451M      0  0:01:53  0:00:20  0:01:33  456M 19 50.0G   19 9893M    0     0   451M      0  0:01:53  0:00:21  0:01:32  453M 20 50.0G   20 10.0G    0     0   450M      0  0:01:53  0:00:22  0:01:31  438M 20 50.0G   20 10.4G    0     0   447M      0  0:01:54  0:00:23  0:01:31  430M 21 50.0G   21 10.7G    0     0   444M      0  0:01:55  0:00:24  0:01:31  414M 22 50.0G   22 11.1G    0     0   442M      0  0:01:55  0:00:25  0:01:30  404M 23 50.0G   23 11.5G    0     0   440M      0  0:01:56  0:00:26  0:01:30  392M 23 50.0G   23 11.9G    0     0   440M      0  0:01:56  0:00:27  0:01:29  395M 24 50.0G   24 12.4G    0     0   439M      0  0:01:56  0:00:28  0:01:28  403M 25 50.0G   25 12.8G    0     0   439M      0  0:01:56  0:00:29  0:01:27  417M 26 50.0G   26 13.2G    0     0   440M      0  0:01:56  0:00:30  0:01:26  429M 27 50.0G   27 13.7G    0     0   441M      0  0:01:55  0:00:31  0:01:24  443M 28 50.0G   28 14.2G    0     0   442M      0  0:01:55  0:00:32  0:01:23  455M 29 50.0G   29 14.6G    0     0   443M      0  0:01:55  0:00:33  0:01:22  465M 30 50.0G   30 15.1G    0     0   445M      0  0:01:55  0:00:34  0:01:21  476M 31 50.0G   31 15.6G    0     0   445M      0  0:01:54  0:00:35  0:01:19  479M 32 50.0G   32 16.0G    0     0   446M      0  0:01:54  0:00:36  0:01:18  480M 33 50.0G   33 16.5G    0     0   447M      0  0:01:54  0:00:37  0:01:17  482M 34 50.0G   34 17.0G    0     0   448M      0  0:01:54  0:00:38  0:01:16  483M 35 50.0G   35 17.5G    0     0   449M      0  0:01:53  0:00:39  0:01:14  483M 36 50.0G   36 18.0G    0     0   450M      0  0:01:53  0:00:40  0:01:13  486M 36 50.0G   36 18.4G    0     0   451M      0  0:01:53  0:00:41  0:01:12  490M 37 50.0G   37 18.9G    0     0   452M      0  0:01:53  0:00:42  0:01:11  488M 38 50.0G   38 19.4G    0     0   453M      0  0:01:52  0:00:43  0:01:09  492M 39 50.0G   39 19.8G    0     0   453M      0  0:01:52  0:00:44  0:01:08  485M 40 50.0G   40 20.3G    0     0   454M      0  0:01:52  0:00:45  0:01:07  480M 41 50.0G   41 20.8G    0     0   454M      0  0:01:52  0:00:46  0:01:06  476M 42 50.0G   42 21.2G    0     0   455M      0  0:01:52  0:00:47  0:01:05  477M 43 50.0G   43 21.7G    0     0   456M      0  0:01:52  0:00:48  0:01:04  479M 44 50.0G   44 22.2G    0     0   455M      0  0:01:52  0:00:49  0:01:03  472M 45 50.0G   45 22.6G    0     0   454M      0  0:01:52  0:00:50  0:01:02  463M 46 50.0G   46 23.0G    0     0   454M      0  0:01:52  0:00:51  0:01:01  457M 46 50.0G   46 23.4G    0     0   454M      0  0:01:52  0:00:52  0:01:00  445M 47 50.0G   47 23.9G    0     0   454M      0  0:01:52  0:00:53  0:00:59  437M 48 50.0G   48 24.3G    0     0   454M      0  0:01:52  0:00:54  0:00:58  445M 49 50.0G   49 24.8G    0     0   454M      0  0:01:52  0:00:55  0:00:57  452M 50 50.0G   50 25.2G    0     0   455M      0  0:01:52  0:00:56  0:00:56  456M 51 50.0G   51 25.6G    0     0   454M      0  0:01:52  0:00:57  0:00:55  454M 52 50.0G   52 26.1G    0     0   454M      0  0:01:52  0:00:58  0:00:54  455M 53 50.0G   53 26.6G    0     0   455M      0  0:01:52  0:00:59  0:00:53  460M 54 50.0G   54 27.0G    0     0   455M      0  0:01:52  0:01:00  0:00:52  464M 55 50.0G   55 27.5G    0     0   455M      0  0:01:52  0:01:01  0:00:51  461M 56 50.0G   56 28.0G    0     0   455M      0  0:01:52  0:01:02  0:00:50  473M 56 50.0G   56 28.4G    0     0   456M      0  0:01:52  0:01:03  0:00:49  473M 57 50.0G   57 28.9G    0     0   456M      0  0:01:52  0:01:04  0:00:48  467M 58 50.0G   58 29.3G    0     0   456M      0  0:01:52  0:01:05  0:00:47  468M 59 50.0G   59 29.8G    0     0   456M      0  0:01:52  0:01:06  0:00:46  464M 60 50.0G   60 30.2G    0     0   455M      0  0:01:52  0:01:07  0:00:45  455M 61 50.0G   61 30.6G    0     0   456M      0  0:01:52  0:01:08  0:00:44  458M 62 50.0G   62 31.1G    0     0   456M      0  0:01:52  0:01:09  0:00:43  457M 63 50.0G   63 31.5G    0     0   455M      0  0:01:52  0:01:10  0:00:42  445M 63 50.0G   63 31.9G    0     0   455M      0  0:01:52  0:01:11  0:00:41  439M 64 50.0G   64 32.3G    0     0   454M      0  0:01:52  0:01:12  0:00:40  440M 65 50.0G   65 32.8G    0     0   454M      0  0:01:52  0:01:13  0:00:39  434M 66 50.0G   66 33.2G    0     0   454M      0  0:01:52  0:01:14  0:00:38  431M 67 50.0G   67 33.6G    0     0   454M      0  0:01:52  0:01:15  0:00:37  438M 68 50.0G   68 34.0G    0     0   453M      0  0:01:52  0:01:16  0:00:36  431M 68 50.0G   68 34.4G    0     0   453M      0  0:01:53  0:01:17  0:00:36  424M 69 50.0G   69 34.8G    0     0   452M      0  0:01:53  0:01:18  0:00:35  422M 70 50.0G   70 35.3G    0     0   452M      0  0:01:53  0:01:19  0:00:34  421M 71 50.0G   71 35.7G    0     0   452M      0  0:01:53  0:01:20  0:00:33  417M 72 50.0G   72 36.0G    0     0   451M      0  0:01:53  0:01:21  0:00:32  412M 72 50.0G   72 36.4G    0     0   449M      0  0:01:53  0:01:22  0:00:31  397M 73 50.0G   73 36.7G    0     0   448M      0  0:01:54  0:01:23  0:00:31  388M 74 50.0G   74 37.1G    0     0   448M      0  0:01:54  0:01:24  0:00:30  379M 75 50.0G   75 37.5G    0     0   447M      0  0:01:54  0:01:25  0:00:29  376M 75 50.0G   75 37.9G    0     0   447M      0  0:01:54  0:01:26  0:00:28  391M 76 50.0G   76 38.4G    0     0   447M      0  0:01:54  0:01:27  0:00:27  410M 77 50.0G   77 38.8G    0     0   447M      0  0:01:54  0:01:28  0:00:26  418M 78 50.0G   78 39.2G    0     0   447M      0  0:01:54  0:01:29  0:00:25  428M 79 50.0G   79 39.7G    0     0   447M      0  0:01:54  0:01:30  0:00:24  439M 80 50.0G   80 40.1G    0     0   447M      0  0:01:54  0:01:31  0:00:23  445M 81 50.0G   81 40.5G    0     0   447M      0  0:01:54  0:01:32  0:00:22  439M 81 50.0G   81 40.9G    0     0   446M      0  0:01:54  0:01:33  0:00:21  439M 82 50.0G   82 41.3G    0     0   446M      0  0:01:54  0:01:34  0:00:20  435M 83 50.0G   83 41.8G    0     0   446M      0  0:01:54  0:01:35  0:00:19  432M 84 50.0G   84 42.2G    0     0   446M      0  0:01:54  0:01:36  0:00:18  421M 85 50.0G   85 42.6G    0     0   445M      0  0:01:54  0:01:37  0:00:17  423M 86 50.0G   86 43.0G    0     0   445M      0  0:01:54  0:01:38  0:00:16  421M 86 50.0G   86 43.4G    0     0   444M      0  0:01:55  0:01:39  0:00:16  415M 87 50.0G   87 43.7G    0     0   444M      0  0:01:55  0:01:40  0:00:15  400M 88 50.0G   88 44.1G    0     0   444M      0  0:01:55  0:01:41  0:00:14  403M 89 50.0G   89 44.5G    0     0   443M      0  0:01:55  0:01:42  0:00:13  398M 89 50.0G   89 44.9G    0     0   443M      0  0:01:55  0:01:43  0:00:12  394M 90 50.0G   90 45.3G    0     0   442M      0  0:01:55  0:01:44  0:00:11  389M 91 50.0G   91 45.6G    0     0   441M      0  0:01:55  0:01:45  0:00:10  386M 92 50.0G   92 46.0G    0     0   440M      0  0:01:56  0:01:46  0:00:10  378M 92 50.0G   92 46.3G    0     0   440M      0  0:01:56  0:01:47  0:00:09  369M 93 50.0G   93 46.7G    0     0   439M      0  0:01:56  0:01:48  0:00:08  359M 94 50.0G   94 47.0G    0     0   438M      0  0:01:56  0:01:49  0:00:07  359M 94 50.0G   94 47.4G    0     0   438M      0  0:01:56  0:01:50  0:00:06  365M 95 50.0G   95 47.8G    0     0   437M      0  0:01:57  0:01:51  0:00:06  363M 96 50.0G   96 48.1G    0     0   436M      0  0:01:57  0:01:52  0:00:05  366M 97 50.0G   97 48.5G    0     0   436M      0  0:01:57  0:01:53  0:00:04  378M 97 50.0G   97 48.9G    0     0   435M      0  0:01:57  0:01:54  0:00:03  377M 98 50.0G   98 49.3G    0     0   435M      0  0:01:57  0:01:55  0:00:02  379M 99 50.0G   99 49.6G    0     0   435M      0  0:01:57  0:01:56  0:00:01  384M100 50.0G  100 50.0G    0     0   434M      0  0:01:57  0:01:57 --:--:--  389M
  % Total    % Received % Xferd  Average Speed   Time    Time     Time  Current
                                 Dload  Upload   Total   Spent    Left  Speed
  0     0    0     0    0     0      0      0 --:--:-- --:--:-- --:--:--     0  0  100G    0  223M    0     0   377M      0  0:04:30 --:--:--  0:04:30  377M  0  100G    0  544M    0     0   342M      0  0:04:58  0:00:01  0:04:57  342M  0  100G    0  940M    0     0   363M      0  0:04:42  0:00:02  0:04:40  362M  1  100G    1 1353M    0     0   377M      0  0:04:31  0:00:03  0:04:28  377M  1  100G    1 1724M    0     0   375M      0  0:04:32  0:00:04  0:04:28  375M  2  100G    2 2117M    0     0   378M      0  0:04:30  0:00:05  0:04:25  379M  2  100G    2 2499M    0     0   379M      0  0:04:29  0:00:06  0:04:23  390M  2  100G    2 2898M    0     0   381M      0  0:04:28  0:00:07  0:04:21  391M  3  100G    3 3378M    0     0   393M      0  0:04:20  0:00:08  0:04:12  404M  3  100G    3 3818M    0     0   398M      0  0:04:17  0:00:09  0:04:08  418M  4  100G    4 4237M    0     0   400M      0  0:04:15  0:00:10  0:04:05  423M  4  100G    4 4625M    0     0   399M      0  0:04:16  0:00:11  0:04:05  425M  4  100G    4 5016M    0     0   398M      0  0:04:16  0:00:12  0:04:04  423M  5  100G    5 5413M    0     0   398M      0  0:04:17  0:00:13  0:04:04  407M  5  100G    5 5780M    0     0   396M      0  0:04:18  0:00:14  0:04:04  392M  6  100G    6 6167M    0     0   395M      0  0:04:18  0:00:15  0:04:03  385M  6  100G    6 6540M    0     0   394M      0  0:04:19  0:00:16  0:04:03  383M  6  100G    6 6876M    0     0   390M      0  0:04:22  0:00:17  0:04:05  371M  7  100G    7 7238M    0     0   389M      0  0:04:23  0:00:18  0:04:05  364M  7  100G    7 7583M    0     0   387M      0  0:04:24  0:00:19  0:04:05  360M  7  100G    7 7938M    0     0   385M      0  0:04:25  0:00:20  0:04:05  353M  8  100G    8 8248M    0     0   382M      0  0:04:28  0:00:21  0:04:07  341M  8  100G    8 8560M    0     0   378M      0  0:04:30  0:00:22  0:04:08  337M  8  100G    8 8920M    0     0   378M      0  0:04:30  0:00:23  0:04:07  336M  9  100G    9 9300M    0     0   378M      0  0:04:30  0:00:24  0:04:06  343M  9  100G    9 9600M    0     0   375M      0  0:04:33  0:00:25  0:04:08  331M  9  100G    9 9960M    0     0   374M      0  0:04:33  0:00:26  0:04:07  342M 10  100G   10 10.0G    0     0   374M      0  0:04:33  0:00:27  0:04:06  355M 10  100G   10 10.4G    0     0   374M      0  0:04:33  0:00:28  0:04:05  358M 10  100G   10 10.8G    0     0   374M      0  0:04:33  0:00:29  0:04:04  355M 11  100G   11 11.1G    0     0   372M      0  0:04:34  0:00:30  0:04:04  359M 11  100G   11 11.4G    0     0   372M      0  0:04:35  0:00:31  0:04:04  360M 11  100G   11 11.8G    0     0   371M      0  0:04:35  0:00:32  0:04:03  351M 12  100G   12 12.1G    0     0   369M      0  0:04:36  0:00:33  0:04:03  342M 12  100G   12 12.3G    0     0   366M      0  0:04:39  0:00:34  0:04:05  320M 12  100G   12 12.6G    0     0   364M      0  0:04:40  0:00:35  0:04:05  318M 12  100G   12 12.9G    0     0   362M      0  0:04:42  0:00:36  0:04:06  298M 13  100G   13 13.2G    0     0   359M      0  0:04:44  0:00:37  0:04:07  284M 13  100G   13 13.5G    0     0   358M      0  0:04:45  0:00:38  0:04:07  281M 13  100G   13 13.7G    0     0   356M      0  0:04:47  0:00:39  0:04:08  286M 14  100G   14 14.1G    0     0   356M      0  0:04:47  0:00:40  0:04:07  297M 14  100G   14 14.4G    0     0   355M      0  0:04:47  0:00:41  0:04:06  308M 14  100G   14 14.7G    0     0   353M      0  0:04:49  0:00:42  0:04:07  307M 14  100G   14 14.9G    0     0   349M      0  0:04:52  0:00:43  0:04:09  282M 15  100G   15 15.1G    0     0   348M      0  0:04:54  0:00:44  0:04:10  283M 15  100G   15 15.4G    0     0   346M      0  0:04:55  0:00:45  0:04:10  264M 15  100G   15 15.6G    0     0   344M      0  0:04:56  0:00:46  0:04:10  253M 15  100G   15 15.9G    0     0   342M      0  0:04:58  0:00:47  0:04:11  251M 16  100G   16 16.1G    0     0   341M      0  0:05:00  0:00:48  0:04:12  265M 16  100G   16 16.4G    0     0   338M      0  0:05:02  0:00:49  0:04:13  254M 16  100G   16 16.6G    0     0   337M      0  0:05:03  0:00:50  0:04:13  258M 16  100G   16 16.9G    0     0   335M      0  0:05:05  0:00:51  0:04:14  249M 17  100G   17 17.1G    0     0   334M      0  0:05:06  0:00:52  0:04:14  251M 17  100G   17 17.4G    0     0   333M      0  0:05:07  0:00:53  0:04:14  253M 17  100G   17 17.6G    0     0   331M      0  0:05:08  0:00:54  0:04:14  264M 17  100G   17 17.9G    0     0   330M      0  0:05:09  0:00:55  0:04:14  261M 18  100G   18 18.2G    0     0   329M      0  0:05:10  0:00:56  0:04:14  271M 18  100G   18 18.4G    0     0   328M      0  0:05:11  0:00:57  0:04:14  273M 18  100G   18 18.7G    0     0   327M      0  0:05:12  0:00:58  0:04:14  272M 19  100G   19 19.0G    0     0   326M      0  0:05:13  0:00:59  0:04:14  269M 19  100G   19 19.2G    0     0   326M      0  0:05:14  0:01:00  0:04:14  273M 19  100G   19 19.5G    0     0   325M      0  0:05:14  0:01:01  0:04:13  274M 19  100G   19 19.8G    0     0   325M      0  0:05:15  0:01:02  0:04:13  281M 20  100G   20 20.1G    0     0   324M      0  0:05:15  0:01:03  0:04:12  283M 20  100G   20 20.3G    0     0   323M      0  0:05:16  0:01:04  0:04:12  280M 20  100G   20 20.6G    0     0   322M      0  0:05:17  0:01:05  0:04:12  273M 20  100G   20 20.8G    0     0   320M      0  0:05:19  0:01:06  0:04:13  262M 21  100G   21 21.0G    0     0   319M      0  0:05:20  0:01:07  0:04:13  246M 21  100G   21 21.3G    0     0   318M      0  0:05:21  0:01:08  0:04:13  244M 21  100G   21 21.5G    0     0   317M      0  0:05:23  0:01:09  0:04:14  237M 21  100G   21 21.7G    0     0   314M      0  0:05:25  0:01:10  0:04:15  222M 21  100G   21 21.9G    0     0   313M      0  0:05:26  0:01:11  0:04:15  215M 22  100G   22 22.0G    0     0   311M      0  0:05:29  0:01:12  0:04:17  201M 22  100G   22 22.2G    0     0   309M      0  0:05:30  0:01:13  0:04:17  186M 22  100G   22 22.4G    0     0   307M      0  0:05:32  0:01:14  0:04:18  178M 22  100G   22 22.6G    0     0   306M      0  0:05:34  0:01:15  0:04:19  183M 22  100G   22 22.8G    0     0   304M      0  0:05:35  0:01:16  0:04:19  185M 23  100G   23 23.0G    0     0   304M      0  0:05:36  0:01:17  0:04:19  208M 23  100G   23 23.2G    0     0   302M      0  0:05:38  0:01:18  0:04:20  204M 23  100G   23 23.4G    0     0   301M      0  0:05:39  0:01:19  0:04:20  215M 23  100G   23 23.6G    0     0   300M      0  0:05:40  0:01:20  0:04:20  211M 23  100G   23 23.8G    0     0   299M      0  0:05:42  0:01:21  0:04:21  209M 24  100G   24 24.0G    0     0   297M      0  0:05:43  0:01:22  0:04:21  193M 24  100G   24 24.1G    0     0   296M      0  0:05:45  0:01:23  0:04:22  192M 24  100G   24 24.3G    0     0   294M      0  0:05:47  0:01:24  0:04:23  183M 24  100G   24 24.6G    0     0   294M      0  0:05:47  0:01:25  0:04:22  196M 24  100G   24 24.8G    0     0   293M      0  0:05:49  0:01:26  0:04:23  198M 25  100G   25 25.0G    0     0   292M      0  0:05:50  0:01:27  0:04:23  204M 25  100G   25 25.2G    0     0   291M      0  0:05:51  0:01:28  0:04:23  211M 25  100G   25 25.3G    0     0   290M      0  0:05:52  0:01:29  0:04:23  209M 25  100G   25 25.6G    0     0   289M      0  0:05:53  0:01:30  0:04:23  205M 25  100G   25 25.7G    0     0   288M      0  0:05:55  0:01:31  0:04:24  200M 25  100G   25 25.9G    0     0   286M      0  0:05:56  0:01:32  0:04:24  191M 26  100G   26 26.1G    0     0   285M      0  0:05:58  0:01:33  0:04:25  186M 26  100G   26 26.3G    0     0   285M      0  0:05:59  0:01:34  0:04:25  194M 26  100G   26 26.5G    0     0   284M      0  0:06:00  0:01:35  0:04:25  187M 26  100G   26 26.7G    0     0   283M      0  0:06:01  0:01:36  0:04:25  188M 26  100G   26 26.9G    0     0   282M      0  0:06:02  0:01:37  0:04:25  200M 27  100G   27 27.1G    0     0   281M      0  0:06:03  0:01:38  0:04:25  204M 27  100G   27 27.3G    0     0   280M      0  0:06:04  0:01:39  0:04:25  202M 27  100G   27 27.5G    0     0   280M      0  0:06:05  0:01:40  0:04:25  208M 27  100G   27 27.7G    0     0   279M      0  0:06:06  0:01:41  0:04:25  206M 27  100G   27 27.8G    0     0   278M      0  0:06:07  0:01:42  0:04:25  194M 28  100G   28 28.0G    0     0   277M      0  0:06:09  0:01:43  0:04:26  192M 28  100G   28 28.2G    0     0   276M      0  0:06:10  0:01:44  0:04:26  187M 28  100G   28 28.4G    0     0   275M      0  0:06:11  0:01:45  0:04:26  184M 28  100G   28 28.6G    0     0   274M      0  0:06:12  0:01:46  0:04:26  184M 28  100G   28 28.7G    0     0   273M      0  0:06:13  0:01:47  0:04:26  185M 29  100G   29 29.0G    0     0   273M      0  0:06:14  0:01:48  0:04:26  191M 29  100G   29 29.1G    0     0   272M      0  0:06:15  0:01:49  0:04:26  189M 29  100G   29 29.3G    0     0   271M      0  0:06:16  0:01:50  0:04:26  183M 29  100G   29 29.5G    0     0   270M      0  0:06:17  0:01:51  0:04:26  185M 29  100G   29 29.6G    0     0   270M      0  0:06:19  0:01:52  0:04:27  185M 29  100G   29 29.8G    0     0   269M      0  0:06:20  0:01:53  0:04:27  172M 30  100G   30 30.0G    0     0   268M      0  0:06:21  0:01:54  0:04:27  175M 30  100G   30 30.2G    0     0   267M      0  0:06:22  0:01:55  0:04:27  183M 30  100G   30 30.4G    0     0   267M      0  0:06:23  0:01:56  0:04:27  185M 30  100G   30 30.6G    0     0   266M      0  0:06:24  0:01:57  0:04:27  187M 30  100G   30 30.8G    0     0   265M      0  0:06:24  0:01:58  0:04:26  196M 31  100G   31 31.0G    0     0   265M      0  0:06:25  0:01:59  0:04:26  209M 31  100G   31 31.2G    0     0   265M      0  0:06:25  0:02:00  0:04:25  206M 31  100G   31 31.4G    0     0   264M      0  0:06:27  0:02:01  0:04:26  199M 31  100G   31 31.5G    0     0   263M      0  0:06:27  0:02:02  0:04:25  201M 31  100G   31 31.8G    0     0   263M      0  0:06:28  0:02:03  0:04:25  203M 31  100G   31 31.9G    0     0   262M      0  0:06:29  0:02:04  0:04:25  192M 32  100G   32 32.2G    0     0   262M      0  0:06:29  0:02:05  0:04:24  198M 32  100G   32 32.4G    0     0   262M      0  0:06:30  0:02:06  0:04:24  209M 32  100G   32 32.6G    0     0   262M      0  0:06:30  0:02:07  0:04:23  223M 32  100G   32 32.9G    0     0   262M      0  0:06:30  0:02:08  0:04:22  232M 33  100G   33 33.1G    0     0   262M      0  0:06:30  0:02:09  0:04:21  244M 33  100G   33 33.3G    0     0   261M      0  0:06:31  0:02:10  0:04:21  239M 33  100G   33 33.5G    0     0   261M      0  0:06:32  0:02:11  0:04:21  233M 33  100G   33 33.7G    0     0   260M      0  0:06:32  0:02:12  0:04:20  218M 33  100G   33 33.9G    0     0   260M      0  0:06:33  0:02:13  0:04:20  204M 34  100G   34 34.1G    0     0   259M      0  0:06:34  0:02:14  0:04:20  190M 34  100G   34 34.2G    0     0   259M      0  0:06:35  0:02:15  0:04:20  187M 34  100G   34 34.4G    0     0   258M      0  0:06:36  0:02:16  0:04:20  185M 34  100G   34 34.6G    0     0   257M      0  0:06:37  0:02:17  0:04:20  183M 34  100G   34 34.8G    0     0   257M      0  0:06:37  0:02:18  0:04:19  186M 35  100G   35 35.0G    0     0   257M      0  0:06:38  0:02:19  0:04:19  193M 35  100G   35 35.2G    0     0   256M      0  0:06:39  0:02:20  0:04:19  189M 35  100G   35 35.3G    0     0   255M      0  0:06:40  0:02:21  0:04:19  187M 35  100G   35 35.5G    0     0   255M      0  0:06:41  0:02:22  0:04:19  185M 35  100G   35 35.7G    0     0   254M      0  0:06:41  0:02:23  0:04:18  180M 35  100G   35 35.9G    0     0   254M      0  0:06:42  0:02:24  0:04:18  173M 36  100G   36 36.0G    0     0   253M      0  0:06:43  0:02:25  0:04:18  170M 36  100G   36 36.2G    0     0   253M      0  0:06:44  0:02:26  0:04:18  173M 36  100G   36 36.4G    0     0   252M      0  0:06:45  0:02:27  0:04:18  175M 36  100G   36 36.6G    0     0   252M      0  0:06:45  0:02:28  0:04:17  179M 36  100G   36 36.7G    0     0   251M      0  0:06:46  0:02:29  0:04:17  182M 36  100G   36 36.9G    0     0   251M      0  0:06:47  0:02:30  0:04:17  184M 37  100G   37 37.1G    0     0   250M      0  0:06:48  0:02:31  0:04:17  184M 37  100G   37 37.2G    0     0   250M      0  0:06:49  0:02:32  0:04:17  179M 37  100G   37 37.4G    0     0   249M      0  0:06:49  0:02:33  0:04:16  180M 37  100G   37 37.6G    0     0   249M      0  0:06:50  0:02:34  0:04:16  175M 37  100G   37 37.8G    0     0   249M      0  0:06:51  0:02:35  0:04:16  180M 38  100G   38 38.0G    0     0   248M      0  0:06:52  0:02:36  0:04:16  179M 38  100G   38 38.2G    0     0   248M      0  0:06:52  0:02:37  0:04:15  188M 38  100G   38 38.3G    0     0   247M      0  0:06:53  0:02:38  0:04:15  183M 38  100G   38 38.5G    0     0   247M      0  0:06:54  0:02:39  0:04:15  177M 38  100G   38 38.6G    0     0   246M      0  0:06:54  0:02:40  0:04:14  176M 38  100G   38 38.8G    0     0   246M      0  0:06:55  0:02:41  0:04:14  180M 39  100G   39 39.0G    0     0   245M      0  0:06:56  0:02:42  0:04:14  172M 39  100G   39 39.2G    0     0   245M      0  0:06:56  0:02:43  0:04:13  178M 39  100G   39 39.4G    0     0   245M      0  0:06:57  0:02:44  0:04:13  189M 39  100G   39 39.6G    0     0   244M      0  0:06:58  0:02:45  0:04:13  184M 39  100G   39 39.8G    0     0   244M      0  0:06:58  0:02:46  0:04:12  186M 39  100G   39 39.9G    0     0   244M      0  0:06:59  0:02:47  0:04:12  189M 40  100G   40 40.1G    0     0   244M      0  0:06:59  0:02:48  0:04:11  191M 40  100G   40 40.3G    0     0   243M      0  0:06:59  0:02:49  0:04:10  194M 40  100G   40 40.5G    0     0   243M      0  0:07:00  0:02:50  0:04:10  203M 40  100G   40 40.8G    0     0   243M      0  0:07:00  0:02:51  0:04:09  205M 40  100G   40 40.9G    0     0   243M      0  0:07:01  0:02:52  0:04:09  206M 41  100G   41 41.2G    0     0   243M      0  0:07:01  0:02:53  0:04:08  210M 41  100G   41 41.3G    0     0   242M      0  0:07:01  0:02:54  0:04:07  204M 41  100G   41 41.6G    0     0   242M      0  0:07:02  0:02:55  0:04:07  207M 41  100G   41 41.8G    0     0   242M      0  0:07:02  0:02:56  0:04:06  207M 42  100G   42 42.0G    0     0   242M      0  0:07:02  0:02:57  0:04:05  210M 42  100G   42 42.2G    0     0   242M      0  0:07:02  0:02:58  0:04:04  210M 42  100G   42 42.4G    0     0   241M      0  0:07:03  0:02:59  0:04:04  215M 42  100G   42 42.6G    0     0   241M      0  0:07:03  0:03:00  0:04:03  208M 42  100G   42 42.8G    0     0   241M      0  0:07:03  0:03:01  0:04:02  207M 43  100G   43 43.0G    0     0   241M      0  0:07:04  0:03:02  0:04:02  213M 43  100G   43 43.2G    0     0   241M      0  0:07:04  0:03:03  0:04:01  211M 43  100G   43 43.5G    0     0   241M      0  0:07:04  0:03:04  0:04:00  218M 43  100G   43 43.6G    0     0   241M      0  0:07:04  0:03:05  0:03:59  217M 43  100G   43 43.8G    0     0   240M      0  0:07:05  0:03:06  0:03:59  217M 44  100G   44 44.0G    0     0   240M      0  0:07:05  0:03:07  0:03:58  204M 44  100G   44 44.2G    0     0   240M      0  0:07:05  0:03:08  0:03:57  205M 44  100G   44 44.4G    0     0   240M      0  0:07:06  0:03:09  0:03:57  189M 44  100G   44 44.6G    0     0   239M      0  0:07:07  0:03:10  0:03:57  188M 44  100G   44 44.7G    0     0   239M      0  0:07:07  0:03:11  0:03:56  184M 44  100G   44 44.9G    0     0   239M      0  0:07:08  0:03:12  0:03:56  191M 45  100G   45 45.1G    0     0   239M      0  0:07:08  0:03:13  0:03:55  187M 45  100G   45 45.3G    0     0   238M      0  0:07:08  0:03:14  0:03:54  190M 45  100G   45 45.5G    0     0   238M      0  0:07:09  0:03:15  0:03:54  198M 45  100G   45 45.7G    0     0   238M      0  0:07:09  0:03:16  0:03:53  205M 46  100G   46 46.0G    0     0   238M      0  0:07:09  0:03:17  0:03:52  209M 46  100G   46 46.1G    0     0   238M      0  0:07:09  0:03:18  0:03:51  204M 46  100G   46 46.3G    0     0   237M      0  0:07:10  0:03:19  0:03:51  200M 46  100G   46 46.5G    0     0   237M      0  0:07:11  0:03:20  0:03:51  191M 46  100G   46 46.6G    0     0   237M      0  0:07:11  0:03:21  0:03:50  184M 46  100G   46 46.9G    0     0   237M      0  0:07:11  0:03:22  0:03:49  184M 47  100G   47 47.1G    0     0   237M      0  0:07:11  0:03:23  0:03:48  192M 47  100G   47 47.3G    0     0   236M      0  0:07:12  0:03:24  0:03:48  201M 47  100G   47 47.5G    0     0   236M      0  0:07:12  0:03:25  0:03:47  215M 47  100G   47 47.7G    0     0   236M      0  0:07:12  0:03:26  0:03:46  212M 47  100G   47 47.9G    0     0   236M      0  0:07:13  0:03:27  0:03:46  208M 48  100G   48 48.1G    0     0   236M      0  0:07:13  0:03:28  0:03:45  210M 48  100G   48 48.3G    0     0   236M      0  0:07:13  0:03:29  0:03:44  209M 48  100G   48 48.5G    0     0   236M      0  0:07:13  0:03:30  0:03:43  201M 48  100G   48 48.7G    0     0   235M      0  0:07:14  0:03:31  0:03:43  205M 48  100G   48 48.9G    0     0   235M      0  0:07:14  0:03:32  0:03:42  198M 49  100G   49 49.0G    0     0   235M      0  0:07:15  0:03:33  0:03:42  189M 49  100G   49 49.3G    0     0   235M      0  0:07:15  0:03:34  0:03:41  195M 49  100G   49 49.5G    0     0   235M      0  0:07:15  0:03:35  0:03:40  198M 49  100G   49 49.7G    0     0   234M      0  0:07:15  0:03:36  0:03:39  197M 49  100G   49 49.9G    0     0   234M      0  0:07:16  0:03:37  0:03:39  204M 50  100G   50 50.0G    0     0   234M      0  0:07:16  0:03:38  0:03:38  206M 50  100G   50 50.2G    0     0   234M      0  0:07:16  0:03:39  0:03:37  193M 50  100G   50 50.4G    0     0   234M      0  0:07:17  0:03:40  0:03:37  184M 50  100G   50 50.5G    0     0   233M      0  0:07:18  0:03:41  0:03:37  181M 50  100G   50 50.7G    0     0   233M      0  0:07:18  0:03:42  0:03:36  172M 50  100G   50 50.9G    0     0   233M      0  0:07:18  0:03:43  0:03:35  174M 51  100G   51 51.1G    0     0   233M      0  0:07:19  0:03:44  0:03:35  175M 51  100G   51 51.3G    0     0   233M      0  0:07:19  0:03:45  0:03:34  188M 51  100G   51 51.4G    0     0   232M      0  0:07:20  0:03:46  0:03:34  184M 51  100G   51 51.6G    0     0   232M      0  0:07:20  0:03:47  0:03:33  192M 51  100G   51 51.8G    0     0   232M      0  0:07:20  0:03:48  0:03:32  192M 52  100G   52 52.0G    0     0   232M      0  0:07:20  0:03:49  0:03:31  194M 52  100G   52 52.3G    0     0   232M      0  0:07:20  0:03:50  0:03:30  199M 52  100G   52 52.5G    0     0   232M      0  0:07:21  0:03:51  0:03:30  206M 52  100G   52 52.6G    0     0   231M      0  0:07:21  0:03:52  0:03:29  199M 52  100G   52 52.8G    0     0   231M      0  0:07:22  0:03:53  0:03:29  195M 53  100G   53 53.0G    0     0   231M      0  0:07:22  0:03:54  0:03:28  199M 53  100G   53 53.2G    0     0   231M      0  0:07:22  0:03:55  0:03:27  187M 53  100G   53 53.3G    0     0   231M      0  0:07:23  0:03:56  0:03:27  182M 53  100G   53 53.5G    0     0   230M      0  0:07:23  0:03:57  0:03:26  187M 53  100G   53 53.7G    0     0   230M      0  0:07:24  0:03:58  0:03:26  182M 53  100G   53 53.9G    0     0   230M      0  0:07:24  0:03:59  0:03:25  182M 54  100G   54 54.1G    0     0   230M      0  0:07:24  0:04:00  0:03:24  188M 54  100G   54 54.3G    0     0   230M      0  0:07:24  0:04:01  0:03:23  190M 54  100G   54 54.5G    0     0   230M      0  0:07:24  0:04:02  0:03:22  193M 54  100G   54 54.6G    0     0   229M      0  0:07:25  0:04:03  0:03:22  198M 54  100G   54 54.8G    0     0   229M      0  0:07:26  0:04:04  0:03:22  186M 55  100G   55 55.0G    0     0   229M      0  0:07:26  0:04:05  0:03:21  176M 55  100G   55 55.1G    0     0   229M      0  0:07:26  0:04:06  0:03:20  175M 55  100G   55 55.3G    0     0   228M      0  0:07:27  0:04:07  0:03:20  171M 55  100G   55 55.4G    0     0   228M      0  0:07:28  0:04:08  0:03:20  161M 55  100G   55 55.6G    0     0   228M      0  0:07:28  0:04:09  0:03:19  167M 55  100G   55 55.8G    0     0   228M      0  0:07:28  0:04:10  0:03:18  168M 55  100G   55 55.9G    0     0   227M      0  0:07:29  0:04:11  0:03:18  167M 56  100G   56 56.1G    0     0   227M      0  0:07:29  0:04:12  0:03:17  168M 56  100G   56 56.3G    0     0   227M      0  0:07:30  0:04:13  0:03:17  173M 56  100G   56 56.4G    0     0   227M      0  0:07:30  0:04:14  0:03:16  170M 56  100G   56 56.6G    0     0   226M      0  0:07:31  0:04:15  0:03:16  167M 56  100G   56 56.8G    0     0   226M      0  0:07:31  0:04:16  0:03:15  169M 56  100G   56 56.9G    0     0   226M      0  0:07:31  0:04:17  0:03:14  167M 57  100G   57 57.1G    0     0   226M      0  0:07:32  0:04:18  0:03:14  167M 57  100G   57 57.3G    0     0   226M      0  0:07:32  0:04:19  0:03:13  169M 57  100G   57 57.4G    0     0   225M      0  0:07:33  0:04:20  0:03:13  169M 57  100G   57 57.6G    0     0   225M      0  0:07:33  0:04:21  0:03:12  169M 57  100G   57 57.8G    0     0   225M      0  0:07:33  0:04:22  0:03:11  177M 58  100G   58 58.0G    0     0   225M      0  0:07:34  0:04:23  0:03:11  179M 58  100G   58 58.1G    0     0   225M      0  0:07:34  0:04:24  0:03:10  179M 58  100G   58 58.3G    0     0   225M      0  0:07:35  0:04:25  0:03:10  182M 58  100G   58 58.5G    0     0   224M      0  0:07:35  0:04:26  0:03:09  184M 58  100G   58 58.7G    0     0   224M      0  0:07:35  0:04:27  0:03:08  175M 58  100G   58 58.8G    0     0   224M      0  0:07:36  0:04:28  0:03:08  177M 59  100G   59 59.0G    0     0   224M      0  0:07:36  0:04:29  0:03:07  171M 59  100G   59 59.1G    0     0   223M      0  0:07:37  0:04:30  0:03:07  168M 59  100G   59 59.3G    0     0   223M      0  0:07:37  0:04:31  0:03:06  165M 59  100G   59 59.5G    0     0   223M      0  0:07:37  0:04:32  0:03:05  164M 59  100G   59 59.6G    0     0   223M      0  0:07:38  0:04:33  0:03:05  162M 59  100G   59 59.8G    0     0   223M      0  0:07:38  0:04:34  0:03:04  168M 60  100G   60 60.0G    0     0   222M      0  0:07:39  0:04:35  0:03:04  167M 60  100G   60 60.1G    0     0   222M      0  0:07:39  0:04:36  0:03:03  168M 60  100G   60 60.3G    0     0   222M      0  0:07:39  0:04:37  0:03:02  170M 60  100G   60 60.5G    0     0   222M      0  0:07:40  0:04:38  0:03:02  167M 60  100G   60 60.6G    0     0   222M      0  0:07:40  0:04:39  0:03:01  162M 60  100G   60 60.8G    0     0   221M      0  0:07:41  0:04:40  0:03:01  168M 61  100G   61 61.0G    0     0   221M      0  0:07:41  0:04:41  0:03:00  171M 61  100G   61 61.1G    0     0   221M      0  0:07:41  0:04:42  0:02:59  168M 61  100G   61 61.3G    0     0   221M      0  0:07:42  0:04:43  0:02:59  171M 61  100G   61 61.5G    0     0   221M      0  0:07:42  0:04:44  0:02:58  175M 61  100G   61 61.6G    0     0   221M      0  0:07:43  0:04:45  0:02:58  175M 61  100G   61 61.8G    0     0   220M      0  0:07:43  0:04:46  0:02:57  168M 62  100G   62 62.0G    0     0   220M      0  0:07:43  0:04:47  0:02:56  177M 62  100G   62 62.1G    0     0   220M      0  0:07:43  0:04:48  0:02:55  174M 62  100G   62 62.3G    0     0   220M      0  0:07:44  0:04:49  0:02:55  171M 62  100G   62 62.4G    0     0   220M      0  0:07:45  0:04:50  0:02:55  166M 62  100G   62 62.6G    0     0   219M      0  0:07:45  0:04:51  0:02:54  160M 62  100G   62 62.7G    0     0   219M      0  0:07:46  0:04:52  0:02:54  146M 62  100G   62 62.9G    0     0   219M      0  0:07:46  0:04:53  0:02:53  147M 63  100G   63 63.0G    0     0   219M      0  0:07:47  0:04:54  0:02:53  148M 63  100G   63 63.2G    0     0   219M      0  0:07:47  0:04:55  0:02:52  148M 63  100G   63 63.3G    0     0   218M      0  0:07:48  0:04:56  0:02:52  150M 63  100G   63 63.5G    0     0   218M      0  0:07:48  0:04:57  0:02:51  155M 63  100G   63 63.6G    0     0   218M      0  0:07:48  0:04:58  0:02:50  154M 63  100G   63 63.8G    0     0   218M      0  0:07:49  0:04:59  0:02:50  156M 64  100G   64 64.0G    0     0   218M      0  0:07:49  0:05:00  0:02:49  160M 64  100G   64 64.1G    0     0   217M      0  0:07:49  0:05:01  0:02:48  167M 64  100G   64 64.3G    0     0   217M      0  0:07:50  0:05:02  0:02:48  173M 64  100G   64 64.5G    0     0   217M      0  0:07:50  0:05:03  0:02:47  179M 64  100G   64 64.7G    0     0   217M      0  0:07:50  0:05:04  0:02:46  181M 64  100G   64 64.9G    0     0   217M      0  0:07:50  0:05:05  0:02:45  184M 65  100G   65 65.1G    0     0   217M      0  0:07:50  0:05:06  0:02:44  190M 65  100G   65 65.3G    0     0   217M      0  0:07:50  0:05:07  0:02:43  195M 65  100G   65 65.5G    0     0   217M      0  0:07:51  0:05:08  0:02:43  198M 65  100G   65 65.7G    0     0   217M      0  0:07:51  0:05:09  0:02:42  204M 65  100G   65 65.8G    0     0   217M      0  0:07:51  0:05:10  0:02:41  203M 66  100G   66 66.0G    0     0   217M      0  0:07:51  0:05:11  0:02:40  191M 66  100G   66 66.2G    0     0   216M      0  0:07:52  0:05:12  0:02:40  186M 66  100G   66 66.4G    0     0   216M      0  0:07:52  0:05:13  0:02:39  184M 66  100G   66 66.5G    0     0   216M      0  0:07:52  0:05:14  0:02:38  180M 66  100G   66 66.7G    0     0   216M      0  0:07:52  0:05:15  0:02:37  175M 66  100G   66 66.9G    0     0   216M      0  0:07:53  0:05:16  0:02:37  178M 67  100G   67 67.0G    0     0   216M      0  0:07:53  0:05:17  0:02:36  176M 67  100G   67 67.2G    0     0   216M      0  0:07:53  0:05:18  0:02:35  168M 67  100G   67 67.4G    0     0   216M      0  0:07:53  0:05:19  0:02:34  169M 67  100G   67 67.6G    0     0   215M      0  0:07:54  0:05:20  0:02:34  177M 67  100G   67 67.8G    0     0   215M      0  0:07:54  0:05:21  0:02:33  179M 67  100G   67 67.9G    0     0   215M      0  0:07:54  0:05:22  0:02:32  181M 68  100G   68 68.1G    0     0   215M      0  0:07:54  0:05:23  0:02:31  182M 68  100G   68 68.3G    0     0   215M      0  0:07:55  0:05:24  0:02:31  180M 68  100G   68 68.5G    0     0   215M      0  0:07:55  0:05:25  0:02:30  184M 68  100G   68 68.6G    0     0   215M      0  0:07:55  0:05:26  0:02:29  180M 68  100G   68 68.8G    0     0   215M      0  0:07:55  0:05:27  0:02:28  181M 69  100G   69 69.0G    0     0   215M      0  0:07:55  0:05:28  0:02:27  187M 69  100G   69 69.2G    0     0   215M      0  0:07:56  0:05:29  0:02:27  185M 69  100G   69 69.3G    0     0   214M      0  0:07:56  0:05:30  0:02:26  174M 69  100G   69 69.5G    0     0   214M      0  0:07:56  0:05:31  0:02:25  182M 69  100G   69 69.7G    0     0   214M      0  0:07:56  0:05:32  0:02:24  180M 69  100G   69 69.9G    0     0   214M      0  0:07:57  0:05:33  0:02:24  178M 70  100G   70 70.0G    0     0   214M      0  0:07:57  0:05:34  0:02:23  173M 70  100G   70 70.2G    0     0   214M      0  0:07:57  0:05:35  0:02:22  174M 70  100G   70 70.4G    0     0   214M      0  0:07:58  0:05:36  0:02:22  170M 70  100G   70 70.5G    0     0   214M      0  0:07:58  0:05:37  0:02:21  174M 70  100G   70 70.7G    0     0   214M      0  0:07:58  0:05:38  0:02:20  176M 70  100G   70 70.9G    0     0   214M      0  0:07:58  0:05:39  0:02:19  188M 71  100G   71 71.1G    0     0   213M      0  0:07:58  0:05:40  0:02:18  195M 71  100G   71 71.3G    0     0   214M      0  0:07:58  0:05:41  0:02:17  201M 71  100G   71 71.5G    0     0   213M      0  0:07:58  0:05:42  0:02:16  200M 71  100G   71 71.7G    0     0   213M      0  0:07:58  0:05:43  0:02:15  196M 71  100G   71 71.9G    0     0   213M      0  0:07:59  0:05:44  0:02:15  187M 72  100G   72 72.0G    0     0   213M      0  0:07:59  0:05:45  0:02:14  185M 72  100G   72 72.2G    0     0   213M      0  0:07:59  0:05:46  0:02:13  179M 72  100G   72 72.4G    0     0   213M      0  0:07:59  0:05:47  0:02:12  172M 72  100G   72 72.5G    0     0   213M      0  0:08:00  0:05:48  0:02:12  169M 72  100G   72 72.7G    0     0   213M      0  0:08:00  0:05:49  0:02:11  173M 72  100G   72 72.9G    0     0   213M      0  0:08:00  0:05:50  0:02:10  174M 73  100G   73 73.1G    0     0   213M      0  0:08:00  0:05:51  0:02:09  178M 73  100G   73 73.2G    0     0   212M      0  0:08:01  0:05:52  0:02:09  179M 73  100G   73 73.4G    0     0   212M      0  0:08:01  0:05:53  0:02:08  181M 73  100G   73 73.6G    0     0   212M      0  0:08:01  0:05:54  0:02:07  178M 73  100G   73 73.7G    0     0   212M      0  0:08:01  0:05:55  0:02:06  172M 73  100G   73 73.9G    0     0   212M      0  0:08:02  0:05:56  0:02:06  164M 74  100G   74 74.1G    0     0   212M      0  0:08:02  0:05:57  0:02:05  168M 74  100G   74 74.3G    0     0   212M      0  0:08:02  0:05:58  0:02:04  173M 74  100G   74 74.4G    0     0   212M      0  0:08:02  0:05:59  0:02:03  172M 74  100G   74 74.6G    0     0   212M      0  0:08:02  0:06:00  0:02:02  181M 74  100G   74 74.8G    0     0   211M      0  0:08:03  0:06:01  0:02:02  184M 75  100G   75 75.0G    0     0   211M      0  0:08:03  0:06:02  0:02:01  183M 75  100G   75 75.1G    0     0   211M      0  0:08:03  0:06:03  0:02:00  180M 75  100G   75 75.3G    0     0   211M      0  0:08:03  0:06:04  0:01:59  182M 75  100G   75 75.5G    0     0   211M      0  0:08:04  0:06:05  0:01:59  173M 75  100G   75 75.6G    0     0   211M      0  0:08:04  0:06:06  0:01:58  173M 75  100G   75 75.9G    0     0   211M      0  0:08:04  0:06:07  0:01:57  181M 76  100G   76 76.0G    0     0   211M      0  0:08:04  0:06:08  0:01:56  183M 76  100G   76 76.2G    0     0   211M      0  0:08:04  0:06:09  0:01:55  192M 76  100G   76 76.4G    0     0   211M      0  0:08:04  0:06:10  0:01:54  197M 76  100G   76 76.6G    0     0   211M      0  0:08:04  0:06:11  0:01:53  194M 76  100G   76 76.8G    0     0   211M      0  0:08:05  0:06:12  0:01:53  186M 76  100G   76 76.9G    0     0   210M      0  0:08:05  0:06:13  0:01:52  180M 77  100G   77 77.1G    0     0   210M      0  0:08:05  0:06:14  0:01:51  176M 77  100G   77 77.3G    0     0   210M      0  0:08:05  0:06:15  0:01:50  179M 77  100G   77 77.5G    0     0   210M      0  0:08:05  0:06:16  0:01:49  180M 77  100G   77 77.7G    0     0   210M      0  0:08:05  0:06:17  0:01:48  185M 77  100G   77 77.9G    0     0   210M      0  0:08:05  0:06:18  0:01:47  192M 78  100G   78 78.0G    0     0   210M      0  0:08:06  0:06:19  0:01:47  185M 78  100G   78 78.2G    0     0   210M      0  0:08:06  0:06:20  0:01:46  179M 78  100G   78 78.3G    0     0   210M      0  0:08:06  0:06:21  0:01:45  178M 78  100G   78 78.5G    0     0   210M      0  0:08:06  0:06:22  0:01:44  174M 78  100G   78 78.7G    0     0   210M      0  0:08:07  0:06:23  0:01:44  166M 78  100G   78 78.8G    0     0   210M      0  0:08:07  0:06:24  0:01:43  167M 79  100G   79 79.0G    0     0   209M      0  0:08:07  0:06:25  0:01:42  168M 79  100G   79 79.1G    0     0   209M      0  0:08:08  0:06:26  0:01:42  162M 79  100G   79 79.3G    0     0   209M      0  0:08:08  0:06:27  0:01:41  152M 79  100G   79 79.4G    0     0   209M      0  0:08:08  0:06:28  0:01:40  156M 79  100G   79 79.6G    0     0   209M      0  0:08:09  0:06:29  0:01:40  152M 79  100G   79 79.8G    0     0   209M      0  0:08:09  0:06:30  0:01:39  156M 79  100G   79 79.9G    0     0   209M      0  0:08:09  0:06:31  0:01:38  158M 80  100G   80 80.1G    0     0   209M      0  0:08:09  0:06:32  0:01:37  168M 80  100G   80 80.3G    0     0   208M      0  0:08:10  0:06:33  0:01:37  171M 80  100G   80 80.4G    0     0   208M      0  0:08:10  0:06:34  0:01:36  171M 80  100G   80 80.6G    0     0   208M      0  0:08:10  0:06:35  0:01:35  169M 80  100G   80 80.8G    0     0   208M      0  0:08:10  0:06:36  0:01:34  172M 80  100G   80 80.9G    0     0   208M      0  0:08:10  0:06:37  0:01:33  173M 81  100G   81 81.1G    0     0   208M      0  0:08:11  0:06:38  0:01:33  167M 81  100G   81 81.2G    0     0   208M      0  0:08:11  0:06:39  0:01:32  168M 81  100G   81 81.4G    0     0   208M      0  0:08:11  0:06:40  0:01:31  160M 81  100G   81 81.5G    0     0   208M      0  0:08:12  0:06:41  0:01:31  156M 81  100G   81 81.7G    0     0   207M      0  0:08:12  0:06:42  0:01:30  157M 81  100G   81 81.9G    0     0   207M      0  0:08:12  0:06:43  0:01:29  159M 82  100G   82 82.0G    0     0   207M      0  0:08:13  0:06:44  0:01:29  160M 82  100G   82 82.2G    0     0   207M      0  0:08:13  0:06:45  0:01:28  165M 82  100G   82 82.4G    0     0   207M      0  0:08:13  0:06:46  0:01:27  169M 82  100G   82 82.5G    0     0   207M      0  0:08:13  0:06:47  0:01:26  164M 82  100G   82 82.7G    0     0   207M      0  0:08:13  0:06:48  0:01:25  171M 82  100G   82 82.9G    0     0   207M      0  0:08:14  0:06:49  0:01:25  172M 83  100G   83 83.0G    0     0   207M      0  0:08:14  0:06:50  0:01:24  167M 83  100G   83 83.2G    0     0   207M      0  0:08:14  0:06:51  0:01:23  165M 83  100G   83 83.3G    0     0   206M      0  0:08:15  0:06:52  0:01:23  162M 83  100G   83 83.5G    0     0   206M      0  0:08:15  0:06:53  0:01:22  151M 83  100G   83 83.6G    0     0   206M      0  0:08:15  0:06:54  0:01:21  149M 83  100G   83 83.7G    0     0   206M      0  0:08:15  0:06:55  0:01:20  151M 83  100G   83 83.9G    0     0   206M      0  0:08:16  0:06:56  0:01:20  150M 84  100G   84 84.0G    0     0   206M      0  0:08:16  0:06:57  0:01:19  149M 84  100G   84 84.2G    0     0   206M      0  0:08:17  0:06:58  0:01:19  147M 84  100G   84 84.3G    0     0   205M      0  0:08:17  0:06:59  0:01:18  143M 84  100G   84 84.4G    0     0   205M      0  0:08:17  0:07:00  0:01:17  139M 84  100G   84 84.6G    0     0   205M      0  0:08:18  0:07:01  0:01:17  139M 84  100G   84 84.7G    0     0   205M      0  0:08:18  0:07:02  0:01:16  141M 84  100G   84 84.9G    0     0   205M      0  0:08:18  0:07:03  0:01:15  144M 85  100G   85 85.0G    0     0   205M      0  0:08:19  0:07:04  0:01:15  151M 85  100G   85 85.2G    0     0   205M      0  0:08:19  0:07:05  0:01:14  154M 85  100G   85 85.3G    0     0   204M      0  0:08:19  0:07:06  0:01:13  156M 85  100G   85 85.5G    0     0   204M      0  0:08:19  0:07:07  0:01:12  160M 85  100G   85 85.7G    0     0   204M      0  0:08:20  0:07:08  0:01:12  161M 85  100G   85 85.8G    0     0   204M      0  0:08:20  0:07:09  0:01:11  164M 86  100G   86 86.0G    0     0   204M      0  0:08:20  0:07:10  0:01:10  167M 86  100G   86 86.2G    0     0   204M      0  0:08:20  0:07:11  0:01:09  169M 86  100G   86 86.3G    0     0   204M      0  0:08:20  0:07:12  0:01:08  169M 86  100G   86 86.5G    0     0   204M      0  0:08:20  0:07:13  0:01:07  172M 86  100G   86 86.7G    0     0   204M      0  0:08:21  0:07:14  0:01:07  167M 86  100G   86 86.8G    0     0   204M      0  0:08:21  0:07:15  0:01:06  161M 87  100G   87 87.0G    0     0   204M      0  0:08:21  0:07:16  0:01:05  164M 87  100G   87 87.1G    0     0   203M      0  0:08:21  0:07:17  0:01:04  161M 87  100G   87 87.3G    0     0   203M      0  0:08:22  0:07:18  0:01:04  159M 87  100G   87 87.4G    0     0   203M      0  0:08:22  0:07:19  0:01:03  157M 87  100G   87 87.6G    0     0   203M      0  0:08:22  0:07:20  0:01:02  160M 87  100G   87 87.7G    0     0   203M      0  0:08:23  0:07:21  0:01:02  157M 87  100G   87 87.9G    0     0   203M      0  0:08:23  0:07:22  0:01:01  157M 88  100G   88 88.1G    0     0   203M      0  0:08:23  0:07:23  0:01:00  158M 88  100G   88 88.3G    0     0   203M      0  0:08:23  0:07:24  0:00:59  172M 88  100G   88 88.4G    0     0   203M      0  0:08:23  0:07:25  0:00:58  177M 88  100G   88 88.6G    0     0   203M      0  0:08:23  0:07:26  0:00:57  182M 88  100G   88 88.8G    0     0   203M      0  0:08:23  0:07:27  0:00:56  185M 89  100G   89 89.0G    0     0   203M      0  0:08:23  0:07:28  0:00:55  186M 89  100G   89 89.1G    0     0   203M      0  0:08:24  0:07:29  0:00:55  180M 89  100G   89 89.3G    0     0   203M      0  0:08:24  0:07:30  0:00:54  181M 89  100G   89 89.5G    0     0   203M      0  0:08:24  0:07:31  0:00:53  182M 89  100G   89 89.7G    0     0   203M      0  0:08:24  0:07:32  0:00:52  181M 89  100G   89 89.9G    0     0   202M      0  0:08:24  0:07:33  0:00:51  183M 90  100G   90 90.0G    0     0   202M      0  0:08:24  0:07:34  0:00:50  180M 90  100G   90 90.2G    0     0   202M      0  0:08:24  0:07:35  0:00:49  175M 90  100G   90 90.4G    0     0   202M      0  0:08:24  0:07:36  0:00:48  174M 90  100G   90 90.5G    0     0   202M      0  0:08:25  0:07:37  0:00:48  173M 90  100G   90 90.7G    0     0   202M      0  0:08:25  0:07:38  0:00:47  171M 90  100G   90 90.9G    0     0   202M      0  0:08:25  0:07:39  0:00:46  170M 91  100G   91 91.0G    0     0   202M      0  0:08:25  0:07:40  0:00:45  173M 91  100G   91 91.2G    0     0   202M      0  0:08:25  0:07:41  0:00:44  178M 91  100G   91 91.4G    0     0   202M      0  0:08:25  0:07:42  0:00:43  179M 91  100G   91 91.6G    0     0   202M      0  0:08:26  0:07:43  0:00:43  177M 91  100G   91 91.7G    0     0   202M      0  0:08:26  0:07:44  0:00:42  176M 91  100G   91 91.9G    0     0   202M      0  0:08:26  0:07:45  0:00:41  174M 92  100G   92 92.1G    0     0   202M      0  0:08:26  0:07:46  0:00:40  166M 92  100G   92 92.2G    0     0   202M      0  0:08:26  0:07:47  0:00:39  166M 92  100G   92 92.4G    0     0   201M      0  0:08:27  0:07:48  0:00:39  165M 92  100G   92 92.5G    0     0   201M      0  0:08:27  0:07:49  0:00:38  166M 92  100G   92 92.7G    0     0   201M      0  0:08:27  0:07:50  0:00:37  161M 92  100G   92 92.8G    0     0   201M      0  0:08:27  0:07:51  0:00:36  160M 93  100G   93 93.0G    0     0   201M      0  0:08:27  0:07:52  0:00:35  160M 93  100G   93 93.2G    0     0   201M      0  0:08:28  0:07:53  0:00:35  163M 93  100G   93 93.4G    0     0   201M      0  0:08:28  0:07:54  0:00:34  168M 93  100G   93 93.5G    0     0   201M      0  0:08:28  0:07:55  0:00:33  170M 93  100G   93 93.7G    0     0   201M      0  0:08:28  0:07:56  0:00:32  172M 93  100G   93 93.8G    0     0   201M      0  0:08:28  0:07:57  0:00:31  165M 94  100G   94 94.0G    0     0   201M      0  0:08:28  0:07:58  0:00:30  167M 94  100G   94 94.2G    0     0   201M      0  0:08:29  0:07:59  0:00:30  166M 94  100G   94 94.4G    0     0   201M      0  0:08:29  0:08:00  0:00:29  172M 94  100G   94 94.5G    0     0   201M      0  0:08:29  0:08:01  0:00:28  179M 94  100G   94 94.7G    0     0   201M      0  0:08:29  0:08:02  0:00:27  187M 94  100G   94 94.9G    0     0   201M      0  0:08:29  0:08:03  0:00:26  188M 95  100G   95 95.1G    0     0   201M      0  0:08:29  0:08:04  0:00:25  184M 95  100G   95 95.3G    0     0   201M      0  0:08:29  0:08:05  0:00:24  187M 95  100G   95 95.5G    0     0   200M      0  0:08:29  0:08:06  0:00:23  185M 95  100G   95 95.6G    0     0   200M      0  0:08:29  0:08:07  0:00:22  188M 95  100G   95 95.8G    0     0   200M      0  0:08:29  0:08:08  0:00:21  190M 96  100G   96 96.0G    0     0   200M      0  0:08:29  0:08:09  0:00:20  194M 96  100G   96 96.2G    0     0   200M      0  0:08:29  0:08:10  0:00:19  194M 96  100G   96 96.4G    0     0   200M      0  0:08:29  0:08:11  0:00:18  192M 96  100G   96 96.6G    0     0   200M      0  0:08:29  0:08:12  0:00:17  187M 96  100G   96 96.8G    0     0   200M      0  0:08:29  0:08:13  0:00:16  189M 96  100G   96 96.9G    0     0   200M      0  0:08:29  0:08:14  0:00:15  187M 97  100G   97 97.1G    0     0   200M      0  0:08:30  0:08:15  0:00:15  182M 97  100G   97 97.3G    0     0   200M      0  0:08:30  0:08:16  0:00:14  178M 97  100G   97 97.4G    0     0   200M      0  0:08:30  0:08:17  0:00:13  179M 97  100G   97 97.6G    0     0   200M      0  0:08:30  0:08:18  0:00:12  173M 97  100G   97 97.8G    0     0   200M      0  0:08:30  0:08:19  0:00:11  175M 98  100G   98 98.0G    0     0   200M      0  0:08:30  0:08:20  0:00:10  181M 98  100G   98 98.2G    0     0   200M      0  0:08:30  0:08:21  0:00:09  190M 98  100G   98 98.3G    0     0   200M      0  0:08:30  0:08:22  0:00:08  186M 98  100G   98 98.5G    0     0   200M      0  0:08:30  0:08:23  0:00:07  188M 98  100G   98 98.7G    0     0   200M      0  0:08:31  0:08:24  0:00:07  183M 98  100G   98 98.9G    0     0   200M      0  0:08:31  0:08:25  0:00:06  179M 99  100G   99 99.0G    0     0   200M      0  0:08:31  0:08:26  0:00:05  169M 99  100G   99 99.2G    0     0   200M      0  0:08:31  0:08:27  0:00:04  174M 99  100G   99 99.4G    0     0   200M      0  0:08:31  0:08:28  0:00:03  174M 99  100G   99 99.5G    0     0   200M      0  0:08:31  0:08:29  0:00:02  169M 99  100G   99 99.7G    0     0   200M      0  0:08:31  0:08:30  0:00:01  168M 99  100G   99 99.9G    0     0   200M      0  0:08:31  0:08:31 --:--:--  178M100  100G  100  100G    0     0   200M      0  0:08:31  0:08:31 --:--:--  178M
  % Total    % Received % Xferd  Average Speed   Time    Time     Time  Current
                                 Dload  Upload   Total   Spent    Left  Speed
  0     0    0     0    0     0      0      0 --:--:-- --:--:-- --:--:--     0  7 1024M    7 80.2M    0     0  81.1M      0  0:00:12 --:--:--  0:00:12 81.0M 17 1024M   17  180M    0     0  92.9M      0  0:00:11  0:00:01  0:00:10 92.9M 30 1024M   30  308M    0     0   104M      0  0:00:09  0:00:02  0:00:07  104M 42 1024M   42  440M    0     0   111M      0  0:00:09  0:00:03  0:00:06  111M 57 1024M   57  584M    0     0   116M      0  0:00:08  0:00:05  0:00:03  116M 73 1024M   73  752M    0     0   126M      0  0:00:08  0:00:05  0:00:03  134M 88 1024M   88  904M    0     0   130M      0  0:00:07  0:00:06  0:00:01  144M100 1024M  100 1024M    0     0   132M      0  0:00:07  0:00:07 --:--:--  149M
  % Total    % Received % Xferd  Average Speed   Time    Time     Time  Current
                                 Dload  Upload   Total   Spent    Left  Speed
  0     0    0     0    0     0      0      0 --:--:-- --:--:-- --:--:--     0  0 10.0G    0 4371k    0     0  22.3M      0  0:07:38 --:--:--  0:07:38 22.2M  1 10.0G    1  116M    0     0  97.4M      0  0:01:45  0:00:01  0:01:44 97.3M  2 10.0G    2  240M    0     0   110M      0  0:01:32  0:00:02  0:01:30  110M  3 10.0G    3  368M    0     0   115M      0  0:01:28  0:00:03  0:01:25  115M  4 10.0G    4  500M    0     0   120M      0  0:01:25  0:00:04  0:01:21  120M  6 10.0G    6  672M    0     0   130M      0  0:01:18  0:00:05  0:01:13  134M  7 10.0G    7  816M    0     0   132M      0  0:01:17  0:00:06  0:01:11  140M  9 10.0G    9  944M    0     0   131M      0  0:01:17  0:00:07  0:01:10  140M 10 10.0G   10 1088M    0     0   133M      0  0:01:16  0:00:08  0:01:08  145M 12 10.0G   12 1260M    0     0   137M      0  0:01:14  0:00:09  0:01:05  151M 13 10.0G   13 1376M    0     0   134M      0  0:01:15  0:00:10  0:01:05  139M 14 10.0G   14 1504M    0     0   134M      0  0:01:16  0:00:11  0:01:05  137M 16 10.0G   16 1651M    0     0   135M      0  0:01:15  0:00:12  0:01:03  141M 17 10.0G   17 1808M    0     0   137M      0  0:01:14  0:00:13  0:01:01  143M 19 10.0G   19 1999M    0     0   141M      0  0:01:12  0:00:14  0:00:58  148M 21 10.0G   21 2223M    0     0   146M      0  0:01:09  0:00:15  0:00:54  171M 23 10.0G   23 2418M    0     0   149M      0  0:01:08  0:00:16  0:00:52  183M 25 10.0G   25 2608M    0     0   151M      0  0:01:07  0:00:17  0:00:50  190M 27 10.0G   27 2796M    0     0   153M      0  0:01:06  0:00:18  0:00:48  196M 29 10.0G   29 2977M    0     0   155M      0  0:01:05  0:00:19  0:00:46  195M 31 10.0G   31 3196M    0     0   158M      0  0:01:04  0:00:20  0:00:44  194M 33 10.0G   33 3420M    0     0   161M      0  0:01:03  0:00:21  0:00:42  199M 35 10.0G   35 3591M    0     0   162M      0  0:01:03  0:00:22  0:00:41  197M 36 10.0G   36 3768M    0     0   162M      0  0:01:02  0:00:23  0:00:39  195M 38 10.0G   38 3924M    0     0   162M      0  0:01:03  0:00:24  0:00:39  188M 39 10.0G   39 4076M    0     0   161M      0  0:01:03  0:00:25  0:00:38  175M 40 10.0G   40 4196M    0     0   160M      0  0:01:03  0:00:26  0:00:37  155M 42 10.0G   42 4316M    0     0   158M      0  0:01:04  0:00:27  0:00:37  144M 44 10.0G   44 4519M    0     0   160M      0  0:01:03  0:00:28  0:00:35  150M 45 10.0G   45 4660M    0     0   159M      0  0:01:04  0:00:29  0:00:35  147M 46 10.0G   46 4776M    0     0   158M      0  0:01:04  0:00:30  0:00:34  140M 47 10.0G   47 4908M    0     0   157M      0  0:01:04  0:00:31  0:00:33  142M 49 10.0G   49 5072M    0     0   157M      0  0:01:04  0:00:32  0:00:32  150M 50 10.0G   50 5200M    0     0   156M      0  0:01:05  0:00:33  0:00:32  135M 52 10.0G   52 5348M    0     0   156M      0  0:01:05  0:00:34  0:00:31  138M 53 10.0G   53 5480M    0     0   155M      0  0:01:05  0:00:35  0:00:30  140M 55 10.0G   55 5657M    0     0   156M      0  0:01:05  0:00:36  0:00:29  149M 56 10.0G   56 5784M    0     0   155M      0  0:01:05  0:00:37  0:00:28  139M 57 10.0G   57 5904M    0     0   154M      0  0:01:06  0:00:38  0:00:28  139M 58 10.0G   58 6028M    0     0   153M      0  0:01:06  0:00:39  0:00:27  134M 60 10.0G   60 6146M    0     0   153M      0  0:01:06  0:00:40  0:00:26  133M 61 10.0G   61 6282M    0     0   152M      0  0:01:07  0:00:41  0:00:26  124M 62 10.0G   62 6400M    0     0   151M      0  0:01:07  0:00:42  0:00:25  125M 63 10.0G   63 6520M    0     0   151M      0  0:01:07  0:00:43  0:00:24  124M 64 10.0G   64 6640M    0     0   150M      0  0:01:08  0:00:44  0:00:24  122M 66 10.0G   66 6760M    0     0   149M      0  0:01:08  0:00:45  0:00:23  120M 67 10.0G   67 6867M    0     0   148M      0  0:01:08  0:00:46  0:00:22  117M 68 10.0G   68 6984M    0     0   148M      0  0:01:09  0:00:47  0:00:22  116M 69 10.0G   69 7128M    0     0   148M      0  0:01:09  0:00:48  0:00:21  121M 70 10.0G   70 7248M    0     0   147M      0  0:01:09  0:00:49  0:00:20  121M 72 10.0G   72 7391M    0     0   147M      0  0:01:09  0:00:50  0:00:19  128M 73 10.0G   73 7552M    0     0   147M      0  0:01:09  0:00:51  0:00:18  136M 75 10.0G   75 7684M    0     0   147M      0  0:01:09  0:00:52  0:00:17  140M 76 10.0G   76 7836M    0     0   147M      0  0:01:09  0:00:53  0:00:16  141M 77 10.0G   77 7964M    0     0   147M      0  0:01:09  0:00:54  0:00:15  144M 79 10.0G   79 8104M    0     0   146M      0  0:01:09  0:00:55  0:00:14  142M 80 10.0G   80 8288M    0     0   147M      0  0:01:09  0:00:56  0:00:13  147M 82 10.0G   82 8432M    0     0   147M      0  0:01:09  0:00:57  0:00:12  148M 83 10.0G   83 8567M    0     0   147M      0  0:01:09  0:00:58  0:00:11  146M 85 10.0G   85 8706M    0     0   147M      0  0:01:09  0:00:59  0:00:10  149M 86 10.0G   86 8836M    0     0   146M      0  0:01:09  0:01:00  0:00:09  146M 87 10.0G   87 8972M    0     0   146M      0  0:01:09  0:01:01  0:00:08  136M 88 10.0G   88 9088M    0     0   146M      0  0:01:10  0:01:02  0:00:08  132M 89 10.0G   89 9204M    0     0   145M      0  0:01:10  0:01:03  0:00:07  127M 90 10.0G   90 9316M    0     0   145M      0  0:01:10  0:01:04  0:00:06  121M 92 10.0G   92 9438M    0     0   144M      0  0:01:10  0:01:05  0:00:05  120M 93 10.0G   93 9556M    0     0   144M      0  0:01:10  0:01:06  0:00:04  117M 94 10.0G   94 9672M    0     0   143M      0  0:01:11  0:01:07  0:00:04  116M 95 10.0G   95 9804M    0     0   143M      0  0:01:11  0:01:08  0:00:03  120M 97 10.0G   97 9936M    0     0   143M      0  0:01:11  0:01:09  0:00:02  124M 98 10.0G   98  9.8G    0     0   143M      0  0:01:11  0:01:10  0:00:01  125M 99 10.0G   99  9.9G    0     0   143M      0  0:01:11  0:01:11 --:--:--  130M100 10.0G  100 10.0G    0     0   143M      0  0:01:11  0:01:11 --:--:--  135M
  % Total    % Received % Xferd  Average Speed   Time    Time     Time  Current
                                 Dload  Upload   Total   Spent    Left  Speed
  0     0    0     0    0     0      0      0 --:--:-- --:--:-- --:--:--     0  0 20.0G    0 74.1M    0     0   100M      0  0:03:23 --:--:--  0:03:23  100M  1 20.0G    1  230M    0     0   132M      0  0:02:34  0:00:01  0:02:33  132M  1 20.0G    1  366M    0     0   134M      0  0:02:31  0:00:02  0:02:29  134M  2 20.0G    2  488M    0     0   131M      0  0:02:35  0:00:03  0:02:32  131M  3 20.0G    3  619M    0     0   131M      0  0:02:35  0:00:04  0:02:31  131M  3 20.0G    3  774M    0     0   135M      0  0:02:31  0:00:05  0:02:26  140M  4 20.0G    4  930M    0     0   138M      0  0:02:27  0:00:06  0:02:21  140M  5 20.0G    5 1038M    0     0   134M      0  0:02:32  0:00:07  0:02:25  134M  5 20.0G    5 1151M    0     0   132M      0  0:02:34  0:00:08  0:02:26  132M  6 20.0G    6 1298M    0     0   133M      0  0:02:33  0:00:09  0:02:24  135M  7 20.0G    7 1442M    0     0   134M      0  0:02:32  0:00:10  0:02:22  133M  7 20.0G    7 1570M    0     0   134M      0  0:02:32  0:00:11  0:02:21  127M  8 20.0G    8 1710M    0     0   134M      0  0:02:32  0:00:12  0:02:20  134M  8 20.0G    8 1829M    0     0   133M      0  0:02:33  0:00:13  0:02:20  135M  9 20.0G    9 1986M    0     0   134M      0  0:02:31  0:00:14  0:02:17  137M 10 20.0G   10 2142M    0     0   135M      0  0:02:30  0:00:15  0:02:15  138M 11 20.0G   11 2298M    0     0   137M      0  0:02:29  0:00:16  0:02:13  144M 12 20.0G   12 2458M    0     0   138M      0  0:02:27  0:00:17  0:02:10  149M 12 20.0G   12 2570M    0     0   137M      0  0:02:29  0:00:18  0:02:11  147M 13 20.0G   13 2730M    0     0   138M      0  0:02:27  0:00:19  0:02:08  148M 13 20.0G   13 2866M    0     0   138M      0  0:02:28  0:00:20  0:02:08  145M 14 20.0G   14 2993M    0     0   137M      0  0:02:28  0:00:21  0:02:07  139M 15 20.0G   15 3174M    0     0   139M      0  0:02:26  0:00:22  0:02:04  143M 16 20.0G   16 3363M    0     0   141M      0  0:02:24  0:00:23  0:02:01  159M 17 20.0G   17 3491M    0     0   141M      0  0:02:24  0:00:24  0:02:00  152M 17 20.0G   17 3626M    0     0   140M      0  0:02:25  0:00:25  0:02:00  152M 18 20.0G   18 3766M    0     0   140M      0  0:02:25  0:00:26  0:01:59  153M 19 20.0G   19 3906M    0     0   140M      0  0:02:25  0:00:27  0:01:58  145M 19 20.0G   19 4038M    0     0   140M      0  0:02:25  0:00:28  0:01:57  134M 20 20.0G   20 4158M    0     0   139M      0  0:02:26  0:00:29  0:01:57  132M 20 20.0G   20 4294M    0     0   139M      0  0:02:26  0:00:30  0:01:56  133M 21 20.0G   21 4441M    0     0   140M      0  0:02:26  0:00:31  0:01:55  135M 22 20.0G   22 4563M    0     0   139M      0  0:02:26  0:00:32  0:01:54  131M 22 20.0G   22 4698M    0     0   139M      0  0:02:27  0:00:33  0:01:54  131M 23 20.0G   23 4838M    0     0   139M      0  0:02:26  0:00:34  0:01:52  136M 24 20.0G   24 4977M    0     0   139M      0  0:02:26  0:00:35  0:01:51  136M 24 20.0G   24 5110M    0     0   139M      0  0:02:27  0:00:36  0:01:51  133M 25 20.0G   25 5254M    0     0   139M      0  0:02:27  0:00:37  0:01:50  137M 26 20.0G   26 5390M    0     0   139M      0  0:02:27  0:00:38  0:01:49  138M 27 20.0G   27 5534M    0     0   139M      0  0:02:27  0:00:39  0:01:48  138M 27 20.0G   27 5662M    0     0   139M      0  0:02:27  0:00:40  0:01:47  136M 28 20.0G   28 5794M    0     0   138M      0  0:02:27  0:00:41  0:01:46  136M 28 20.0G   28 5910M    0     0   138M      0  0:02:28  0:00:42  0:01:46  131M 29 20.0G   29 6062M    0     0   138M      0  0:02:27  0:00:43  0:01:44  134M 30 20.0G   30 6190M    0     0   138M      0  0:02:28  0:00:44  0:01:44  131M 30 20.0G   30 6326M    0     0   138M      0  0:02:28  0:00:45  0:01:43  132M 31 20.0G   31 6462M    0     0   138M      0  0:02:28  0:00:46  0:01:42  134M 32 20.0G   32 6578M    0     0   137M      0  0:02:28  0:00:47  0:01:41  133M 32 20.0G   32 6722M    0     0   137M      0  0:02:28  0:00:48  0:01:40  132M 33 20.0G   33 6854M    0     0   137M      0  0:02:28  0:00:49  0:01:39  133M 34 20.0G   34 6968M    0     0   137M      0  0:02:29  0:00:50  0:01:39  129M 34 20.0G   34 7082M    0     0   136M      0  0:02:29  0:00:51  0:01:38  123M 35 20.0G   35 7228M    0     0   137M      0  0:02:29  0:00:52  0:01:37  130M 35 20.0G   35 7342M    0     0   136M      0  0:02:29  0:00:53  0:01:36  123M 36 20.0G   36 7462M    0     0   136M      0  0:02:30  0:00:54  0:01:36  120M 36 20.0G   36 7574M    0     0   135M      0  0:02:30  0:00:55  0:01:35  120M 37 20.0G   37 7690M    0     0   135M      0  0:02:31  0:00:56  0:01:35  121M 38 20.0G   38 7835M    0     0   135M      0  0:02:30  0:00:57  0:01:33  121M 38 20.0G   38 7942M    0     0   135M      0  0:02:31  0:00:58  0:01:33  119M 39 20.0G   39 8067M    0     0   135M      0  0:02:31  0:00:59  0:01:32  121M 39 20.0G   39 8190M    0     0   134M      0  0:02:31  0:01:00  0:01:31  123M 40 20.0G   40 8314M    0     0   134M      0  0:02:32  0:01:01  0:01:31  124M 41 20.0G   41 8426M    0     0   134M      0  0:02:32  0:01:02  0:01:30  117M 41 20.0G   41 8554M    0     0   134M      0  0:02:32  0:01:03  0:01:29  123M 42 20.0G   42 8666M    0     0   133M      0  0:02:32  0:01:04  0:01:28  119M 43 20.0G   43 8818M    0     0   134M      0  0:02:32  0:01:05  0:01:27  125M 43 20.0G   43 8974M    0     0   134M      0  0:02:32  0:01:06  0:01:26  132M 44 20.0G   44 9134M    0     0   134M      0  0:02:31  0:01:07  0:01:24  141M 45 20.0G   45 9294M    0     0   135M      0  0:02:31  0:01:08  0:01:23  147M 46 20.0G   46 9441M    0     0   135M      0  0:02:31  0:01:09  0:01:22  155M 46 20.0G   46 9590M    0     0   135M      0  0:02:31  0:01:10  0:01:21  154M 47 20.0G   47 9741M    0     0   135M      0  0:02:30  0:01:11  0:01:19  153M 48 20.0G   48 9894M    0     0   136M      0  0:02:30  0:01:12  0:01:18  151M 49 20.0G   49  9.8G    0     0   136M      0  0:02:30  0:01:13  0:01:17  153M 49 20.0G   49  9.9G    0     0   136M      0  0:02:29  0:01:14  0:01:15  153M 50 20.0G   50 10.1G    0     0   136M      0  0:02:29  0:01:15  0:01:14  156M 51 20.0G   51 10.2G    0     0   137M      0  0:02:29  0:01:16  0:01:13  153M 51 20.0G   51 10.3G    0     0   136M      0  0:02:29  0:01:17  0:01:12  150M 52 20.0G   52 10.5G    0     0   136M      0  0:02:29  0:01:18  0:01:11  143M 53 20.0G   53 10.6G    0     0   136M      0  0:02:29  0:01:19  0:01:10  137M 53 20.0G   53 10.7G    0     0   136M      0  0:02:30  0:01:20  0:01:10  128M 54 20.0G   54 10.8G    0     0   135M      0  0:02:30  0:01:21  0:01:09  120M 54 20.0G   54 10.9G    0     0   135M      0  0:02:30  0:01:22  0:01:08  120M 55 20.0G   55 11.1G    0     0   136M      0  0:02:30  0:01:23  0:01:07  123M 56 20.0G   56 11.2G    0     0   136M      0  0:02:29  0:01:24  0:01:05  134M 57 20.0G   57 11.4G    0     0   136M      0  0:02:29  0:01:25  0:01:04  140M 57 20.0G   57 11.5G    0     0   136M      0  0:02:30  0:01:26  0:01:04  145M 58 20.0G   58 11.6G    0     0   136M      0  0:02:30  0:01:27  0:01:03  142M 58 20.0G   58 11.7G    0     0   136M      0  0:02:30  0:01:28  0:01:02  136M 59 20.0G   59 11.9G    0     0   136M      0  0:02:30  0:01:29  0:01:01  127M 60 20.0G   60 12.0G    0     0   136M      0  0:02:30  0:01:30  0:01:00  128M 61 20.0G   61 12.2G    0     0   136M      0  0:02:29  0:01:31  0:00:58  136M 61 20.0G   61 12.3G    0     0   136M      0  0:02:30  0:01:32  0:00:58  136M 62 20.0G   62 12.4G    0     0   136M      0  0:02:30  0:01:33  0:00:57  140M 63 20.0G   63 12.6G    0     0   136M      0  0:02:30  0:01:34  0:00:56  139M 63 20.0G   63 12.7G    0     0   135M      0  0:02:30  0:01:35  0:00:55  130M 63 20.0G   63 12.7G    0     0   135M      0  0:02:31  0:01:36  0:00:55  115M 64 20.0G   64 12.8G    0     0   135M      0  0:02:31  0:01:37  0:00:54  112M 65 20.0G   65 13.0G    0     0   134M      0  0:02:31  0:01:38  0:00:53  106M 65 20.0G   65 13.1G    0     0   134M      0  0:02:32  0:01:39  0:00:53  102M 66 20.0G   66 13.2G    0     0   134M      0  0:02:32  0:01:40  0:00:52  104M 66 20.0G   66 13.3G    0     0   134M      0  0:02:32  0:01:41  0:00:51  108M 67 20.0G   67 13.4G    0     0   133M      0  0:02:33  0:01:42  0:00:51  105M 67 20.0G   67 13.5G    0     0   133M      0  0:02:33  0:01:43  0:00:50  103M 67 20.0G   67 13.5G    0     0   132M      0  0:02:34  0:01:44  0:00:50  101M 68 20.0G   68 13.7G    0     0   132M      0  0:02:34  0:01:45  0:00:49  100M 69 20.0G   69 13.8G    0     0   132M      0  0:02:34  0:01:46  0:00:48 97.8M 69 20.0G   69 13.9G    0     0   132M      0  0:02:34  0:01:47  0:00:47  103M 70 20.0G   70 14.0G    0     0   132M      0  0:02:35  0:01:48  0:00:47  104M 70 20.0G   70 14.1G    0     0   131M      0  0:02:35  0:01:49  0:00:46  107M 71 20.0G   71 14.2G    0     0   131M      0  0:02:35  0:01:50  0:00:45  105M 71 20.0G   71 14.3G    0     0   131M      0  0:02:36  0:01:51  0:00:45  103M 72 20.0G   72 14.4G    0     0   130M      0  0:02:36  0:01:52  0:00:44 99.6M 72 20.0G   72 14.5G    0     0   130M      0  0:02:36  0:01:53  0:00:43 99.0M 73 20.0G   73 14.6G    0     0   130M      0  0:02:36  0:01:54  0:00:42  102M 73 20.0G   73 14.7G    0     0   130M      0  0:02:37  0:01:55  0:00:42  104M 74 20.0G   74 14.8G    0     0   130M      0  0:02:37  0:01:56  0:00:41  105M 74 20.0G   74 14.9G    0     0   129M      0  0:02:37  0:01:57  0:00:40  105M 75 20.0G   75 15.0G    0     0   129M      0  0:02:38  0:01:58  0:00:40  102M 75 20.0G   75 15.1G    0     0   129M      0  0:02:38  0:01:59  0:00:39 98.9M 75 20.0G   75 15.1G    0     0   128M      0  0:02:38  0:02:00  0:00:38 96.3M 76 20.0G   76 15.2G    0     0   128M      0  0:02:39  0:02:01  0:00:38 97.9M 77 20.0G   77 15.4G    0     0   128M      0  0:02:39  0:02:02  0:00:37 98.1M 77 20.0G   77 15.4G    0     0   128M      0  0:02:39  0:02:03  0:00:36  101M 77 20.0G   77 15.5G    0     0   128M      0  0:02:39  0:02:04  0:00:35  101M 78 20.0G   78 15.6G    0     0   127M      0  0:02:40  0:02:05  0:00:35 99.8M 78 20.0G   78 15.7G    0     0   127M      0  0:02:40  0:02:06  0:00:34 99.5M 79 20.0G   79 15.8G    0     0   127M      0  0:02:40  0:02:07  0:00:33 98.7M 79 20.0G   79 15.9G    0     0   127M      0  0:02:40  0:02:08  0:00:32  101M 80 20.0G   80 16.0G    0     0   127M      0  0:02:41  0:02:09  0:00:32  102M 81 20.0G   81 16.2G    0     0   126M      0  0:02:41  0:02:10  0:00:31  107M 81 20.0G   81 16.3G    0     0   126M      0  0:02:41  0:02:11  0:00:30  109M 82 20.0G   82 16.4G    0     0   126M      0  0:02:41  0:02:12  0:00:29  110M 82 20.0G   82 16.5G    0     0   126M      0  0:02:41  0:02:13  0:00:28  108M 83 20.0G   83 16.6G    0     0   126M      0  0:02:41  0:02:14  0:00:27  109M 83 20.0G   83 16.7G    0     0   126M      0  0:02:41  0:02:15  0:00:26  113M 84 20.0G   84 16.8G    0     0   126M      0  0:02:41  0:02:16  0:00:25  115M 84 20.0G   84 16.9G    0     0   126M      0  0:02:42  0:02:17  0:00:25  115M 85 20.0G   85 17.1G    0     0   126M      0  0:02:42  0:02:18  0:00:24  119M 86 20.0G   86 17.2G    0     0   126M      0  0:02:42  0:02:19  0:00:23  119M 86 20.0G   86 17.3G    0     0   126M      0  0:02:42  0:02:20  0:00:22  115M 87 20.0G   87 17.4G    0     0   126M      0  0:02:42  0:02:21  0:00:21  114M 87 20.0G   87 17.5G    0     0   125M      0  0:02:42  0:02:22  0:00:20  115M 88 20.0G   88 17.6G    0     0   125M      0  0:02:42  0:02:23  0:00:19  112M 88 20.0G   88 17.7G    0     0   125M      0  0:02:42  0:02:24  0:00:18  111M 89 20.0G   89 17.8G    0     0   125M      0  0:02:43  0:02:25  0:00:18  111M 89 20.0G   89 17.9G    0     0   125M      0  0:02:43  0:02:26  0:00:17  113M 90 20.0G   90 18.1G    0     0   125M      0  0:02:43  0:02:27  0:00:16  114M 91 20.0G   91 18.2G    0     0   125M      0  0:02:43  0:02:28  0:00:15  112M 91 20.0G   91 18.3G    0     0   125M      0  0:02:43  0:02:29  0:00:14  110M 92 20.0G   92 18.4G    0     0   125M      0  0:02:43  0:02:30  0:00:13  109M 92 20.0G   92 18.5G    0     0   124M      0  0:02:44  0:02:31  0:00:13  102M 92 20.0G   92 18.5G    0     0   124M      0  0:02:44  0:02:32  0:00:12  100M 93 20.0G   93 18.7G    0     0   124M      0  0:02:44  0:02:33  0:00:11  102M 94 20.0G   94 18.8G    0     0   124M      0  0:02:44  0:02:34  0:00:10  102M 94 20.0G   94 18.8G    0     0   124M      0  0:02:44  0:02:35  0:00:09 98.2M 94 20.0G   94 18.9G    0     0   124M      0  0:02:45  0:02:36  0:00:09 99.8M 95 20.0G   95 19.0G    0     0   123M      0  0:02:45  0:02:37  0:00:08  101M 95 20.0G   95 19.1G    0     0   123M      0  0:02:45  0:02:38  0:00:07 99.7M 96 20.0G   96 19.2G    0     0   123M      0  0:02:45  0:02:39  0:00:06 97.6M 97 20.0G   97 19.4G    0     0   123M      0  0:02:45  0:02:40  0:00:05  103M 97 20.0G   97 19.4G    0     0   123M      0  0:02:45  0:02:41  0:00:04  104M 97 20.0G   97 19.5G    0     0   123M      0  0:02:46  0:02:42  0:00:04  103M 98 20.0G   98 19.6G    0     0   123M      0  0:02:46  0:02:43  0:00:03  100M 98 20.0G   98 19.7G    0     0   123M      0  0:02:46  0:02:44  0:00:02  103M 99 20.0G   99 19.9G    0     0   122M      0  0:02:46  0:02:45  0:00:01  102M100 20.0G  100 20.0G    0     0   122M      0  0:02:46  0:02:46 --:--:--  105M
  % Total    % Received % Xferd  Average Speed   Time    Time     Time  Current
                                 Dload  Upload   Total   Spent    Left  Speed
