3: eth1: <BROADCAST,MULTICAST,UP,LOWER_UP> mtu 1500 qdisc mq state UP group default qlen 1000
    link/ether 02:aa:1f:20:41:a6 brd ff:ff:ff:ff:ff:ff
    inet 10.132.1.2/24 scope global eth1
       valid_lft forever preferred_lft forever
default via 10.20.4.1 dev eth0 proto dhcp metric 100 
10.20.4.0/23 dev eth0 proto kernel scope link src 10.20.4.117 metric 100 
10.128.0.0/10 via 10.132.1.1 dev eth1 
10.132.1.0/24 dev eth1 proto kernel scope link src 10.132.1.2 
169.254.169.254 via 10.20.4.11 dev eth0 proto dhcp metric 100 
chmod: cannot access './fabric_node_tools/*.sh': No such file or directory
Rocky Linux 8 - AppStream                       183 kB/s |  11 MB     01:03    
Rocky Linux 8 - BaseOS                          1.3 MB/s | 9.0 MB     00:07    
Rocky Linux 8 - Extras                          130  B/s |  12 kB     01:32    
Dependencies resolved.
================================================================================
 Package               Architecture    Version            Repository       Size
================================================================================
Installing:
 epel-release          noarch          8-17.el8           extras           24 k

Transaction Summary
================================================================================
Install  1 Package

Total download size: 24 k
Installed size: 34 k
Downloading Packages:
[MIRROR] epel-release-8-17.el8.noarch.rpm: Curl error (7): Couldn't connect to server for http://distro.ibiblio.org/rocky/8.6/extras/x86_64/os/Packages/e/epel-release-8-17.el8.noarch.rpm [Failed to connect to distro.ibiblio.org port 80: No route to host]
[MIRROR] epel-release-8-17.el8.noarch.rpm: Curl error (28): Timeout was reached for http://mirrors.rit.edu/rocky/8.6/extras/x86_64/os/Packages/e/epel-release-8-17.el8.noarch.rpm [Operation too slow. Less than 1000 bytes/sec transferred the last 30 seconds]
epel-release-8-17.el8.noarch.rpm                698  B/s |  24 kB     00:35    
--------------------------------------------------------------------------------
Total                                           693  B/s |  24 kB     00:35     
Rocky Linux 8 - Extras                          163 kB/s | 1.6 kB     00:00    
Importing GPG key 0x6D745A60:
 Userid     : "Release Engineering <infrastructure@rockylinux.org>"
 Fingerprint: 7051 C470 A929 F454 CEBE 37B7 15AF 5DAC 6D74 5A60
 From       : /etc/pki/rpm-gpg/RPM-GPG-KEY-rockyofficial
Key imported successfully
Running transaction check
Transaction check succeeded.
Running transaction test
Transaction test succeeded.
Running transaction
  Preparing        :                                                        1/1 
  Installing       : epel-release-8-17.el8.noarch                           1/1 
  Running scriptlet: epel-release-8-17.el8.noarch                           1/1 
Many EPEL packages require the CodeReady Builder (CRB) repository.
It is recommended that you run /usr/bin/crb enable to enable the CRB repository.

  Verifying        : epel-release-8-17.el8.noarch                           1/1 

Installed:
  epel-release-8-17.el8.noarch                                                  

Complete!
Enabling CRB repo
CRB repo is enabled and named: powertools
Rocky Linux 8 - PowerTools                      3.2 MB/s | 2.9 MB     00:00    
Extra Packages for Enterprise Linux 8 - x86_64   10 MB/s |  13 MB     00:01    
Extra Packages for Enterprise Linux Modular 8 - 747 kB/s | 733 kB     00:00    
Last metadata expiration check: 0:00:01 ago on Mon 14 Nov 2022 03:53:54 PM UTC.
Dependencies resolved.
================================================================================
 Package         Arch   Version                                 Repo       Size
================================================================================
Installing:
 httpd           x86_64 2.4.37-47.module+el8.6.0+985+b8ff6398.2 appstream 1.4 M
 iftop           x86_64 1.0-0.21.pre4.el8                       epel       59 k
 iperf3          x86_64 3.5-6.el8                               appstream  99 k
 iproute-tc      x86_64 5.15.0-4.el8_6.1                        baseos    463 k
 net-tools       x86_64 2.0-0.52.20160912git.el8                baseos    321 k
 pciutils        x86_64 3.7.0-1.el8                             baseos    104 k
 tcpdump         x86_64 14:4.9.3-3.el8                          appstream 452 k
 vim-enhanced    x86_64 2:8.0.1763-19.el8_6.4                   appstream 1.4 M
Upgrading:
 iproute         x86_64 5.15.0-4.el8_6.1                        baseos    797 k
Installing dependencies:
 apr             x86_64 1.6.3-12.el8                            appstream 128 k
 apr-util        x86_64 1.6.1-6.el8.1                           appstream 104 k
 gpm-libs        x86_64 1.20.7-17.el8                           appstream  38 k
 httpd-filesystem
                 noarch 2.4.37-47.module+el8.6.0+985+b8ff6398.2 appstream  40 k
 httpd-tools     x86_64 2.4.37-47.module+el8.6.0+985+b8ff6398.2 appstream 107 k
 iptables-libs   x86_64 1.8.4-22.el8                            baseos    106 k
 libibverbs      x86_64 37.2-1.el8                              baseos    384 k
 libpcap         x86_64 14:1.9.1-5.el8                          baseos    168 k
 lksctp-tools    x86_64 1.0.18-3.el8                            baseos     98 k
 mailcap         noarch 2.1.48-3.el8                            baseos     38 k
 mod_http2       x86_64 1.15.7-5.module+el8.6.0+823+f143cee1    appstream 153 k
 rocky-logos-httpd
                 noarch 86.2-1.el8                              baseos     24 k
 vim-common      x86_64 2:8.0.1763-19.el8_6.4                   appstream 6.3 M
 vim-filesystem  noarch 2:8.0.1763-19.el8_6.4                   appstream  49 k
Installing weak dependencies:
 apr-util-bdb    x86_64 1.6.1-6.el8.1                           appstream  23 k
 apr-util-openssl
                 x86_64 1.6.1-6.el8.1                           appstream  26 k
Enabling module streams:
 httpd                  2.4                                                    

Transaction Summary
================================================================================
Install  24 Packages
Upgrade   1 Package

Total download size: 13 M
Downloading Packages:
[MIRROR] apr-1.6.3-12.el8.x86_64.rpm: Curl error (7): Couldn't connect to server for http://mirror.siena.edu/rocky/8.6/AppStream/x86_64/os/Packages/a/apr-1.6.3-12.el8.x86_64.rpm [Failed to connect to mirror.siena.edu port 80: No route to host]
[MIRROR] apr-util-1.6.1-6.el8.1.x86_64.rpm: Curl error (7): Couldn't connect to server for http://mirror.siena.edu/rocky/8.6/AppStream/x86_64/os/Packages/a/apr-util-1.6.1-6.el8.1.x86_64.rpm [Failed to connect to mirror.siena.edu port 80: No route to host]
[MIRROR] apr-util-bdb-1.6.1-6.el8.1.x86_64.rpm: Curl error (7): Couldn't connect to server for http://mirror.siena.edu/rocky/8.6/AppStream/x86_64/os/Packages/a/apr-util-bdb-1.6.1-6.el8.1.x86_64.rpm [Failed to connect to mirror.siena.edu port 80: No route to host]
[MIRROR] apr-1.6.3-12.el8.x86_64.rpm: Curl error (7): Couldn't connect to server for http://distro.ibiblio.org/rocky/8.6/AppStream/x86_64/os/Packages/a/apr-1.6.3-12.el8.x86_64.rpm [Failed to connect to distro.ibiblio.org port 80: No route to host]
[MIRROR] apr-util-1.6.1-6.el8.1.x86_64.rpm: Curl error (7): Couldn't connect to server for http://distro.ibiblio.org/rocky/8.6/AppStream/x86_64/os/Packages/a/apr-util-1.6.1-6.el8.1.x86_64.rpm [Failed to connect to distro.ibiblio.org port 80: No route to host]
[MIRROR] apr-util-bdb-1.6.1-6.el8.1.x86_64.rpm: Curl error (7): Couldn't connect to server for http://distro.ibiblio.org/rocky/8.6/AppStream/x86_64/os/Packages/a/apr-util-bdb-1.6.1-6.el8.1.x86_64.rpm [Failed to connect to distro.ibiblio.org port 80: No route to host]
(1/25): apr-util-bdb-1.6.1-6.el8.1.x86_64.rpm   3.4 kB/s |  23 kB     00:06    
(2/25): apr-util-1.6.1-6.el8.1.x86_64.rpm        15 kB/s | 104 kB     00:06    
(3/25): apr-1.6.3-12.el8.x86_64.rpm              19 kB/s | 128 kB     00:06    
[MIRROR] apr-util-openssl-1.6.1-6.el8.1.x86_64.rpm: Curl error (7): Couldn't connect to server for http://distro.ibiblio.org/rocky/8.6/AppStream/x86_64/os/Packages/a/apr-util-openssl-1.6.1-6.el8.1.x86_64.rpm [Failed to connect to distro.ibiblio.org port 80: No route to host]
[MIRROR] gpm-libs-1.20.7-17.el8.x86_64.rpm: Curl error (7): Couldn't connect to server for http://distro.ibiblio.org/rocky/8.6/AppStream/x86_64/os/Packages/g/gpm-libs-1.20.7-17.el8.x86_64.rpm [Failed to connect to distro.ibiblio.org port 80: No route to host]
[MIRROR] httpd-2.4.37-47.module+el8.6.0+985+b8ff6398.2.x86_64.rpm: Curl error (7): Couldn't connect to server for http://distro.ibiblio.org/rocky/8.6/AppStream/x86_64/os/Packages/h/httpd-2.4.37-47.module%2bel8.6.0%2b985%2bb8ff6398.2.x86_64.rpm [Failed to connect to distro.ibiblio.org port 80: No route to host]
(4/25): gpm-libs-1.20.7-17.el8.x86_64.rpm        15 kB/s |  38 kB     00:02    
(5/25): apr-util-openssl-1.6.1-6.el8.1.x86_64.r 9.8 kB/s |  26 kB     00:02    
(6/25): httpd-filesystem-2.4.37-47.module+el8.6 460 kB/s |  40 kB     00:00    
(7/25): httpd-tools-2.4.37-47.module+el8.6.0+98 1.2 MB/s | 107 kB     00:00    
(8/25): mod_http2-1.15.7-5.module+el8.6.0+823+f 3.3 MB/s | 153 kB     00:00    
(9/25): iperf3-3.5-6.el8.x86_64.rpm             1.1 MB/s |  99 kB     00:00    
(10/25): tcpdump-4.9.3-3.el8.x86_64.rpm         5.0 MB/s | 452 kB     00:00    
(11/25): httpd-2.4.37-47.module+el8.6.0+985+b8f 513 kB/s | 1.4 MB     00:02    
(12/25): vim-filesystem-8.0.1763-19.el8_6.4.noa 1.1 MB/s |  49 kB     00:00    
(13/25): vim-enhanced-8.0.1763-19.el8_6.4.x86_6  13 MB/s | 1.4 MB     00:00    
(14/25): vim-common-8.0.1763-19.el8_6.4.x86_64.  22 MB/s | 6.3 MB     00:00    
[MIRROR] iproute-tc-5.15.0-4.el8_6.1.x86_64.rpm: Curl error (7): Couldn't connect to server for http://distro.ibiblio.org/rocky/8.6/BaseOS/x86_64/os/Packages/i/iproute-tc-5.15.0-4.el8_6.1.x86_64.rpm [Failed to connect to distro.ibiblio.org port 80: No route to host]
[MIRROR] iptables-libs-1.8.4-22.el8.x86_64.rpm: Curl error (7): Couldn't connect to server for http://distro.ibiblio.org/rocky/8.6/BaseOS/x86_64/os/Packages/i/iptables-libs-1.8.4-22.el8.x86_64.rpm [Failed to connect to distro.ibiblio.org port 80: No route to host]
[MIRROR] libibverbs-37.2-1.el8.x86_64.rpm: Curl error (7): Couldn't connect to server for http://distro.ibiblio.org/rocky/8.6/BaseOS/x86_64/os/Packages/l/libibverbs-37.2-1.el8.x86_64.rpm [Failed to connect to distro.ibiblio.org port 80: No route to host]
[MIRROR] iproute-tc-5.15.0-4.el8_6.1.x86_64.rpm: Curl error (7): Couldn't connect to server for http://mirror.siena.edu/rocky/8.6/BaseOS/x86_64/os/Packages/i/iproute-tc-5.15.0-4.el8_6.1.x86_64.rpm [Failed to connect to mirror.siena.edu port 80: No route to host]
[MIRROR] iptables-libs-1.8.4-22.el8.x86_64.rpm: Curl error (7): Couldn't connect to server for http://mirror.siena.edu/rocky/8.6/BaseOS/x86_64/os/Packages/i/iptables-libs-1.8.4-22.el8.x86_64.rpm [Failed to connect to mirror.siena.edu port 80: No route to host]
[MIRROR] libibverbs-37.2-1.el8.x86_64.rpm: Curl error (7): Couldn't connect to server for http://mirror.siena.edu/rocky/8.6/BaseOS/x86_64/os/Packages/l/libibverbs-37.2-1.el8.x86_64.rpm [Failed to connect to mirror.siena.edu port 80: No route to host]
[MIRROR] iproute-tc-5.15.0-4.el8_6.1.x86_64.rpm: Curl error (28): Timeout was reached for http://mirrors.rit.edu/rocky/8.6/BaseOS/x86_64/os/Packages/i/iproute-tc-5.15.0-4.el8_6.1.x86_64.rpm [Operation too slow. Less than 1000 bytes/sec transferred the last 30 seconds]
[MIRROR] iptables-libs-1.8.4-22.el8.x86_64.rpm: Curl error (28): Timeout was reached for http://mirrors.rit.edu/rocky/8.6/BaseOS/x86_64/os/Packages/i/iptables-libs-1.8.4-22.el8.x86_64.rpm [Operation too slow. Less than 1000 bytes/sec transferred the last 30 seconds]
[MIRROR] libibverbs-37.2-1.el8.x86_64.rpm: Curl error (28): Timeout was reached for http://mirrors.rit.edu/rocky/8.6/BaseOS/x86_64/os/Packages/l/libibverbs-37.2-1.el8.x86_64.rpm [Operation too slow. Less than 1000 bytes/sec transferred the last 30 seconds]
(15/25): iptables-libs-1.8.4-22.el8.x86_64.rpm  2.8 kB/s | 106 kB     00:37    
(16/25): libibverbs-37.2-1.el8.x86_64.rpm        10 kB/s | 384 kB     00:37    
(17/25): iproute-tc-5.15.0-4.el8_6.1.x86_64.rpm  12 kB/s | 463 kB     00:37    
[MIRROR] libpcap-1.9.1-5.el8.x86_64.rpm: Curl error (7): Couldn't connect to server for http://mirror.siena.edu/rocky/8.6/BaseOS/x86_64/os/Packages/l/libpcap-1.9.1-5.el8.x86_64.rpm [Failed to connect to mirror.siena.edu port 80: No route to host]
[MIRROR] lksctp-tools-1.0.18-3.el8.x86_64.rpm: Curl error (7): Couldn't connect to server for http://mirror.siena.edu/rocky/8.6/BaseOS/x86_64/os/Packages/l/lksctp-tools-1.0.18-3.el8.x86_64.rpm [Failed to connect to mirror.siena.edu port 80: No route to host]
[MIRROR] mailcap-2.1.48-3.el8.noarch.rpm: Curl error (7): Couldn't connect to server for http://mirror.siena.edu/rocky/8.6/BaseOS/x86_64/os/Packages/m/mailcap-2.1.48-3.el8.noarch.rpm [Failed to connect to mirror.siena.edu port 80: No route to host]
(18/25): mailcap-2.1.48-3.el8.noarch.rpm         11 kB/s |  38 kB     00:03    
(19/25): libpcap-1.9.1-5.el8.x86_64.rpm          44 kB/s | 168 kB     00:03    
(20/25): lksctp-tools-1.0.18-3.el8.x86_64.rpm    26 kB/s |  98 kB     00:03    
(21/25): net-tools-2.0-0.52.20160912git.el8.x86 1.0 MB/s | 321 kB     00:00    
(22/25): pciutils-3.7.0-1.el8.x86_64.rpm        835 kB/s | 104 kB     00:00    
(23/25): rocky-logos-httpd-86.2-1.el8.noarch.rp 193 kB/s |  24 kB     00:00    
(24/25): iproute-5.15.0-4.el8_6.1.x86_64.rpm    2.6 MB/s | 797 kB     00:00    
(25/25): iftop-1.0-0.21.pre4.el8.x86_64.rpm     149 kB/s |  59 kB     00:00    
--------------------------------------------------------------------------------
Total                                           250 kB/s |  13 MB     00:52     
Extra Packages for Enterprise Linux 8 - x86_64  1.6 MB/s | 1.6 kB     00:00    
Importing GPG key 0x2F86D6A1:
 Userid     : "Fedora EPEL (8) <epel@fedoraproject.org>"
 Fingerprint: 94E2 79EB 8D8F 25B2 1810 ADF1 21EA 45AB 2F86 D6A1
 From       : /etc/pki/rpm-gpg/RPM-GPG-KEY-EPEL-8
Key imported successfully
Running transaction check
Transaction check succeeded.
Running transaction test
Transaction test succeeded.
Running transaction
  Preparing        :                                                        1/1 
  Installing       : apr-1.6.3-12.el8.x86_64                               1/26 
  Running scriptlet: apr-1.6.3-12.el8.x86_64                               1/26 
  Installing       : apr-util-bdb-1.6.1-6.el8.1.x86_64                     2/26 
  Installing       : apr-util-openssl-1.6.1-6.el8.1.x86_64                 3/26 
  Installing       : apr-util-1.6.1-6.el8.1.x86_64                         4/26 
  Running scriptlet: apr-util-1.6.1-6.el8.1.x86_64                         4/26 
  Installing       : httpd-tools-2.4.37-47.module+el8.6.0+985+b8ff6398.    5/26 
  Upgrading        : iproute-5.15.0-4.el8_6.1.x86_64                       6/26 
  Installing       : rocky-logos-httpd-86.2-1.el8.noarch                   7/26 
  Installing       : mailcap-2.1.48-3.el8.noarch                           8/26 
  Installing       : lksctp-tools-1.0.18-3.el8.x86_64                      9/26 
  Running scriptlet: lksctp-tools-1.0.18-3.el8.x86_64                      9/26 
  Installing       : libibverbs-37.2-1.el8.x86_64                         10/26 
  Running scriptlet: libibverbs-37.2-1.el8.x86_64                         10/26 
  Installing       : libpcap-14:1.9.1-5.el8.x86_64                        11/26 
  Installing       : iptables-libs-1.8.4-22.el8.x86_64                    12/26 
  Installing       : vim-filesystem-2:8.0.1763-19.el8_6.4.noarch          13/26 
  Installing       : vim-common-2:8.0.1763-19.el8_6.4.x86_64              14/26 
  Running scriptlet: httpd-filesystem-2.4.37-47.module+el8.6.0+985+b8ff   15/26 
  Installing       : httpd-filesystem-2.4.37-47.module+el8.6.0+985+b8ff   15/26 
  Installing       : mod_http2-1.15.7-5.module+el8.6.0+823+f143cee1.x86   16/26 
  Installing       : httpd-2.4.37-47.module+el8.6.0+985+b8ff6398.2.x86_   17/26 
  Running scriptlet: httpd-2.4.37-47.module+el8.6.0+985+b8ff6398.2.x86_   17/26 
  Installing       : gpm-libs-1.20.7-17.el8.x86_64                        18/26 
  Running scriptlet: gpm-libs-1.20.7-17.el8.x86_64                        18/26 
  Installing       : vim-enhanced-2:8.0.1763-19.el8_6.4.x86_64            19/26 
  Installing       : iproute-tc-5.15.0-4.el8_6.1.x86_64                   20/26 
  Running scriptlet: tcpdump-14:4.9.3-3.el8.x86_64                        21/26 
  Installing       : tcpdump-14:4.9.3-3.el8.x86_64                        21/26 
  Installing       : iftop-1.0-0.21.pre4.el8.x86_64                       22/26 
  Installing       : iperf3-3.5-6.el8.x86_64                              23/26 
  Running scriptlet: iperf3-3.5-6.el8.x86_64                              23/26 
  Installing       : pciutils-3.7.0-1.el8.x86_64                          24/26 
  Installing       : net-tools-2.0-0.52.20160912git.el8.x86_64            25/26 
  Running scriptlet: net-tools-2.0-0.52.20160912git.el8.x86_64            25/26 
  Cleanup          : iproute-5.12.0-4.el8.x86_64                          26/26 
  Running scriptlet: httpd-2.4.37-47.module+el8.6.0+985+b8ff6398.2.x86_   26/26 
  Running scriptlet: iproute-5.12.0-4.el8.x86_64                          26/26 
  Running scriptlet: vim-common-2:8.0.1763-19.el8_6.4.x86_64              26/26 
  Verifying        : apr-1.6.3-12.el8.x86_64                               1/26 
  Verifying        : apr-util-1.6.1-6.el8.1.x86_64                         2/26 
  Verifying        : apr-util-bdb-1.6.1-6.el8.1.x86_64                     3/26 
  Verifying        : apr-util-openssl-1.6.1-6.el8.1.x86_64                 4/26 
  Verifying        : gpm-libs-1.20.7-17.el8.x86_64                         5/26 
  Verifying        : httpd-2.4.37-47.module+el8.6.0+985+b8ff6398.2.x86_    6/26 
  Verifying        : httpd-filesystem-2.4.37-47.module+el8.6.0+985+b8ff    7/26 
  Verifying        : httpd-tools-2.4.37-47.module+el8.6.0+985+b8ff6398.    8/26 
  Verifying        : iperf3-3.5-6.el8.x86_64                               9/26 
  Verifying        : mod_http2-1.15.7-5.module+el8.6.0+823+f143cee1.x86   10/26 
  Verifying        : tcpdump-14:4.9.3-3.el8.x86_64                        11/26 
  Verifying        : vim-common-2:8.0.1763-19.el8_6.4.x86_64              12/26 
  Verifying        : vim-enhanced-2:8.0.1763-19.el8_6.4.x86_64            13/26 
  Verifying        : vim-filesystem-2:8.0.1763-19.el8_6.4.noarch          14/26 
  Verifying        : iproute-tc-5.15.0-4.el8_6.1.x86_64                   15/26 
  Verifying        : iptables-libs-1.8.4-22.el8.x86_64                    16/26 
  Verifying        : libibverbs-37.2-1.el8.x86_64                         17/26 
  Verifying        : libpcap-14:1.9.1-5.el8.x86_64                        18/26 
  Verifying        : lksctp-tools-1.0.18-3.el8.x86_64                     19/26 
  Verifying        : mailcap-2.1.48-3.el8.noarch                          20/26 
  Verifying        : net-tools-2.0-0.52.20160912git.el8.x86_64            21/26 
  Verifying        : pciutils-3.7.0-1.el8.x86_64                          22/26 
  Verifying        : rocky-logos-httpd-86.2-1.el8.noarch                  23/26 
  Verifying        : iftop-1.0-0.21.pre4.el8.x86_64                       24/26 
  Verifying        : iproute-5.15.0-4.el8_6.1.x86_64                      25/26 
  Verifying        : iproute-5.12.0-4.el8.x86_64                          26/26 

Upgraded:
  iproute-5.15.0-4.el8_6.1.x86_64                                               
Installed:
  apr-1.6.3-12.el8.x86_64                                                       
  apr-util-1.6.1-6.el8.1.x86_64                                                 
  apr-util-bdb-1.6.1-6.el8.1.x86_64                                             
  apr-util-openssl-1.6.1-6.el8.1.x86_64                                         
  gpm-libs-1.20.7-17.el8.x86_64                                                 
  httpd-2.4.37-47.module+el8.6.0+985+b8ff6398.2.x86_64                          
  httpd-filesystem-2.4.37-47.module+el8.6.0+985+b8ff6398.2.noarch               
  httpd-tools-2.4.37-47.module+el8.6.0+985+b8ff6398.2.x86_64                    
  iftop-1.0-0.21.pre4.el8.x86_64                                                
  iperf3-3.5-6.el8.x86_64                                                       
  iproute-tc-5.15.0-4.el8_6.1.x86_64                                            
  iptables-libs-1.8.4-22.el8.x86_64                                             
  libibverbs-37.2-1.el8.x86_64                                                  
  libpcap-14:1.9.1-5.el8.x86_64                                                 
  lksctp-tools-1.0.18-3.el8.x86_64                                              
  mailcap-2.1.48-3.el8.noarch                                                   
  mod_http2-1.15.7-5.module+el8.6.0+823+f143cee1.x86_64                         
  net-tools-2.0-0.52.20160912git.el8.x86_64                                     
  pciutils-3.7.0-1.el8.x86_64                                                   
  rocky-logos-httpd-86.2-1.el8.noarch                                           
  tcpdump-14:4.9.3-3.el8.x86_64                                                 
  vim-common-2:8.0.1763-19.el8_6.4.x86_64                                       
  vim-enhanced-2:8.0.1763-19.el8_6.4.x86_64                                     
  vim-filesystem-2:8.0.1763-19.el8_6.4.noarch                                   

Complete!
sudo: ./fabric_node_tools/host_tune_redhat.sh: command not found
mke2fs 1.45.6 (20-Mar-2020)
Creating filesystem with 262144000 4k blocks and 65536000 inodes
Filesystem UUID: 8e900436-8b41-4a5c-abf4-319a40631a47
Superblock backups stored on blocks: 
	32768, 98304, 163840, 229376, 294912, 819200, 884736, 1605632, 2654208, 
	4096000, 7962624, 11239424, 20480000, 23887872, 71663616, 78675968, 
	102400000, 214990848

Allocating group tables:    0/8000         done                            
Writing inode tables:    0/8000         done                            
Creating journal (262144 blocks): done
Writing superblocks and filesystem accounting information:    0/8000 626/8000         done

Last metadata expiration check: 0:14:46 ago on Mon 14 Nov 2022 03:53:54 PM UTC.
Package epel-release-8-17.el8.noarch is already installed.
Dependencies resolved.
================================================================================
 Package               Architecture    Version              Repository     Size
================================================================================
Upgrading:
 epel-release          noarch          8-18.el8             epel           24 k

Transaction Summary
================================================================================
Upgrade  1 Package

Total download size: 24 k
Downloading Packages:
epel-release-8-18.el8.noarch.rpm                 91 kB/s |  24 kB     00:00    
--------------------------------------------------------------------------------
Total                                            32 kB/s |  24 kB     00:00     
Running transaction check
Transaction check succeeded.
Running transaction test
Transaction test succeeded.
Running transaction
  Preparing        :                                                        1/1 
  Running scriptlet: epel-release-8-18.el8.noarch                           1/1 
  Upgrading        : epel-release-8-18.el8.noarch                           1/2 
  Running scriptlet: epel-release-8-18.el8.noarch                           1/2 
  Cleanup          : epel-release-8-17.el8.noarch                           2/2 
  Running scriptlet: epel-release-8-17.el8.noarch                           2/2 
  Verifying        : epel-release-8-18.el8.noarch                           1/2 
  Verifying        : epel-release-8-17.el8.noarch                           2/2 

Upgraded:
  epel-release-8-18.el8.noarch                                                  

Complete!
Enabling CRB repo
CRB repo is enabled and named: powertools
Rocky Linux 8 - PowerTools                      2.0 kB/s | 4.8 kB     00:02    
Package httpd-2.4.37-47.module+el8.6.0+985+b8ff6398.2.x86_64 is already installed.
Package iproute-tc-5.15.0-4.el8_6.1.x86_64 is already installed.
Package net-tools-2.0-0.52.20160912git.el8.x86_64 is already installed.
Package pciutils-3.7.0-1.el8.x86_64 is already installed.
Package tcpdump-14:4.9.3-3.el8.x86_64 is already installed.
Package iftop-1.0-0.21.pre4.el8.x86_64 is already installed.
Package iperf3-3.5-6.el8.x86_64 is already installed.
Package vim-enhanced-2:8.0.1763-19.el8_6.4.x86_64 is already installed.
Dependencies resolved.
Nothing to do.
Complete!
dev
* Applying /usr/lib/sysctl.d/10-default-yama-scope.conf ...
kernel.yama.ptrace_scope = 0
* Applying /usr/lib/sysctl.d/50-coredump.conf ...
kernel.core_pattern = |/usr/lib/systemd/systemd-coredump %P %u %g %s %t %c %h %e
kernel.core_pipe_limit = 16
* Applying /usr/lib/sysctl.d/50-default.conf ...
kernel.sysrq = 16
kernel.core_uses_pid = 1
kernel.kptr_restrict = 1
net.ipv4.conf.all.rp_filter = 1
net.ipv4.conf.all.accept_source_route = 0
net.ipv4.conf.all.promote_secondaries = 1
net.core.default_qdisc = fq_codel
fs.protected_hardlinks = 1
fs.protected_symlinks = 1
* Applying /usr/lib/sysctl.d/50-libkcapi-optmem_max.conf ...
net.core.optmem_max = 81920
* Applying /usr/lib/sysctl.d/50-pid-max.conf ...
kernel.pid_max = 4194304
* Applying /etc/sysctl.d/99-sysctl.conf ...
net.core.rmem_max = 536870912
net.core.wmem_max = 536870912
net.ipv4.tcp_rmem = 4096 87380 536870912
net.ipv4.tcp_wmem = 4096 65536 536870912
net.ipv4.tcp_congestion_control = bbr
net.ipv4.tcp_mtu_probing = 1
net.core.default_qdisc = fq
* Applying /etc/sysctl.conf ...
net.core.rmem_max = 536870912
net.core.wmem_max = 536870912
net.ipv4.tcp_rmem = 4096 87380 536870912
net.ipv4.tcp_wmem = 4096 65536 536870912
net.ipv4.tcp_congestion_control = bbr
net.ipv4.tcp_mtu_probing = 1
net.core.default_qdisc = fq
mkdir: cannot create directory ‘/mnt/fabric_storage’: File exists
mke2fs 1.45.6 (20-Mar-2020)
/dev/vdb is mounted; will not make a filesystem here!
mount: /mnt/fabric_storage: /dev/vdb already mounted on /mnt/fabric_storage.
  % Total    % Received % Xferd  Average Speed   Time    Time     Time  Current
                                 Dload  Upload   Total   Spent    Left  Speed
  0     0    0     0    0     0      0      0 --:--:-- --:--:-- --:--:--     0  5 1024M    5 51.8M    0     0  65.7M      0  0:00:15 --:--:--  0:00:15 65.7M 14 1024M   14  146M    0     0  82.0M      0  0:00:12  0:00:01  0:00:11 82.0M 24 1024M   24  247M    0     0  88.4M      0  0:00:11  0:00:02  0:00:09 88.4M 34 1024M   34  349M    0     0  92.2M      0  0:00:11  0:00:03  0:00:08 92.2M 44 1024M   44  453M    0     0  94.8M      0  0:00:10  0:00:04  0:00:06 94.8M 54 1024M   54  561M    0     0  97.1M      0  0:00:10  0:00:05  0:00:05  102M 65 1024M   65  669M    0     0  98.7M      0  0:00:10  0:00:06  0:00:04  104M 75 1024M   75  777M    0     0  99.9M      0  0:00:10  0:00:07  0:00:03  106M 86 1024M   86  887M    0     0   101M      0  0:00:10  0:00:08  0:00:02  107M 97 1024M   97  998M    0     0   102M      0  0:00:10  0:00:09  0:00:01  108M100 1024M  100 1024M    0     0   102M      0  0:00:10  0:00:10 --:--:--  109M
  % Total    % Received % Xferd  Average Speed   Time    Time     Time  Current
                                 Dload  Upload   Total   Spent    Left  Speed
  0     0    0     0    0     0      0      0 --:--:-- --:--:-- --:--:--     0  0 10.0G    0 51.1M    0     0  67.4M      0  0:02:31 --:--:--  0:02:31 67.3M  1 10.0G    1  150M    0     0  86.3M      0  0:01:58  0:00:01  0:01:57 86.2M  2 10.0G    2  259M    0     0  94.7M      0  0:01:48  0:00:02  0:01:46 94.6M  3 10.0G    3  374M    0     0   100M      0  0:01:42  0:00:03  0:01:39  100M  4 10.0G    4  493M    0     0   103M      0  0:01:38  0:00:04  0:01:34  103M  5 10.0G    5  611M    0     0   106M      0  0:01:36  0:00:05  0:01:31  112M  7 10.0G    7  737M    0     0   109M      0  0:01:33  0:00:06  0:01:27  117M  8 10.0G    8  861M    0     0   111M      0  0:01:31  0:00:07  0:01:24  120M  9 10.0G    9  986M    0     0   112M      0  0:01:30  0:00:08  0:01:22  122M 10 10.0G   10 1113M    0     0   114M      0  0:01:29  0:00:09  0:01:20  124M 12 10.0G   12 1240M    0     0   115M      0  0:01:28  0:00:10  0:01:18  125M 13 10.0G   13 1360M    0     0   115M      0  0:01:28  0:00:11  0:01:17  124M 14 10.0G   14 1479M    0     0   116M      0  0:01:28  0:00:12  0:01:16  123M 15 10.0G   15 1596M    0     0   116M      0  0:01:28  0:00:13  0:01:15  121M 16 10.0G   16 1712M    0     0   116M      0  0:01:28  0:00:14  0:01:14  120M 17 10.0G   17 1829M    0     0   116M      0  0:01:28  0:00:15  0:01:13  117M 18 10.0G   18 1942M    0     0   116M      0  0:01:28  0:00:16  0:01:12  116M 20 10.0G   20 2061M    0     0   116M      0  0:01:28  0:00:17  0:01:11  116M 21 10.0G   21 2175M    0     0   116M      0  0:01:28  0:00:18  0:01:10  115M 22 10.0G   22 2289M    0     0   115M      0  0:01:28  0:00:19  0:01:09  115M 23 10.0G   23 2406M    0     0   116M      0  0:01:28  0:00:20  0:01:08  115M 24 10.0G   24 2523M    0     0   116M      0  0:01:28  0:00:21  0:01:07  115M 25 10.0G   25 2645M    0     0   116M      0  0:01:28  0:00:22  0:01:06  116M 26 10.0G   26 2756M    0     0   116M      0  0:01:28  0:00:23  0:01:05  116M 28 10.0G   28 2875M    0     0   116M      0  0:01:28  0:00:24  0:01:04  117M 29 10.0G   29 2987M    0     0   116M      0  0:01:28  0:00:25  0:01:03  116M 30 10.0G   30 3109M    0     0   116M      0  0:01:28  0:00:26  0:01:02  117M 31 10.0G   31 3225M    0     0   116M      0  0:01:28  0:00:27  0:01:01  115M 32 10.0G   32 3343M    0     0   116M      0  0:01:28  0:00:28  0:01:00  117M 33 10.0G   33 3459M    0     0   116M      0  0:01:28  0:00:29  0:00:59  117M 34 10.0G   34 3579M    0     0   116M      0  0:01:27  0:00:30  0:00:57  118M 36 10.0G   36 3688M    0     0   116M      0  0:01:28  0:00:31  0:00:57  115M 37 10.0G   37 3800M    0     0   116M      0  0:01:28  0:00:32  0:00:56  115M 38 10.0G   38 3923M    0     0   116M      0  0:01:28  0:00:33  0:00:55  116M 39 10.0G   39 4046M    0     0   116M      0  0:01:27  0:00:34  0:00:53  117M 40 10.0G   40 4174M    0     0   116M      0  0:01:27  0:00:35  0:00:52  119M 41 10.0G   41 4294M    0     0   116M      0  0:01:27  0:00:36  0:00:51  121M 43 10.0G   43 4418M    0     0   117M      0  0:01:27  0:00:37  0:00:50  123M 44 10.0G   44 4541M    0     0   117M      0  0:01:27  0:00:38  0:00:49  123M 45 10.0G   45 4659M    0     0   117M      0  0:01:27  0:00:39  0:00:48  122M 46 10.0G   46 4773M    0     0   117M      0  0:01:27  0:00:40  0:00:47  119M 47 10.0G   47 4889M    0     0   117M      0  0:01:27  0:00:41  0:00:46  118M 48 10.0G   48 5008M    0     0   117M      0  0:01:27  0:00:42  0:00:45  117M 50 10.0G   50 5125M    0     0   117M      0  0:01:27  0:00:43  0:00:44  117M 51 10.0G   51 5244M    0     0   117M      0  0:01:27  0:00:44  0:00:43  116M 52 10.0G   52 5361M    0     0   117M      0  0:01:27  0:00:45  0:00:42  117M 53 10.0G   53 5480M    0     0   117M      0  0:01:27  0:00:46  0:00:41  118M 54 10.0G   54 5599M    0     0   117M      0  0:01:27  0:00:47  0:00:40  118M 55 10.0G   55 5720M    0     0   117M      0  0:01:27  0:00:48  0:00:39  118M 57 10.0G   57 5837M    0     0   117M      0  0:01:27  0:00:49  0:00:38  118M 58 10.0G   58 5953M    0     0   117M      0  0:01:27  0:00:50  0:00:37  118M 59 10.0G   59 6077M    0     0   117M      0  0:01:27  0:00:51  0:00:36  119M 60 10.0G   60 6199M    0     0   117M      0  0:01:27  0:00:52  0:00:35  120M 61 10.0G   61 6325M    0     0   117M      0  0:01:27  0:00:53  0:00:34  121M 62 10.0G   62 6443M    0     0   117M      0  0:01:26  0:00:54  0:00:32  121M 64 10.0G   64 6564M    0     0   117M      0  0:01:26  0:00:55  0:00:31  122M 65 10.0G   65 6683M    0     0   117M      0  0:01:26  0:00:56  0:00:30  120M 66 10.0G   66 6800M    0     0   117M      0  0:01:26  0:00:57  0:00:29  120M 67 10.0G   67 6920M    0     0   117M      0  0:01:26  0:00:58  0:00:28  119M 68 10.0G   68 7048M    0     0   117M      0  0:01:26  0:00:59  0:00:27  120M 70 10.0G   70 7174M    0     0   118M      0  0:01:26  0:01:00  0:00:26  121M 71 10.0G   71 7299M    0     0   118M      0  0:01:26  0:01:01  0:00:25  123M 72 10.0G   72 7428M    0     0   118M      0  0:01:26  0:01:02  0:00:24  125M 73 10.0G   73 7553M    0     0   118M      0  0:01:26  0:01:03  0:00:23  126M 74 10.0G   74 7675M    0     0   118M      0  0:01:26  0:01:04  0:00:22  125M 75 10.0G   75 7775M    0     0   118M      0  0:01:26  0:01:05  0:00:21  120M 76 10.0G   76 7882M    0     0   118M      0  0:01:26  0:01:06  0:00:20  116M 78 10.0G   78 7994M    0     0   118M      0  0:01:26  0:01:07  0:00:19  113M 79 10.0G   79 8113M    0     0   118M      0  0:01:26  0:01:08  0:00:18  111M 80 10.0G   80 8235M    0     0   118M      0  0:01:26  0:01:09  0:00:17  111M 81 10.0G   81 8353M    0     0   118M      0  0:01:26  0:01:10  0:00:16  115M 82 10.0G   82 8474M    0     0   118M      0  0:01:26  0:01:11  0:00:15  118M 83 10.0G   83 8599M    0     0   118M      0  0:01:26  0:01:12  0:00:14  121M 85 10.0G   85 8724M    0     0   118M      0  0:01:26  0:01:13  0:00:13  122M 86 10.0G   86 8845M    0     0   118M      0  0:01:26  0:01:14  0:00:12  122M 87 10.0G   87 8968M    0     0   118M      0  0:01:26  0:01:15  0:00:11  123M 88 10.0G   88 9086M    0     0   118M      0  0:01:26  0:01:16  0:00:10  122M 89 10.0G   89 9207M    0     0   118M      0  0:01:26  0:01:17  0:00:09  121M 91 10.0G   91 9324M    0     0   118M      0  0:01:26  0:01:18  0:00:08  120M 92 10.0G   92 9447M    0     0   118M      0  0:01:26  0:01:19  0:00:07  120M 93 10.0G   93 9567M    0     0   118M      0  0:01:26  0:01:20  0:00:06  119M 94 10.0G   94 9688M    0     0   118M      0  0:01:26  0:01:21  0:00:05  120M 95 10.0G   95 9810M    0     0   118M      0  0:01:26  0:01:22  0:00:04  120M 96 10.0G   96 9930M    0     0   118M      0  0:01:26  0:01:23  0:00:03  120M 98 10.0G   98  9.8G    0     0   118M      0  0:01:26  0:01:24  0:00:02  120M 99 10.0G   99  9.9G    0     0   118M      0  0:01:26  0:01:25  0:00:01  120M100 10.0G  100 10.0G    0     0   118M      0  0:01:26  0:01:26 --:--:--  121M
  % Total    % Received % Xferd  Average Speed   Time    Time     Time  Current
                                 Dload  Upload   Total   Spent    Left  Speed
  0     0    0     0    0     0      0      0 --:--:-- --:--:-- --:--:--     0  0 20.0G    0 51911    0     0   437k      0 13:19:47 --:--:-- 13:19:47  433k  0 20.0G    0 87.3M    0     0  79.0M      0  0:04:18  0:00:01  0:04:17 79.0M  0 20.0G    0  189M    0     0  90.6M      0  0:03:46  0:00:02  0:03:44 90.5M  1 20.0G    1  300M    0     0  96.9M      0  0:03:31  0:00:03  0:03:28 96.9M  2 20.0G    2  414M    0     0   101M      0  0:03:22  0:00:04  0:03:18  101M  2 20.0G    2  534M    0     0   104M      0  0:03:15  0:00:05  0:03:10  107M  3 20.0G    3  654M    0     0   107M      0  0:03:10  0:00:06  0:03:04  113M  3 20.0G    3  774M    0     0   109M      0  0:03:07  0:00:07  0:03:00  116M  4 20.0G    4  896M    0     0   110M      0  0:03:04  0:00:08  0:02:56  119M  4 20.0G    4 1019M    0     0   112M      0  0:03:02  0:00:09  0:02:53  120M  5 20.0G    5 1141M    0     0   113M      0  0:03:01  0:00:10  0:02:51  121M  6 20.0G    6 1265M    0     0   114M      0  0:02:59  0:00:11  0:02:48  122M  6 20.0G    6 1388M    0     0   114M      0  0:02:58  0:00:12  0:02:46  122M  7 20.0G    7 1508M    0     0   115M      0  0:02:57  0:00:13  0:02:44  122M  7 20.0G    7 1633M    0     0   115M      0  0:02:56  0:00:14  0:02:42  122M  8 20.0G    8 1731M    0     0   114M      0  0:02:58  0:00:15  0:02:43  117M  8 20.0G    8 1837M    0     0   114M      0  0:02:59  0:00:16  0:02:43  114M  9 20.0G    9 1949M    0     0   114M      0  0:02:59  0:00:17  0:02:42  112M 10 20.0G   10 2067M    0     0   114M      0  0:02:59  0:00:18  0:02:41  111M 10 20.0G   10 2191M    0     0   114M      0  0:02:58  0:00:19  0:02:39  111M 11 20.0G   11 2314M    0     0   115M      0  0:02:57  0:00:20  0:02:37  116M 11 20.0G   11 2434M    0     0   115M      0  0:02:57  0:00:21  0:02:36  119M 12 20.0G   12 2555M    0     0   115M      0  0:02:57  0:00:22  0:02:35  121M 12 20.0G   12 2654M    0     0   114M      0  0:02:58  0:00:23  0:02:35  117M 13 20.0G   13 2754M    0     0   114M      0  0:02:59  0:00:24  0:02:35  112M 13 20.0G   13 2857M    0     0   113M      0  0:02:59  0:00:25  0:02:34  108M 14 20.0G   14 2965M    0     0   113M      0  0:03:00  0:00:26  0:02:34  106M 15 20.0G   15 3073M    0     0   113M      0  0:03:00  0:00:27  0:02:33  103M 15 20.0G   15 3184M    0     0   113M      0  0:03:00  0:00:28  0:02:32  106M 16 20.0G   16 3294M    0     0   113M      0  0:03:00  0:00:29  0:02:31  108M 16 20.0G   16 3407M    0     0   113M      0  0:03:00  0:00:30  0:02:30  110M 17 20.0G   17 3520M    0     0   113M      0  0:03:00  0:00:31  0:02:29  111M 17 20.0G   17 3633M    0     0   113M      0  0:03:00  0:00:32  0:02:28  112M 18 20.0G   18 3745M    0     0   113M      0  0:03:00  0:00:33  0:02:27  112M 18 20.0G   18 3858M    0     0   113M      0  0:03:00  0:00:34  0:02:26  112M 19 20.0G   19 3970M    0     0   113M      0  0:03:01  0:00:35  0:02:26  112M 19 20.0G   19 4084M    0     0   113M      0  0:03:00  0:00:36  0:02:24  112M 20 20.0G   20 4198M    0     0   113M      0  0:03:00  0:00:37  0:02:23  113M 21 20.0G   21 4313M    0     0   113M      0  0:03:00  0:00:38  0:02:22  113M 21 20.0G   21 4430M    0     0   113M      0  0:03:00  0:00:39  0:02:21  114M 22 20.0G   22 4548M    0     0   113M      0  0:03:00  0:00:40  0:02:20  115M 22 20.0G   22 4666M    0     0   113M      0  0:03:00  0:00:41  0:02:19  116M 23 20.0G   23 4792M    0     0   113M      0  0:02:59  0:00:42  0:02:17  118M 24 20.0G   24 4920M    0     0   114M      0  0:02:59  0:00:43  0:02:16  121M 24 20.0G   24 5047M    0     0   114M      0  0:02:58  0:00:44  0:02:14  123M 25 20.0G   25 5172M    0     0   114M      0  0:02:58  0:00:45  0:02:13  124M 25 20.0G   25 5278M    0     0   114M      0  0:02:58  0:00:46  0:02:12  122M 26 20.0G   26 5382M    0     0   114M      0  0:02:59  0:00:47  0:02:12  118M 26 20.0G   26 5493M    0     0   114M      0  0:02:59  0:00:48  0:02:11  114M 27 20.0G   27 5611M    0     0   114M      0  0:02:59  0:00:49  0:02:10  112M 27 20.0G   27 5732M    0     0   114M      0  0:02:58  0:00:50  0:02:08  112M 28 20.0G   28 5857M    0     0   114M      0  0:02:58  0:00:51  0:02:07  116M 29 20.0G   29 5984M    0     0   114M      0  0:02:58  0:00:52  0:02:06  120M 29 20.0G   29 6105M    0     0   114M      0  0:02:58  0:00:53  0:02:05  122M 30 20.0G   30 6226M    0     0   115M      0  0:02:57  0:00:54  0:02:03  122M 31 20.0G   31 6350M    0     0   115M      0  0:02:57  0:00:55  0:02:02  123M 31 20.0G   31 6452M    0     0   115M      0  0:02:58  0:00:56  0:02:02  119M 32 20.0G   32 6554M    0     0   114M      0  0:02:58  0:00:57  0:02:01  114M 32 20.0G   32 6660M    0     0   114M      0  0:02:58  0:00:58  0:02:00  110M 33 20.0G   33 6766M    0     0   114M      0  0:02:58  0:00:59  0:01:59  108M 33 20.0G   33 6877M    0     0   114M      0  0:02:58  0:01:00  0:01:58  105M 34 20.0G   34 6989M    0     0   114M      0  0:02:59  0:01:01  0:01:58  107M 34 20.0G   34 7102M    0     0   114M      0  0:02:59  0:01:02  0:01:57  109M 35 20.0G   35 7215M    0     0   114M      0  0:02:59  0:01:03  0:01:56  111M 35 20.0G   35 7329M    0     0   114M      0  0:02:59  0:01:04  0:01:55  112M 36 20.0G   36 7443M    0     0   114M      0  0:02:59  0:01:05  0:01:54  113M 36 20.0G   36 7558M    0     0   114M      0  0:02:59  0:01:06  0:01:53  113M 37 20.0G   37 7671M    0     0   114M      0  0:02:59  0:01:07  0:01:52  113M 38 20.0G   38 7785M    0     0   114M      0  0:02:59  0:01:08  0:01:51  113M 38 20.0G   38 7900M    0     0   114M      0  0:02:59  0:01:09  0:01:50  114M 39 20.0G   39 8016M    0     0   114M      0  0:02:59  0:01:10  0:01:49  114M 39 20.0G   39 8131M    0     0   114M      0  0:02:59  0:01:11  0:01:48  114M 40 20.0G   40 8250M    0     0   114M      0  0:02:58  0:01:12  0:01:46  115M 40 20.0G   40 8371M    0     0   114M      0  0:02:58  0:01:13  0:01:45  117M 41 20.0G   41 8493M    0     0   114M      0  0:02:58  0:01:14  0:01:44  118M 41 20.0G   41 8600M    0     0   114M      0  0:02:58  0:01:15  0:01:43  116M 42 20.0G   42 8732M    0     0   114M      0  0:02:58  0:01:16  0:01:42  119M 43 20.0G   43 8858M    0     0   114M      0  0:02:58  0:01:17  0:01:41  121M 43 20.0G   43 8983M    0     0   114M      0  0:02:58  0:01:18  0:01:40  121M 44 20.0G   44 9106M    0     0   115M      0  0:02:57  0:01:19  0:01:38  122M 45 20.0G   45 9222M    0     0   115M      0  0:02:57  0:01:20  0:01:37  124M 45 20.0G   45 9330M    0     0   115M      0  0:02:57  0:01:21  0:01:36  120M 46 20.0G   46 9449M    0     0   115M      0  0:02:57  0:01:22  0:01:35  118M 46 20.0G   46 9571M    0     0   115M      0  0:02:57  0:01:23  0:01:34  118M 47 20.0G   47 9698M    0     0   115M      0  0:02:57  0:01:24  0:01:33  118M 47 20.0G   47 9821M    0     0   115M      0  0:02:57  0:01:25  0:01:32  119M 48 20.0G   48 9946M    0     0   115M      0  0:02:57  0:01:26  0:01:31  123M 49 20.0G   49  9.8G    0     0   115M      0  0:02:57  0:01:27  0:01:30  124M 49 20.0G   49  9.9G    0     0   115M      0  0:02:57  0:01:28  0:01:29  123M 50 20.0G   50 10.0G    0     0   115M      0  0:02:57  0:01:29  0:01:28  118M 50 20.0G   50 10.1G    0     0   115M      0  0:02:57  0:01:30  0:01:27  114M 51 20.0G   51 10.2G    0     0   115M      0  0:02:57  0:01:31  0:01:26  111M 51 20.0G   51 10.3G    0     0   115M      0  0:02:57  0:01:32  0:01:25  108M 52 20.0G   52 10.4G    0     0   115M      0  0:02:57  0:01:33  0:01:24  106M 52 20.0G   52 10.5G    0     0   115M      0  0:02:57  0:01:34  0:01:23  109M 53 20.0G   53 10.6G    0     0   115M      0  0:02:57  0:01:35  0:01:22  111M 54 20.0G   54 10.8G    0     0   115M      0  0:02:57  0:01:36  0:01:21  113M 54 20.0G   54 10.9G    0     0   115M      0  0:02:57  0:01:37  0:01:20  114M 54 20.0G   54 10.9G    0     0   114M      0  0:02:58  0:01:38  0:01:20  106M 55 20.0G   55 11.0G    0     0   114M      0  0:02:59  0:01:39  0:01:20 98.7M 55 20.0G   55 11.1G    0     0   113M      0  0:02:59  0:01:40  0:01:19 91.0M 56 20.0G   56 11.2G    0     0   113M      0  0:03:00  0:01:41  0:01:19 84.4M 56 20.0G   56 11.3G    0     0   113M      0  0:03:00  0:01:42  0:01:18 79.1M 57 20.0G   57 11.4G    0     0   113M      0  0:03:00  0:01:43  0:01:17 83.1M 57 20.0G   57 11.4G    0     0   112M      0  0:03:01  0:01:44  0:01:17 83.5M 57 20.0G   57 11.5G    0     0   112M      0  0:03:01  0:01:45  0:01:16 84.7M 58 20.0G   58 11.6G    0     0   112M      0  0:03:02  0:01:46  0:01:16 83.3M 58 20.0G   58 11.7G    0     0   111M      0  0:03:03  0:01:47  0:01:16 79.4M 58 20.0G   58 11.7G    0     0   111M      0  0:03:03  0:01:48  0:01:15 76.5M 59 20.0G   59 11.8G    0     0   111M      0  0:03:04  0:01:49  0:01:15 76.8M 59 20.0G   59 11.9G    0     0   110M      0  0:03:04  0:01:50  0:01:14 77.0M 60 20.0G   60 12.0G    0     0   110M      0  0:03:04  0:01:51  0:01:13 78.7M 60 20.0G   60 12.0G    0     0   110M      0  0:03:05  0:01:52  0:01:13 79.9M 60 20.0G   60 12.1G    0     0   110M      0  0:03:05  0:01:53  0:01:12 83.4M 61 20.0G   61 12.2G    0     0   110M      0  0:03:05  0:01:54  0:01:11 86.6M 61 20.0G   61 12.3G    0     0   110M      0  0:03:06  0:01:55  0:01:11 89.1M 62 20.0G   62 12.4G    0     0   109M      0  0:03:06  0:01:56  0:01:10 91.0M 62 20.0G   62 12.5G    0     0   109M      0  0:03:06  0:01:57  0:01:09 94.9M 63 20.0G   63 12.6G    0     0   109M      0  0:03:06  0:01:58  0:01:08 95.2M 63 20.0G   63 12.7G    0     0   109M      0  0:03:06  0:01:59  0:01:07 95.4M 64 20.0G   64 12.8G    0     0   109M      0  0:03:07  0:02:00  0:01:07 95.7M 64 20.0G   64 12.9G    0     0   109M      0  0:03:07  0:02:01  0:01:06 96.5M 65 20.0G   65 13.0G    0     0   109M      0  0:03:07  0:02:02  0:01:05 97.3M 65 20.0G   65 13.1G    0     0   109M      0  0:03:07  0:02:03  0:01:04 98.6M 66 20.0G   66 13.2G    0     0   109M      0  0:03:07  0:02:04  0:01:03  100M 66 20.0G   66 13.3G    0     0   109M      0  0:03:07  0:02:05  0:01:02  102M 67 20.0G   67 13.4G    0     0   109M      0  0:03:07  0:02:06  0:01:01  104M 67 20.0G   67 13.5G    0     0   109M      0  0:03:07  0:02:07  0:01:00  108M 68 20.0G   68 13.6G    0     0   109M      0  0:03:07  0:02:08  0:00:59  113M 69 20.0G   69 13.8G    0     0   109M      0  0:03:06  0:02:09  0:00:57  118M 69 20.0G   69 13.9G    0     0   109M      0  0:03:06  0:02:10  0:00:56  123M 70 20.0G   70 14.0G    0     0   109M      0  0:03:06  0:02:11  0:00:55  127M 70 20.0G   70 14.1G    0     0   110M      0  0:03:06  0:02:12  0:00:54  130M 71 20.0G   71 14.3G    0     0   110M      0  0:03:05  0:02:13  0:00:52  131M 72 20.0G   72 14.4G    0     0   110M      0  0:03:05  0:02:14  0:00:51  131M 72 20.0G   72 14.5G    0     0   110M      0  0:03:05  0:02:15  0:00:50  131M 73 20.0G   73 14.7G    0     0   110M      0  0:03:05  0:02:16  0:00:49  131M 74 20.0G   74 14.8G    0     0   110M      0  0:03:04  0:02:17  0:00:47  131M 74 20.0G   74 14.9G    0     0   110M      0  0:03:04  0:02:18  0:00:46  128M 75 20.0G   75 15.0G    0     0   110M      0  0:03:04  0:02:19  0:00:45  120M 75 20.0G   75 15.1G    0     0   110M      0  0:03:05  0:02:20  0:00:45  110M 76 20.0G   76 15.2G    0     0   110M      0  0:03:05  0:02:21  0:00:44  104M 76 20.0G   76 15.3G    0     0   110M      0  0:03:05  0:02:22  0:00:43 96.8M 76 20.0G   76 15.3G    0     0   110M      0  0:03:06  0:02:23  0:00:43 89.2M 77 20.0G   77 15.4G    0     0   109M      0  0:03:06  0:02:24  0:00:42 88.7M 77 20.0G   77 15.5G    0     0   109M      0  0:03:06  0:02:25  0:00:41 87.5M 78 20.0G   78 15.6G    0     0   109M      0  0:03:07  0:02:26  0:00:41 83.2M 78 20.0G   78 15.7G    0     0   109M      0  0:03:07  0:02:27  0:00:40 82.5M 78 20.0G   78 15.7G    0     0   109M      0  0:03:07  0:02:28  0:00:39 83.8M 79 20.0G   79 15.8G    0     0   109M      0  0:03:07  0:02:29  0:00:38 84.1M 79 20.0G   79 15.9G    0     0   108M      0  0:03:07  0:02:30  0:00:37 86.8M 80 20.0G   80 16.0G    0     0   108M      0  0:03:08  0:02:31  0:00:37 88.4M 80 20.0G   80 16.1G    0     0   108M      0  0:03:08  0:02:32  0:00:36 90.4M 81 20.0G   81 16.2G    0     0   108M      0  0:03:08  0:02:33  0:00:35 93.1M 81 20.0G   81 16.3G    0     0   108M      0  0:03:08  0:02:34  0:00:34 92.5M 82 20.0G   82 16.4G    0     0   108M      0  0:03:08  0:02:35  0:00:33 90.6M 82 20.0G   82 16.4G    0     0   108M      0  0:03:09  0:02:36  0:00:33 90.4M 82 20.0G   82 16.5G    0     0   108M      0  0:03:09  0:02:37  0:00:32 87.1M 83 20.0G   83 16.6G    0     0   107M      0  0:03:09  0:02:38  0:00:31 84.0M 83 20.0G   83 16.7G    0     0   107M      0  0:03:10  0:02:39  0:00:31 83.5M 84 20.0G   84 16.8G    0     0   107M      0  0:03:10  0:02:40  0:00:30 82.9M 84 20.0G   84 16.8G    0     0   107M      0  0:03:10  0:02:41  0:00:29 82.6M 84 20.0G   84 16.9G    0     0   107M      0  0:03:10  0:02:42  0:00:28 83.4M 85 20.0G   85 17.0G    0     0   107M      0  0:03:11  0:02:43  0:00:28 79.6M 85 20.0G   85 17.1G    0     0   106M      0  0:03:11  0:02:44  0:00:27 79.2M 86 20.0G   86 17.2G    0     0   106M      0  0:03:11  0:02:45  0:00:26 81.0M 86 20.0G   86 17.3G    0     0   106M      0  0:03:12  0:02:46  0:00:26 82.8M 86 20.0G   86 17.3G    0     0   106M      0  0:03:12  0:02:47  0:00:25 83.2M 87 20.0G   87 17.4G    0     0   106M      0  0:03:12  0:02:48  0:00:24 89.2M 87 20.0G   87 17.5G    0     0   106M      0  0:03:12  0:02:49  0:00:23 92.2M 88 20.0G   88 17.6G    0     0   106M      0  0:03:12  0:02:50  0:00:22 93.8M 88 20.0G   88 17.7G    0     0   106M      0  0:03:12  0:02:51  0:00:21 95.9M 89 20.0G   89 17.8G    0     0   106M      0  0:03:12  0:02:52  0:00:20 97.2M 89 20.0G   89 17.9G    0     0   106M      0  0:03:12  0:02:53  0:00:19 98.0M 90 20.0G   90 18.0G    0     0   106M      0  0:03:12  0:02:54  0:00:18 98.1M 90 20.0G   90 18.1G    0     0   106M      0  0:03:12  0:02:55  0:00:17 97.4M 91 20.0G   91 18.2G    0     0   106M      0  0:03:13  0:02:56  0:00:17 97.8M 91 20.0G   91 18.3G    0     0   106M      0  0:03:13  0:02:57  0:00:16 97.7M 92 20.0G   92 18.4G    0     0   106M      0  0:03:13  0:02:58  0:00:15 98.0M 92 20.0G   92 18.5G    0     0   105M      0  0:03:13  0:02:59  0:00:14 97.5M 93 20.0G   93 18.6G    0     0   105M      0  0:03:13  0:03:00  0:00:13  100M 93 20.0G   93 18.7G    0     0   105M      0  0:03:13  0:03:01  0:00:12  100M 94 20.0G   94 18.8G    0     0   105M      0  0:03:13  0:03:02  0:00:11  102M 94 20.0G   94 18.9G    0     0   105M      0  0:03:13  0:03:03  0:00:10  103M 95 20.0G   95 19.0G    0     0   106M      0  0:03:13  0:03:04  0:00:09  106M 95 20.0G   95 19.1G    0     0   106M      0  0:03:13  0:03:05  0:00:08  108M 96 20.0G   96 19.2G    0     0   106M      0  0:03:13  0:03:06  0:00:07  108M 96 20.0G   96 19.3G    0     0   106M      0  0:03:13  0:03:07  0:00:06  107M 97 20.0G   97 19.4G    0     0   105M      0  0:03:13  0:03:08  0:00:05  107M 97 20.0G   97 19.5G    0     0   105M      0  0:03:13  0:03:09  0:00:04  104M 98 20.0G   98 19.6G    0     0   105M      0  0:03:13  0:03:10  0:00:03  103M 98 20.0G   98 19.7G    0     0   106M      0  0:03:13  0:03:11  0:00:02  105M 99 20.0G   99 19.8G    0     0   106M      0  0:03:13  0:03:12  0:00:01  107M100 20.0G  100 20.0G    0     0   106M      0  0:03:13  0:03:13 --:--:--  110M
  % Total    % Received % Xferd  Average Speed   Time    Time     Time  Current
                                 Dload  Upload   Total   Spent    Left  Speed
  0     0    0     0    0     0      0      0 --:--:-- --:--:-- --:--:--     0  0 50.0G    0 14263    0     0   142k      0   4d 06h --:--:--   4d 06h  140k  0 50.0G    0 89.4M    0     0  85.5M      0  0:09:58  0:00:01  0:09:57 85.4M  0 50.0G    0  203M    0     0  98.4M      0  0:08:40  0:00:02  0:08:38 98.3M  0 50.0G    0  310M    0     0   101M      0  0:08:22  0:00:03  0:08:19  101M  0 50.0G    0  426M    0     0   104M      0  0:08:08  0:00:04  0:08:04  104M  1 50.0G    1  538M    0     0   106M      0  0:08:00  0:00:05  0:07:55  108M  1 50.0G    1  657M    0     0   108M      0  0:07:50  0:00:06  0:07:44  113M  1 50.0G    1  776M    0     0   109M      0  0:07:46  0:00:07  0:07:39  114M  1 50.0G    1  884M    0     0   109M      0  0:07:45  0:00:08  0:07:37  114M  1 50.0G    1 1011M    0     0   111M      0  0:07:38  0:00:09  0:07:29  117M  2 50.0G    2 1118M    0     0   111M      0  0:07:40  0:00:10  0:07:30  115M  2 50.0G    2 1226M    0     0   110M      0  0:07:41  0:00:11  0:07:30  113M  2 50.0G    2 1343M    0     0   111M      0  0:07:39  0:00:12  0:07:27  113M  2 50.0G    2 1451M    0     0   111M      0  0:07:41  0:00:13  0:07:28  112M  3 50.0G    3 1553M    0     0   110M      0  0:07:43  0:00:14  0:07:29  108M  3 50.0G    3 1657M    0     0   110M      0  0:07:44  0:00:15  0:07:29  108M  3 50.0G    3 1769M    0     0   110M      0  0:07:44  0:00:16  0:07:28  109M  3 50.0G    3 1872M    0     0   109M      0  0:07:46  0:00:17  0:07:29  105M  3 50.0G    3 1983M    0     0   109M      0  0:07:45  0:00:18  0:07:27  106M  4 50.0G    4 2103M    0     0   110M      0  0:07:43  0:00:19  0:07:24  110M  4 50.0G    4 2218M    0     0   110M      0  0:07:42  0:00:20  0:07:22  111M  4 50.0G    4 2338M    0     0   111M      0  0:07:40  0:00:21  0:07:19  113M  4 50.0G    4 2451M    0     0   111M      0  0:07:40  0:00:22  0:07:18  115M  5 50.0G    5 2571M    0     0   111M      0  0:07:39  0:00:23  0:07:16  117M  5 50.0G    5 2686M    0     0   111M      0  0:07:38  0:00:24  0:07:14  116M  5 50.0G    5 2799M    0     0   111M      0  0:07:38  0:00:25  0:07:13  116M  5 50.0G    5 2899M    0     0   111M      0  0:07:39  0:00:26  0:07:13  112M  5 50.0G    5 3002M    0     0   110M      0  0:07:41  0:00:27  0:07:14  110M  6 50.0G    6 3109M    0     0   110M      0  0:07:41  0:00:28  0:07:13  107M  6 50.0G    6 3219M    0     0   110M      0  0:07:41  0:00:29  0:07:12  106M  6 50.0G    6 3330M    0     0   110M      0  0:07:41  0:00:30  0:07:11  106M  6 50.0G    6 3441M    0     0   110M      0  0:07:41  0:00:31  0:07:10  108M  6 50.0G    6 3552M    0     0   110M      0  0:07:41  0:00:32  0:07:09  110M  7 50.0G    7 3663M    0     0   110M      0  0:07:41  0:00:33  0:07:08  110M  7 50.0G    7 3774M    0     0   110M      0  0:07:41  0:00:34  0:07:07  110M  7 50.0G    7 3883M    0     0   110M      0  0:07:42  0:00:35  0:07:07  110M  7 50.0G    7 3995M    0     0   110M      0  0:07:42  0:00:36  0:07:06  110M  8 50.0G    8 4103M    0     0   110M      0  0:07:42  0:00:37  0:07:05  110M  8 50.0G    8 4212M    0     0   110M      0  0:07:42  0:00:38  0:07:04  109M  8 50.0G    8 4320M    0     0   110M      0  0:07:42  0:00:39  0:07:03  109M  8 50.0G    8 4433M    0     0   110M      0  0:07:42  0:00:40  0:07:02  110M  8 50.0G    8 4543M    0     0   110M      0  0:07:42  0:00:41  0:07:01  109M  9 50.0G    9 4644M    0     0   110M      0  0:07:43  0:00:42  0:07:01  108M  9 50.0G    9 4751M    0     0   110M      0  0:07:43  0:00:43  0:07:00  108M  9 50.0G    9 4863M    0     0   110M      0  0:07:43  0:00:44  0:06:59  108M  9 50.0G    9 4978M    0     0   110M      0  0:07:43  0:00:45  0:06:58  109M  9 50.0G    9 5087M    0     0   110M      0  0:07:43  0:00:46  0:06:57  108M 10 50.0G   10 5199M    0     0   110M      0  0:07:43  0:00:47  0:06:56  111M 10 50.0G   10 5310M    0     0   110M      0  0:07:43  0:00:48  0:06:55  111M 10 50.0G   10 5433M    0     0   110M      0  0:07:42  0:00:49  0:06:53  114M 10 50.0G   10 5556M    0     0   111M      0  0:07:41  0:00:50  0:06:51  115M 11 50.0G   11 5670M    0     0   111M      0  0:07:40  0:00:51  0:06:49  117M 11 50.0G   11 5788M    0     0   111M      0  0:07:40  0:00:52  0:06:48  117M 11 50.0G   11 5891M    0     0   111M      0  0:07:41  0:00:53  0:06:48  116M 11 50.0G   11 6011M    0     0   111M      0  0:07:40  0:00:54  0:06:46  115M 11 50.0G   11 6125M    0     0   111M      0  0:07:40  0:00:55  0:06:45  113M 12 50.0G   12 6236M    0     0   111M      0  0:07:40  0:00:56  0:06:44  113M 12 50.0G   12 6336M    0     0   111M      0  0:07:41  0:00:57  0:06:44  109M 12 50.0G   12 6441M    0     0   110M      0  0:07:41  0:00:58  0:06:43  110M 12 50.0G   12 6545M    0     0   110M      0  0:07:41  0:00:59  0:06:42  106M 12 50.0G   12 6649M    0     0   110M      0  0:07:42  0:01:00  0:06:42  104M 13 50.0G   13 6761M    0     0   110M      0  0:07:42  0:01:01  0:06:41  105M 13 50.0G   13 6874M    0     0   110M      0  0:07:42  0:01:02  0:06:40  107M 13 50.0G   13 6987M    0     0   110M      0  0:07:41  0:01:03  0:06:38  109M 13 50.0G   13 7111M    0     0   111M      0  0:07:41  0:01:04  0:06:37  112M 14 50.0G   14 7227M    0     0   111M      0  0:07:40  0:01:05  0:06:35  115M 14 50.0G   14 7325M    0     0   110M      0  0:07:41  0:01:06  0:06:35  112M 14 50.0G   14 7426M    0     0   110M      0  0:07:42  0:01:07  0:06:35  110M 14 50.0G   14 7529M    0     0   110M      0  0:07:42  0:01:08  0:06:34  108M 14 50.0G   14 7598M    0     0   110M      0  0:07:45  0:01:09  0:06:36 97.7M 14 50.0G   14 7656M    0     0   109M      0  0:07:48  0:01:10  0:06:38 86.0M 15 50.0G   15 7716M    0     0   108M      0  0:07:51  0:01:11  0:06:40 78.0M 15 50.0G   15 7778M    0     0   107M      0  0:07:54  0:01:12  0:06:42 70.2M 15 50.0G   15 7840M    0     0   107M      0  0:07:57  0:01:13  0:06:44 62.0M 15 50.0G   15 7905M    0     0   106M      0  0:07:59  0:01:14  0:06:45 61.2M 15 50.0G   15 7968M    0     0   106M      0  0:08:02  0:01:15  0:06:47 62.4M 15 50.0G   15 8033M    0     0   105M      0  0:08:04  0:01:16  0:06:48 63.5M 15 50.0G   15 8097M    0     0   105M      0  0:08:07  0:01:17  0:06:50 63.9M 15 50.0G   15 8162M    0     0   104M      0  0:08:09  0:01:18  0:06:51 64.5M 16 50.0G   16 8226M    0     0   104M      0  0:08:11  0:01:19  0:06:52 64.4M 16 50.0G   16 8291M    0     0   103M      0  0:08:14  0:01:20  0:06:54 64.6M 16 50.0G   16 8356M    0     0   103M      0  0:08:16  0:01:21  0:06:55 64.5M 16 50.0G   16 8423M    0     0   102M      0  0:08:18  0:01:22  0:06:56 65.1M 16 50.0G   16 8491M    0     0   102M      0  0:08:20  0:01:23  0:06:57 65.7M 16 50.0G   16 8561M    0     0   101M      0  0:08:22  0:01:24  0:06:58 66.8M 16 50.0G   16 8634M    0     0   101M      0  0:08:24  0:01:25  0:06:59 68.5M 17 50.0G   17 8710M    0     0   101M      0  0:08:25  0:01:26  0:06:59 70.7M 17 50.0G   17 8792M    0     0   101M      0  0:08:26  0:01:27  0:06:59 73.7M 17 50.0G   17 8878M    0     0   100M      0  0:08:27  0:01:28  0:06:59 77.3M 17 50.0G   17 8972M    0     0   100M      0  0:08:28  0:01:29  0:06:59 82.3M 17 50.0G   17 9069M    0     0   100M      0  0:08:28  0:01:30  0:06:58 87.0M 17 50.0G   17 9165M    0     0   100M      0  0:08:28  0:01:31  0:06:57 90.9M 18 50.0G   18 9251M    0     0   100M      0  0:08:29  0:01:32  0:06:57 91.7M 18 50.0G   18 9315M    0     0   100M      0  0:08:31  0:01:33  0:06:58 87.4M 18 50.0G   18 9384M    0     0  99.7M      0  0:08:33  0:01:34  0:06:59 82.1M 18 50.0G   18 9454M    0     0  99.4M      0  0:08:34  0:01:35  0:06:59 76.9M 18 50.0G   18 9527M    0     0  99.1M      0  0:08:36  0:01:36  0:07:00 72.5M 18 50.0G   18 9601M    0     0  98.9M      0  0:08:37  0:01:37  0:07:00 70.0M 18 50.0G   18 9677M    0     0  98.6M      0  0:08:38  0:01:38  0:07:00 72.3M 19 50.0G   19 9751M    0     0  98.4M      0  0:08:40  0:01:39  0:07:01 73.6M 19 50.0G   19 9828M    0     0  98.2M      0  0:08:41  0:01:40  0:07:01 74.7M 19 50.0G   19 9904M    0     0  98.0M      0  0:08:42  0:01:41  0:07:01 75.4M 19 50.0G   19 9982M    0     0  97.8M      0  0:08:43  0:01:42  0:07:01 76.2M 19 50.0G   19  9.8G    0     0  97.6M      0  0:08:44  0:01:43  0:07:01 76.4M 19 50.0G   19  9.8G    0     0  97.4M      0  0:08:45  0:01:44  0:07:01 77.0M 19 50.0G   19  9.9G    0     0  97.2M      0  0:08:46  0:01:45  0:07:01 77.1M 20 50.0G   20 10.0G    0     0  97.0M      0  0:08:47  0:01:46  0:07:01 77.3M 20 50.0G   20 10.1G    0     0  96.8M      0  0:08:48  0:01:47  0:07:01 77.6M 20 50.0G   20 10.2G    0     0  96.7M      0  0:08:49  0:01:48  0:07:01 78.5M 20 50.0G   20 10.2G    0     0  96.6M      0  0:08:49  0:01:49  0:07:00 79.7M 20 50.0G   20 10.3G    0     0  96.5M      0  0:08:50  0:01:50  0:07:00 81.7M 20 50.0G   20 10.4G    0     0  96.4M      0  0:08:50  0:01:51  0:06:59 84.5M 21 50.0G   21 10.5G    0     0  96.4M      0  0:08:50  0:01:52  0:06:58 88.0M 21 50.0G   21 10.6G    0     0  96.5M      0  0:08:50  0:01:53  0:06:57 91.5M 21 50.0G   21 10.7G    0     0  96.5M      0  0:08:50  0:01:54  0:06:56 94.5M 21 50.0G   21 10.8G    0     0  96.4M      0  0:08:50  0:01:55  0:06:55 94.2M 21 50.0G   21 10.9G    0     0  96.3M      0  0:08:51  0:01:56  0:06:55 94.0M 22 50.0G   22 11.0G    0     0  96.3M      0  0:08:51  0:01:57  0:06:54 94.2M 22 50.0G   22 11.1G    0     0  96.4M      0  0:08:50  0:01:58  0:06:52 94.4M 22 50.0G   22 11.2G    0     0  96.4M      0  0:08:50  0:01:59  0:06:51 94.7M 22 50.0G   22 11.3G    0     0  96.5M      0  0:08:50  0:02:00  0:06:50 98.5M 22 50.0G   22 11.4G    0     0  96.6M      0  0:08:49  0:02:01  0:06:48  101M 23 50.0G   23 11.5G    0     0  96.6M      0  0:08:49  0:02:02  0:06:47  103M 23 50.0G   23 11.6G    0     0  96.7M      0  0:08:49  0:02:03  0:06:46  104M 23 50.0G   23 11.7G    0     0  96.8M      0  0:08:48  0:02:04  0:06:44  105M 23 50.0G   23 11.8G    0     0  96.8M      0  0:08:48  0:02:05  0:06:43  105M 23 50.0G   23 11.9G    0     0  97.0M      0  0:08:47  0:02:06  0:06:41  106M 24 50.0G   24 12.0G    0     0  97.0M      0  0:08:47  0:02:07  0:06:40  106M 24 50.0G   24 12.1G    0     0  97.1M      0  0:08:47  0:02:08  0:06:39  106M 24 50.0G   24 12.2G    0     0  97.2M      0  0:08:46  0:02:09  0:06:37  106M 24 50.0G   24 12.3G    0     0  97.3M      0  0:08:46  0:02:10  0:06:36  108M 24 50.0G   24 12.4G    0     0  97.4M      0  0:08:45  0:02:11  0:06:34  108M 25 50.0G   25 12.5G    0     0  97.5M      0  0:08:44  0:02:12  0:06:32  109M 25 50.0G   25 12.6G    0     0  97.5M      0  0:08:44  0:02:13  0:06:31  109M 25 50.0G   25 12.7G    0     0  97.6M      0  0:08:44  0:02:14  0:06:30  109M 25 50.0G   25 12.9G    0     0  97.8M      0  0:08:43  0:02:15  0:06:28  111M 26 50.0G   26 13.0G    0     0  97.8M      0  0:08:43  0:02:16  0:06:27  109M 26 50.0G   26 13.0G    0     0  97.8M      0  0:08:43  0:02:17  0:06:26  106M 26 50.0G   26 13.1G    0     0  97.8M      0  0:08:43  0:02:18  0:06:25  105M 26 50.0G   26 13.2G    0     0  97.9M      0  0:08:42  0:02:19  0:06:23  104M 26 50.0G   26 13.3G    0     0  97.8M      0  0:08:43  0:02:20  0:06:23 98.5M 26 50.0G   26 13.4G    0     0  97.7M      0  0:08:43  0:02:21  0:06:22 94.7M 27 50.0G   27 13.5G    0     0  97.7M      0  0:08:44  0:02:22  0:06:22 93.3M 27 50.0G   27 13.6G    0     0  97.6M      0  0:08:44  0:02:23  0:06:21 92.0M 27 50.0G   27 13.7G    0     0  97.6M      0  0:08:44  0:02:24  0:06:20 89.9M 27 50.0G   27 13.8G    0     0  97.6M      0  0:08:44  0:02:25  0:06:19 90.6M 27 50.0G   27 13.9G    0     0  97.5M      0  0:08:44  0:02:26  0:06:18 91.0M 28 50.0G   28 14.0G    0     0  97.5M      0  0:08:44  0:02:27  0:06:17 92.6M 28 50.0G   28 14.1G    0     0  97.5M      0  0:08:44  0:02:28  0:06:16 93.6M 28 50.0G   28 14.1G    0     0  97.5M      0  0:08:45  0:02:29  0:06:16 93.6M 28 50.0G   28 14.2G    0     0  97.4M      0  0:08:45  0:02:30  0:06:15 94.0M 28 50.0G   28 14.3G    0     0  97.4M      0  0:08:45  0:02:31  0:06:14 95.8M 28 50.0G   28 14.4G    0     0  97.4M      0  0:08:45  0:02:32  0:06:13 96.1M 29 50.0G   29 14.5G    0     0  97.4M      0  0:08:45  0:02:33  0:06:12 94.5M 29 50.0G   29 14.6G    0     0  97.4M      0  0:08:45  0:02:34  0:06:11 95.1M 29 50.0G   29 14.7G    0     0  97.4M      0  0:08:45  0:02:35  0:06:10 95.4M 29 50.0G   29 14.8G    0     0  97.4M      0  0:08:45  0:02:36  0:06:09 96.0M 29 50.0G   29 14.9G    0     0  97.4M      0  0:08:45  0:02:37  0:06:08 96.5M 30 50.0G   30 15.0G    0     0  97.4M      0  0:08:45  0:02:38  0:06:07 98.9M 30 50.0G   30 15.1G    0     0  97.5M      0  0:08:45  0:02:39  0:06:06  100M 30 50.0G   30 15.2G    0     0  97.5M      0  0:08:44  0:02:40  0:06:04  102M 30 50.0G   30 15.3G    0     0  97.6M      0  0:08:44  0:02:41  0:06:03  104M 30 50.0G   30 15.4G    0     0  97.7M      0  0:08:43  0:02:42  0:06:01  106M 31 50.0G   31 15.5G    0     0  97.8M      0  0:08:43  0:02:43  0:06:00  110M 31 50.0G   31 15.6G    0     0  97.8M      0  0:08:43  0:02:44  0:05:59  108M 31 50.0G   31 15.7G    0     0  97.8M      0  0:08:43  0:02:45  0:05:58  107M 31 50.0G   31 15.8G    0     0  97.9M      0  0:08:42  0:02:46  0:05:56  106M 31 50.0G   31 15.9G    0     0  98.0M      0  0:08:42  0:02:47  0:05:55  107M 32 50.0G   32 16.0G    0     0  98.0M      0  0:08:41  0:02:48  0:05:53  105M 32 50.0G   32 16.2G    0     0  98.1M      0  0:08:41  0:02:49  0:05:52  108M 32 50.0G   32 16.3G    0     0  98.2M      0  0:08:41  0:02:50  0:05:51  108M 32 50.0G   32 16.4G    0     0  98.2M      0  0:08:41  0:02:51  0:05:50  107M 33 50.0G   33 16.5G    0     0  98.2M      0  0:08:40  0:02:52  0:05:48  106M 33 50.0G   33 16.6G    0     0  98.2M      0  0:08:40  0:02:53  0:05:47  104M 33 50.0G   33 16.7G    0     0  98.2M      0  0:08:41  0:02:54  0:05:47  101M 33 50.0G   33 16.7G    0     0  98.2M      0  0:08:40  0:02:55  0:05:45  100M 33 50.0G   33 16.8G    0     0  98.2M      0  0:08:40  0:02:56  0:05:44  100M 33 50.0G   33 16.9G    0     0  98.3M      0  0:08:40  0:02:57  0:05:43 99.2M 34 50.0G   34 17.0G    0     0  98.3M      0  0:08:40  0:02:58  0:05:42 99.6M 34 50.0G   34 17.1G    0     0  98.3M      0  0:08:40  0:02:59  0:05:41  101M 34 50.0G   34 17.2G    0     0  98.3M      0  0:08:40  0:03:00  0:05:40  101M 34 50.0G   34 17.3G    0     0  98.3M      0  0:08:40  0:03:01  0:05:39  102M 35 50.0G   35 17.5G    0     0  98.4M      0  0:08:40  0:03:02  0:05:38  104M 35 50.0G   35 17.6G    0     0  98.4M      0  0:08:39  0:03:03  0:05:36  103M 35 50.0G   35 17.7G    0     0  98.5M      0  0:08:39  0:03:04  0:05:35  104M 35 50.0G   35 17.8G    0     0  98.5M      0  0:08:39  0:03:05  0:05:34  104M 35 50.0G   35 17.9G    0     0  98.5M      0  0:08:39  0:03:06  0:05:33  105M 36 50.0G   36 18.0G    0     0  98.6M      0  0:08:39  0:03:07  0:05:32  104M 36 50.0G   36 18.1G    0     0  98.6M      0  0:08:38  0:03:08  0:05:30  106M 36 50.0G   36 18.2G    0     0  98.7M      0  0:08:38  0:03:09  0:05:29  106M 36 50.0G   36 18.3G    0     0  98.7M      0  0:08:38  0:03:10  0:05:28  107M 36 50.0G   36 18.4G    0     0  98.8M      0  0:08:38  0:03:11  0:05:27  106M 37 50.0G   37 18.5G    0     0  98.8M      0  0:08:38  0:03:12  0:05:26  105M 37 50.0G   37 18.6G    0     0  98.8M      0  0:08:38  0:03:13  0:05:25  102M 37 50.0G   37 18.7G    0     0  98.8M      0  0:08:37  0:03:14  0:05:23  103M 37 50.0G   37 18.8G    0     0  98.8M      0  0:08:37  0:03:15  0:05:22  103M 37 50.0G   37 18.9G    0     0  98.9M      0  0:08:37  0:03:16  0:05:21  103M 38 50.0G   38 19.0G    0     0  98.8M      0  0:08:37  0:03:17  0:05:20  102M 38 50.0G   38 19.1G    0     0  98.9M      0  0:08:37  0:03:18  0:05:19  103M 38 50.0G   38 19.2G    0     0  98.8M      0  0:08:37  0:03:19  0:05:18  100M 38 50.0G   38 19.3G    0     0  98.9M      0  0:08:37  0:03:20  0:05:17  100M 38 50.0G   38 19.4G    0     0  98.9M      0  0:08:37  0:03:21  0:05:16  100M 39 50.0G   39 19.5G    0     0  98.9M      0  0:08:37  0:03:22  0:05:15 99.5M 39 50.0G   39 19.6G    0     0  98.8M      0  0:08:37  0:03:23  0:05:14 98.2M 39 50.0G   39 19.7G    0     0  98.8M      0  0:08:37  0:03:24  0:05:13 98.7M 39 50.0G   39 19.7G    0     0  98.8M      0  0:08:37  0:03:25  0:05:12 95.5M 39 50.0G   39 19.8G    0     0  98.7M      0  0:08:38  0:03:26  0:05:12 91.0M 39 50.0G   39 19.9G    0     0  98.6M      0  0:08:38  0:03:27  0:05:11 88.2M 40 50.0G   40 20.0G    0     0  98.5M      0  0:08:39  0:03:28  0:05:11 85.6M 40 50.0G   40 20.1G    0     0  98.4M      0  0:08:39  0:03:29  0:05:10 82.5M 40 50.0G   40 20.1G    0     0  98.4M      0  0:08:40  0:03:30  0:05:10 81.0M 40 50.0G   40 20.2G    0     0  98.3M      0  0:08:40  0:03:31  0:05:09 82.8M 40 50.0G   40 20.3G    0     0  98.3M      0  0:08:40  0:03:32  0:05:08 84.0M 40 50.0G   40 20.4G    0     0  98.2M      0  0:08:41  0:03:33  0:05:08 85.0M 41 50.0G   41 20.5G    0     0  98.2M      0  0:08:41  0:03:34  0:05:07 86.1M 41 50.0G   41 20.6G    0     0  98.1M      0  0:08:41  0:03:35  0:05:06 86.5M 41 50.0G   41 20.6G    0     0  98.0M      0  0:08:41  0:03:36  0:05:05 86.3M 41 50.0G   41 20.7G    0     0  98.0M      0  0:08:42  0:03:37  0:05:05 87.1M 41 50.0G   41 20.8G    0     0  97.9M      0  0:08:42  0:03:38  0:05:04 86.7M 41 50.0G   41 20.9G    0     0  97.9M      0  0:08:42  0:03:39  0:05:03 86.3M 42 50.0G   42 21.0G    0     0  97.8M      0  0:08:43  0:03:40  0:05:03 86.5M 42 50.0G   42 21.1G    0     0  97.8M      0  0:08:43  0:03:41  0:05:02 88.0M 42 50.0G   42 21.2G    0     0  97.8M      0  0:08:43  0:03:42  0:05:01 89.2M 42 50.0G   42 21.3G    0     0  97.8M      0  0:08:43  0:03:43  0:05:00 91.1M 42 50.0G   42 21.4G    0     0  97.8M      0  0:08:43  0:03:44  0:04:59 93.3M 43 50.0G   43 21.5G    0     0  97.8M      0  0:08:43  0:03:45  0:04:58 96.2M 43 50.0G   43 21.6G    0     0  97.9M      0  0:08:42  0:03:46  0:04:56 99.4M 43 50.0G   43 21.7G    0     0  97.9M      0  0:08:42  0:03:47  0:04:55  101M 43 50.0G   43 21.8G    0     0  97.9M      0  0:08:42  0:03:48  0:04:54  104M 43 50.0G   43 21.9G    0     0  98.0M      0  0:08:42  0:03:49  0:04:53  108M 44 50.0G   44 22.0G    0     0  98.1M      0  0:08:41  0:03:50  0:04:51  109M 44 50.0G   44 22.1G    0     0  98.1M      0  0:08:41  0:03:51  0:04:50  108M 44 50.0G   44 22.2G    0     0  98.2M      0  0:08:41  0:03:52  0:04:49  110M 44 50.0G   44 22.3G    0     0  98.2M      0  0:08:41  0:03:53  0:04:48  109M 44 50.0G   44 22.4G    0     0  98.3M      0  0:08:40  0:03:54  0:04:46  108M 45 50.0G   45 22.5G    0     0  98.3M      0  0:08:40  0:03:55  0:04:45  108M 45 50.0G   45 22.6G    0     0  98.3M      0  0:08:40  0:03:56  0:04:44  108M 45 50.0G   45 22.7G    0     0  98.4M      0  0:08:40  0:03:57  0:04:43  108M 45 50.0G   45 22.8G    0     0  98.4M      0  0:08:40  0:03:58  0:04:42  106M 45 50.0G   45 22.9G    0     0  98.4M      0  0:08:40  0:03:59  0:04:41  103M 46 50.0G   46 23.0G    0     0  98.4M      0  0:08:40  0:04:00  0:04:40  102M 46 50.0G   46 23.1G    0     0  98.4M      0  0:08:39  0:04:01  0:04:38  104M 46 50.0G   46 23.2G    0     0  98.5M      0  0:08:39  0:04:02  0:04:37  102M 46 50.0G   46 23.3G    0     0  98.5M      0  0:08:39  0:04:03  0:04:36  105M 46 50.0G   46 23.4G    0     0  98.5M      0  0:08:39  0:04:04  0:04:35  106M 47 50.0G   47 23.5G    0     0  98.5M      0  0:08:39  0:04:05  0:04:34  106M 47 50.0G   47 23.7G    0     0  98.6M      0  0:08:39  0:04:06  0:04:33  106M 47 50.0G   47 23.8G    0     0  98.6M      0  0:08:38  0:04:07  0:04:31  107M 47 50.0G   47 23.9G    0     0  98.7M      0  0:08:38  0:04:08  0:04:30  107M 48 50.0G   48 24.0G    0     0  98.7M      0  0:08:38  0:04:09  0:04:29  107M 48 50.0G   48 24.1G    0     0  98.7M      0  0:08:38  0:04:10  0:04:28  108M 48 50.0G   48 24.2G    0     0  98.8M      0  0:08:38  0:04:11  0:04:27  108M 48 50.0G   48 24.3G    0     0  98.9M      0  0:08:37  0:04:12  0:04:25  109M 48 50.0G   48 24.4G    0     0  98.9M      0  0:08:37  0:04:13  0:04:24  109M 49 50.0G   49 24.5G    0     0  98.9M      0  0:08:37  0:04:14  0:04:23  110M 49 50.0G   49 24.6G    0     0  99.0M      0  0:08:36  0:04:15  0:04:21  111M 49 50.0G   49 24.7G    0     0  99.1M      0  0:08:36  0:04:16  0:04:20  112M 49 50.0G   49 24.8G    0     0  99.1M      0  0:08:36  0:04:17  0:04:19  112M 50 50.0G   50 25.0G    0     0  99.2M      0  0:08:35  0:04:18  0:04:17  114M 50 50.0G   50 25.1G    0     0  99.3M      0  0:08:35  0:04:19  0:04:16  115M 50 50.0G   50 25.2G    0     0  99.3M      0  0:08:35  0:04:20  0:04:15  115M 50 50.0G   50 25.3G    0     0  99.4M      0  0:08:34  0:04:21  0:04:13  117M 50 50.0G   50 25.4G    0     0  99.5M      0  0:08:34  0:04:22  0:04:12  117M 51 50.0G   51 25.5G    0     0  99.5M      0  0:08:34  0:04:23  0:04:11  118M 51 50.0G   51 25.6G    0     0  99.6M      0  0:08:33  0:04:24  0:04:09  116M 51 50.0G   51 25.8G    0     0  99.7M      0  0:08:33  0:04:25  0:04:08  117M 51 50.0G   51 25.9G    0     0  99.7M      0  0:08:33  0:04:26  0:04:07  115M 52 50.0G   52 26.0G    0     0  99.8M      0  0:08:32  0:04:27  0:04:05  115M 52 50.0G   52 26.1G    0     0  99.8M      0  0:08:32  0:04:28  0:04:04  115M 52 50.0G   52 26.2G    0     0  99.9M      0  0:08:32  0:04:29  0:04:03  116M 52 50.0G   52 26.3G    0     0   100M      0  0:08:31  0:04:30  0:04:01  118M 52 50.0G   52 26.4G    0     0   100M      0  0:08:31  0:04:31  0:04:00  118M 53 50.0G   53 26.6G    0     0   100M      0  0:08:31  0:04:32  0:03:59  120M 53 50.0G   53 26.7G    0     0   100M      0  0:08:30  0:04:33  0:03:57  117M 53 50.0G   53 26.8G    0     0   100M      0  0:08:30  0:04:34  0:03:56  113M 53 50.0G   53 26.9G    0     0   100M      0  0:08:30  0:04:35  0:03:55  109M 54 50.0G   54 27.0G    0     0   100M      0  0:08:30  0:04:36  0:03:54  109M 54 50.0G   54 27.1G    0     0   100M      0  0:08:30  0:04:37  0:03:53  108M 54 50.0G   54 27.2G    0     0   100M      0  0:08:29  0:04:38  0:03:51  110M 54 50.0G   54 27.3G    0     0   100M      0  0:08:29  0:04:39  0:03:50  114M 54 50.0G   54 27.4G    0     0   100M      0  0:08:29  0:04:40  0:03:49  115M 55 50.0G   55 27.5G    0     0   100M      0  0:08:29  0:04:41  0:03:48  114M 55 50.0G   55 27.7G    0     0   100M      0  0:08:28  0:04:42  0:03:46  116M 55 50.0G   55 27.8G    0     0   100M      0  0:08:28  0:04:43  0:03:45  116M 55 50.0G   55 27.9G    0     0   100M      0  0:08:28  0:04:44  0:03:44  117M 56 50.0G   56 28.0G    0     0   100M      0  0:08:27  0:04:45  0:03:42  118M 56 50.0G   56 28.1G    0     0   100M      0  0:08:27  0:04:46  0:03:41  121M 56 50.0G   56 28.2G    0     0   100M      0  0:08:27  0:04:47  0:03:40  119M 56 50.0G   56 28.4G    0     0   100M      0  0:08:27  0:04:48  0:03:39  117M 57 50.0G   57 28.5G    0     0   101M      0  0:08:26  0:04:49  0:03:37  116M 57 50.0G   57 28.6G    0     0   101M      0  0:08:26  0:04:50  0:03:36  117M 57 50.0G   57 28.7G    0     0   101M      0  0:08:25  0:04:51  0:03:34  117M 57 50.0G   57 28.8G    0     0   101M      0  0:08:25  0:04:52  0:03:33  118M 58 50.0G   58 29.0G    0     0   101M      0  0:08:25  0:04:53  0:03:32  123M 58 50.0G   58 29.1G    0     0   101M      0  0:08:24  0:04:54  0:03:30  123M 58 50.0G   58 29.2G    0     0   101M      0  0:08:24  0:04:55  0:03:29  122M 58 50.0G   58 29.3G    0     0   101M      0  0:08:24  0:04:56  0:03:28  121M 58 50.0G   58 29.4G    0     0   101M      0  0:08:24  0:04:57  0:03:27  117M 59 50.0G   59 29.5G    0     0   101M      0  0:08:24  0:04:58  0:03:26  111M 59 50.0G   59 29.6G    0     0   101M      0  0:08:24  0:04:59  0:03:25  107M 59 50.0G   59 29.7G    0     0   101M      0  0:08:24  0:05:00  0:03:24  105M 59 50.0G   59 29.8G    0     0   101M      0  0:08:24  0:05:01  0:03:23  102M 59 50.0G   59 29.9G    0     0   101M      0  0:08:24  0:05:02  0:03:22  103M 60 50.0G   60 30.0G    0     0   101M      0  0:08:23  0:05:03  0:03:20  105M 60 50.0G   60 30.1G    0     0   101M      0  0:08:23  0:05:04  0:03:19  108M 60 50.0G   60 30.2G    0     0   101M      0  0:08:23  0:05:05  0:03:18  109M 60 50.0G   60 30.3G    0     0   101M      0  0:08:23  0:05:06  0:03:17  110M 60 50.0G   60 30.4G    0     0   101M      0  0:08:23  0:05:07  0:03:16  111M 61 50.0G   61 30.6G    0     0   101M      0  0:08:23  0:05:08  0:03:15  109M 61 50.0G   61 30.7G    0     0   101M      0  0:08:23  0:05:09  0:03:14  109M 61 50.0G   61 30.8G    0     0   101M      0  0:08:23  0:05:10  0:03:13  109M 61 50.0G   61 30.9G    0     0   101M      0  0:08:22  0:05:11  0:03:11  107M 62 50.0G   62 31.0G    0     0   101M      0  0:08:22  0:05:12  0:03:10  109M 62 50.0G   62 31.1G    0     0   101M      0  0:08:22  0:05:13  0:03:09  110M 62 50.0G   62 31.2G    0     0   101M      0  0:08:22  0:05:14  0:03:08  112M 62 50.0G   62 31.3G    0     0   101M      0  0:08:22  0:05:15  0:03:07  112M 62 50.0G   62 31.4G    0     0   102M      0  0:08:21  0:05:16  0:03:05  115M 63 50.0G   63 31.5G    0     0   102M      0  0:08:21  0:05:17  0:03:04  114M 63 50.0G   63 31.6G    0     0   102M      0  0:08:21  0:05:18  0:03:03  112M 63 50.0G   63 31.8G    0     0   102M      0  0:08:21  0:05:19  0:03:02  111M 63 50.0G   63 31.9G    0     0   102M      0  0:08:21  0:05:20  0:03:01  111M 64 50.0G   64 32.0G    0     0   102M      0  0:08:21  0:05:21  0:03:00  109M 64 50.0G   64 32.1G    0     0   102M      0  0:08:21  0:05:22  0:02:59  111M 64 50.0G   64 32.2G    0     0   102M      0  0:08:20  0:05:23  0:02:57  114M 64 50.0G   64 32.3G    0     0   102M      0  0:08:20  0:05:24  0:02:56  113M 64 50.0G   64 32.4G    0     0   102M      0  0:08:20  0:05:25  0:02:55  115M 65 50.0G   65 32.5G    0     0   102M      0  0:08:20  0:05:26  0:02:54  115M 65 50.0G   65 32.6G    0     0   102M      0  0:08:20  0:05:27  0:02:53  114M 65 50.0G   65 32.8G    0     0   102M      0  0:08:19  0:05:28  0:02:51  112M 65 50.0G   65 32.9G    0     0   102M      0  0:08:19  0:05:29  0:02:50  115M 66 50.0G   66 33.0G    0     0   102M      0  0:08:19  0:05:30  0:02:49  113M 66 50.0G   66 33.1G    0     0   102M      0  0:08:19  0:05:31  0:02:48  114M 66 50.0G   66 33.2G    0     0   102M      0  0:08:19  0:05:32  0:02:47  113M 66 50.0G   66 33.3G    0     0   102M      0  0:08:19  0:05:33  0:02:46  113M 66 50.0G   66 33.4G    0     0   102M      0  0:08:18  0:05:34  0:02:44  113M 67 50.0G   67 33.5G    0     0   102M      0  0:08:18  0:05:35  0:02:43  115M 67 50.0G   67 33.6G    0     0   102M      0  0:08:18  0:05:36  0:02:42  112M 67 50.0G   67 33.7G    0     0   102M      0  0:08:18  0:05:37  0:02:41  112M 67 50.0G   67 33.9G    0     0   102M      0  0:08:18  0:05:38  0:02:40  112M 68 50.0G   68 34.0G    0     0   102M      0  0:08:18  0:05:39  0:02:39  110M 68 50.0G   68 34.1G    0     0   102M      0  0:08:18  0:05:40  0:02:38  108M 68 50.0G   68 34.2G    0     0   102M      0  0:08:18  0:05:41  0:02:37  111M 68 50.0G   68 34.3G    0     0   102M      0  0:08:17  0:05:42  0:02:35  112M 68 50.0G   68 34.4G    0     0   102M      0  0:08:17  0:05:43  0:02:34  110M 69 50.0G   69 34.5G    0     0   102M      0  0:08:17  0:05:44  0:02:33  112M 69 50.0G   69 34.6G    0     0   102M      0  0:08:17  0:05:45  0:02:32  112M 69 50.0G   69 34.7G    0     0   102M      0  0:08:17  0:05:46  0:02:31  114M 69 50.0G   69 34.9G    0     0   102M      0  0:08:17  0:05:47  0:02:30  114M 70 50.0G   70 35.0G    0     0   103M      0  0:08:17  0:05:48  0:02:29  115M 70 50.0G   70 35.1G    0     0   103M      0  0:08:16  0:05:49  0:02:27  116M 70 50.0G   70 35.2G    0     0   103M      0  0:08:16  0:05:50  0:02:26  117M 70 50.0G   70 35.3G    0     0   103M      0  0:08:16  0:05:51  0:02:25  117M 70 50.0G   70 35.4G    0     0   103M      0  0:08:16  0:05:52  0:02:24  117M 71 50.0G   71 35.5G    0     0   103M      0  0:08:15  0:05:53  0:02:22  119M 71 50.0G   71 35.7G    0     0   103M      0  0:08:15  0:05:54  0:02:21  119M 71 50.0G   71 35.8G    0     0   103M      0  0:08:15  0:05:55  0:02:20  118M 71 50.0G   71 35.9G    0     0   103M      0  0:08:15  0:05:56  0:02:19  117M 72 50.0G   72 36.0G    0     0   103M      0  0:08:15  0:05:57  0:02:18  115M 72 50.0G   72 36.1G    0     0   103M      0  0:08:15  0:05:58  0:02:17  114M 72 50.0G   72 36.2G    0     0   103M      0  0:08:15  0:05:59  0:02:16  111M 72 50.0G   72 36.3G    0     0   103M      0  0:08:14  0:06:00  0:02:14  111M 72 50.0G   72 36.4G    0     0   103M      0  0:08:14  0:06:01  0:02:13  110M 73 50.0G   73 36.5G    0     0   103M      0  0:08:14  0:06:02  0:02:12  113M 73 50.0G   73 36.7G    0     0   103M      0  0:08:14  0:06:03  0:02:11  113M 73 50.0G   73 36.7G    0     0   103M      0  0:08:14  0:06:04  0:02:10  110M 73 50.0G   73 36.8G    0     0   103M      0  0:08:14  0:06:05  0:02:09  103M 73 50.0G   73 36.9G    0     0   103M      0  0:08:15  0:06:06  0:02:09 98.5M 74 50.0G   74 37.0G    0     0   103M      0  0:08:15  0:06:07  0:02:08 91.6M 74 50.0G   74 37.1G    0     0   103M      0  0:08:15  0:06:08  0:02:07 85.5M 74 50.0G   74 37.1G    0     0   103M      0  0:08:16  0:06:09  0:02:07 80.3M 74 50.0G   74 37.2G    0     0   103M      0  0:08:16  0:06:10  0:02:06 78.4M 74 50.0G   74 37.3G    0     0   103M      0  0:08:17  0:06:11  0:02:06 75.8M 74 50.0G   74 37.4G    0     0   102M      0  0:08:17  0:06:12  0:02:05 73.1M 74 50.0G   74 37.4G    0     0   102M      0  0:08:17  0:06:13  0:02:04 71.4M 75 50.0G   75 37.5G    0     0   102M      0  0:08:18  0:06:14  0:02:04 73.4M 75 50.0G   75 37.6G    0     0   102M      0  0:08:18  0:06:15  0:02:03 74.7M 75 50.0G   75 37.6G    0     0   102M      0  0:08:18  0:06:16  0:02:02 75.8M 75 50.0G   75 37.7G    0     0   102M      0  0:08:19  0:06:17  0:02:02 76.5M 75 50.0G   75 37.8G    0     0   102M      0  0:08:19  0:06:18  0:02:01 76.6M 75 50.0G   75 37.9G    0     0   102M      0  0:08:19  0:06:19  0:02:00 76.9M 76 50.0G   76 38.0G    0     0   102M      0  0:08:20  0:06:20  0:02:00 77.2M 76 50.0G   76 38.0G    0     0   102M      0  0:08:20  0:06:21  0:01:59 77.1M 76 50.0G   76 38.1G    0     0   102M      0  0:08:20  0:06:22  0:01:58 77.2M 76 50.0G   76 38.2G    0     0   102M      0  0:08:20  0:06:23  0:01:57 78.2M 76 50.0G   76 38.3G    0     0   102M      0  0:08:21  0:06:24  0:01:57 79.0M 76 50.0G   76 38.3G    0     0   102M      0  0:08:21  0:06:25  0:01:56 80.5M 76 50.0G   76 38.4G    0     0   102M      0  0:08:21  0:06:26  0:01:55 82.7M 77 50.0G   77 38.5G    0     0   101M      0  0:08:22  0:06:27  0:01:55 81.6M 77 50.0G   77 38.6G    0     0   101M      0  0:08:22  0:06:28  0:01:54 80.1M 77 50.0G   77 38.6G    0     0   101M      0  0:08:22  0:06:29  0:01:53 79.3M 77 50.0G   77 38.7G    0     0   101M      0  0:08:22  0:06:30  0:01:52 78.6M 77 50.0G   77 38.8G    0     0   101M      0  0:08:23  0:06:31  0:01:52 78.1M 77 50.0G   77 38.9G    0     0   101M      0  0:08:23  0:06:32  0:01:51 81.0M 78 50.0G   78 39.0G    0     0   101M      0  0:08:23  0:06:33  0:01:50 84.5M 78 50.0G   78 39.1G    0     0   101M      0  0:08:23  0:06:34  0:01:49 87.2M 78 50.0G   78 39.2G    0     0   101M      0  0:08:23  0:06:35  0:01:48 89.2M 78 50.0G   78 39.3G    0     0   101M      0  0:08:23  0:06:36  0:01:47 90.6M 78 50.0G   78 39.3G    0     0   101M      0  0:08:23  0:06:37  0:01:46 91.7M 78 50.0G   78 39.4G    0     0   101M      0  0:08:24  0:06:38  0:01:46 92.0M 79 50.0G   79 39.5G    0     0   101M      0  0:08:24  0:06:39  0:01:45 92.3M 79 50.0G   79 39.6G    0     0   101M      0  0:08:24  0:06:40  0:01:44 92.3M 79 50.0G   79 39.7G    0     0   101M      0  0:08:24  0:06:41  0:01:43 92.0M 79 50.0G   79 39.8G    0     0   101M      0  0:08:24  0:06:42  0:01:42 91.9M 79 50.0G   79 39.9G    0     0   101M      0  0:08:24  0:06:43  0:01:41 92.6M 80 50.0G   80 40.0G    0     0   101M      0  0:08:24  0:06:44  0:01:40 93.2M 80 50.0G   80 40.1G    0     0   101M      0  0:08:24  0:06:45  0:01:39 94.3M 80 50.0G   80 40.2G    0     0   101M      0  0:08:24  0:06:46  0:01:38 95.6M 80 50.0G   80 40.3G    0     0   101M      0  0:08:24  0:06:47  0:01:37 97.3M 80 50.0G   80 40.4G    0     0   101M      0  0:08:24  0:06:48  0:01:36 99.9M 81 50.0G   81 40.5G    0     0   101M      0  0:08:24  0:06:49  0:01:35  102M 81 50.0G   81 40.6G    0     0   101M      0  0:08:24  0:06:50  0:01:34  104M 81 50.0G   81 40.7G    0     0   101M      0  0:08:24  0:06:51  0:01:33  108M 81 50.0G   81 40.8G    0     0   101M      0  0:08:24  0:06:52  0:01:32  112M 81 50.0G   81 40.9G    0     0   101M      0  0:08:23  0:06:53  0:01:30  116M 82 50.0G   82 41.0G    0     0   101M      0  0:08:23  0:06:54  0:01:29  115M 82 50.0G   82 41.2G    0     0   101M      0  0:08:23  0:06:55  0:01:28  115M 82 50.0G   82 41.3G    0     0   101M      0  0:08:23  0:06:56  0:01:27  115M 82 50.0G   82 41.4G    0     0   101M      0  0:08:23  0:06:57  0:01:26  115M 83 50.0G   83 41.5G    0     0   101M      0  0:08:22  0:06:58  0:01:24  115M 83 50.0G   83 41.6G    0     0   101M      0  0:08:22  0:06:59  0:01:23  120M 83 50.0G   83 41.8G    0     0   101M      0  0:08:22  0:07:00  0:01:22  124M 83 50.0G   83 41.9G    0     0   101M      0  0:08:22  0:07:01  0:01:21  126M 84 50.0G   84 42.0G    0     0   102M      0  0:08:21  0:07:02  0:01:19  128M 84 50.0G   84 42.1G    0     0   102M      0  0:08:21  0:07:03  0:01:18  129M 84 50.0G   84 42.3G    0     0   102M      0  0:08:21  0:07:04  0:01:17  129M 84 50.0G   84 42.4G    0     0   102M      0  0:08:20  0:07:05  0:01:15  129M 85 50.0G   85 42.5G    0     0   102M      0  0:08:20  0:07:06  0:01:14  129M 85 50.0G   85 42.6G    0     0   102M      0  0:08:20  0:07:07  0:01:13  130M 85 50.0G   85 42.8G    0     0   102M      0  0:08:19  0:07:08  0:01:11  129M 85 50.0G   85 42.9G    0     0   102M      0  0:08:19  0:07:09  0:01:10  129M 86 50.0G   86 43.0G    0     0   102M      0  0:08:19  0:07:10  0:01:09  130M 86 50.0G   86 43.1G    0     0   102M      0  0:08:18  0:07:11  0:01:07  128M 86 50.0G   86 43.3G    0     0   102M      0  0:08:18  0:07:12  0:01:06  128M 86 50.0G   86 43.4G    0     0   102M      0  0:08:18  0:07:13  0:01:05  129M 87 50.0G   87 43.5G    0     0   102M      0  0:08:18  0:07:14  0:01:04  128M 87 50.0G   87 43.7G    0     0   102M      0  0:08:17  0:07:15  0:01:02  127M 87 50.0G   87 43.8G    0     0   102M      0  0:08:17  0:07:16  0:01:01  128M 87 50.0G   87 43.9G    0     0   102M      0  0:08:17  0:07:17  0:01:00  127M 88 50.0G   88 44.0G    0     0   103M      0  0:08:17  0:07:18  0:00:59  125M 88 50.0G   88 44.1G    0     0   103M      0  0:08:16  0:07:19  0:00:57  126M 88 50.0G   88 44.3G    0     0   103M      0  0:08:16  0:07:20  0:00:56  126M 88 50.0G   88 44.4G    0     0   103M      0  0:08:16  0:07:21  0:00:55  127M 89 50.0G   89 44.5G    0     0   103M      0  0:08:15  0:07:22  0:00:53  126M 89 50.0G   89 44.6G    0     0   103M      0  0:08:15  0:07:23  0:00:52  128M 89 50.0G   89 44.8G    0     0   103M      0  0:08:15  0:07:24  0:00:51  124M 89 50.0G   89 44.8G    0     0   103M      0  0:08:15  0:07:25  0:00:50  118M 89 50.0G   89 44.9G    0     0   103M      0  0:08:15  0:07:26  0:00:49  113M 90 50.0G   90 45.1G    0     0   103M      0  0:08:15  0:07:27  0:00:48  110M 90 50.0G   90 45.2G    0     0   103M      0  0:08:15  0:07:28  0:00:47  106M 90 50.0G   90 45.3G    0     0   103M      0  0:08:15  0:07:29  0:00:46  105M 90 50.0G   90 45.4G    0     0   103M      0  0:08:15  0:07:30  0:00:45  106M 91 50.0G   91 45.5G    0     0   103M      0  0:08:15  0:07:31  0:00:44  108M 91 50.0G   91 45.6G    0     0   103M      0  0:08:15  0:07:32  0:00:43  109M 91 50.0G   91 45.7G    0     0   103M      0  0:08:15  0:07:33  0:00:42  109M 91 50.0G   91 45.8G    0     0   103M      0  0:08:15  0:07:34  0:00:41  111M 91 50.0G   91 45.9G    0     0   103M      0  0:08:14  0:07:35  0:00:39  112M 92 50.0G   92 46.0G    0     0   103M      0  0:08:14  0:07:36  0:00:38  113M 92 50.0G   92 46.1G    0     0   103M      0  0:08:14  0:07:37  0:00:37  113M 92 50.0G   92 46.3G    0     0   103M      0  0:08:14  0:07:38  0:00:36  115M 92 50.0G   92 46.4G    0     0   103M      0  0:08:14  0:07:39  0:00:35  115M 93 50.0G   93 46.5G    0     0   103M      0  0:08:14  0:07:40  0:00:34  116M 93 50.0G   93 46.6G    0     0   103M      0  0:08:14  0:07:41  0:00:33  117M 93 50.0G   93 46.7G    0     0   103M      0  0:08:13  0:07:42  0:00:31  118M 93 50.0G   93 46.8G    0     0   103M      0  0:08:13  0:07:43  0:00:30  119M 94 50.0G   94 47.0G    0     0   103M      0  0:08:13  0:07:44  0:00:29  121M 94 50.0G   94 47.1G    0     0   103M      0  0:08:13  0:07:45  0:00:28  123M 94 50.0G   94 47.2G    0     0   103M      0  0:08:13  0:07:46  0:00:27  124M 94 50.0G   94 47.3G    0     0   103M      0  0:08:12  0:07:47  0:00:25  125M 95 50.0G   95 47.5G    0     0   103M      0  0:08:12  0:07:48  0:00:24  126M 95 50.0G   95 47.6G    0     0   104M      0  0:08:12  0:07:49  0:00:23  127M 95 50.0G   95 47.7G    0     0   104M      0  0:08:12  0:07:50  0:00:22  127M 95 50.0G   95 47.8G    0     0   104M      0  0:08:11  0:07:51  0:00:20  128M 96 50.0G   96 48.0G    0     0   104M      0  0:08:11  0:07:52  0:00:19  128M 96 50.0G   96 48.1G    0     0   104M      0  0:08:11  0:07:53  0:00:18  127M 96 50.0G   96 48.2G    0     0   104M      0  0:08:11  0:07:54  0:00:17  127M 96 50.0G   96 48.3G    0     0   104M      0  0:08:10  0:07:55  0:00:15  127M 97 50.0G   97 48.5G    0     0   104M      0  0:08:10  0:07:56  0:00:14  127M 97 50.0G   97 48.6G    0     0   104M      0  0:08:10  0:07:57  0:00:13  127M 97 50.0G   97 48.7G    0     0   104M      0  0:08:10  0:07:58  0:00:12  128M 97 50.0G   97 48.8G    0     0   104M      0  0:08:09  0:07:59  0:00:10  128M 98 50.0G   98 49.0G    0     0   104M      0  0:08:09  0:08:00  0:00:09  129M 98 50.0G   98 49.1G    0     0   104M      0  0:08:09  0:08:01  0:00:08  127M 98 50.0G   98 49.2G    0     0   104M      0  0:08:09  0:08:02  0:00:07  128M 98 50.0G   98 49.3G    0     0   104M      0  0:08:09  0:08:03  0:00:06  126M 98 50.0G   98 49.4G    0     0   104M      0  0:08:09  0:08:04  0:00:05  122M 99 50.0G   99 49.5G    0     0   104M      0  0:08:09  0:08:05  0:00:04  118M 99 50.0G   99 49.7G    0     0   104M      0  0:08:08  0:08:06  0:00:02  116M 99 50.0G   99 49.8G    0     0   104M      0  0:08:08  0:08:07  0:00:01  114M 99 50.0G   99 49.9G    0     0   104M      0  0:08:08  0:08:08 --:--:--  115M100 50.0G  100 50.0G    0     0   104M      0  0:08:08  0:08:08 --:--:--  117M
  % Total    % Received % Xferd  Average Speed   Time    Time     Time  Current
                                 Dload  Upload   Total   Spent    Left  Speed
