3: eth1: <BROADCAST,MULTICAST,UP,LOWER_UP> mtu 1500 qdisc mq state UP group default qlen 1000
    link/ether 0a:ab:87:2f:ce:38 brd ff:ff:ff:ff:ff:ff
    inet 10.133.1.2/24 scope global eth1
       valid_lft forever preferred_lft forever
    inet6 fe80::e717:6343:d8fc:fdb7/64 scope link noprefixroute 
       valid_lft forever preferred_lft forever
default via 10.20.4.1 dev eth0 proto dhcp metric 100 
10.20.4.0/23 dev eth0 proto kernel scope link src 10.20.5.156 metric 100 
10.128.0.0/10 via 10.133.1.1 dev eth1 
10.133.1.0/24 dev eth1 proto kernel scope link src 10.133.1.2 
169.254.169.254 via 10.20.4.11 dev eth0 proto dhcp metric 100 
chmod: cannot access './fabric_node_tools/*.sh': No such file or directory
Rocky Linux 8 - AppStream                       8.1 MB/s |  11 MB     00:01    
Rocky Linux 8 - BaseOS                          1.2 MB/s | 9.0 MB     00:07    
Rocky Linux 8 - Extras                           18 kB/s |  12 kB     00:00    
Dependencies resolved.
================================================================================
 Package               Architecture    Version            Repository       Size
================================================================================
Installing:
 epel-release          noarch          8-17.el8           extras           24 k

Transaction Summary
================================================================================
Install  1 Package

Total download size: 24 k
Installed size: 34 k
Downloading Packages:
[MIRROR] epel-release-8-17.el8.noarch.rpm: Curl error (7): Couldn't connect to server for http://distro.ibiblio.org/rocky/8.6/extras/x86_64/os/Packages/e/epel-release-8-17.el8.noarch.rpm [Failed to connect to distro.ibiblio.org port 80: No route to host]
[MIRROR] epel-release-8-17.el8.noarch.rpm: Curl error (7): Couldn't connect to server for http://mirror.siena.edu/rocky/8.6/extras/x86_64/os/Packages/e/epel-release-8-17.el8.noarch.rpm [Failed to connect to mirror.siena.edu port 80: No route to host]
epel-release-8-17.el8.noarch.rpm                3.5 kB/s |  24 kB     00:06    
--------------------------------------------------------------------------------
Total                                           3.4 kB/s |  24 kB     00:07     
Rocky Linux 8 - Extras                          1.6 MB/s | 1.6 kB     00:00    
Importing GPG key 0x6D745A60:
 Userid     : "Release Engineering <infrastructure@rockylinux.org>"
 Fingerprint: 7051 C470 A929 F454 CEBE 37B7 15AF 5DAC 6D74 5A60
 From       : /etc/pki/rpm-gpg/RPM-GPG-KEY-rockyofficial
Key imported successfully
Running transaction check
Transaction check succeeded.
Running transaction test
Transaction test succeeded.
Running transaction
  Preparing        :                                                        1/1 
  Installing       : epel-release-8-17.el8.noarch                           1/1 
  Running scriptlet: epel-release-8-17.el8.noarch                           1/1 
Many EPEL packages require the CodeReady Builder (CRB) repository.
It is recommended that you run /usr/bin/crb enable to enable the CRB repository.

  Verifying        : epel-release-8-17.el8.noarch                           1/1 

Installed:
  epel-release-8-17.el8.noarch                                                  

Complete!
Enabling CRB repo
CRB repo is enabled and named: powertools
Rocky Linux 8 - PowerTools                      2.5 MB/s | 2.9 MB     00:01    
Extra Packages for Enterprise Linux 8 - x86_64  606 kB/s |  13 MB     00:22    
Extra Packages for Enterprise Linux Modular 8 - 453 kB/s | 733 kB     00:01    
Dependencies resolved.
================================================================================
 Package         Arch   Version                                 Repo       Size
================================================================================
Installing:
 httpd           x86_64 2.4.37-47.module+el8.6.0+985+b8ff6398.2 appstream 1.4 M
 iftop           x86_64 1.0-0.21.pre4.el8                       epel       59 k
 iperf3          x86_64 3.5-6.el8                               appstream  99 k
 iproute-tc      x86_64 5.15.0-4.el8_6.1                        baseos    463 k
 net-tools       x86_64 2.0-0.52.20160912git.el8                baseos    321 k
 pciutils        x86_64 3.7.0-1.el8                             baseos    104 k
 tcpdump         x86_64 14:4.9.3-3.el8                          appstream 452 k
 vim-enhanced    x86_64 2:8.0.1763-19.el8_6.4                   appstream 1.4 M
Upgrading:
 iproute         x86_64 5.15.0-4.el8_6.1                        baseos    797 k
Installing dependencies:
 apr             x86_64 1.6.3-12.el8                            appstream 128 k
 apr-util        x86_64 1.6.1-6.el8.1                           appstream 104 k
 gpm-libs        x86_64 1.20.7-17.el8                           appstream  38 k
 httpd-filesystem
                 noarch 2.4.37-47.module+el8.6.0+985+b8ff6398.2 appstream  40 k
 httpd-tools     x86_64 2.4.37-47.module+el8.6.0+985+b8ff6398.2 appstream 107 k
 iptables-libs   x86_64 1.8.4-22.el8                            baseos    106 k
 libibverbs      x86_64 37.2-1.el8                              baseos    384 k
 libpcap         x86_64 14:1.9.1-5.el8                          baseos    168 k
 lksctp-tools    x86_64 1.0.18-3.el8                            baseos     98 k
 mailcap         noarch 2.1.48-3.el8                            baseos     38 k
 mod_http2       x86_64 1.15.7-5.module+el8.6.0+823+f143cee1    appstream 153 k
 rocky-logos-httpd
                 noarch 86.2-1.el8                              baseos     24 k
 vim-common      x86_64 2:8.0.1763-19.el8_6.4                   appstream 6.3 M
 vim-filesystem  noarch 2:8.0.1763-19.el8_6.4                   appstream  49 k
Installing weak dependencies:
 apr-util-bdb    x86_64 1.6.1-6.el8.1                           appstream  23 k
 apr-util-openssl
                 x86_64 1.6.1-6.el8.1                           appstream  26 k
Enabling module streams:
 httpd                  2.4                                                    

Transaction Summary
================================================================================
Install  24 Packages
Upgrade   1 Package

Total download size: 13 M
Downloading Packages:
(1/25): apr-util-bdb-1.6.1-6.el8.1.x86_64.rpm    78 kB/s |  23 kB     00:00    
(2/25): apr-util-openssl-1.6.1-6.el8.1.x86_64.r 345 kB/s |  26 kB     00:00    
(3/25): apr-util-1.6.1-6.el8.1.x86_64.rpm       233 kB/s | 104 kB     00:00    
(4/25): apr-1.6.3-12.el8.x86_64.rpm             287 kB/s | 128 kB     00:00    
(5/25): gpm-libs-1.20.7-17.el8.x86_64.rpm       505 kB/s |  38 kB     00:00    
(6/25): httpd-filesystem-2.4.37-47.module+el8.6 532 kB/s |  40 kB     00:00    
(7/25): httpd-tools-2.4.37-47.module+el8.6.0+98 723 kB/s | 107 kB     00:00    
(8/25): iperf3-3.5-6.el8.x86_64.rpm             1.3 MB/s |  99 kB     00:00    
(9/25): mod_http2-1.15.7-5.module+el8.6.0+823+f 2.0 MB/s | 153 kB     00:00    
(10/25): httpd-2.4.37-47.module+el8.6.0+985+b8f 4.7 MB/s | 1.4 MB     00:00    
(11/25): tcpdump-4.9.3-3.el8.x86_64.rpm         2.9 MB/s | 452 kB     00:00    
(12/25): vim-filesystem-8.0.1763-19.el8_6.4.noa 607 kB/s |  49 kB     00:00    
(13/25): vim-enhanced-8.0.1763-19.el8_6.4.x86_6  15 MB/s | 1.4 MB     00:00    
(14/25): vim-common-8.0.1763-19.el8_6.4.x86_64.  16 MB/s | 6.3 MB     00:00    
(15/25): iptables-libs-1.8.4-22.el8.x86_64.rpm  214 kB/s | 106 kB     00:00    
(16/25): iproute-tc-5.15.0-4.el8_6.1.x86_64.rpm 702 kB/s | 463 kB     00:00    
(17/25): libpcap-1.9.1-5.el8.x86_64.rpm         1.0 MB/s | 168 kB     00:00    
(18/25): libibverbs-37.2-1.el8.x86_64.rpm       781 kB/s | 384 kB     00:00    
(19/25): lksctp-tools-1.0.18-3.el8.x86_64.rpm   1.1 MB/s |  98 kB     00:00    
(20/25): mailcap-2.1.48-3.el8.noarch.rpm        450 kB/s |  38 kB     00:00    
(21/25): net-tools-2.0-0.52.20160912git.el8.x86 3.6 MB/s | 321 kB     00:00    
(22/25): pciutils-3.7.0-1.el8.x86_64.rpm        1.2 MB/s | 104 kB     00:00    
(23/25): rocky-logos-httpd-86.2-1.el8.noarch.rp 282 kB/s |  24 kB     00:00    
(24/25): iproute-5.15.0-4.el8_6.1.x86_64.rpm    4.6 MB/s | 797 kB     00:00    
[MIRROR] iftop-1.0-0.21.pre4.el8.x86_64.rpm: Curl error (7): Couldn't connect to server for http://mirror.arizona.edu/fedora-epel/8/Everything/x86_64/Packages/i/iftop-1.0-0.21.pre4.el8.x86_64.rpm [Failed to connect to mirror.arizona.edu port 80: No route to host]
[MIRROR] iftop-1.0-0.21.pre4.el8.x86_64.rpm: Curl error (7): Couldn't connect to server for https://mirror.arizona.edu/fedora-epel/8/Everything/x86_64/Packages/i/iftop-1.0-0.21.pre4.el8.x86_64.rpm [Failed to connect to mirror.arizona.edu port 443: No route to host]
[MIRROR] iftop-1.0-0.21.pre4.el8.x86_64.rpm: Curl error (7): Couldn't connect to server for https://mirrors.lug.mtu.edu/epel/8/Everything/x86_64/Packages/i/iftop-1.0-0.21.pre4.el8.x86_64.rpm [Failed to connect to mirrors.lug.mtu.edu port 443: No route to host]
[MIRROR] iftop-1.0-0.21.pre4.el8.x86_64.rpm: Curl error (7): Couldn't connect to server for http://mirrors.lug.mtu.edu/epel/8/Everything/x86_64/Packages/i/iftop-1.0-0.21.pre4.el8.x86_64.rpm [Failed to connect to mirrors.lug.mtu.edu port 80: No route to host]
(25/25): iftop-1.0-0.21.pre4.el8.x86_64.rpm     4.5 kB/s |  59 kB     00:13    
--------------------------------------------------------------------------------
Total                                           855 kB/s |  13 MB     00:15     
Extra Packages for Enterprise Linux 8 - x86_64  1.6 MB/s | 1.6 kB     00:00    
Importing GPG key 0x2F86D6A1:
 Userid     : "Fedora EPEL (8) <epel@fedoraproject.org>"
 Fingerprint: 94E2 79EB 8D8F 25B2 1810 ADF1 21EA 45AB 2F86 D6A1
 From       : /etc/pki/rpm-gpg/RPM-GPG-KEY-EPEL-8
Key imported successfully
Running transaction check
Transaction check succeeded.
Running transaction test
Transaction test succeeded.
Running transaction
  Preparing        :                                                        1/1 
  Installing       : apr-1.6.3-12.el8.x86_64                               1/26 
  Running scriptlet: apr-1.6.3-12.el8.x86_64                               1/26 
  Installing       : apr-util-bdb-1.6.1-6.el8.1.x86_64                     2/26 
  Installing       : apr-util-openssl-1.6.1-6.el8.1.x86_64                 3/26 
  Installing       : apr-util-1.6.1-6.el8.1.x86_64                         4/26 
  Running scriptlet: apr-util-1.6.1-6.el8.1.x86_64                         4/26 
  Installing       : httpd-tools-2.4.37-47.module+el8.6.0+985+b8ff6398.    5/26 
  Upgrading        : iproute-5.15.0-4.el8_6.1.x86_64                       6/26 
  Installing       : rocky-logos-httpd-86.2-1.el8.noarch                   7/26 
  Installing       : mailcap-2.1.48-3.el8.noarch                           8/26 
  Installing       : lksctp-tools-1.0.18-3.el8.x86_64                      9/26 
  Running scriptlet: lksctp-tools-1.0.18-3.el8.x86_64                      9/26 
  Installing       : libibverbs-37.2-1.el8.x86_64                         10/26 
  Running scriptlet: libibverbs-37.2-1.el8.x86_64                         10/26 
  Installing       : libpcap-14:1.9.1-5.el8.x86_64                        11/26 
  Installing       : iptables-libs-1.8.4-22.el8.x86_64                    12/26 
  Installing       : vim-filesystem-2:8.0.1763-19.el8_6.4.noarch          13/26 
  Installing       : vim-common-2:8.0.1763-19.el8_6.4.x86_64              14/26 
  Running scriptlet: httpd-filesystem-2.4.37-47.module+el8.6.0+985+b8ff   15/26 
  Installing       : httpd-filesystem-2.4.37-47.module+el8.6.0+985+b8ff   15/26 
  Installing       : mod_http2-1.15.7-5.module+el8.6.0+823+f143cee1.x86   16/26 
  Installing       : httpd-2.4.37-47.module+el8.6.0+985+b8ff6398.2.x86_   17/26 
  Running scriptlet: httpd-2.4.37-47.module+el8.6.0+985+b8ff6398.2.x86_   17/26 
  Installing       : gpm-libs-1.20.7-17.el8.x86_64                        18/26 
  Running scriptlet: gpm-libs-1.20.7-17.el8.x86_64                        18/26 
  Installing       : vim-enhanced-2:8.0.1763-19.el8_6.4.x86_64            19/26 
  Installing       : iproute-tc-5.15.0-4.el8_6.1.x86_64                   20/26 
  Running scriptlet: tcpdump-14:4.9.3-3.el8.x86_64                        21/26 
  Installing       : tcpdump-14:4.9.3-3.el8.x86_64                        21/26 
  Installing       : iftop-1.0-0.21.pre4.el8.x86_64                       22/26 
  Installing       : iperf3-3.5-6.el8.x86_64                              23/26 
  Running scriptlet: iperf3-3.5-6.el8.x86_64                              23/26 
  Installing       : pciutils-3.7.0-1.el8.x86_64                          24/26 
  Installing       : net-tools-2.0-0.52.20160912git.el8.x86_64            25/26 
  Running scriptlet: net-tools-2.0-0.52.20160912git.el8.x86_64            25/26 
  Cleanup          : iproute-5.12.0-4.el8.x86_64                          26/26 
  Running scriptlet: httpd-2.4.37-47.module+el8.6.0+985+b8ff6398.2.x86_   26/26 
  Running scriptlet: iproute-5.12.0-4.el8.x86_64                          26/26 
  Running scriptlet: vim-common-2:8.0.1763-19.el8_6.4.x86_64              26/26 
  Verifying        : apr-1.6.3-12.el8.x86_64                               1/26 
  Verifying        : apr-util-1.6.1-6.el8.1.x86_64                         2/26 
  Verifying        : apr-util-bdb-1.6.1-6.el8.1.x86_64                     3/26 
  Verifying        : apr-util-openssl-1.6.1-6.el8.1.x86_64                 4/26 
  Verifying        : gpm-libs-1.20.7-17.el8.x86_64                         5/26 
  Verifying        : httpd-2.4.37-47.module+el8.6.0+985+b8ff6398.2.x86_    6/26 
  Verifying        : httpd-filesystem-2.4.37-47.module+el8.6.0+985+b8ff    7/26 
  Verifying        : httpd-tools-2.4.37-47.module+el8.6.0+985+b8ff6398.    8/26 
  Verifying        : iperf3-3.5-6.el8.x86_64                               9/26 
  Verifying        : mod_http2-1.15.7-5.module+el8.6.0+823+f143cee1.x86   10/26 
  Verifying        : tcpdump-14:4.9.3-3.el8.x86_64                        11/26 
  Verifying        : vim-common-2:8.0.1763-19.el8_6.4.x86_64              12/26 
  Verifying        : vim-enhanced-2:8.0.1763-19.el8_6.4.x86_64            13/26 
  Verifying        : vim-filesystem-2:8.0.1763-19.el8_6.4.noarch          14/26 
  Verifying        : iproute-tc-5.15.0-4.el8_6.1.x86_64                   15/26 
  Verifying        : iptables-libs-1.8.4-22.el8.x86_64                    16/26 
  Verifying        : libibverbs-37.2-1.el8.x86_64                         17/26 
  Verifying        : libpcap-14:1.9.1-5.el8.x86_64                        18/26 
  Verifying        : lksctp-tools-1.0.18-3.el8.x86_64                     19/26 
  Verifying        : mailcap-2.1.48-3.el8.noarch                          20/26 
  Verifying        : net-tools-2.0-0.52.20160912git.el8.x86_64            21/26 
  Verifying        : pciutils-3.7.0-1.el8.x86_64                          22/26 
  Verifying        : rocky-logos-httpd-86.2-1.el8.noarch                  23/26 
  Verifying        : iftop-1.0-0.21.pre4.el8.x86_64                       24/26 
  Verifying        : iproute-5.15.0-4.el8_6.1.x86_64                      25/26 
  Verifying        : iproute-5.12.0-4.el8.x86_64                          26/26 

Upgraded:
  iproute-5.15.0-4.el8_6.1.x86_64                                               
Installed:
  apr-1.6.3-12.el8.x86_64                                                       
  apr-util-1.6.1-6.el8.1.x86_64                                                 
  apr-util-bdb-1.6.1-6.el8.1.x86_64                                             
  apr-util-openssl-1.6.1-6.el8.1.x86_64                                         
  gpm-libs-1.20.7-17.el8.x86_64                                                 
  httpd-2.4.37-47.module+el8.6.0+985+b8ff6398.2.x86_64                          
  httpd-filesystem-2.4.37-47.module+el8.6.0+985+b8ff6398.2.noarch               
  httpd-tools-2.4.37-47.module+el8.6.0+985+b8ff6398.2.x86_64                    
  iftop-1.0-0.21.pre4.el8.x86_64                                                
  iperf3-3.5-6.el8.x86_64                                                       
  iproute-tc-5.15.0-4.el8_6.1.x86_64                                            
  iptables-libs-1.8.4-22.el8.x86_64                                             
  libibverbs-37.2-1.el8.x86_64                                                  
  libpcap-14:1.9.1-5.el8.x86_64                                                 
  lksctp-tools-1.0.18-3.el8.x86_64                                              
  mailcap-2.1.48-3.el8.noarch                                                   
  mod_http2-1.15.7-5.module+el8.6.0+823+f143cee1.x86_64                         
  net-tools-2.0-0.52.20160912git.el8.x86_64                                     
  pciutils-3.7.0-1.el8.x86_64                                                   
  rocky-logos-httpd-86.2-1.el8.noarch                                           
  tcpdump-14:4.9.3-3.el8.x86_64                                                 
  vim-common-2:8.0.1763-19.el8_6.4.x86_64                                       
  vim-enhanced-2:8.0.1763-19.el8_6.4.x86_64                                     
  vim-filesystem-2:8.0.1763-19.el8_6.4.noarch                                   

Complete!
sudo: ./fabric_node_tools/host_tune_redhat.sh: command not found
Creating filesystem with 262144000 4k blocks and 65536000 inodes
Filesystem UUID: 17bf4373-5c03-4fd2-a261-9e41cbbc21fe
Superblock backups stored on blocks: 
	32768, 98304, 163840mke2fs 1.45.6 (20-Mar-2020)
, 229376, 294912, 819200, 884736, 1605632, 2654208, 
	4096000, 7962624, 11239424, 20480000, 23887872, 71663616, 78675968, 
	102400000, 214990848

Allocating group tables:    0/8000         done                            
Writing inode tables:    0/8000         done                            
Creating journal (262144 blocks): done
Writing superblocks and filesystem accounting information:    0/8000   8/8000         done

Last metadata expiration check: 0:17:34 ago on Mon 14 Nov 2022 03:51:28 PM UTC.
Package epel-release-8-17.el8.noarch is already installed.
Dependencies resolved.
================================================================================
 Package               Architecture    Version              Repository     Size
================================================================================
Upgrading:
 epel-release          noarch          8-18.el8             epel           24 k

Transaction Summary
================================================================================
Upgrade  1 Package

Total download size: 24 k
Downloading Packages:
[MIRROR] epel-release-8-18.el8.noarch.rpm: Curl error (7): Couldn't connect to server for https://pubmirror1.math.uh.edu/fedora-buffet/epel/8/Everything/x86_64/Packages/e/epel-release-8-18.el8.noarch.rpm [Failed to connect to pubmirror1.math.uh.edu port 443: No route to host]
[MIRROR] epel-release-8-18.el8.noarch.rpm: Curl error (7): Couldn't connect to server for http://pubmirror1.math.uh.edu/fedora-buffet/epel/8/Everything/x86_64/Packages/e/epel-release-8-18.el8.noarch.rpm [Failed to connect to pubmirror1.math.uh.edu port 80: No route to host]
[MIRROR] epel-release-8-18.el8.noarch.rpm: Curl error (7): Couldn't connect to server for http://mirrors.mit.edu/epel/8/Everything/x86_64/Packages/e/epel-release-8-18.el8.noarch.rpm [Failed to connect to mirrors.mit.edu port 80: No route to host]
[MIRROR] epel-release-8-18.el8.noarch.rpm: Curl error (7): Couldn't connect to server for http://mirror.math.princeton.edu/pub/epel/8/Everything/x86_64/Packages/e/epel-release-8-18.el8.noarch.rpm [Failed to connect to mirror.math.princeton.edu port 80: No route to host]
epel-release-8-18.el8.noarch.rpm                1.9 kB/s |  24 kB     00:12    
--------------------------------------------------------------------------------
Total                                           1.8 kB/s |  24 kB     00:13     
Running transaction check
Transaction check succeeded.
Running transaction test
Transaction test succeeded.
Running transaction
  Preparing        :                                                        1/1 
  Running scriptlet: epel-release-8-18.el8.noarch                           1/1 
  Upgrading        : epel-release-8-18.el8.noarch                           1/2 
  Running scriptlet: epel-release-8-18.el8.noarch                           1/2 
  Cleanup          : epel-release-8-17.el8.noarch                           2/2 
  Running scriptlet: epel-release-8-17.el8.noarch                           2/2 
  Verifying        : epel-release-8-18.el8.noarch                           1/2 
  Verifying        : epel-release-8-17.el8.noarch                           2/2 

Upgraded:
  epel-release-8-18.el8.noarch                                                  

Complete!
Enabling CRB repo
CRB repo is enabled and named: powertools
Rocky Linux 8 - PowerTools                      971  B/s | 4.8 kB     00:05    
Package httpd-2.4.37-47.module+el8.6.0+985+b8ff6398.2.x86_64 is already installed.
Package iproute-tc-5.15.0-4.el8_6.1.x86_64 is already installed.
Package net-tools-2.0-0.52.20160912git.el8.x86_64 is already installed.
Package pciutils-3.7.0-1.el8.x86_64 is already installed.
Package tcpdump-14:4.9.3-3.el8.x86_64 is already installed.
Package iftop-1.0-0.21.pre4.el8.x86_64 is already installed.
Package iperf3-3.5-6.el8.x86_64 is already installed.
Package vim-enhanced-2:8.0.1763-19.el8_6.4.x86_64 is already installed.
Dependencies resolved.
Nothing to do.
Complete!
dev
* Applying /usr/lib/sysctl.d/10-default-yama-scope.conf ...
kernel.yama.ptrace_scope = 0
* Applying /usr/lib/sysctl.d/50-coredump.conf ...
kernel.core_pattern = |/usr/lib/systemd/systemd-coredump %P %u %g %s %t %c %h %e
kernel.core_pipe_limit = 16
* Applying /usr/lib/sysctl.d/50-default.conf ...
kernel.sysrq = 16
kernel.core_uses_pid = 1
kernel.kptr_restrict = 1
net.ipv4.conf.all.rp_filter = 1
net.ipv4.conf.all.accept_source_route = 0
net.ipv4.conf.all.promote_secondaries = 1
net.core.default_qdisc = fq_codel
fs.protected_hardlinks = 1
fs.protected_symlinks = 1
* Applying /usr/lib/sysctl.d/50-libkcapi-optmem_max.conf ...
net.core.optmem_max = 81920
* Applying /usr/lib/sysctl.d/50-pid-max.conf ...
kernel.pid_max = 4194304
* Applying /etc/sysctl.d/99-sysctl.conf ...
net.core.rmem_max = 536870912
net.core.wmem_max = 536870912
net.ipv4.tcp_rmem = 4096 87380 536870912
net.ipv4.tcp_wmem = 4096 65536 536870912
net.ipv4.tcp_congestion_control = bbr
net.ipv4.tcp_mtu_probing = 1
net.core.default_qdisc = fq
* Applying /etc/sysctl.conf ...
net.core.rmem_max = 536870912
net.core.wmem_max = 536870912
net.ipv4.tcp_rmem = 4096 87380 536870912
net.ipv4.tcp_wmem = 4096 65536 536870912
net.ipv4.tcp_congestion_control = bbr
net.ipv4.tcp_mtu_probing = 1
net.core.default_qdisc = fq
mkdir: cannot create directory ‘/mnt/fabric_storage’: File exists
mke2fs 1.45.6 (20-Mar-2020)
/dev/vdb is mounted; will not make a filesystem here!
mount: /mnt/fabric_storage: /dev/vdb already mounted on /mnt/fabric_storage.
  % Total    % Received % Xferd  Average Speed   Time    Time     Time  Current
                                 Dload  Upload   Total   Spent    Left  Speed
  0     0    0     0    0     0      0      0 --:--:-- --:--:-- --:--:--     0  6 1024M    6 65.5M    0     0  65.3M      0  0:00:15  0:00:01  0:00:14 65.3M 14 1024M   14  146M    0     0  73.5M      0  0:00:13  0:00:01  0:00:12 73.5M 22 1024M   22  232M    0     0  77.8M      0  0:00:13  0:00:02  0:00:11 77.8M 31 1024M   31  321M    0     0  80.6M      0  0:00:12  0:00:03  0:00:09 80.6M 40 1024M   40  413M    0     0  83.0M      0  0:00:12  0:00:04  0:00:08 83.0M 49 1024M   49  507M    0     0  84.8M      0  0:00:12  0:00:05  0:00:07 88.7M 58 1024M   58  601M    0     0  86.2M      0  0:00:11  0:00:06  0:00:05 91.3M 68 1024M   68  697M    0     0  87.3M      0  0:00:11  0:00:07  0:00:04 93.0M 77 1024M   77  789M    0     0  87.9M      0  0:00:11  0:00:08  0:00:03 93.7M 86 1024M   86  881M    0     0  88.2M      0  0:00:11  0:00:09  0:00:02 93.4M 95 1024M   95  974M    0     0  88.6M      0  0:00:11  0:00:10  0:00:01 93.2M100 1024M  100 1024M    0     0  89.1M      0  0:00:11  0:00:11 --:--:-- 93.5M
  % Total    % Received % Xferd  Average Speed   Time    Time     Time  Current
                                 Dload  Upload   Total   Spent    Left  Speed
  0     0    0     0    0     0      0      0 --:--:-- --:--:-- --:--:--     0  0 10.0G    0 15.6M    0     0  32.8M      0  0:05:12 --:--:--  0:05:12 32.7M  0 10.0G    0 84.8M    0     0  57.6M      0  0:02:57  0:00:01  0:02:56 57.5M  1 10.0G    1  145M    0     0  59.1M      0  0:02:53  0:00:02  0:02:51 59.1M  2 10.0G    2  211M    0     0  60.7M      0  0:02:48  0:00:03  0:02:45 60.7M  2 10.0G    2  277M    0     0  62.0M      0  0:02:45  0:00:04  0:02:41 62.0M  3 10.0G    3  344M    0     0  63.1M      0  0:02:42  0:00:05  0:02:37 65.9M  4 10.0G    4  413M    0     0  63.9M      0  0:02:40  0:00:06  0:02:34 65.7M  4 10.0G    4  483M    0     0  64.6M      0  0:02:38  0:00:07  0:02:31 67.3M  5 10.0G    5  551M    0     0  65.1M      0  0:02:37  0:00:08  0:02:29 68.2M  6 10.0G    6  620M    0     0  65.5M      0  0:02:36  0:00:09  0:02:27 68.7M  6 10.0G    6  691M    0     0  65.9M      0  0:02:35  0:00:10  0:02:25 69.1M  7 10.0G    7  759M    0     0  66.2M      0  0:02:34  0:00:11  0:02:23 69.2M  8 10.0G    8  828M    0     0  66.4M      0  0:02:34  0:00:12  0:02:22 69.1M  8 10.0G    8  899M    0     0  66.7M      0  0:02:33  0:00:13  0:02:20 69.3M  9 10.0G    9  968M    0     0  66.9M      0  0:02:32  0:00:14  0:02:18 69.5M 10 10.0G   10 1039M    0     0  67.2M      0  0:02:32  0:00:15  0:02:17 69.8M 10 10.0G   10 1113M    0     0  67.5M      0  0:02:31  0:00:16  0:02:15 70.6M 11 10.0G   11 1187M    0     0  67.9M      0  0:02:30  0:00:17  0:02:13 71.7M 12 10.0G   12 1264M    0     0  68.4M      0  0:02:29  0:00:18  0:02:11 73.3M 13 10.0G   13 1346M    0     0  69.1M      0  0:02:28  0:00:19  0:02:09 75.5M 13 10.0G   13 1431M    0     0  69.9M      0  0:02:26  0:00:20  0:02:06 78.3M 14 10.0G   14 1520M    0     0  70.8M      0  0:02:24  0:00:21  0:02:03 81.6M 15 10.0G   15 1611M    0     0  71.7M      0  0:02:22  0:00:22  0:02:00 84.7M 16 10.0G   16 1706M    0     0  72.7M      0  0:02:20  0:00:23  0:01:57 88.2M 17 10.0G   17 1802M    0     0  73.6M      0  0:02:18  0:00:24  0:01:54 91.1M 18 10.0G   18 1902M    0     0  74.6M      0  0:02:17  0:00:25  0:01:52 94.1M 19 10.0G   19 2004M    0     0  75.7M      0  0:02:15  0:00:26  0:01:49 96.7M 20 10.0G   20 2106M    0     0  76.6M      0  0:02:13  0:00:27  0:01:46 99.0M 21 10.0G   21 2205M    0     0  77.4M      0  0:02:12  0:00:28  0:01:44 99.5M 22 10.0G   22 2301M    0     0  78.0M      0  0:02:11  0:00:29  0:01:42 99.5M 23 10.0G   23 2392M    0     0  78.5M      0  0:02:10  0:00:30  0:01:40 98.0M 24 10.0G   24 2488M    0     0  79.0M      0  0:02:09  0:00:31  0:01:38 96.6M 25 10.0G   25 2573M    0     0  79.2M      0  0:02:09  0:00:32  0:01:37 93.4M 25 10.0G   25 2661M    0     0  79.5M      0  0:02:08  0:00:33  0:01:35 91.4M 26 10.0G   26 2751M    0     0  79.8M      0  0:02:08  0:00:34  0:01:34 90.1M 27 10.0G   27 2846M    0     0  80.2M      0  0:02:07  0:00:35  0:01:32 90.6M 28 10.0G   28 2949M    0     0  80.8M      0  0:02:06  0:00:36  0:01:30 92.0M 29 10.0G   29 3053M    0     0  81.4M      0  0:02:05  0:00:37  0:01:28 95.7M 30 10.0G   30 3149M    0     0  81.8M      0  0:02:05  0:00:38  0:01:27 97.1M 31 10.0G   31 3243M    0     0  82.1M      0  0:02:04  0:00:39  0:01:25 98.3M 32 10.0G   32 3333M    0     0  82.3M      0  0:02:04  0:00:40  0:01:24 97.6M 33 10.0G   33 3417M    0     0  82.4M      0  0:02:04  0:00:41  0:01:23 93.9M 34 10.0G   34 3506M    0     0  82.5M      0  0:02:04  0:00:42  0:01:22 90.8M 35 10.0G   35 3597M    0     0  82.7M      0  0:02:03  0:00:43  0:01:20 89.9M 36 10.0G   36 3688M    0     0  82.9M      0  0:02:03  0:00:44  0:01:19 89.1M 36 10.0G   36 3783M    0     0  83.1M      0  0:02:03  0:00:45  0:01:18 89.7M 37 10.0G   37 3876M    0     0  83.4M      0  0:02:02  0:00:46  0:01:16 91.7M 38 10.0G   38 3972M    0     0  83.6M      0  0:02:02  0:00:47  0:01:15 93.0M 39 10.0G   39 4068M    0     0  83.9M      0  0:02:01  0:00:48  0:01:13 94.1M 40 10.0G   40 4164M    0     0  84.1M      0  0:02:01  0:00:49  0:01:12 95.1M 41 10.0G   41 4259M    0     0  84.3M      0  0:02:01  0:00:50  0:01:11 95.3M 42 10.0G   42 4355M    0     0  84.6M      0  0:02:01  0:00:51  0:01:10 95.7M 43 10.0G   43 4450M    0     0  84.8M      0  0:02:00  0:00:52  0:01:08 95.7M 44 10.0G   44 4547M    0     0  85.0M      0  0:02:00  0:00:53  0:01:07 95.8M 45 10.0G   45 4643M    0     0  85.2M      0  0:02:00  0:00:54  0:01:06 95.7M 46 10.0G   46 4741M    0     0  85.4M      0  0:01:59  0:00:55  0:01:04 96.4M 47 10.0G   47 4838M    0     0  85.6M      0  0:01:59  0:00:56  0:01:03 96.6M 48 10.0G   48 4936M    0     0  85.8M      0  0:01:59  0:00:57  0:01:02 96.9M 49 10.0G   49 5034M    0     0  86.1M      0  0:01:58  0:00:58  0:01:00 97.3M 50 10.0G   50 5135M    0     0  86.3M      0  0:01:58  0:00:59  0:00:59 98.4M 51 10.0G   51 5244M    0     0  86.7M      0  0:01:58  0:01:00  0:00:58  100M 52 10.0G   52 5352M    0     0  87.0M      0  0:01:57  0:01:01  0:00:56  102M 53 10.0G   53 5461M    0     0  87.4M      0  0:01:57  0:01:02  0:00:55  105M 54 10.0G   54 5571M    0     0  87.7M      0  0:01:56  0:01:03  0:00:53  107M 55 10.0G   55 5680M    0     0  88.1M      0  0:01:56  0:01:04  0:00:52  108M 56 10.0G   56 5790M    0     0  88.4M      0  0:01:55  0:01:05  0:00:50  109M 57 10.0G   57 5893M    0     0  88.6M      0  0:01:55  0:01:06  0:00:49  107M 58 10.0G   58 5995M    0     0  88.8M      0  0:01:55  0:01:07  0:00:48  106M 59 10.0G   59 6093M    0     0  88.9M      0  0:01:55  0:01:08  0:00:47  104M 60 10.0G   60 6192M    0     0  89.1M      0  0:01:54  0:01:09  0:00:45  102M 61 10.0G   61 6295M    0     0  89.3M      0  0:01:54  0:01:10  0:00:44  101M 62 10.0G   62 6397M    0     0  89.5M      0  0:01:54  0:01:11  0:00:43  100M 63 10.0G   63 6499M    0     0  89.6M      0  0:01:54  0:01:12  0:00:42  100M 64 10.0G   64 6595M    0     0  89.7M      0  0:01:54  0:01:13  0:00:41  100M 65 10.0G   65 6690M    0     0  89.8M      0  0:01:53  0:01:14  0:00:39 99.6M 66 10.0G   66 6785M    0     0  89.9M      0  0:01:53  0:01:15  0:00:38 98.1M 67 10.0G   67 6884M    0     0  90.0M      0  0:01:53  0:01:16  0:00:37 97.6M 68 10.0G   68 6985M    0     0  90.1M      0  0:01:53  0:01:17  0:00:36 96.9M 69 10.0G   69 7088M    0     0  90.3M      0  0:01:53  0:01:18  0:00:35 98.1M 70 10.0G   70 7171M    0     0  90.2M      0  0:01:53  0:01:19  0:00:34 96.0M 70 10.0G   70 7257M    0     0  90.1M      0  0:01:53  0:01:20  0:00:33 94.1M 71 10.0G   71 7345M    0     0  90.1M      0  0:01:53  0:01:21  0:00:32 92.0M 72 10.0G   72 7437M    0     0  90.1M      0  0:01:53  0:01:22  0:00:31 90.5M 73 10.0G   73 7531M    0     0  90.2M      0  0:01:53  0:01:23  0:00:30 89.0M 74 10.0G   74 7627M    0     0  90.3M      0  0:01:53  0:01:24  0:00:29 91.4M 75 10.0G   75 7723M    0     0  90.3M      0  0:01:53  0:01:25  0:00:28 93.2M 76 10.0G   76 7819M    0     0  90.4M      0  0:01:53  0:01:26  0:00:27 94.8M 77 10.0G   77 7916M    0     0  90.5M      0  0:01:53  0:01:27  0:00:26 95.8M 78 10.0G   78 8014M    0     0  90.5M      0  0:01:53  0:01:28  0:00:25 96.5M 79 10.0G   79 8111M    0     0  90.6M      0  0:01:52  0:01:29  0:00:23 96.8M 80 10.0G   80 8209M    0     0  90.7M      0  0:01:52  0:01:30  0:00:22 97.2M 81 10.0G   81 8306M    0     0  90.8M      0  0:01:52  0:01:31  0:00:21 97.3M 82 10.0G   82 8403M    0     0  90.8M      0  0:01:52  0:01:32  0:00:20 97.4M 83 10.0G   83 8502M    0     0  90.9M      0  0:01:52  0:01:33  0:00:19 97.6M 84 10.0G   84 8601M    0     0  91.0M      0  0:01:52  0:01:34  0:00:18 97.9M 84 10.0G   84 8702M    0     0  91.1M      0  0:01:52  0:01:35  0:00:17 98.7M 85 10.0G   85 8803M    0     0  91.2M      0  0:01:52  0:01:36  0:00:16 99.4M 87 10.0G   87 8908M    0     0  91.3M      0  0:01:52  0:01:37  0:00:15  100M 88 10.0G   88 9013M    0     0  91.5M      0  0:01:51  0:01:38  0:00:13  102M 88 10.0G   88 9110M    0     0  91.5M      0  0:01:51  0:01:39  0:00:12  101M 89 10.0G   89 9195M    0     0  91.5M      0  0:01:51  0:01:40  0:00:11 98.3M 90 10.0G   90 9287M    0     0  91.5M      0  0:01:51  0:01:41  0:00:10 96.6M 91 10.0G   91 9383M    0     0  91.5M      0  0:01:51  0:01:42  0:00:09 95.1M 92 10.0G   92 9485M    0     0  91.6M      0  0:01:51  0:01:43  0:00:08 94.4M 93 10.0G   93 9590M    0     0  91.7M      0  0:01:51  0:01:44  0:00:07 96.3M 94 10.0G   94 9697M    0     0  91.9M      0  0:01:51  0:01:45  0:00:06  100M 95 10.0G   95 9803M    0     0  92.0M      0  0:01:51  0:01:46  0:00:05  103M 96 10.0G   96 9912M    0     0  92.2M      0  0:01:51  0:01:47  0:00:04  105M 97 10.0G   97  9.7G    0     0  92.3M      0  0:01:50  0:01:48  0:00:02  107M 98 10.0G   98  9.8G    0     0  92.5M      0  0:01:50  0:01:49  0:00:01  108M100 10.0G  100 10.0G    0     0  92.7M      0  0:01:50  0:01:50 --:--:--  109M
  % Total    % Received % Xferd  Average Speed   Time    Time     Time  Current
                                 Dload  Upload   Total   Spent    Left  Speed
  0     0    0     0    0     0      0      0 --:--:-- --:--:-- --:--:--     0  0 20.0G    0 23.0M    0     0  42.3M      0  0:08:03 --:--:--  0:08:03 42.2M  0 20.0G    0  111M    0     0  72.2M      0  0:04:43  0:00:01  0:04:42 72.1M  0 20.0G    0  201M    0     0  79.7M      0  0:04:16  0:00:02  0:04:14 79.7M  1 20.0G    1  297M    0     0  84.4M      0  0:04:02  0:00:03  0:03:59 84.4M  1 20.0G    1  399M    0     0  88.1M      0  0:03:52  0:00:04  0:03:48 88.1M  2 20.0G    2  503M    0     0  91.1M      0  0:03:44  0:00:05  0:03:39 96.4M  2 20.0G    2  586M    0     0  89.8M      0  0:03:47  0:00:06  0:03:41 95.3M  3 20.0G    3  668M    0     0  88.7M      0  0:03:50  0:00:07  0:03:43 93.2M  3 20.0G    3  754M    0     0  88.4M      0  0:03:51  0:00:08  0:03:43 91.2M  4 20.0G    4  841M    0     0  88.3M      0  0:03:51  0:00:09  0:03:42 88.4M  4 20.0G    4  931M    0     0  88.4M      0  0:03:51  0:00:10  0:03:41 85.5M  4 20.0G    4 1023M    0     0  88.6M      0  0:03:51  0:00:11  0:03:40 87.0M  5 20.0G    5 1114M    0     0  88.8M      0  0:03:50  0:00:12  0:03:38 89.0M  5 20.0G    5 1206M    0     0  89.1M      0  0:03:49  0:00:13  0:03:36 90.3M  6 20.0G    6 1298M    0     0  89.3M      0  0:03:49  0:00:14  0:03:35 91.3M  6 20.0G    6 1390M    0     0  89.5M      0  0:03:48  0:00:15  0:03:33 91.7M  7 20.0G    7 1482M    0     0  89.7M      0  0:03:48  0:00:16  0:03:32 92.2M  7 20.0G    7 1576M    0     0  89.8M      0  0:03:47  0:00:17  0:03:30 92.5M  8 20.0G    8 1668M    0     0  90.0M      0  0:03:47  0:00:18  0:03:29 92.5M  8 20.0G    8 1760M    0     0  90.1M      0  0:03:47  0:00:19  0:03:28 92.3M  9 20.0G    9 1854M    0     0  90.3M      0  0:03:46  0:00:20  0:03:26 92.7M  9 20.0G    9 1948M    0     0  90.5M      0  0:03:46  0:00:21  0:03:25 93.0M  9 20.0G    9 2044M    0     0  90.7M      0  0:03:45  0:00:22  0:03:23 93.7M 10 20.0G   10 2141M    0     0  91.0M      0  0:03:44  0:00:23  0:03:21 94.7M 10 20.0G   10 2242M    0     0  91.4M      0  0:03:44  0:00:24  0:03:20 96.3M 11 20.0G   11 2343M    0     0  91.7M      0  0:03:43  0:00:25  0:03:18 97.8M 11 20.0G   11 2449M    0     0  92.3M      0  0:03:41  0:00:26  0:03:15  100M 12 20.0G   12 2546M    0     0  92.4M      0  0:03:41  0:00:27  0:03:14  100M 12 20.0G   12 2633M    0     0  92.3M      0  0:03:41  0:00:28  0:03:13 98.3M 13 20.0G   13 2726M    0     0  92.3M      0  0:03:41  0:00:29  0:03:12 96.9M 13 20.0G   13 2823M    0     0  92.4M      0  0:03:41  0:00:30  0:03:11 95.9M 14 20.0G   14 2925M    0     0  92.7M      0  0:03:40  0:00:31  0:03:09 95.2M 14 20.0G   14 3030M    0     0  93.1M      0  0:03:39  0:00:32  0:03:07 96.8M 15 20.0G   15 3138M    0     0  93.5M      0  0:03:38  0:00:33  0:03:05  100M 15 20.0G   15 3218M    0     0  93.1M      0  0:03:39  0:00:34  0:03:05 98.2M 16 20.0G   16 3302M    0     0  92.9M      0  0:03:40  0:00:35  0:03:05 95.8M 16 20.0G   16 3388M    0     0  92.7M      0  0:03:40  0:00:36  0:03:04 92.7M 16 20.0G   16 3478M    0     0  92.7M      0  0:03:40  0:00:37  0:03:03 89.6M 17 20.0G   17 3566M    0     0  92.5M      0  0:03:41  0:00:38  0:03:03 85.5M 17 20.0G   17 3658M    0     0  92.5M      0  0:03:41  0:00:39  0:03:02 87.9M 18 20.0G   18 3750M    0     0  92.5M      0  0:03:41  0:00:40  0:03:01 89.4M 18 20.0G   18 3842M    0     0  92.5M      0  0:03:41  0:00:41  0:03:00 90.5M 19 20.0G   19 3936M    0     0  92.5M      0  0:03:41  0:00:42  0:02:59 91.4M 19 20.0G   19 4030M    0     0  92.5M      0  0:03:41  0:00:43  0:02:58 93.0M 20 20.0G   20 4123M    0     0  92.5M      0  0:03:41  0:00:44  0:02:57 93.0M 20 20.0G   20 4216M    0     0  92.6M      0  0:03:41  0:00:45  0:02:56 93.4M 21 20.0G   21 4311M    0     0  92.6M      0  0:03:41  0:00:46  0:02:55 93.7M 21 20.0G   21 4404M    0     0  92.6M      0  0:03:40  0:00:47  0:02:53 93.8M 21 20.0G   21 4500M    0     0  92.7M      0  0:03:40  0:00:48  0:02:52 94.0M 22 20.0G   22 4596M    0     0  92.8M      0  0:03:40  0:00:49  0:02:51 94.7M 22 20.0G   22 4693M    0     0  92.8M      0  0:03:40  0:00:50  0:02:50 95.4M 23 20.0G   23 4792M    0     0  93.0M      0  0:03:40  0:00:51  0:02:49 96.3M 23 20.0G   23 4894M    0     0  93.1M      0  0:03:39  0:00:52  0:02:47 97.7M 24 20.0G   24 4999M    0     0  93.3M      0  0:03:39  0:00:53  0:02:46 99.7M 24 20.0G   24 5107M    0     0  93.6M      0  0:03:38  0:00:54  0:02:44  102M 25 20.0G   25 5217M    0     0  93.9M      0  0:03:37  0:00:55  0:02:42  104M 25 20.0G   25 5324M    0     0  94.1M      0  0:03:37  0:00:56  0:02:41  106M 26 20.0G   26 5432M    0     0  94.4M      0  0:03:36  0:00:57  0:02:39  107M 26 20.0G   26 5526M    0     0  94.4M      0  0:03:36  0:00:58  0:02:38  105M 27 20.0G   27 5616M    0     0  94.3M      0  0:03:37  0:00:59  0:02:38  101M 27 20.0G   27 5708M    0     0  94.2M      0  0:03:37  0:01:00  0:02:37 97.9M 28 20.0G   28 5806M    0     0  94.3M      0  0:03:37  0:01:01  0:02:36 96.2M 28 20.0G   28 5908M    0     0  94.5M      0  0:03:36  0:01:02  0:02:34 95.3M 29 20.0G   29 6006M    0     0  94.5M      0  0:03:36  0:01:03  0:02:33 96.0M 29 20.0G   29 6107M    0     0  94.6M      0  0:03:36  0:01:04  0:02:32 98.5M 30 20.0G   30 6189M    0     0  94.4M      0  0:03:36  0:01:05  0:02:31 96.4M 30 20.0G   30 6273M    0     0  94.2M      0  0:03:37  0:01:06  0:02:31 93.5M 31 20.0G   31 6358M    0     0  94.1M      0  0:03:37  0:01:07  0:02:30 89.9M 31 20.0G   31 6444M    0     0  94.0M      0  0:03:37  0:01:08  0:02:29 87.2M 31 20.0G   31 6507M    0     0  93.6M      0  0:03:38  0:01:09  0:02:29 80.1M 32 20.0G   32 6567M    0     0  93.0M      0  0:03:40  0:01:10  0:02:30 74.9M 32 20.0G   32 6624M    0     0  92.6M      0  0:03:41  0:01:11  0:02:30 70.2M 32 20.0G   32 6691M    0     0  92.2M      0  0:03:41  0:01:12  0:02:29 66.6M 32 20.0G   32 6756M    0     0  91.8M      0  0:03:42  0:01:13  0:02:29 62.4M 33 20.0G   33 6807M    0     0  91.3M      0  0:03:44  0:01:14  0:02:30 59.8M 33 20.0G   33 6870M    0     0  90.9M      0  0:03:45  0:01:15  0:02:30 61.2M 33 20.0G   33 6939M    0     0  90.6M      0  0:03:45  0:01:16  0:02:29 62.9M 34 20.0G   34 7012M    0     0  90.4M      0  0:03:46  0:01:17  0:02:29 64.1M 34 20.0G   34 7087M    0     0  90.1M      0  0:03:47  0:01:18  0:02:29 65.1M 34 20.0G   34 7154M    0     0  89.9M      0  0:03:47  0:01:19  0:02:28 69.3M 35 20.0G   35 7227M    0     0  89.7M      0  0:03:48  0:01:20  0:02:28 71.2M 35 20.0G   35 7298M    0     0  89.5M      0  0:03:48  0:01:21  0:02:27 71.6M 35 20.0G   35 7368M    0     0  89.2M      0  0:03:49  0:01:22  0:02:27 70.6M 36 20.0G   36 7423M    0     0  88.8M      0  0:03:50  0:01:23  0:02:27 68.2M 36 20.0G   36 7485M    0     0  88.5M      0  0:03:51  0:01:24  0:02:27 66.4M 36 20.0G   36 7544M    0     0  88.2M      0  0:03:52  0:01:25  0:02:27 63.5M 37 20.0G   37 7606M    0     0  87.9M      0  0:03:52  0:01:26  0:02:26 61.7M 37 20.0G   37 7668M    0     0  87.6M      0  0:03:53  0:01:27  0:02:26 60.4M 37 20.0G   37 7736M    0     0  87.3M      0  0:03:54  0:01:28  0:02:26 62.7M 38 20.0G   38 7805M    0     0  87.1M      0  0:03:54  0:01:29  0:02:25 63.7M 38 20.0G   38 7877M    0     0  86.9M      0  0:03:55  0:01:30  0:02:25 66.2M 38 20.0G   38 7927M    0     0  86.6M      0  0:03:56  0:01:31  0:02:25 64.1M 39 20.0G   39 7993M    0     0  86.3M      0  0:03:57  0:01:32  0:02:25 64.9M 39 20.0G   39 8062M    0     0  86.1M      0  0:03:57  0:01:33  0:02:24 65.1M 39 20.0G   39 8120M    0     0  85.9M      0  0:03:58  0:01:34  0:02:24 63.1M 39 20.0G   39 8191M    0     0  85.7M      0  0:03:58  0:01:35  0:02:23 63.0M 40 20.0G   40 8258M    0     0  85.5M      0  0:03:59  0:01:36  0:02:23 66.2M 40 20.0G   40 8325M    0     0  85.3M      0  0:03:59  0:01:37  0:02:22 66.5M 41 20.0G   41 8399M    0     0  85.2M      0  0:04:00  0:01:38  0:02:22 67.3M 41 20.0G   41 8471M    0     0  85.1M      0  0:04:00  0:01:39  0:02:21 70.1M 41 20.0G   41 8531M    0     0  84.8M      0  0:04:01  0:01:40  0:02:21 68.1M 41 20.0G   41 8599M    0     0  84.7M      0  0:04:01  0:01:41  0:02:20 68.2M 42 20.0G   42 8666M    0     0  84.5M      0  0:04:02  0:01:42  0:02:20 68.1M 42 20.0G   42 8749M    0     0  84.5M      0  0:04:02  0:01:43  0:02:19 70.1M 43 20.0G   43 8835M    0     0  84.5M      0  0:04:02  0:01:44  0:02:18 72.8M 43 20.0G   43 8924M    0     0  84.5M      0  0:04:02  0:01:45  0:02:17 78.3M 44 20.0G   44 9016M    0     0  84.6M      0  0:04:01  0:01:46  0:02:15 83.2M 44 20.0G   44 9113M    0     0  84.7M      0  0:04:01  0:01:47  0:02:14 89.1M 44 20.0G   44 9212M    0     0  84.8M      0  0:04:01  0:01:48  0:02:13 92.5M 45 20.0G   45 9320M    0     0  85.0M      0  0:04:00  0:01:49  0:02:11 96.8M 46 20.0G   46 9427M    0     0  85.2M      0  0:04:00  0:01:50  0:02:10  100M 46 20.0G   46 9536M    0     0  85.5M      0  0:03:59  0:01:51  0:02:08  104M 47 20.0G   47 9641M    0     0  85.6M      0  0:03:59  0:01:52  0:02:07  105M 47 20.0G   47 9732M    0     0  85.7M      0  0:03:58  0:01:53  0:02:05  104M 47 20.0G   47 9829M    0     0  85.8M      0  0:03:58  0:01:54  0:02:04  101M 48 20.0G   48 9927M    0     0  85.9M      0  0:03:58  0:01:55  0:02:03  100M 48 20.0G   48  9.7G    0     0  86.0M      0  0:03:57  0:01:56  0:02:01 99.0M 49 20.0G   49  9.9G    0     0  86.2M      0  0:03:57  0:01:57  0:02:00 99.1M 49 20.0G   49  9.9G    0     0  86.2M      0  0:03:57  0:01:58  0:01:59 99.1M 50 20.0G   50 10.0G    0     0  86.2M      0  0:03:57  0:01:59  0:01:58 96.7M 50 20.0G   50 10.1G    0     0  86.2M      0  0:03:57  0:02:00  0:01:57 94.7M 51 20.0G   51 10.2G    0     0  86.3M      0  0:03:57  0:02:01  0:01:56 91.6M 51 20.0G   51 10.3G    0     0  86.3M      0  0:03:57  0:02:02  0:01:55 89.0M 52 20.0G   52 10.4G    0     0  86.4M      0  0:03:56  0:02:03  0:01:53 89.6M 52 20.0G   52 10.5G    0     0  86.4M      0  0:03:56  0:02:04  0:01:52 91.2M 53 20.0G   53 10.6G    0     0  86.5M      0  0:03:56  0:02:05  0:01:51 92.8M 53 20.0G   53 10.7G    0     0  86.6M      0  0:03:56  0:02:06  0:01:50 93.6M 53 20.0G   53 10.7G    0     0  86.6M      0  0:03:56  0:02:07  0:01:49 93.5M 54 20.0G   54 10.8G    0     0  86.7M      0  0:03:56  0:02:08  0:01:48 93.8M 54 20.0G   54 10.9G    0     0  86.7M      0  0:03:56  0:02:09  0:01:47 94.1M 55 20.0G   55 11.0G    0     0  86.8M      0  0:03:55  0:02:10  0:01:45 94.0M 55 20.0G   55 11.1G    0     0  86.9M      0  0:03:55  0:02:11  0:01:44 94.6M 56 20.0G   56 11.2G    0     0  86.9M      0  0:03:55  0:02:12  0:01:43 95.0M 56 20.0G   56 11.3G    0     0  87.0M      0  0:03:55  0:02:13  0:01:42 95.3M 57 20.0G   57 11.4G    0     0  87.1M      0  0:03:55  0:02:14  0:01:41 96.2M 57 20.0G   57 11.5G    0     0  87.2M      0  0:03:54  0:02:15  0:01:39 97.5M 58 20.0G   58 11.6G    0     0  87.3M      0  0:03:54  0:02:16  0:01:38 98.5M 58 20.0G   58 11.7G    0     0  87.4M      0  0:03:54  0:02:17  0:01:37  100M 59 20.0G   59 11.8G    0     0  87.5M      0  0:03:53  0:02:18  0:01:35  100M 59 20.0G   59 11.9G    0     0  87.5M      0  0:03:53  0:02:19  0:01:34 98.1M 60 20.0G   60 12.0G    0     0  87.5M      0  0:03:54  0:02:20  0:01:34 95.0M 60 20.0G   60 12.0G    0     0  87.5M      0  0:03:53  0:02:21  0:01:32 93.2M 60 20.0G   60 12.1G    0     0  87.6M      0  0:03:53  0:02:22  0:01:31 91.5M 61 20.0G   61 12.2G    0     0  87.6M      0  0:03:53  0:02:23  0:01:30 91.5M 61 20.0G   61 12.3G    0     0  87.6M      0  0:03:53  0:02:24  0:01:29 92.1M 62 20.0G   62 12.4G    0     0  87.6M      0  0:03:53  0:02:25  0:01:28 90.7M 62 20.0G   62 12.5G    0     0  87.5M      0  0:03:53  0:02:26  0:01:27 89.0M 63 20.0G   63 12.6G    0     0  87.5M      0  0:03:53  0:02:27  0:01:26 86.6M 63 20.0G   63 12.7G    0     0  87.5M      0  0:03:53  0:02:28  0:01:25 84.6M 63 20.0G   63 12.7G    0     0  87.5M      0  0:03:53  0:02:29  0:01:24 84.7M 64 20.0G   64 12.8G    0     0  87.5M      0  0:03:53  0:02:30  0:01:23 86.6M 64 20.0G   64 12.9G    0     0  87.6M      0  0:03:53  0:02:31  0:01:22 87.6M 65 20.0G   65 13.0G    0     0  87.6M      0  0:03:53  0:02:32  0:01:21 88.2M 65 20.0G   65 13.1G    0     0  87.6M      0  0:03:53  0:02:33  0:01:20 89.2M 66 20.0G   66 13.2G    0     0  87.6M      0  0:03:53  0:02:34  0:01:19 89.6M 66 20.0G   66 13.3G    0     0  87.6M      0  0:03:53  0:02:35  0:01:18 90.1M 67 20.0G   67 13.4G    0     0  87.6M      0  0:03:53  0:02:36  0:01:17 90.2M 67 20.0G   67 13.4G    0     0  87.7M      0  0:03:53  0:02:37  0:01:16 90.5M 67 20.0G   67 13.5G    0     0  87.7M      0  0:03:53  0:02:38  0:01:15 90.7M 68 20.0G   68 13.6G    0     0  87.7M      0  0:03:53  0:02:39  0:01:14 91.1M 68 20.0G   68 13.7G    0     0  87.7M      0  0:03:53  0:02:40  0:01:13 91.3M 69 20.0G   69 13.8G    0     0  87.8M      0  0:03:53  0:02:41  0:01:12 91.7M 69 20.0G   69 13.9G    0     0  87.8M      0  0:03:53  0:02:42  0:01:11 92.4M 70 20.0G   70 14.0G    0     0  87.9M      0  0:03:52  0:02:43  0:01:09 93.9M 70 20.0G   70 14.1G    0     0  87.9M      0  0:03:52  0:02:44  0:01:08 95.1M 71 20.0G   71 14.2G    0     0  88.0M      0  0:03:52  0:02:45  0:01:07 97.1M 71 20.0G   71 14.3G    0     0  88.0M      0  0:03:52  0:02:46  0:01:06 95.8M 72 20.0G   72 14.4G    0     0  88.0M      0  0:03:52  0:02:47  0:01:05 94.8M 72 20.0G   72 14.4G    0     0  88.0M      0  0:03:52  0:02:48  0:01:04 93.3M 72 20.0G   72 14.5G    0     0  88.1M      0  0:03:52  0:02:49  0:01:03 93.2M 73 20.0G   73 14.6G    0     0  88.1M      0  0:03:52  0:02:50  0:01:02 92.2M 73 20.0G   73 14.7G    0     0  88.2M      0  0:03:52  0:02:51  0:01:01 95.0M 74 20.0G   74 14.8G    0     0  88.3M      0  0:03:51  0:02:52  0:00:59 98.2M 74 20.0G   74 14.9G    0     0  88.4M      0  0:03:51  0:02:53  0:00:58  100M 75 20.0G   75 15.0G    0     0  88.4M      0  0:03:51  0:02:54  0:00:57 98.8M 75 20.0G   75 15.1G    0     0  88.4M      0  0:03:51  0:02:55  0:00:56 96.2M 76 20.0G   76 15.2G    0     0  88.4M      0  0:03:51  0:02:56  0:00:55 93.7M 76 20.0G   76 15.3G    0     0  88.4M      0  0:03:51  0:02:57  0:00:54 90.2M 77 20.0G   77 15.4G    0     0  88.4M      0  0:03:51  0:02:58  0:00:53 87.8M 77 20.0G   77 15.5G    0     0  88.4M      0  0:03:51  0:02:59  0:00:52 88.5M 77 20.0G   77 15.5G    0     0  88.4M      0  0:03:51  0:03:00  0:00:51 90.0M 78 20.0G   78 15.6G    0     0  88.4M      0  0:03:51  0:03:01  0:00:50 91.1M 78 20.0G   78 15.7G    0     0  88.5M      0  0:03:51  0:03:02  0:00:49 92.1M 79 20.0G   79 15.8G    0     0  88.5M      0  0:03:51  0:03:03  0:00:48 92.4M 79 20.0G   79 15.9G    0     0  88.5M      0  0:03:51  0:03:04  0:00:47 92.9M 80 20.0G   80 16.0G    0     0  88.6M      0  0:03:51  0:03:05  0:00:46 93.5M 80 20.0G   80 16.1G    0     0  88.6M      0  0:03:51  0:03:06  0:00:45 93.7M 81 20.0G   81 16.2G    0     0  88.6M      0  0:03:51  0:03:07  0:00:44 93.7M 81 20.0G   81 16.3G    0     0  88.6M      0  0:03:50  0:03:08  0:00:42 94.3M 82 20.0G   82 16.4G    0     0  88.7M      0  0:03:50  0:03:09  0:00:41 93.9M 82 20.0G   82 16.5G    0     0  88.7M      0  0:03:50  0:03:10  0:00:40 93.6M 82 20.0G   82 16.5G    0     0  88.7M      0  0:03:50  0:03:11  0:00:39 91.7M 83 20.0G   83 16.6G    0     0  88.6M      0  0:03:50  0:03:12  0:00:38 90.4M 83 20.0G   83 16.7G    0     0  88.6M      0  0:03:51  0:03:13  0:00:38 86.9M 84 20.0G   84 16.8G    0     0  88.6M      0  0:03:51  0:03:14  0:00:37 84.9M 84 20.0G   84 16.9G    0     0  88.5M      0  0:03:51  0:03:15  0:00:36 83.2M 84 20.0G   84 16.9G    0     0  88.5M      0  0:03:51  0:03:16  0:00:35 81.0M 85 20.0G   85 17.0G    0     0  88.4M      0  0:03:51  0:03:17  0:00:34 79.7M 85 20.0G   85 17.1G    0     0  88.3M      0  0:03:51  0:03:18  0:00:33 78.7M 86 20.0G   86 17.2G    0     0  88.4M      0  0:03:51  0:03:19  0:00:32 80.3M 86 20.0G   86 17.3G    0     0  88.4M      0  0:03:51  0:03:20  0:00:31 83.2M 87 20.0G   87 17.4G    0     0  88.4M      0  0:03:51  0:03:21  0:00:30 87.3M 87 20.0G   87 17.5G    0     0  88.5M      0  0:03:51  0:03:22  0:00:29 91.0M 88 20.0G   88 17.6G    0     0  88.5M      0  0:03:51  0:03:23  0:00:28 94.9M 88 20.0G   88 17.6G    0     0  88.5M      0  0:03:51  0:03:24  0:00:27 92.8M 88 20.0G   88 17.7G    0     0  88.4M      0  0:03:51  0:03:25  0:00:26 89.5M 89 20.0G   89 17.8G    0     0  88.4M      0  0:03:51  0:03:26  0:00:25 88.4M 89 20.0G   89 17.9G    0     0  88.4M      0  0:03:51  0:03:27  0:00:24 87.0M 90 20.0G   90 18.0G    0     0  88.5M      0  0:03:51  0:03:28  0:00:23 86.9M 90 20.0G   90 18.1G    0     0  88.5M      0  0:03:51  0:03:29  0:00:22 88.9M 90 20.0G   90 18.1G    0     0  88.5M      0  0:03:51  0:03:30  0:00:21 89.6M 91 20.0G   91 18.2G    0     0  88.5M      0  0:03:51  0:03:31  0:00:20 90.8M 91 20.0G   91 18.3G    0     0  88.5M      0  0:03:51  0:03:32  0:00:19 90.8M 92 20.0G   92 18.4G    0     0  88.5M      0  0:03:51  0:03:33  0:00:18 90.2M 92 20.0G   92 18.5G    0     0  88.5M      0  0:03:51  0:03:34  0:00:17 90.4M 93 20.0G   93 18.6G    0     0  88.6M      0  0:03:51  0:03:35  0:00:16 92.2M 93 20.0G   93 18.7G    0     0  88.6M      0  0:03:51  0:03:36  0:00:15 92.1M 94 20.0G   94 18.8G    0     0  88.6M      0  0:03:51  0:03:37  0:00:14 93.0M 94 20.0G   94 18.9G    0     0  88.6M      0  0:03:51  0:03:38  0:00:13 92.7M 95 20.0G   95 19.0G    0     0  88.6M      0  0:03:50  0:03:39  0:00:11 93.3M 95 20.0G   95 19.1G    0     0  88.7M      0  0:03:50  0:03:40  0:00:10 94.0M 96 20.0G   96 19.2G    0     0  88.7M      0  0:03:50  0:03:41  0:00:09 94.5M 96 20.0G   96 19.2G    0     0  88.7M      0  0:03:50  0:03:42  0:00:08 94.8M 96 20.0G   96 19.3G    0     0  88.8M      0  0:03:50  0:03:43  0:00:07 97.3M 97 20.0G   97 19.4G    0     0  88.9M      0  0:03:50  0:03:44  0:00:06 98.9M 97 20.0G   97 19.5G    0     0  88.8M      0  0:03:50  0:03:45  0:00:05 96.5M 98 20.0G   98 19.6G    0     0  88.8M      0  0:03:50  0:03:46  0:00:04 94.4M 98 20.0G   98 19.7G    0     0  88.8M      0  0:03:50  0:03:47  0:00:03 93.1M 99 20.0G   99 19.8G    0     0  88.9M      0  0:03:50  0:03:48  0:00:02 91.7M 99 20.0G   99 19.9G    0     0  88.9M      0  0:03:50  0:03:49  0:00:01 90.3M100 20.0G  100 20.0G    0     0  88.9M      0  0:03:50  0:03:50 --:--:-- 93.0M
  % Total    % Received % Xferd  Average Speed   Time    Time     Time  Current
                                 Dload  Upload   Total   Spent    Left  Speed
  0     0    0     0    0     0      0      0 --:--:-- --:--:-- --:--:--     0  0 50.0G    0  456k    0     0  1354k      0 10:45:01 --:--:-- 10:45:01 1350k  0 50.0G    0 76.2M    0     0  57.0M      0  0:14:57  0:00:01  0:14:56 56.9M  0 50.0G    0  163M    0     0  69.5M      0  0:12:16  0:00:02  0:12:14 69.5M  0 50.0G    0  255M    0     0  76.5M      0  0:11:08  0:00:03  0:11:05 76.5M  0 50.0G    0  346M    0     0  79.8M      0  0:10:41  0:00:04  0:10:37 79.8M  0 50.0G    0  439M    0     0  82.3M      0  0:10:21  0:00:05  0:10:16 87.8M  1 50.0G    1  538M    0     0  84.9M      0  0:10:02  0:00:06  0:09:56 92.3M  1 50.0G    1  619M    0     0  84.1M      0  0:10:08  0:00:07  0:10:01 90.9M  1 50.0G    1  700M    0     0  83.8M      0  0:10:10  0:00:08  0:10:02 88.7M  1 50.0G    1  782M    0     0  83.7M      0  0:10:11  0:00:09  0:10:02 87.1M  1 50.0G    1  868M    0     0  83.9M      0  0:10:09  0:00:10  0:09:59 85.6M  1 50.0G    1  957M    0     0  84.4M      0  0:10:06  0:00:11  0:09:55 83.7M  2 50.0G    2 1046M    0     0  84.8M      0  0:10:03  0:00:12  0:09:51 85.8M  2 50.0G    2 1135M    0     0  85.1M      0  0:10:01  0:00:13  0:09:48 87.2M  2 50.0G    2 1223M    0     0  85.2M      0  0:10:00  0:00:14  0:09:46 88.0M  2 50.0G    2 1313M    0     0  85.6M      0  0:09:58  0:00:15  0:09:43 89.0M  2 50.0G    2 1402M    0     0  85.8M      0  0:09:56  0:00:16  0:09:40 88.9M  2 50.0G    2 1493M    0     0  86.1M      0  0:09:54  0:00:17  0:09:37 89.3M  3 50.0G    3 1586M    0     0  86.5M      0  0:09:51  0:00:18  0:09:33 90.1M  3 50.0G    3 1677M    0     0  86.7M      0  0:09:50  0:00:19  0:09:31 91.1M  3 50.0G    3 1768M    0     0  86.9M      0  0:09:48  0:00:20  0:09:28 91.1M  3 50.0G    3 1860M    0     0  87.2M      0  0:09:47  0:00:21  0:09:26 91.8M  3 50.0G    3 1954M    0     0  87.5M      0  0:09:45  0:00:22  0:09:23 92.2M  4 50.0G    4 2049M    0     0  87.8M      0  0:09:43  0:00:23  0:09:20 92.5M  4 50.0G    4 2143M    0     0  88.0M      0  0:09:41  0:00:24  0:09:17 93.2M  4 50.0G    4 2239M    0     0  88.3M      0  0:09:39  0:00:25  0:09:14 93.8M  4 50.0G    4 2336M    0     0  88.6M      0  0:09:37  0:00:26  0:09:11 94.9M  4 50.0G    4 2439M    0     0  89.2M      0  0:09:33  0:00:27  0:09:06 96.8M  4 50.0G    4 2536M    0     0  89.4M      0  0:09:32  0:00:28  0:09:04 97.0M  5 50.0G    5 2620M    0     0  89.3M      0  0:09:33  0:00:29  0:09:04 95.3M  5 50.0G    5 2712M    0     0  89.3M      0  0:09:32  0:00:30  0:09:02 94.8M  5 50.0G    5 2807M    0     0  89.5M      0  0:09:31  0:00:31  0:09:00 94.2M  5 50.0G    5 2906M    0     0  89.8M      0  0:09:29  0:00:32  0:08:57 93.4M  5 50.0G    5 3006M    0     0  90.1M      0  0:09:27  0:00:33  0:08:54 94.3M  6 50.0G    6 3112M    0     0  90.6M      0  0:09:24  0:00:34  0:08:50 98.3M  6 50.0G    6 3220M    0     0  91.0M      0  0:09:22  0:00:35  0:08:47  101M  6 50.0G    6 3327M    0     0  91.5M      0  0:09:19  0:00:36  0:08:43  103M  6 50.0G    6 3428M    0     0  91.8M      0  0:09:17  0:00:37  0:08:40  104M  6 50.0G    6 3507M    0     0  91.4M      0  0:09:19  0:00:38  0:08:41  100M  7 50.0G    7 3594M    0     0  91.3M      0  0:09:20  0:00:39  0:08:41 96.3M  7 50.0G    7 3683M    0     0  91.3M      0  0:09:20  0:00:40  0:08:40 92.9M  7 50.0G    7 3775M    0     0  91.3M      0  0:09:20  0:00:41  0:08:39 89.7M  7 50.0G    7 3867M    0     0  91.3M      0  0:09:20  0:00:42  0:08:38 87.8M  7 50.0G    7 3962M    0     0  91.4M      0  0:09:20  0:00:43  0:08:37 90.8M  7 50.0G    7 4050M    0     0  91.3M      0  0:09:20  0:00:44  0:08:36 90.9M  8 50.0G    8 4145M    0     0  91.4M      0  0:09:19  0:00:45  0:08:34 92.2M  8 50.0G    8 4240M    0     0  91.5M      0  0:09:19  0:00:46  0:08:33 93.0M  8 50.0G    8 4336M    0     0  91.6M      0  0:09:18  0:00:47  0:08:31 93.8M  8 50.0G    8 4433M    0     0  91.7M      0  0:09:18  0:00:48  0:08:30 94.2M  8 50.0G    8 4530M    0     0  91.8M      0  0:09:17  0:00:49  0:08:28 96.2M  9 50.0G    9 4626M    0     0  91.8M      0  0:09:17  0:00:50  0:08:27 96.0M  9 50.0G    9 4719M    0     0  91.9M      0  0:09:16  0:00:51  0:08:25 95.7M  9 50.0G    9 4815M    0     0  92.0M      0  0:09:16  0:00:52  0:08:24 95.7M  9 50.0G    9 4912M    0     0  92.0M      0  0:09:15  0:00:53  0:08:22 95.6M  9 50.0G    9 5011M    0     0  92.2M      0  0:09:15  0:00:54  0:08:21 96.3M  9 50.0G    9 5110M    0     0  92.3M      0  0:09:14  0:00:55  0:08:19 96.6M 10 50.0G   10 5211M    0     0  92.4M      0  0:09:13  0:00:56  0:08:17 98.2M 10 50.0G   10 5311M    0     0  92.6M      0  0:09:12  0:00:57  0:08:15 99.1M 10 50.0G   10 5393M    0     0  92.4M      0  0:09:13  0:00:58  0:08:15 96.2M 10 50.0G   10 5479M    0     0  92.3M      0  0:09:14  0:00:59  0:08:15 93.4M 10 50.0G   10 5573M    0     0  92.3M      0  0:09:14  0:01:00  0:08:14 92.6M 11 50.0G   11 5669M    0     0  92.4M      0  0:09:14  0:01:01  0:08:13 91.4M 11 50.0G   11 5761M    0     0  92.4M      0  0:09:14  0:01:02  0:08:12 89.9M 11 50.0G   11 5859M    0     0  92.5M      0  0:09:13  0:01:03  0:08:10 93.2M 11 50.0G   11 5959M    0     0  92.6M      0  0:09:12  0:01:04  0:08:08 96.0M 11 50.0G   11 6051M    0     0  92.6M      0  0:09:12  0:01:05  0:08:07 95.6M 11 50.0G   11 6132M    0     0  92.4M      0  0:09:13  0:01:06  0:08:07 92.8M 12 50.0G   12 6216M    0     0  92.3M      0  0:09:14  0:01:07  0:08:07 91.1M 12 50.0G   12 6305M    0     0  92.2M      0  0:09:14  0:01:08  0:08:06 89.1M 12 50.0G   12 6394M    0     0  92.2M      0  0:09:15  0:01:09  0:08:06 86.9M 12 50.0G   12 6483M    0     0  92.1M      0  0:09:15  0:01:10  0:08:05 86.5M 12 50.0G   12 6574M    0     0  92.1M      0  0:09:15  0:01:11  0:08:04 88.3M 13 50.0G   13 6666M    0     0  92.1M      0  0:09:15  0:01:12  0:08:03 89.9M 13 50.0G   13 6759M    0     0  92.1M      0  0:09:15  0:01:13  0:08:02 90.8M 13 50.0G   13 6851M    0     0  92.1M      0  0:09:15  0:01:14  0:08:01 91.3M 13 50.0G   13 6941M    0     0  92.1M      0  0:09:15  0:01:15  0:08:00 91.2M 13 50.0G   13 7030M    0     0  92.0M      0  0:09:15  0:01:16  0:07:59 91.2M 13 50.0G   13 7120M    0     0  92.0M      0  0:09:16  0:01:17  0:07:59 90.8M 14 50.0G   14 7205M    0     0  91.9M      0  0:09:16  0:01:18  0:07:58 89.3M 14 50.0G   14 7296M    0     0  91.9M      0  0:09:16  0:01:19  0:07:57 89.1M 14 50.0G   14 7391M    0     0  92.0M      0  0:09:16  0:01:20  0:07:56 90.3M 14 50.0G   14 7486M    0     0  92.0M      0  0:09:16  0:01:21  0:07:55 91.3M 14 50.0G   14 7582M    0     0  92.0M      0  0:09:16  0:01:22  0:07:54 92.3M 14 50.0G   14 7670M    0     0  92.0M      0  0:09:16  0:01:23  0:07:53 92.8M 15 50.0G   15 7771M    0     0  92.1M      0  0:09:15  0:01:24  0:07:51 94.8M 15 50.0G   15 7864M    0     0  92.1M      0  0:09:15  0:01:25  0:07:50 94.4M 15 50.0G   15 7944M    0     0  92.0M      0  0:09:16  0:01:26  0:07:50 91.4M 15 50.0G   15 8028M    0     0  91.9M      0  0:09:16  0:01:27  0:07:49 89.3M 15 50.0G   15 8121M    0     0  91.9M      0  0:09:17  0:01:28  0:07:49 90.0M 16 50.0G   16 8212M    0     0  91.9M      0  0:09:16  0:01:29  0:07:47 88.3M 16 50.0G   16 8310M    0     0  91.9M      0  0:09:16  0:01:30  0:07:46 89.3M 16 50.0G   16 8400M    0     0  91.9M      0  0:09:16  0:01:31  0:07:45 91.1M 16 50.0G   16 8501M    0     0  92.0M      0  0:09:16  0:01:32  0:07:44 94.2M 16 50.0G   16 8599M    0     0  92.1M      0  0:09:15  0:01:33  0:07:42 95.7M 16 50.0G   16 8698M    0     0  92.2M      0  0:09:15  0:01:34  0:07:41 97.1M 17 50.0G   17 8786M    0     0  92.1M      0  0:09:15  0:01:35  0:07:40 95.1M 17 50.0G   17 8867M    0     0  92.0M      0  0:09:16  0:01:36  0:07:40 93.4M 17 50.0G   17 8951M    0     0  91.9M      0  0:09:16  0:01:37  0:07:39 90.2M 17 50.0G   17 9036M    0     0  91.8M      0  0:09:17  0:01:38  0:07:39 87.4M 17 50.0G   17 9123M    0     0  91.8M      0  0:09:17  0:01:39  0:07:38 84.8M 17 50.0G   17 9210M    0     0  91.7M      0  0:09:17  0:01:40  0:07:37 84.6M 18 50.0G   18 9295M    0     0  91.7M      0  0:09:18  0:01:41  0:07:37 85.7M 18 50.0G   18 9386M    0     0  91.7M      0  0:09:18  0:01:42  0:07:36 87.0M 18 50.0G   18 9474M    0     0  91.6M      0  0:09:18  0:01:43  0:07:35 87.6M 18 50.0G   18 9563M    0     0  91.6M      0  0:09:18  0:01:44  0:07:34 88.0M 18 50.0G   18 9654M    0     0  91.6M      0  0:09:18  0:01:45  0:07:33 88.7M 19 50.0G   19 9745M    0     0  91.6M      0  0:09:18  0:01:46  0:07:32 89.5M 19 50.0G   19 9835M    0     0  91.6M      0  0:09:18  0:01:47  0:07:31 89.7M 19 50.0G   19 9920M    0     0  91.5M      0  0:09:19  0:01:48  0:07:31 89.1M 19 50.0G   19  9.7G    0     0  91.4M      0  0:09:19  0:01:49  0:07:30 87.4M 19 50.0G   19  9.8G    0     0  91.2M      0  0:09:20  0:01:50  0:07:30 83.7M 19 50.0G   19  9.9G    0     0  91.1M      0  0:09:21  0:01:51  0:07:30 80.6M 19 50.0G   19  9.9G    0     0  91.0M      0  0:09:22  0:01:52  0:07:30 78.6M 20 50.0G   20 10.0G    0     0  90.9M      0  0:09:22  0:01:53  0:07:29 78.6M 20 50.0G   20 10.1G    0     0  90.9M      0  0:09:22  0:01:54  0:07:28 79.6M 20 50.0G   20 10.2G    0     0  90.9M      0  0:09:23  0:01:55  0:07:28 83.0M 20 50.0G   20 10.3G    0     0  90.9M      0  0:09:23  0:01:56  0:07:27 86.0M 20 50.0G   20 10.4G    0     0  90.9M      0  0:09:23  0:01:57  0:07:26 87.8M 21 50.0G   21 10.5G    0     0  90.8M      0  0:09:23  0:01:58  0:07:25 87.6M 21 50.0G   21 10.5G    0     0  90.8M      0  0:09:23  0:01:59  0:07:24 88.5M 21 50.0G   21 10.6G    0     0  90.8M      0  0:09:23  0:02:00  0:07:23 89.2M 21 50.0G   21 10.7G    0     0  90.8M      0  0:09:23  0:02:01  0:07:22 89.0M 21 50.0G   21 10.8G    0     0  90.8M      0  0:09:23  0:02:02  0:07:21 89.5M 21 50.0G   21 10.9G    0     0  90.8M      0  0:09:23  0:02:03  0:07:20 90.4M 22 50.0G   22 11.0G    0     0  90.8M      0  0:09:23  0:02:04  0:07:19 90.6M 22 50.0G   22 11.1G    0     0  90.8M      0  0:09:23  0:02:05  0:07:18 90.7M 22 50.0G   22 11.2G    0     0  90.8M      0  0:09:23  0:02:06  0:07:17 90.8M 22 50.0G   22 11.2G    0     0  90.8M      0  0:09:23  0:02:07  0:07:16 90.6M 22 50.0G   22 11.3G    0     0  90.8M      0  0:09:23  0:02:08  0:07:15 91.6M 22 50.0G   22 11.4G    0     0  90.9M      0  0:09:23  0:02:09  0:07:14 92.3M 23 50.0G   23 11.5G    0     0  90.9M      0  0:09:23  0:02:10  0:07:13 92.7M 23 50.0G   23 11.6G    0     0  90.9M      0  0:09:22  0:02:11  0:07:11 94.5M 23 50.0G   23 11.7G    0     0  90.9M      0  0:09:23  0:02:12  0:07:11 92.5M 23 50.0G   23 11.8G    0     0  90.8M      0  0:09:23  0:02:13  0:07:10 91.3M 23 50.0G   23 11.9G    0     0  90.8M      0  0:09:23  0:02:14  0:07:09 89.9M 24 50.0G   24 12.0G    0     0  90.8M      0  0:09:23  0:02:15  0:07:08 89.5M 24 50.0G   24 12.1G    0     0  90.9M      0  0:09:23  0:02:16  0:07:07 88.9M 24 50.0G   24 12.1G    0     0  90.9M      0  0:09:22  0:02:17  0:07:05 92.1M 24 50.0G   24 12.2G    0     0  91.0M      0  0:09:22  0:02:18  0:07:04 94.6M 24 50.0G   24 12.3G    0     0  91.0M      0  0:09:22  0:02:19  0:07:03 97.0M 24 50.0G   24 12.4G    0     0  91.0M      0  0:09:22  0:02:20  0:07:02 95.5M 25 50.0G   25 12.5G    0     0  90.8M      0  0:09:23  0:02:21  0:07:02 87.6M 25 50.0G   25 12.5G    0     0  90.5M      0  0:09:25  0:02:22  0:07:03 80.0M 25 50.0G   25 12.6G    0     0  90.3M      0  0:09:26  0:02:23  0:07:03 72.5M 25 50.0G   25 12.7G    0     0  90.1M      0  0:09:27  0:02:24  0:07:03 64.9M 25 50.0G   25 12.7G    0     0  90.0M      0  0:09:28  0:02:25  0:07:03 61.1M 25 50.0G   25 12.8G    0     0  89.8M      0  0:09:29  0:02:26  0:07:03 62.7M 25 50.0G   25 12.9G    0     0  89.6M      0  0:09:30  0:02:27  0:07:03 63.8M 25 50.0G   25 12.9G    0     0  89.5M      0  0:09:32  0:02:28  0:07:04 64.6M 26 50.0G   26 13.0G    0     0  89.3M      0  0:09:33  0:02:29  0:07:04 65.2M 26 50.0G   26 13.0G    0     0  89.1M      0  0:09:34  0:02:30  0:07:04 65.2M 26 50.0G   26 13.1G    0     0  89.0M      0  0:09:35  0:02:31  0:07:04 65.4M 26 50.0G   26 13.2G    0     0  88.8M      0  0:09:36  0:02:32  0:07:04 65.7M 26 50.0G   26 13.2G    0     0  88.7M      0  0:09:37  0:02:33  0:07:04 65.7M 26 50.0G   26 13.3G    0     0  88.5M      0  0:09:37  0:02:34  0:07:03 65.8M 26 50.0G   26 13.4G    0     0  88.4M      0  0:09:38  0:02:35  0:07:03 66.4M 26 50.0G   26 13.4G    0     0  88.3M      0  0:09:39  0:02:36  0:07:03 67.1M 27 50.0G   27 13.5G    0     0  88.2M      0  0:09:40  0:02:37  0:07:03 68.4M 27 50.0G   27 13.6G    0     0  88.1M      0  0:09:40  0:02:38  0:07:02 70.0M 27 50.0G   27 13.7G    0     0  88.0M      0  0:09:41  0:02:39  0:07:02 72.2M 27 50.0G   27 13.7G    0     0  88.0M      0  0:09:41  0:02:40  0:07:01 74.8M 27 50.0G   27 13.8G    0     0  88.0M      0  0:09:41  0:02:41  0:07:00 78.4M 27 50.0G   27 13.9G    0     0  88.0M      0  0:09:41  0:02:42  0:06:59 82.5M 28 50.0G   28 14.0G    0     0  88.1M      0  0:09:41  0:02:43  0:06:58 87.1M 28 50.0G   28 14.1G    0     0  88.0M      0  0:09:41  0:02:44  0:06:57 87.7M 28 50.0G   28 14.2G    0     0  88.0M      0  0:09:41  0:02:45  0:06:56 88.8M 28 50.0G   28 14.3G    0     0  88.0M      0  0:09:41  0:02:46  0:06:55 89.5M 28 50.0G   28 14.4G    0     0  88.1M      0  0:09:41  0:02:47  0:06:54 89.7M 28 50.0G   28 14.4G    0     0  88.1M      0  0:09:40  0:02:48  0:06:52 89.5M 29 50.0G   29 14.5G    0     0  88.2M      0  0:09:40  0:02:49  0:06:51 93.2M 29 50.0G   29 14.6G    0     0  88.2M      0  0:09:39  0:02:50  0:06:49 95.8M 29 50.0G   29 14.7G    0     0  88.3M      0  0:09:39  0:02:51  0:06:48 97.9M 29 50.0G   29 14.8G    0     0  88.3M      0  0:09:39  0:02:52  0:06:47 97.9M 29 50.0G   29 14.9G    0     0  88.3M      0  0:09:39  0:02:53  0:06:46 94.6M 30 50.0G   30 15.0G    0     0  88.3M      0  0:09:39  0:02:54  0:06:45 91.4M 30 50.0G   30 15.1G    0     0  88.2M      0  0:09:39  0:02:55  0:06:44 88.4M 30 50.0G   30 15.2G    0     0  88.2M      0  0:09:39  0:02:56  0:06:43 85.6M 30 50.0G   30 15.2G    0     0  88.2M      0  0:09:39  0:02:57  0:06:42 84.5M 30 50.0G   30 15.3G    0     0  88.3M      0  0:09:39  0:02:58  0:06:41 86.8M 30 50.0G   30 15.4G    0     0  88.3M      0  0:09:39  0:02:59  0:06:40 88.4M 31 50.0G   31 15.5G    0     0  88.3M      0  0:09:39  0:03:00  0:06:39 89.5M 31 50.0G   31 15.6G    0     0  88.3M      0  0:09:39  0:03:01  0:06:38 90.2M 31 50.0G   31 15.7G    0     0  88.3M      0  0:09:39  0:03:02  0:06:37 90.0M 31 50.0G   31 15.8G    0     0  88.3M      0  0:09:39  0:03:03  0:06:36 89.9M 31 50.0G   31 15.9G    0     0  88.3M      0  0:09:39  0:03:04  0:06:35 90.0M 31 50.0G   31 15.9G    0     0  88.3M      0  0:09:39  0:03:05  0:06:34 89.8M 32 50.0G   32 16.0G    0     0  88.3M      0  0:09:39  0:03:06  0:06:33 90.2M 32 50.0G   32 16.1G    0     0  88.3M      0  0:09:39  0:03:07  0:06:32 90.5M 32 50.0G   32 16.2G    0     0  88.4M      0  0:09:39  0:03:08  0:06:31 90.9M 32 50.0G   32 16.3G    0     0  88.4M      0  0:09:38  0:03:09  0:06:29 91.6M 32 50.0G   32 16.4G    0     0  88.4M      0  0:09:38  0:03:10  0:06:28 92.8M 33 50.0G   33 16.5G    0     0  88.5M      0  0:09:38  0:03:11  0:06:27 93.5M 33 50.0G   33 16.6G    0     0  88.5M      0  0:09:38  0:03:12  0:06:26 94.5M 33 50.0G   33 16.7G    0     0  88.6M      0  0:09:37  0:03:13  0:06:24 95.8M 33 50.0G   33 16.8G    0     0  88.6M      0  0:09:37  0:03:14  0:06:23 97.4M 33 50.0G   33 16.9G    0     0  88.6M      0  0:09:37  0:03:15  0:06:22 95.3M 34 50.0G   34 17.0G    0     0  88.6M      0  0:09:37  0:03:16  0:06:21 94.0M 34 50.0G   34 17.0G    0     0  88.6M      0  0:09:37  0:03:17  0:06:20 93.8M 34 50.0G   34 17.1G    0     0  88.7M      0  0:09:36  0:03:18  0:06:18 93.6M 34 50.0G   34 17.2G    0     0  88.7M      0  0:09:36  0:03:19  0:06:17 91.1M 34 50.0G   34 17.3G    0     0  88.7M      0  0:09:37  0:03:20  0:06:17 90.0M 34 50.0G   34 17.4G    0     0  88.6M      0  0:09:37  0:03:21  0:06:16 88.6M 35 50.0G   35 17.5G    0     0  88.6M      0  0:09:37  0:03:22  0:06:15 87.0M 35 50.0G   35 17.6G    0     0  88.6M      0  0:09:37  0:03:23  0:06:14 85.0M 35 50.0G   35 17.6G    0     0  88.6M      0  0:09:37  0:03:24  0:06:13 84.7M 35 50.0G   35 17.7G    0     0  88.6M      0  0:09:37  0:03:25  0:06:12 86.3M 35 50.0G   35 17.8G    0     0  88.6M      0  0:09:37  0:03:26  0:06:11 88.0M 35 50.0G   35 17.9G    0     0  88.6M      0  0:09:37  0:03:27  0:06:10 88.3M 36 50.0G   36 18.0G    0     0  88.6M      0  0:09:37  0:03:28  0:06:09 88.9M 36 50.0G   36 18.1G    0     0  88.6M      0  0:09:37  0:03:29  0:06:08 89.5M 36 50.0G   36 18.2G    0     0  88.6M      0  0:09:37  0:03:30  0:06:07 89.5M 36 50.0G   36 18.3G    0     0  88.6M      0  0:09:37  0:03:31  0:06:06 89.5M 36 50.0G   36 18.3G    0     0  88.6M      0  0:09:37  0:03:32  0:06:05 88.3M 36 50.0G   36 18.4G    0     0  88.5M      0  0:09:38  0:03:33  0:06:05 84.4M 37 50.0G   37 18.5G    0     0  88.4M      0  0:09:38  0:03:34  0:06:04 81.0M 37 50.0G   37 18.6G    0     0  88.4M      0  0:09:38  0:03:35  0:06:03 79.2M 37 50.0G   37 18.6G    0     0  88.4M      0  0:09:39  0:03:36  0:06:03 77.9M 37 50.0G   37 18.7G    0     0  88.4M      0  0:09:39  0:03:37  0:06:02 78.8M 37 50.0G   37 18.8G    0     0  88.4M      0  0:09:39  0:03:38  0:06:01 81.9M 37 50.0G   37 18.9G    0     0  88.4M      0  0:09:39  0:03:39  0:06:00 84.5M 38 50.0G   38 19.0G    0     0  88.4M      0  0:09:39  0:03:40  0:05:59 86.5M 38 50.0G   38 19.1G    0     0  88.4M      0  0:09:39  0:03:41  0:05:58 87.9M 38 50.0G   38 19.1G    0     0  88.4M      0  0:09:39  0:03:42  0:05:57 88.9M 38 50.0G   38 19.2G    0     0  88.4M      0  0:09:38  0:03:43  0:05:55 90.0M 38 50.0G   38 19.3G    0     0  88.4M      0  0:09:38  0:03:44  0:05:54 90.9M 38 50.0G   38 19.4G    0     0  88.4M      0  0:09:38  0:03:45  0:05:53 91.2M 39 50.0G   39 19.5G    0     0  88.4M      0  0:09:38  0:03:46  0:05:52 90.7M 39 50.0G   39 19.6G    0     0  88.4M      0  0:09:38  0:03:47  0:05:51 90.4M 39 50.0G   39 19.7G    0     0  88.4M      0  0:09:38  0:03:48  0:05:50 90.3M 39 50.0G   39 19.8G    0     0  88.4M      0  0:09:38  0:03:49  0:05:49 90.0M 39 50.0G   39 19.9G    0     0  88.5M      0  0:09:38  0:03:50  0:05:48 90.6M 40 50.0G   40 20.0G    0     0  88.5M      0  0:09:38  0:03:51  0:05:47 92.0M 40 50.0G   40 20.0G    0     0  88.5M      0  0:09:38  0:03:52  0:05:46 93.5M 40 50.0G   40 20.1G    0     0  88.6M      0  0:09:37  0:03:53  0:05:44 94.3M 40 50.0G   40 20.2G    0     0  88.6M      0  0:09:37  0:03:54  0:05:43 95.9M 40 50.0G   40 20.3G    0     0  88.6M      0  0:09:37  0:03:55  0:05:42 93.3M 40 50.0G   40 20.4G    0     0  88.6M      0  0:09:37  0:03:56  0:05:41 91.3M 41 50.0G   41 20.5G    0     0  88.6M      0  0:09:37  0:03:57  0:05:40 89.9M 41 50.0G   41 20.6G    0     0  88.6M      0  0:09:37  0:03:58  0:05:39 89.2M 41 50.0G   41 20.7G    0     0  88.6M      0  0:09:37  0:03:59  0:05:38 88.0M 41 50.0G   41 20.8G    0     0  88.6M      0  0:09:37  0:04:00  0:05:37 91.9M 41 50.0G   41 20.9G    0     0  88.7M      0  0:09:36  0:04:01  0:05:35 95.2M 42 50.0G   42 21.0G    0     0  88.7M      0  0:09:36  0:04:02  0:05:34 97.3M 42 50.0G   42 21.1G    0     0  88.8M      0  0:09:36  0:04:03  0:05:33 98.5M 42 50.0G   42 21.2G    0     0  88.8M      0  0:09:35  0:04:04  0:05:31  100M 42 50.0G   42 21.3G    0     0  88.9M      0  0:09:35  0:04:05  0:05:30  100M 42 50.0G   42 21.3G    0     0  88.9M      0  0:09:35  0:04:06  0:05:29 97.4M 42 50.0G   42 21.4G    0     0  88.8M      0  0:09:36  0:04:07  0:05:29 93.5M 43 50.0G   43 21.5G    0     0  88.8M      0  0:09:36  0:04:08  0:05:28 90.2M 43 50.0G   43 21.6G    0     0  88.8M      0  0:09:36  0:04:09  0:05:27 86.6M 43 50.0G   43 21.7G    0     0  88.8M      0  0:09:36  0:04:10  0:05:26 84.5M 43 50.0G   43 21.8G    0     0  88.8M      0  0:09:36  0:04:11  0:05:25 85.1M 43 50.0G   43 21.8G    0     0  88.8M      0  0:09:36  0:04:12  0:05:24 86.9M 43 50.0G   43 21.9G    0     0  88.8M      0  0:09:36  0:04:13  0:05:23 88.7M 44 50.0G   44 22.0G    0     0  88.8M      0  0:09:36  0:04:14  0:05:22 89.3M 44 50.0G   44 22.1G    0     0  88.8M      0  0:09:36  0:04:15  0:05:21 89.3M 44 50.0G   44 22.2G    0     0  88.8M      0  0:09:36  0:04:16  0:05:20 89.1M 44 50.0G   44 22.3G    0     0  88.8M      0  0:09:36  0:04:17  0:05:19 88.7M 44 50.0G   44 22.4G    0     0  88.8M      0  0:09:36  0:04:18  0:05:18 87.4M 44 50.0G   44 22.4G    0     0  88.8M      0  0:09:36  0:04:19  0:05:17 87.8M 45 50.0G   45 22.5G    0     0  88.8M      0  0:09:36  0:04:20  0:05:16 88.6M 45 50.0G   45 22.6G    0     0  88.8M      0  0:09:36  0:04:21  0:05:15 89.2M 45 50.0G   45 22.7G    0     0  88.8M      0  0:09:36  0:04:22  0:05:14 89.7M 45 50.0G   45 22.8G    0     0  88.8M      0  0:09:36  0:04:23  0:05:13 91.5M 45 50.0G   45 22.9G    0     0  88.9M      0  0:09:35  0:04:24  0:05:11 92.5M 46 50.0G   46 23.0G    0     0  88.9M      0  0:09:35  0:04:25  0:05:10 91.5M 46 50.0G   46 23.1G    0     0  88.8M      0  0:09:36  0:04:26  0:05:10 89.4M 46 50.0G   46 23.1G    0     0  88.8M      0  0:09:36  0:04:27  0:05:09 88.4M 46 50.0G   46 23.2G    0     0  88.8M      0  0:09:36  0:04:28  0:05:08 87.6M 46 50.0G   46 23.3G    0     0  88.8M      0  0:09:36  0:04:29  0:05:07 86.2M 46 50.0G   46 23.4G    0     0  88.8M      0  0:09:36  0:04:30  0:05:06 87.1M 47 50.0G   47 23.5G    0     0  88.9M      0  0:09:35  0:04:31  0:05:04 90.6M 47 50.0G   47 23.6G    0     0  88.9M      0  0:09:35  0:04:32  0:05:03 93.0M 47 50.0G   47 23.7G    0     0  88.9M      0  0:09:35  0:04:33  0:05:02 94.6M 47 50.0G   47 23.8G    0     0  88.9M      0  0:09:35  0:04:34  0:05:01 95.1M 47 50.0G   47 23.9G    0     0  89.0M      0  0:09:35  0:04:35  0:05:00 96.2M 48 50.0G   48 24.0G    0     0  89.0M      0  0:09:35  0:04:36  0:04:59 96.0M 48 50.0G   48 24.1G    0     0  89.0M      0  0:09:34  0:04:37  0:04:57 96.2M 48 50.0G   48 24.2G    0     0  89.0M      0  0:09:34  0:04:38  0:04:56 96.1M 48 50.0G   48 24.3G    0     0  89.1M      0  0:09:34  0:04:39  0:04:55 97.6M 48 50.0G   48 24.4G    0     0  89.1M      0  0:09:34  0:04:40  0:04:54 97.6M 49 50.0G   49 24.5G    0     0  89.1M      0  0:09:34  0:04:41  0:04:53 97.8M 49 50.0G   49 24.6G    0     0  89.2M      0  0:09:33  0:04:42  0:04:51 98.8M 49 50.0G   49 24.6G    0     0  89.2M      0  0:09:33  0:04:43  0:04:50 97.1M 49 50.0G   49 24.7G    0     0  89.2M      0  0:09:33  0:04:44  0:04:49 93.5M 49 50.0G   49 24.8G    0     0  89.1M      0  0:09:34  0:04:45  0:04:49 90.7M 49 50.0G   49 24.9G    0     0  89.1M      0  0:09:34  0:04:46  0:04:48 89.0M 50 50.0G   50 25.0G    0     0  89.1M      0  0:09:33  0:04:47  0:04:46 87.1M 50 50.0G   50 25.1G    0     0  89.2M      0  0:09:33  0:04:48  0:04:45 88.9M 50 50.0G   50 25.2G    0     0  89.2M      0  0:09:33  0:04:49  0:04:44 92.8M 50 50.0G   50 25.3G    0     0  89.2M      0  0:09:33  0:04:50  0:04:43 95.6M 50 50.0G   50 25.4G    0     0  89.3M      0  0:09:33  0:04:51  0:04:42 98.2M 51 50.0G   51 25.5G    0     0  89.3M      0  0:09:32  0:04:52  0:04:40 99.7M 51 50.0G   51 25.6G    0     0  89.4M      0  0:09:32  0:04:53  0:04:39  101M 51 50.0G   51 25.7G    0     0  89.4M      0  0:09:32  0:04:54  0:04:38  101M 51 50.0G   51 25.8G    0     0  89.5M      0  0:09:32  0:04:55  0:04:37  101M 51 50.0G   51 25.8G    0     0  89.4M      0  0:09:32  0:04:56  0:04:36 96.9M 51 50.0G   51 25.9G    0     0  89.4M      0  0:09:32  0:04:57  0:04:35 93.8M 52 50.0G   52 26.0G    0     0  89.4M      0  0:09:32  0:04:58  0:04:34 90.6M 52 50.0G   52 26.1G    0     0  89.4M      0  0:09:32  0:04:59  0:04:33 89.7M 52 50.0G   52 26.2G    0     0  89.4M      0  0:09:32  0:05:00  0:04:32 88.6M 52 50.0G   52 26.3G    0     0  89.5M      0  0:09:32  0:05:01  0:04:31 91.6M 52 50.0G   52 26.4G    0     0  89.5M      0  0:09:31  0:05:02  0:04:29 94.7M 53 50.0G   53 26.5G    0     0  89.5M      0  0:09:31  0:05:03  0:04:28 96.0M 53 50.0G   53 26.6G    0     0  89.6M      0  0:09:31  0:05:04  0:04:27 97.7M 53 50.0G   53 26.7G    0     0  89.6M      0  0:09:31  0:05:05  0:04:26 98.6M 53 50.0G   53 26.8G    0     0  89.6M      0  0:09:30  0:05:06  0:04:24  101M 53 50.0G   53 26.9G    0     0  89.7M      0  0:09:30  0:05:07  0:04:23  100M 54 50.0G   54 27.0G    0     0  89.7M      0  0:09:30  0:05:08  0:04:22  101M 54 50.0G   54 27.1G    0     0  89.7M      0  0:09:30  0:05:09  0:04:21 99.6M 54 50.0G   54 27.2G    0     0  89.8M      0  0:09:30  0:05:10  0:04:20 99.8M 54 50.0G   54 27.3G    0     0  89.8M      0  0:09:29  0:05:11  0:04:18 99.2M 54 50.0G   54 27.4G    0     0  89.8M      0  0:09:29  0:05:12  0:04:17 98.0M 54 50.0G   54 27.4G    0     0  89.8M      0  0:09:30  0:05:13  0:04:17 93.7M 55 50.0G   55 27.5G    0     0  89.8M      0  0:09:30  0:05:14  0:04:16 91.6M 55 50.0G   55 27.6G    0     0  89.8M      0  0:09:30  0:05:15  0:04:15 89.5M 55 50.0G   55 27.7G    0     0  89.8M      0  0:09:30  0:05:16  0:04:14 87.8M 55 50.0G   55 27.8G    0     0  89.8M      0  0:09:29  0:05:17  0:04:12 89.7M 55 50.0G   55 27.9G    0     0  89.8M      0  0:09:29  0:05:18  0:04:11 93.4M 56 50.0G   56 28.0G    0     0  89.8M      0  0:09:29  0:05:19  0:04:10 94.7M 56 50.0G   56 28.1G    0     0  89.8M      0  0:09:29  0:05:20  0:04:09 91.6M 56 50.0G   56 28.1G    0     0  89.8M      0  0:09:30  0:05:21  0:04:09 89.1M 56 50.0G   56 28.2G    0     0  89.7M      0  0:09:30  0:05:22  0:04:08 85.7M 56 50.0G   56 28.3G    0     0  89.7M      0  0:09:30  0:05:23  0:04:07 83.2M 56 50.0G   56 28.4G    0     0  89.7M      0  0:09:30  0:05:24  0:04:06 81.7M 57 50.0G   57 28.5G    0     0  89.7M      0  0:09:30  0:05:25  0:04:05 84.2M 57 50.0G   57 28.6G    0     0  89.7M      0  0:09:30  0:05:26  0:04:04 85.4M 57 50.0G   57 28.6G    0     0  89.7M      0  0:09:30  0:05:27  0:04:03 86.7M 57 50.0G   57 28.7G    0     0  89.7M      0  0:09:30  0:05:28  0:04:02 87.2M 57 50.0G   57 28.8G    0     0  89.7M      0  0:09:30  0:05:29  0:04:01 88.0M 57 50.0G   57 28.9G    0     0  89.7M      0  0:09:30  0:05:30  0:04:00 88.0M 58 50.0G   58 29.0G    0     0  89.7M      0  0:09:30  0:05:31  0:03:59 88.6M 58 50.0G   58 29.1G    0     0  89.7M      0  0:09:30  0:05:32  0:03:58 88.8M 58 50.0G   58 29.2G    0     0  89.7M      0  0:09:30  0:05:33  0:03:57 89.0M 58 50.0G   58 29.2G    0     0  89.7M      0  0:09:30  0:05:34  0:03:56 89.6M 58 50.0G   58 29.3G    0     0  89.7M      0  0:09:30  0:05:35  0:03:55 89.7M 58 50.0G   58 29.4G    0     0  89.7M      0  0:09:30  0:05:36  0:03:54 90.3M 59 50.0G   59 29.5G    0     0  89.7M      0  0:09:30  0:05:37  0:03:53 91.7M 59 50.0G   59 29.6G    0     0  89.7M      0  0:09:30  0:05:38  0:03:52 93.3M 59 50.0G   59 29.7G    0     0  89.8M      0  0:09:30  0:05:39  0:03:51 95.9M 59 50.0G   59 29.8G    0     0  89.8M      0  0:09:29  0:05:40  0:03:49 98.5M 59 50.0G   59 29.9G    0     0  89.8M      0  0:09:29  0:05:41  0:03:48  101M 60 50.0G   60 30.0G    0     0  89.9M      0  0:09:29  0:05:42  0:03:47  100M 60 50.0G   60 30.1G    0     0  89.9M      0  0:09:29  0:05:43  0:03:46 98.3M 60 50.0G   60 30.2G    0     0  89.9M      0  0:09:29  0:05:44  0:03:45 95.9M 60 50.0G   60 30.3G    0     0  89.9M      0  0:09:29  0:05:45  0:03:44 94.5M 60 50.0G   60 30.4G    0     0  89.9M      0  0:09:29  0:05:46  0:03:43 93.1M 61 50.0G   61 30.5G    0     0  89.9M      0  0:09:29  0:05:47  0:03:42 91.5M 61 50.0G   61 30.5G    0     0  89.9M      0  0:09:29  0:05:48  0:03:41 90.1M 61 50.0G   61 30.6G    0     0  89.8M      0  0:09:29  0:05:49  0:03:40 88.1M 61 50.0G   61 30.7G    0     0  89.8M      0  0:09:29  0:05:50  0:03:39 86.3M 61 50.0G   61 30.8G    0     0  89.8M      0  0:09:29  0:05:51  0:03:38 84.0M 61 50.0G   61 30.9G    0     0  89.8M      0  0:09:29  0:05:52  0:03:37 84.6M 62 50.0G   62 31.0G    0     0  89.8M      0  0:09:29  0:05:53  0:03:36 86.6M 62 50.0G   62 31.0G    0     0  89.8M      0  0:09:29  0:05:54  0:03:35 88.1M 62 50.0G   62 31.1G    0     0  89.8M      0  0:09:29  0:05:55  0:03:34 89.0M 62 50.0G   62 31.2G    0     0  89.8M      0  0:09:29  0:05:56  0:03:33 89.8M 62 50.0G   62 31.3G    0     0  89.8M      0  0:09:29  0:05:57  0:03:32 90.1M 62 50.0G   62 31.4G    0     0  89.8M      0  0:09:29  0:05:58  0:03:31 90.3M 63 50.0G   63 31.5G    0     0  89.8M      0  0:09:29  0:05:59  0:03:30 90.3M 63 50.0G   63 31.6G    0     0  89.8M      0  0:09:29  0:06:00  0:03:29 90.3M 63 50.0G   63 31.7G    0     0  89.8M      0  0:09:29  0:06:01  0:03:28 90.5M 63 50.0G   63 31.8G    0     0  89.8M      0  0:09:29  0:06:02  0:03:27 90.3M 63 50.0G   63 31.8G    0     0  89.8M      0  0:09:29  0:06:03  0:03:26 90.8M 63 50.0G   63 31.9G    0     0  89.8M      0  0:09:29  0:06:04  0:03:25 91.1M 64 50.0G   64 32.0G    0     0  89.8M      0  0:09:29  0:06:05  0:03:24 91.9M 64 50.0G   64 32.1G    0     0  89.9M      0  0:09:29  0:06:06  0:03:23 93.8M 64 50.0G   64 32.2G    0     0  89.9M      0  0:09:29  0:06:07  0:03:22 96.6M 64 50.0G   64 32.3G    0     0  90.0M      0  0:09:28  0:06:08  0:03:20  100M 64 50.0G   64 32.4G    0     0  89.9M      0  0:09:28  0:06:09  0:03:19 98.3M 65 50.0G   65 32.5G    0     0  89.9M      0  0:09:28  0:06:10  0:03:18 97.2M 65 50.0G   65 32.6G    0     0  90.0M      0  0:09:28  0:06:11  0:03:17 96.0M 65 50.0G   65 32.7G    0     0  90.0M      0  0:09:28  0:06:12  0:03:16 95.3M 65 50.0G   65 32.8G    0     0  90.0M      0  0:09:28  0:06:13  0:03:15 94.0M 65 50.0G   65 32.9G    0     0  90.1M      0  0:09:28  0:06:14  0:03:14 98.6M 66 50.0G   66 33.0G    0     0  90.1M      0  0:09:27  0:06:15  0:03:12  102M 66 50.0G   66 33.1G    0     0  90.1M      0  0:09:27  0:06:16  0:03:11  101M 66 50.0G   66 33.2G    0     0  90.1M      0  0:09:27  0:06:17  0:03:10 98.0M 66 50.0G   66 33.3G    0     0  90.1M      0  0:09:28  0:06:18  0:03:10 94.7M 66 50.0G   66 33.3G    0     0  90.1M      0  0:09:28  0:06:19  0:03:09 91.5M 66 50.0G   66 33.4G    0     0  90.1M      0  0:09:28  0:06:20  0:03:08 88.2M 67 50.0G   67 33.5G    0     0  90.1M      0  0:09:28  0:06:21  0:03:07 88.4M 67 50.0G   67 33.6G    0     0  90.1M      0  0:09:27  0:06:22  0:03:05 90.4M 67 50.0G   67 33.7G    0     0  90.1M      0  0:09:27  0:06:23  0:03:04 92.0M 67 50.0G   67 33.8G    0     0  90.1M      0  0:09:27  0:06:24  0:03:03 93.2M 67 50.0G   67 33.9G    0     0  90.1M      0  0:09:27  0:06:25  0:03:02 94.1M 68 50.0G   68 34.0G    0     0  90.1M      0  0:09:27  0:06:26  0:03:01 94.6M 68 50.0G   68 34.1G    0     0  90.2M      0  0:09:27  0:06:27  0:03:00 94.9M 68 50.0G   68 34.2G    0     0  90.2M      0  0:09:27  0:06:28  0:02:59 94.9M 68 50.0G   68 34.3G    0     0  90.2M      0  0:09:27  0:06:29  0:02:58 95.0M 68 50.0G   68 34.4G    0     0  90.2M      0  0:09:27  0:06:30  0:02:57 94.7M 68 50.0G   68 34.4G    0     0  90.2M      0  0:09:27  0:06:31  0:02:56 95.1M 69 50.0G   69 34.5G    0     0  90.2M      0  0:09:27  0:06:32  0:02:55 95.5M 69 50.0G   69 34.6G    0     0  90.2M      0  0:09:27  0:06:33  0:02:54 96.4M 69 50.0G   69 34.7G    0     0  90.3M      0  0:09:26  0:06:34  0:02:52 97.7M 69 50.0G   69 34.8G    0     0  90.3M      0  0:09:26  0:06:35  0:02:51 99.9M 69 50.0G   69 34.9G    0     0  90.4M      0  0:09:26  0:06:36  0:02:50  102M 70 50.0G   70 35.1G    0     0  90.4M      0  0:09:25  0:06:37  0:02:48  104M 70 50.0G   70 35.2G    0     0  90.5M      0  0:09:25  0:06:38  0:02:47  107M 70 50.0G   70 35.3G    0     0  90.5M      0  0:09:25  0:06:39  0:02:46  108M 70 50.0G   70 35.4G    0     0  90.6M      0  0:09:25  0:06:40  0:02:45  110M 71 50.0G   71 35.5G    0     0  90.6M      0  0:09:24  0:06:41  0:02:43  111M 71 50.0G   71 35.6G    0     0  90.7M      0  0:09:24  0:06:42  0:02:42  110M 71 50.0G   71 35.7G    0     0  90.7M      0  0:09:24  0:06:43  0:02:41  107M 71 50.0G   71 35.8G    0     0  90.7M      0  0:09:24  0:06:44  0:02:40  105M 71 50.0G   71 35.9G    0     0  90.7M      0  0:09:24  0:06:45  0:02:39  104M 72 50.0G   72 36.0G    0     0  90.7M      0  0:09:23  0:06:46  0:02:37  100M 72 50.0G   72 36.1G    0     0  90.7M      0  0:09:24  0:06:47  0:02:37 95.0M 72 50.0G   72 36.1G    0     0  90.7M      0  0:09:24  0:06:48  0:02:36 93.5M 72 50.0G   72 36.2G    0     0  90.7M      0  0:09:24  0:06:49  0:02:35 90.8M 72 50.0G   72 36.3G    0     0  90.7M      0  0:09:24  0:06:50  0:02:34 87.8M 72 50.0G   72 36.4G    0     0  90.7M      0  0:09:24  0:06:51  0:02:33 87.7M 73 50.0G   73 36.5G    0     0  90.7M      0  0:09:24  0:06:52  0:02:32 90.1M 73 50.0G   73 36.6G    0     0  90.7M      0  0:09:24  0:06:53  0:02:31 91.5M 73 50.0G   73 36.7G    0     0  90.7M      0  0:09:24  0:06:54  0:02:30 93.1M 73 50.0G   73 36.8G    0     0  90.7M      0  0:09:23  0:06:55  0:02:28 93.8M 73 50.0G   73 36.9G    0     0  90.7M      0  0:09:23  0:06:56  0:02:27 94.5M 74 50.0G   74 37.0G    0     0  90.8M      0  0:09:23  0:06:57  0:02:26 94.8M 74 50.0G   74 37.1G    0     0  90.8M      0  0:09:23  0:06:58  0:02:25 95.2M 74 50.0G   74 37.1G    0     0  90.8M      0  0:09:23  0:06:59  0:02:24 95.0M 74 50.0G   74 37.2G    0     0  90.8M      0  0:09:23  0:07:00  0:02:23 94.9M 74 50.0G   74 37.3G    0     0  90.8M      0  0:09:23  0:07:01  0:02:22 94.8M 74 50.0G   74 37.4G    0     0  90.8M      0  0:09:23  0:07:02  0:02:21 95.2M 75 50.0G   75 37.5G    0     0  90.8M      0  0:09:23  0:07:03  0:02:20 96.2M 75 50.0G   75 37.6G    0     0  90.9M      0  0:09:23  0:07:04  0:02:19 98.2M 75 50.0G   75 37.7G    0     0  90.9M      0  0:09:23  0:07:05  0:02:18 99.4M 75 50.0G   75 37.8G    0     0  90.9M      0  0:09:22  0:07:06  0:02:16  101M 75 50.0G   75 37.9G    0     0  91.0M      0  0:09:22  0:07:07  0:02:15  104M 76 50.0G   76 38.0G    0     0  91.0M      0  0:09:22  0:07:08  0:02:14  106M 76 50.0G   76 38.1G    0     0  91.0M      0  0:09:22  0:07:09  0:02:13  107M 76 50.0G   76 38.3G    0     0  91.1M      0  0:09:21  0:07:10  0:02:11  109M 76 50.0G   76 38.3G    0     0  91.1M      0  0:09:21  0:07:11  0:02:10  107M 76 50.0G   76 38.4G    0     0  91.1M      0  0:09:21  0:07:12  0:02:09  102M 77 50.0G   77 38.5G    0     0  91.1M      0  0:09:21  0:07:13  0:02:08 98.7M 77 50.0G   77 38.6G    0     0  91.1M      0  0:09:21  0:07:14  0:02:07 96.7M 77 50.0G   77 38.7G    0     0  91.1M      0  0:09:21  0:07:15  0:02:06 94.7M 77 50.0G   77 38.8G    0     0  91.2M      0  0:09:21  0:07:16  0:02:05 96.4M 77 50.0G   77 38.9G    0     0  91.2M      0  0:09:21  0:07:17  0:02:04 99.7M 78 50.0G   78 39.0G    0     0  91.2M      0  0:09:21  0:07:18  0:02:03 97.5M 78 50.0G   78 39.1G    0     0  91.2M      0  0:09:21  0:07:19  0:02:02 94.6M 78 50.0G   78 39.2G    0     0  91.1M      0  0:09:21  0:07:20  0:02:01 92.1M 78 50.0G   78 39.3G    0     0  91.1M      0  0:09:21  0:07:21  0:02:00 89.2M 78 50.0G   78 39.3G    0     0  91.1M      0  0:09:21  0:07:22  0:01:59 86.4M 78 50.0G   78 39.4G    0     0  91.1M      0  0:09:21  0:07:23  0:01:58 87.7M 79 50.0G   79 39.5G    0     0  91.1M      0  0:09:21  0:07:24  0:01:57 89.7M 79 50.0G   79 39.6G    0     0  91.1M      0  0:09:21  0:07:25  0:01:56 90.9M 79 50.0G   79 39.7G    0     0  91.1M      0  0:09:21  0:07:26  0:01:55 91.7M 79 50.0G   79 39.8G    0     0  91.2M      0  0:09:21  0:07:27  0:01:54 92.1M 79 50.0G   79 39.9G    0     0  91.2M      0  0:09:21  0:07:28  0:01:53 93.1M 80 50.0G   80 40.0G    0     0  91.2M      0  0:09:21  0:07:29  0:01:52 93.0M 80 50.0G   80 40.1G    0     0  91.2M      0  0:09:21  0:07:30  0:01:51 93.2M 80 50.0G   80 40.2G    0     0  91.2M      0  0:09:21  0:07:31  0:01:50 93.2M 80 50.0G   80 40.2G    0     0  91.2M      0  0:09:21  0:07:32  0:01:49 93.6M 80 50.0G   80 40.3G    0     0  91.2M      0  0:09:21  0:07:33  0:01:48 94.2M 80 50.0G   80 40.4G    0     0  91.2M      0  0:09:21  0:07:34  0:01:47 95.4M 81 50.0G   81 40.5G    0     0  91.2M      0  0:09:20  0:07:35  0:01:45 96.4M 81 50.0G   81 40.6G    0     0  91.2M      0  0:09:20  0:07:36  0:01:44 98.1M 81 50.0G   81 40.7G    0     0  91.3M      0  0:09:20  0:07:37  0:01:43  100M 81 50.0G   81 40.8G    0     0  91.3M      0  0:09:20  0:07:38  0:01:42 97.7M 81 50.0G   81 40.9G    0     0  91.2M      0  0:09:20  0:07:39  0:01:41 95.3M 82 50.0G   82 41.0G    0     0  91.3M      0  0:09:20  0:07:40  0:01:40 93.8M 82 50.0G   82 41.1G    0     0  91.3M      0  0:09:20  0:07:41  0:01:39 92.7M 82 50.0G   82 41.2G    0     0  91.2M      0  0:09:20  0:07:42  0:01:38 87.4M 82 50.0G   82 41.2G    0     0  91.2M      0  0:09:21  0:07:43  0:01:38 86.0M 82 50.0G   82 41.3G    0     0  91.2M      0  0:09:21  0:07:44  0:01:37 84.5M 82 50.0G   82 41.4G    0     0  91.2M      0  0:09:21  0:07:45  0:01:36 82.2M 83 50.0G   83 41.5G    0     0  91.1M      0  0:09:21  0:07:46  0:01:35 79.5M 83 50.0G   83 41.6G    0     0  91.1M      0  0:09:21  0:07:47  0:01:34 80.4M 83 50.0G   83 41.6G    0     0  91.1M      0  0:09:21  0:07:48  0:01:33 82.1M 83 50.0G   83 41.7G    0     0  91.1M      0  0:09:21  0:07:49  0:01:32 83.4M 83 50.0G   83 41.8G    0     0  91.1M      0  0:09:21  0:07:50  0:01:31 84.0M 83 50.0G   83 41.9G    0     0  91.1M      0  0:09:21  0:07:51  0:01:30 84.6M 84 50.0G   84 42.0G    0     0  91.1M      0  0:09:21  0:07:52  0:01:29 85.0M 84 50.0G   84 42.1G    0     0  91.0M      0  0:09:22  0:07:53  0:01:29 85.1M 84 50.0G   84 42.1G    0     0  91.0M      0  0:09:22  0:07:54  0:01:28 85.2M 84 50.0G   84 42.2G    0     0  91.0M      0  0:09:22  0:07:55  0:01:27 85.3M 84 50.0G   84 42.3G    0     0  91.0M      0  0:09:22  0:07:56  0:01:26 85.1M 84 50.0G   84 42.4G    0     0  91.0M      0  0:09:22  0:07:57  0:01:25 85.3M 85 50.0G   85 42.5G    0     0  91.0M      0  0:09:22  0:07:58  0:01:24 86.1M 85 50.0G   85 42.6G    0     0  91.0M      0  0:09:22  0:07:59  0:01:23 86.9M 85 50.0G   85 42.7G    0     0  91.0M      0  0:09:22  0:08:00  0:01:22 88.7M 85 50.0G   85 42.8G    0     0  91.0M      0  0:09:22  0:08:01  0:01:21 91.0M 85 50.0G   85 42.8G    0     0  91.0M      0  0:09:22  0:08:02  0:01:20 93.6M 86 50.0G   86 43.0G    0     0  91.1M      0  0:09:21  0:08:03  0:01:18 97.3M 86 50.0G   86 43.0G    0     0  91.0M      0  0:09:22  0:08:04  0:01:18 95.6M 86 50.0G   86 43.1G    0     0  91.0M      0  0:09:22  0:08:05  0:01:17 94.3M 86 50.0G   86 43.2G    0     0  91.0M      0  0:09:22  0:08:06  0:01:16 94.0M 86 50.0G   86 43.3G    0     0  91.0M      0  0:09:22  0:08:07  0:01:15 93.2M 86 50.0G   86 43.4G    0     0  91.1M      0  0:09:21  0:08:08  0:01:13 92.3M 87 50.0G   87 43.5G    0     0  91.1M      0  0:09:21  0:08:09  0:01:12 95.7M 87 50.0G   87 43.6G    0     0  91.1M      0  0:09:21  0:08:10  0:01:11 97.1M 87 50.0G   87 43.7G    0     0  91.1M      0  0:09:21  0:08:11  0:01:10 94.0M 87 50.0G   87 43.8G    0     0  91.0M      0  0:09:22  0:08:12  0:01:10 91.2M 87 50.0G   87 43.8G    0     0  91.0M      0  0:09:22  0:08:13  0:01:09 87.9M 87 50.0G   87 43.9G    0     0  91.0M      0  0:09:22  0:08:14  0:01:08 85.4M 88 50.0G   88 44.0G    0     0  91.0M      0  0:09:22  0:08:15  0:01:07 84.5M 88 50.0G   88 44.1G    0     0  91.0M      0  0:09:22  0:08:16  0:01:06 86.7M 88 50.0G   88 44.2G    0     0  91.0M      0  0:09:22  0:08:17  0:01:05 88.4M 88 50.0G   88 44.3G    0     0  91.0M      0  0:09:22  0:08:18  0:01:04 89.2M 88 50.0G   88 44.4G    0     0  91.0M      0  0:09:22  0:08:19  0:01:03 89.9M 88 50.0G   88 44.4G    0     0  91.0M      0  0:09:22  0:08:20  0:01:02 89.7M 89 50.0G   89 44.5G    0     0  91.0M      0  0:09:22  0:08:21  0:01:01 89.7M 89 50.0G   89 44.6G    0     0  91.0M      0  0:09:22  0:08:22  0:01:00 90.0M 89 50.0G   89 44.7G    0     0  91.0M      0  0:09:22  0:08:23  0:00:59 90.3M 89 50.0G   89 44.8G    0     0  91.0M      0  0:09:22  0:08:24  0:00:58 90.6M 89 50.0G   89 44.9G    0     0  91.0M      0  0:09:22  0:08:25  0:00:57 91.3M 90 50.0G   90 45.0G    0     0  91.0M      0  0:09:22  0:08:26  0:00:56 91.8M 90 50.0G   90 45.1G    0     0  91.0M      0  0:09:22  0:08:27  0:00:55 92.6M 90 50.0G   90 45.2G    0     0  91.0M      0  0:09:22  0:08:28  0:00:54 93.9M 90 50.0G   90 45.3G    0     0  91.1M      0  0:09:21  0:08:29  0:00:52 95.8M 90 50.0G   90 45.4G    0     0  91.1M      0  0:09:21  0:08:30  0:00:51 98.4M 91 50.0G   91 45.5G    0     0  91.1M      0  0:09:21  0:08:31  0:00:50 98.4M 91 50.0G   91 45.5G    0     0  91.1M      0  0:09:21  0:08:32  0:00:49 96.1M 91 50.0G   91 45.6G    0     0  91.1M      0  0:09:21  0:08:33  0:00:48 95.1M 91 50.0G   91 45.7G    0     0  91.1M      0  0:09:21  0:08:34  0:00:47 93.5M 91 50.0G   91 45.8G    0     0  91.1M      0  0:09:21  0:08:35  0:00:46 92.4M 91 50.0G   91 45.9G    0     0  91.1M      0  0:09:21  0:08:36  0:00:45 94.4M 92 50.0G   92 46.0G    0     0  91.1M      0  0:09:21  0:08:37  0:00:44 98.2M 92 50.0G   92 46.1G    0     0  91.2M      0  0:09:21  0:08:38  0:00:43  101M 92 50.0G   92 46.2G    0     0  91.2M      0  0:09:21  0:08:39  0:00:42  102M 92 50.0G   92 46.3G    0     0  91.2M      0  0:09:21  0:08:40  0:00:41 98.6M 92 50.0G   92 46.4G    0     0  91.2M      0  0:09:21  0:08:41  0:00:40 94.9M 93 50.0G   93 46.5G    0     0  91.1M      0  0:09:21  0:08:42  0:00:39 91.7M 93 50.0G   93 46.6G    0     0  91.1M      0  0:09:21  0:08:43  0:00:38 88.1M 93 50.0G   93 46.6G    0     0  91.1M      0  0:09:21  0:08:44  0:00:37 86.4M 93 50.0G   93 46.7G    0     0  91.1M      0  0:09:21  0:08:45  0:00:36 88.8M 93 50.0G   93 46.8G    0     0  91.1M      0  0:09:21  0:08:46  0:00:35 90.4M 93 50.0G   93 46.9G    0     0  91.2M      0  0:09:21  0:08:47  0:00:34 91.4M 94 50.0G   94 47.0G    0     0  91.2M      0  0:09:21  0:08:48  0:00:33 92.3M 94 50.0G   94 47.1G    0     0  91.2M      0  0:09:21  0:08:49  0:00:32 91.8M 94 50.0G   94 47.2G    0     0  91.2M      0  0:09:21  0:08:50  0:00:31 91.8M 94 50.0G   94 47.3G    0     0  91.2M      0  0:09:21  0:08:51  0:00:30 91.7M 94 50.0G   94 47.4G    0     0  91.2M      0  0:09:21  0:08:52  0:00:29 91.8M 95 50.0G   95 47.5G    0     0  91.2M      0  0:09:21  0:08:53  0:00:28 91.5M 95 50.0G   95 47.5G    0     0  91.2M      0  0:09:21  0:08:54  0:00:27 92.1M 95 50.0G   95 47.6G    0     0  91.2M      0  0:09:21  0:08:55  0:00:26 92.7M 95 50.0G   95 47.7G    0     0  91.2M      0  0:09:21  0:08:56  0:00:25 93.6M 95 50.0G   95 47.8G    0     0  91.2M      0  0:09:21  0:08:57  0:00:24 95.0M 95 50.0G   95 47.9G    0     0  91.2M      0  0:09:21  0:08:58  0:00:23 97.0M 96 50.0G   96 48.0G    0     0  91.2M      0  0:09:21  0:08:59  0:00:22 95.3M 96 50.0G   96 48.1G    0     0  91.2M      0  0:09:21  0:09:00  0:00:21 92.4M 96 50.0G   96 48.2G    0     0  91.2M      0  0:09:21  0:09:01  0:00:20 90.3M 96 50.0G   96 48.3G    0     0  91.2M      0  0:09:21  0:09:02  0:00:19 88.8M 96 50.0G   96 48.4G    0     0  91.2M      0  0:09:21  0:09:03  0:00:18 87.1M 97 50.0G   97 48.5G    0     0  91.2M      0  0:09:21  0:09:04  0:00:17 90.4M 97 50.0G   97 48.5G    0     0  91.2M      0  0:09:21  0:09:05  0:00:16 94.3M 97 50.0G   97 48.6G    0     0  91.2M      0  0:09:20  0:09:06  0:00:14 97.2M 97 50.0G   97 48.7G    0     0  91.2M      0  0:09:20  0:09:07  0:00:13 99.5M 97 50.0G   97 48.8G    0     0  91.2M      0  0:09:20  0:09:08  0:00:12 96.1M 97 50.0G   97 48.9G    0     0  91.2M      0  0:09:21  0:09:09  0:00:12 92.4M 98 50.0G   98 49.0G    0     0  91.2M      0  0:09:21  0:09:10  0:00:11 88.6M 98 50.0G   98 49.1G    0     0  91.2M      0  0:09:21  0:09:11  0:00:10 84.9M 98 50.0G   98 49.1G    0     0  91.2M      0  0:09:21  0:09:12  0:00:09 81.6M 98 50.0G   98 49.2G    0     0  91.2M      0  0:09:21  0:09:13  0:00:08 83.7M 98 50.0G   98 49.3G    0     0  91.1M      0  0:09:21  0:09:14  0:00:07 84.9M 98 50.0G   98 49.4G    0     0  91.1M      0  0:09:21  0:09:15  0:00:06 86.1M 99 50.0G   99 49.5G    0     0  91.1M      0  0:09:21  0:09:16  0:00:05 87.3M 99 50.0G   99 49.6G    0     0  91.1M      0  0:09:21  0:09:17  0:00:04 87.5M 99 50.0G   99 49.7G    0     0  91.1M      0  0:09:21  0:09:18  0:00:03 88.0M 99 50.0G   99 49.8G    0     0  91.1M      0  0:09:21  0:09:19  0:00:02 88.3M 99 50.0G   99 49.8G    0     0  91.1M      0  0:09:21  0:09:20  0:00:01 88.5M 99 50.0G   99 49.9G    0     0  91.1M      0  0:09:21  0:09:21 --:--:-- 89.0M100 50.0G  100 50.0G    0     0  91.1M      0  0:09:21  0:09:21 --:--:-- 89.4M
  % Total    % Received % Xferd  Average Speed   Time    Time     Time  Current
                                 Dload  Upload   Total   Spent    Left  Speed
